******************************************************************************
            TI ARM Clang Linker PC v3.2.2                      
******************************************************************************
>> Linked Thu Aug  1 10:08:47 2024

OUTPUT FILE NAME:   <07_uart.out>
ENTRY POINT SYMBOL: "_c_int00_noargs"  address: 000042c1


MEMORY CONFIGURATION

         name            origin    length      used     unused   attr    fill
----------------------  --------  ---------  --------  --------  ----  --------
  FLASH                 00000000   00020000  00004e48  0001b1b8  R  X
  SRAM                  20200000   00008000  000027d7  00005829  RW X
  BCR_CONFIG            41c00000   00000080  00000000  00000080  R   
  BSL_CONFIG            41c00100   00000080  00000000  00000080  R   


SEGMENT ALLOCATION MAP

run origin  load origin   length   init length attrs members
----------  ----------- ---------- ----------- ----- -------
00000000    00000000    00004e48   00004e48    r-x
  00000000    00000000    000000c0   000000c0    r-- .intvecs
  000000c0    000000c0    00004590   00004590    r-x .text
  00004650    00004650    00000770   00000770    r-- .rodata
  00004dc0    00004dc0    00000088   00000088    r-- .cinit
20200000    20200000    000025de   00000000    rw-
  20200000    20200000    00001401   00000000    rw- .bss
  20201408    20201408    00001000   00000000    rw- .sysmem
  20202408    20202408    000001d6   00000000    rw- .data
20207e00    20207e00    00000200   00000000    rw-
  20207e00    20207e00    00000200   00000000    rw- .stack


SECTION ALLOCATION MAP

 output                                  attributes/
section   page    origin      length       input sections
--------  ----  ----------  ----------   ----------------
.intvecs   0    00000000    000000c0     
                  00000000    000000c0     startup_mspm0g350x_ticlang.o (.intvecs)

.text      0    000000c0    00004590     
                  000000c0    00000ab4     oled.o (.text.OLED_Init)
                  00000b74    00000a00     libc.a : _printfi.c.obj (.text:__TI_printfi)
                  00001574    000002ac     oled.o (.text.OLED_Fill)
                  00001820    000002a8     oled.o (.text.OLED_ShowChar)
                  00001ac8    00000220     libc.a : _printfi.c.obj (.text._pconv_a)
                  00001ce8    000001dc            : _printfi.c.obj (.text._pconv_g)
                  00001ec4    00000192     libclang_rt.builtins.a : adddf3.S.obj (.text.adddf3_subdf3)
                  00002056    00000002     startup_mspm0g350x_ticlang.o (.text.Default_Handler)
                  00002058    0000013c     libc.a : _printfi.c.obj (.text.fcvt)
                  00002194    00000138     oled.o (.text.OLED_SetPos)
                  000022cc    0000012c     libc.a : memory.c.obj (.text.aligned_alloc)
                  000023f8    00000120            : _printfi.c.obj (.text._pconv_e)
                  00002518    0000010c     libclang_rt.builtins.a : divdf3.S.obj (.text.__divdf3)
                  00002624    00000104     libc.a : fputs.c.obj (.text.fputs)
                  00002728    000000ec            : memory.c.obj (.text.free)
                  00002814    000000e8     driverlib.a : dl_timer.o (.text.DL_Timer_initTimerMode)
                  000028fc    000000e4     libclang_rt.builtins.a : muldf3.S.obj (.text.__muldf3)
                  000029e0    000000dc     libc.a : setvbuf.c.obj (.text.setvbuf)
                  00002abc    000000d8            : s_scalbn.c.obj (.text.scalbn)
                  00002b94    000000c4     driverlib.a : dl_timer.o (.text.DL_Timer_initPWMMode)
                  00002c58    000000a8     empty.o (.text.main)
                  00002d00    000000a2     libclang_rt.builtins.a : udivmoddi4.S.obj (.text)
                  00002da2    0000009a     libc.a : memcpy16.S.obj (.text:memcpy)
                  00002e3c    00000098     key.o (.text.key1_get)
                  00002ed4    00000084     key.o (.text.delay_ms)
                  00002f58    0000007c     libc.a : fclose.c.obj (.text.__TI_closefile)
                  00002fd4    0000007c     key.o (.text.key2_get)
                  00003050    00000078     libc.a : copy_decompress_lzss.c.obj (.text:decompress:lzss)
                  000030c8    00000008            : aeabi_portable.c.obj (.text.__aeabi_errno_addr)
                  000030d0    00000074     libclang_rt.builtins.a : truncdfsf2.S.obj (.text.__truncdfsf2)
                  00003144    00000070     ti_msp_dl_config.o (.text.SYSCFG_DL_UART_0_init)
                  000031b4    00000070     libclang_rt.builtins.a : comparedf2.c.obj (.text.__gedf2)
                  00003224    0000006c     libsysbm.a : hostlseek.c.obj (.text.HOSTlseek)
                  00003290    0000006c                : hostrename.c.obj (.text.HOSTrename)
                  000032fc    0000006c     ti_msp_dl_config.o (.text.SYSCFG_DL_GPIO_init)
                  00003368    0000006c     libclang_rt.builtins.a : comparedf2.c.obj (.text.__ledf2)
                  000033d4    0000006c     libc.a : fseek.c.obj (.text.fseeko)
                  00003440    00000068            : getdevice.c.obj (.text.getdevice)
                  000034a8    00000066            : _printfi.c.obj (.text._mcpy)
                  0000350e    00000064            : _io_perm.c.obj (.text.__TI_wrt_ok)
                  00003572    00000002     libclang_rt.builtins.a : aeabi_div0.c.obj (.text.__aeabi_idiv0)
                  00003574    00000064     libc.a : memory.c.obj (.text.split)
                  000035d8    00000062     libclang_rt.builtins.a : aeabi_dcmp.S.obj (.text.__aeabi_dcmp)
                  0000363a    00000062     libc.a : memset16.S.obj (.text:memset)
                  0000369c    00000060     libsysbm.a : hostopen.c.obj (.text.HOSTopen)
                  000036fc    00000060     ti_msp_dl_config.o (.text.SYSCFG_DL_initPower)
                  0000375c    0000005e     driverlib.a : dl_i2c.o (.text.DL_I2C_fillControllerTXFIFO)
                  000037ba    00000002     libclang_rt.builtins.a : aeabi_div0.c.obj (.text.__aeabi_ldiv0)
                  000037bc    0000005c     adc.o (.text.adc_get)
                  00003818    0000005c     libc.a : s_frexp.c.obj (.text.frexp)
                  00003874    0000005c            : printf.c.obj (.text.printf)
                  000038d0    00000058     libsysbm.a : hostread.c.obj (.text.HOSTread)
                  00003928    00000058                : hostwrite.c.obj (.text.HOSTwrite)
                  00003980    00000058     ti_msp_dl_config.o (.text.SYSCFG_DL_PWM_0_init)
                  000039d8    00000058     libc.a : _ltoa.c.obj (.text.__TI_ltoa)
                  00003a30    00000058            : _printfi.c.obj (.text._pconv_f)
                  00003a88    00000056     libclang_rt.builtins.a : aeabi_idivmod.S.obj (.text.__aeabi_idivmod)
                  00003ade    00000054     oled.o (.text.OLED_ShowString)
                  00003b32    00000002     libc.a : _lock.c.obj (.text._nop)
                  00003b34    00000054     ti_msp_dl_config.o (.text.SYSCFG_DL_I2C_0_init)
                  00003b88    00000052     libc.a : fflush.c.obj (.text.__TI_doflush)
                  00003bda    00000052            : _printfi.c.obj (.text._ecpy)
                  00003c2c    00000050     libsysbm.a : close.c.obj (.text.close)
                  00003c7c    0000004c     ti_msp_dl_config.o (.text.SYSCFG_DL_TIMER_0_init)
                  00003cc8    0000004c     uart.o (.text.UART0_IRQHandler)
                  00003d14    0000004a     libclang_rt.builtins.a : fixdfsi.S.obj (.text.__fixdfsi)
                  00003d5e    00000002     --HOLE-- [fill = 0]
                  00003d60    00000048     driverlib.a : dl_uart.o (.text.DL_UART_init)
                  00003da8    00000048     libsysbm.a : hostclose.c.obj (.text.HOSTclose)
                  00003df0    00000048                : hostunlink.c.obj (.text.HOSTunlink)
                  00003e38    00000040     driverlib.a : dl_adc12.o (.text.DL_ADC12_setClockConfig)
                  00003e78    00000040     ti_msp_dl_config.o (.text.SYSCFG_DL_SYSCTL_init)
                  00003eb8    00000040     libclang_rt.builtins.a : aeabi_uidivmod.S.obj (.text.__aeabi_uidivmod)
                  00003ef8    00000040                            : extendsfdf2.S.obj (.text.__extendsfdf2)
                  00003f38    00000040     libc.a : atoi.c.obj (.text.atoi)
                  00003f78    0000003c            : autoinit.c.obj (.text:__TI_auto_init_nobinit_nopinit)
                  00003fb4    0000003a     libclang_rt.builtins.a : muldsi3.S.obj (.text.__muldsi3)
                  00003fee    00000002     --HOLE-- [fill = 0]
                  00003ff0    00000038     ti_msp_dl_config.o (.text.SYSCFG_DL_ADC12_0_init)
                  00004028    00000038     libc.a : getdevice.c.obj (.text.finddevice)
                  00004060    00000038            : sprintf.c.obj (.text.sprintf)
                  00004098    00000034            : fopen.c.obj (.text.__TI_cleanup)
                  000040cc    00000034     libsysbm.a : trgmsg.c.obj (.text.__TI_readmsg)
                  00004100    00000034                : trgmsg.c.obj (.text.__TI_writemsg)
                  00004134    00000034     libc.a : exit.c.obj (.text.exit)
                  00004168    00000030     ti_msp_dl_config.o (.text.SYSCFG_DL_init)
                  00004198    00000030     libc.a : _printfi.c.obj (.text._fcpy)
                  000041c8    0000002c     libclang_rt.builtins.a : floatsidf.S.obj (.text.__floatsidf)
                  000041f4    0000002c     libsysbm.a : unlink.c.obj (.text.unlink)
                  00004220    00000028     libc.a : memory.c.obj (.text.free_list_insert)
                  00004248    00000028     key.o (.text.key_pro)
                  00004270    00000028     libsysbm.a : lseek.c.obj (.text.lseek)
                  00004298    00000028                : write.c.obj (.text.write)
                  000042c0    00000028     libc.a : boot_cortex_m.c.obj (.text:_c_int00_noargs)
                  000042e8    00000026     driverlib.a : dl_i2c.o (.text.DL_I2C_setClockConfig)
                  0000430e    00000002     --HOLE-- [fill = 0]
                  00004310    00000024     libclang_rt.builtins.a : floatunsidf.S.obj (.text.__floatunsidf)
                  00004334    00000024                            : muldi3.S.obj (.text.__muldi3)
                  00004358    00000022     libc.a : memccpy.c.obj (.text.memccpy)
                  0000437a    00000002     --HOLE-- [fill = 0]
                  0000437c    00000020     driverlib.a : dl_uart.o (.text.DL_UART_transmitDataBlocking)
                  0000439c    0000001e     libclang_rt.builtins.a : ashldi3.S.obj (.text.__ashldi3)
                  000043ba    00000002     --HOLE-- [fill = 0]
                  000043bc    0000001c     adc.o (.text.ADC0_IRQHandler)
                  000043d8    0000001c     driverlib.a : dl_timer.o (.text.DL_Timer_setCaptCompUpdateMethod)
                  000043f4    0000001c                 : dl_timer.o (.text.DL_Timer_setClockConfig)
                  00004410    0000001c     interrupt.o (.text.TIMEG0_init)
                  0000442c    0000001c     libc.a : memory.c.obj (.text.free_list_remove)
                  00004448    00000018     driverlib.a : dl_timer.o (.text.DL_Timer_setCaptureCompareOutCtl)
                  00004460    00000018     libc.a : sprintf.c.obj (.text._outs)
                  00004478    00000018     adc.o (.text.adc_init)
                  00004490    00000018     uart.o (.text.uart_init)
                  000044a8    00000014     libclang_rt.builtins.a : aeabi_uldivmod.S.obj (.text.__aeabi_uldivmod)
                  000044bc    00000014     uart.o (.text.fputc)
                  000044d0    00000014     libc.a : _printfi.c.obj (.text.strchr)
                  000044e4    00000012     driverlib.a : dl_uart.o (.text.DL_UART_setClockConfig)
                  000044f6    00000012     libsysbm.a : hostrename.c.obj (.text.strcpy)
                  00004508    00000012     libc.a : copy_decompress_none.c.obj (.text:decompress:none)
                  0000451a    00000002     --HOLE-- [fill = 0]
                  0000451c    00000010     driverlib.a : dl_timer.o (.text.DL_Timer_setCaptureCompareValue)
                  0000452c    00000010     led.o (.text.LED2_blue_OFF)
                  0000453c    00000010     led.o (.text.LED2_blue_ON)
                  0000454c    00000010     libc.a : wcslen.c.obj (.text.wcslen)
                  0000455c    00000010            : copy_zero_init.c.obj (.text:decompress:ZI)
                  0000456c    0000000e            : memory.c.obj (.text.OUTLINED_FUNCTION_0)
                  0000457a    00000002     --HOLE-- [fill = 0]
                  0000457c    0000000e     libclang_rt.builtins.a : aeabi_memset.S.obj (.text.__aeabi_memset)
                  0000458a    0000000e     libc.a : _printfi.c.obj (.text.strlen)
                  00004598    0000000e     libsysbm.a : hostrename.c.obj (.text.strlen)
                  000045a6    00000002     --HOLE-- [fill = 0]
                  000045a8    0000000c     interrupt.o (.text.TIMG0_IRQHandler)
                  000045b4    0000000c     libclang_rt.builtins.a : aeabi_memset.S.obj (.text.__aeabi_memclr)
                  000045c0    0000000c     libc.a : memory.c.obj (.text.malloc)
                  000045cc    0000000a     driverlib.a : dl_common.o (.text.DL_Common_delayCycles)
                  000045d6    0000000a     oled.o (.text.OLED_CLS)
                  000045e0    0000000a     libc.a : _printfi.c.obj (.text.OUTLINED_FUNCTION_0)
                  000045ea    00000002     --HOLE-- [fill = 0]
                  000045ec    00000010     libclang_rt.builtins.a : adddf3.S.obj (.tramp.__aeabi_dsub.1)
                  000045fc    0000000a     libc.a : _printfi.c.obj (.text.OUTLINED_FUNCTION_1)
                  00004606    0000000a            : sprintf.c.obj (.text._outc)
                  00004610    00000008     libclang_rt.builtins.a : aeabi_memcpy.S.obj (.text.__aeabi_memcpy)
                  00004618    00000008     libc.a : printf.c.obj (.text._outc)
                  00004620    00000008            : printf.c.obj (.text._outs)
                  00004628    00000008            : fseek.c.obj (.text.fseek)
                  00004630    00000008     libsysbm.a : remove.c.obj (.text.remove)
                  00004638    00000004     startup_mspm0g350x_ticlang.o (.text.Reset_Handler)
                  0000463c    00000004     libc.a : pre_init.c.obj (.text._system_pre_init)
                  00004640    00000004            : exit.c.obj (.text:abort)
                  00004644    0000000c     --HOLE-- [fill = 0]

.cinit     0    00004dc0    00000088     
                  00004dc0    00000063     (.cinit..data.load) [load image, compression = lzss]
                  00004e23    00000001     --HOLE-- [fill = 0]
                  00004e24    0000000c     (__TI_handler_table)
                  00004e30    00000008     (.cinit..bss.load) [load image, compression = zero_init]
                  00004e38    00000010     (__TI_cinit_table)

.rodata    0    00004650    00000770     
                  00004650    000005f0     oled.o (.rodata.F8X16)
                  00004c40    00000101     libc.a : aeabi_ctype.S.obj (.rodata:__aeabi_ctype_table_)
                  00004d41    00000003     ti_msp_dl_config.o (.rodata.gPWM_0ClockConfig)
                  00004d44    00000014     ti_msp_dl_config.o (.rodata.gTIMER_0TimerConfig)
                  00004d58    00000011     libc.a : _printfi.c.obj (.rodata.str1.11645776875810915891)
                  00004d69    00000011            : _printfi.c.obj (.rodata.str1.44690500295887128011)
                  00004d7a    0000000f     empty.o (.rodata.str1.162906114796922795351)
                  00004d89    00000001     --HOLE-- [fill = 0]
                  00004d8a    0000000a     ti_msp_dl_config.o (.rodata.gUART_0Config)
                  00004d94    00000008     ti_msp_dl_config.o (.rodata.gADC12_0ClockConfig)
                  00004d9c    00000008     ti_msp_dl_config.o (.rodata.gPWM_0Config)
                  00004da4    00000006     key.o (.rodata.str1.41917054622232873651)
                  00004daa    00000005     empty.o (.rodata.str1.92454112862644078121)
                  00004daf    00000004     uart.o (.rodata.str1.151662036810702135711)
                  00004db3    00000003     ti_msp_dl_config.o (.rodata.gTIMER_0ClockConfig)
                  00004db6    00000002     ti_msp_dl_config.o (.rodata.gI2C_0ClockConfig)
                  00004db8    00000002     ti_msp_dl_config.o (.rodata.gUART_0ClockConfig)
                  00004dba    00000006     --HOLE-- [fill = 0]

.init_array 
*          0    00000000    00000000     UNINITIALIZED

.binit     0    00000000    00000000     

.bss       0    20200000    00001401     UNINITIALIZED
                  20200000    00001000     (.common:adc_temp)
                  20201000    00000190     (.common:rx_data)
                  20201190    00000120     libsysbm.a : trgmsg.c.obj (.bss:_CIOBUF_)
                  202012b0    000000a0     libc.a : defs.c.obj (.bss.__TI_tmpnams)
                  20201350    00000078     (.common:gPWM_0Backup)
                  202013c8    00000028     (.common:lcd_buf)
                  202013f0    00000008     libsysbm.a : hostopen.c.obj (.bss.parmbuf)
                  202013f8    00000004     libc.a : memory.c.obj (.bss.sys_free)
                  202013fc    00000004     (.common:adc_value)
                  20201400    00000001     (.common:adc_falg)

.sysmem    0    20201408    00001000     UNINITIALIZED
                  20201408    00000010     libc.a : memory.c.obj (.sysmem)
                  20201418    00000ff0     --HOLE--

.data      0    20202408    000001d6     UNINITIALIZED
                  20202408    000000f0     libc.a : defs.c.obj (.data._ftable)
                  202024f8    00000078     libsysbm.a : host_device.c.obj (.data._device)
                  20202570    00000050                : host_device.c.obj (.data._stream)
                  202025c0    00000008     libc.a : exit.c.obj (.data..L_MergedGlobals)
                  202025c8    00000004            : defs.c.obj (.data.__TI_ft_end)
                  202025cc    00000004            : aeabi_portable.c.obj (.data.__aeabi_errno)
                  202025d0    00000004            : _lock.c.obj (.data._lock)
                  202025d4    00000004            : _lock.c.obj (.data._unlock)
                  202025d8    00000002     empty.o (.data.i)
                  202025da    00000002     uart.o (.data.rx_cent)
                  202025dc    00000001     libc.a : memory.c.obj (.data.memory_is_initialized)
                  202025dd    00000001     uart.o (.data.rx_flag)

.stack     0    20207e00    00000200     UNINITIALIZED
                  20207e00    00000004     libc.a : boot_cortex_m.c.obj (.stack)
                  20207e04    000001fc     --HOLE--

__llvm_prf_cnts 
*          0    20200000    00000000     UNINITIALIZED

__llvm_prf_bits 
*          0    20200000    00000000     UNINITIALIZED

MODULE SUMMARY

       Module                         code    ro data   rw data
       ------                         ----    -------   -------
    .\
       empty.o                        168     20        4138   
       ti_msp_dl_config.o             732     56        120    
       startup_mspm0g350x_ticlang.o   6       192       0      
    +--+------------------------------+-------+---------+---------+
       Total:                         906     268       4258   
                                                               
    .\Hardware\
       oled.o                         4510    1520      0      
       uart.o                         120     4         403    
       key.o                          448     6         0      
       adc.o                          144     0         5      
       interrupt.o                    40      0         0      
       led.o                          32      0         0      
    +--+------------------------------+-------+---------+---------+
       Total:                         5294    1530      408    
                                                               
    C:/ti/mspm0_sdk_2_01_00_03/source/ti/driverlib/lib/ticlang/m0p/mspm0g1x0x_g3x0x/driverlib.a
       dl_timer.o                     524     0         0      
       dl_i2c.o                       132     0         0      
       dl_uart.o                      122     0         0      
       dl_adc12.o                     64      0         0      
       dl_common.o                    10      0         0      
    +--+------------------------------+-------+---------+---------+
       Total:                         852     0         0      
                                                               
    D:\CCS\ccs\tools\compiler\ti-cgt-armllvm_3.2.2.LTS\lib\armv6m-ti-none-eabi/c/libc.a
       _printfi.c.obj                 4558    34        0      
       memory.c.obj                   730     0         5      
       defs.c.obj                     0       0         404    
       fputs.c.obj                    260     0         0      
       aeabi_ctype.S.obj              0       257       0      
       setvbuf.c.obj                  220     0         0      
       s_scalbn.c.obj                 216     0         0      
       getdevice.c.obj                160     0         0      
       memcpy16.S.obj                 154     0         0      
       fclose.c.obj                   124     0         0      
       copy_decompress_lzss.c.obj     120     0         0      
       fseek.c.obj                    116     0         0      
       printf.c.obj                   108     0         0      
       _io_perm.c.obj                 100     0         0      
       memset16.S.obj                 98      0         0      
       s_frexp.c.obj                  92      0         0      
       sprintf.c.obj                  90      0         0      
       _ltoa.c.obj                    88      0         0      
       fflush.c.obj                   82      0         0      
       atoi.c.obj                     64      0         0      
       exit.c.obj                     56      0         8      
       autoinit.c.obj                 60      0         0      
       fopen.c.obj                    52      0         0      
       boot_cortex_m.c.obj            40      0         0      
       memccpy.c.obj                  34      0         0      
       copy_decompress_none.c.obj     18      0         0      
       copy_zero_init.c.obj           16      0         0      
       wcslen.c.obj                   16      0         0      
       aeabi_portable.c.obj           8       0         4      
       _lock.c.obj                    2       0         8      
       pre_init.c.obj                 4       0         0      
    +--+------------------------------+-------+---------+---------+
       Total:                         7686    291       429    
                                                               
    D:\CCS\ccs\tools\compiler\ti-cgt-armllvm_3.2.2.LTS\lib\armv6m-ti-none-eabi/c/libsysbm.a
       trgmsg.c.obj                   104     0         288    
       host_device.c.obj              0       0         200    
       hostrename.c.obj               140     0         0      
       hostlseek.c.obj                108     0         0      
       hostopen.c.obj                 96      0         8      
       hostread.c.obj                 88      0         0      
       hostwrite.c.obj                88      0         0      
       close.c.obj                    80      0         0      
       hostclose.c.obj                72      0         0      
       hostunlink.c.obj               72      0         0      
       unlink.c.obj                   44      0         0      
       lseek.c.obj                    40      0         0      
       write.c.obj                    40      0         0      
       remove.c.obj                   8       0         0      
    +--+------------------------------+-------+---------+---------+
       Total:                         980     0         496    
                                                               
    D:\CCS\ccs\tools\compiler\ti-cgt-armllvm_3.2.2.LTS\lib\clang/15.0.7/lib/armv6m-ti-none-eabi/libclang_rt.builtins.a
       adddf3.S.obj                   418     0         0      
       divdf3.S.obj                   268     0         0      
       muldf3.S.obj                   228     0         0      
       comparedf2.c.obj               220     0         0      
       udivmoddi4.S.obj               162     0         0      
       truncdfsf2.S.obj               116     0         0      
       aeabi_dcmp.S.obj               98      0         0      
       aeabi_idivmod.S.obj            86      0         0      
       fixdfsi.S.obj                  74      0         0      
       aeabi_uidivmod.S.obj           64      0         0      
       extendsfdf2.S.obj              64      0         0      
       muldsi3.S.obj                  58      0         0      
       floatsidf.S.obj                44      0         0      
       floatunsidf.S.obj              36      0         0      
       muldi3.S.obj                   36      0         0      
       ashldi3.S.obj                  30      0         0      
       aeabi_memset.S.obj             26      0         0      
       aeabi_uldivmod.S.obj           20      0         0      
       aeabi_memcpy.S.obj             8       0         0      
       aeabi_div0.c.obj               4       0         0      
    +--+------------------------------+-------+---------+---------+
       Total:                         2060    0         0      
                                                               
       Heap:                          0       0         4096   
       Stack:                         0       0         512    
       Linker Generated:              0       135       0      
    +--+------------------------------+-------+---------+---------+
       Grand Total:                   17778   2224      10199  


LINKER GENERATED COPY TABLES

__TI_cinit_table @ 00004e38 records: 2, size/record: 8, table size: 16
	.data: load addr=00004dc0, load size=00000063 bytes, run addr=20202408, run size=000001d6 bytes, compression=lzss
	.bss: load addr=00004e30, load size=00000008 bytes, run addr=20200000, run size=00001401 bytes, compression=zero_init


LINKER GENERATED HANDLER TABLE

__TI_handler_table @ 00004e24 records: 3, size/record: 4, table size: 12
	index: 0, handler: __TI_decompress_lzss
	index: 1, handler: __TI_decompress_none
	index: 2, handler: __TI_zero_init


FAR CALL TRAMPOLINES

callee name               trampoline name
   callee addr  tramp addr   call addr  call info
--------------  -----------  ---------  ----------------
__aeabi_dsub              $Tramp$TT$L$PI$$__aeabi_dsub
   00001ec5     000045ec     000045e8   libc.a : _printfi.c.obj (.text.OUTLINED_FUNCTION_0)

[1 trampolines]
[1 trampoline calls]


GLOBAL SYMBOLS: SORTED ALPHABETICALLY BY Name 

address   name                            
-------   ----                            
000043bd  ADC0_IRQHandler                 
00002057  ADC1_IRQHandler                 
00002057  AES_IRQHandler                  
00004640  C$$EXIT                         
0000412d  C$$IO$$                         
00002057  CANFD0_IRQHandler               
00002057  DAC0_IRQHandler                 
00003e39  DL_ADC12_setClockConfig         
000045cd  DL_Common_delayCycles           
0000375d  DL_I2C_fillControllerTXFIFO     
000042e9  DL_I2C_setClockConfig           
00002b95  DL_Timer_initPWMMode            
00002815  DL_Timer_initTimerMode          
000043d9  DL_Timer_setCaptCompUpdateMethod
00004449  DL_Timer_setCaptureCompareOutCtl
0000451d  DL_Timer_setCaptureCompareValue 
000043f5  DL_Timer_setClockConfig         
00003d61  DL_UART_init                    
000044e5  DL_UART_setClockConfig          
0000437d  DL_UART_transmitDataBlocking    
00002057  DMA_IRQHandler                  
00002057  Default_Handler                 
00004650  F8X16                           
00002057  GROUP0_IRQHandler               
00002057  GROUP1_IRQHandler               
00003da9  HOSTclose                       
00003225  HOSTlseek                       
0000369d  HOSTopen                        
000038d1  HOSTread                        
00003291  HOSTrename                      
00003df1  HOSTunlink                      
00003929  HOSTwrite                       
00002057  HardFault_Handler               
00002057  I2C0_IRQHandler                 
00002057  I2C1_IRQHandler                 
0000452d  LED2_blue_OFF                   
0000453d  LED2_blue_ON                    
00002057  NMI_Handler                     
000045d7  OLED_CLS                        
00001575  OLED_Fill                       
000000c1  OLED_Init                       
00002195  OLED_SetPos                     
00001821  OLED_ShowChar                   
00003adf  OLED_ShowString                 
00002057  PendSV_Handler                  
00002057  RTC_IRQHandler                  
00004639  Reset_Handler                   
00002057  SPI0_IRQHandler                 
00002057  SPI1_IRQHandler                 
00002057  SVC_Handler                     
00003ff1  SYSCFG_DL_ADC12_0_init          
000032fd  SYSCFG_DL_GPIO_init             
00003b35  SYSCFG_DL_I2C_0_init            
00003981  SYSCFG_DL_PWM_0_init            
00003e79  SYSCFG_DL_SYSCTL_init           
00003c7d  SYSCFG_DL_TIMER_0_init          
00003145  SYSCFG_DL_UART_0_init           
00004169  SYSCFG_DL_init                  
000036fd  SYSCFG_DL_initPower             
00002057  SysTick_Handler                 
00002057  TIMA0_IRQHandler                
00002057  TIMA1_IRQHandler                
00004411  TIMEG0_init                     
000045a9  TIMG0_IRQHandler                
00002057  TIMG12_IRQHandler               
00002057  TIMG6_IRQHandler                
00002057  TIMG7_IRQHandler                
00002057  TIMG8_IRQHandler                
00003cc9  UART0_IRQHandler                
00002057  UART1_IRQHandler                
00002057  UART2_IRQHandler                
00002057  UART3_IRQHandler                
20201190  _CIOBUF_                        
20201190  __CIOBUF_                       
20208000  __STACK_END                     
00000200  __STACK_SIZE                    
00001000  __SYSMEM_SIZE                   
00000000  __TI_ATRegion0_region_sz        
00000000  __TI_ATRegion0_src_addr         
00000000  __TI_ATRegion0_trg_addr         
00000000  __TI_ATRegion1_region_sz        
00000000  __TI_ATRegion1_src_addr         
00000000  __TI_ATRegion1_trg_addr         
00000000  __TI_ATRegion2_region_sz        
00000000  __TI_ATRegion2_src_addr         
00000000  __TI_ATRegion2_trg_addr         
00004e38  __TI_CINIT_Base                 
00004e48  __TI_CINIT_Limit                
00004e48  __TI_CINIT_Warm                 
00004e24  __TI_Handler_Table_Base         
00004e30  __TI_Handler_Table_Limit        
00003f79  __TI_auto_init_nobinit_nopinit  
00004099  __TI_cleanup                    
202025c0  __TI_cleanup_ptr                
00002f59  __TI_closefile                  
00003051  __TI_decompress_lzss            
00004509  __TI_decompress_none            
00003b89  __TI_doflush                    
202025c4  __TI_dtors_ptr                  
202025c8  __TI_ft_end                     
000039d9  __TI_ltoa                       
ffffffff  __TI_pprof_out_hndl             
00000b75  __TI_printfi                    
ffffffff  __TI_prof_data_size             
ffffffff  __TI_prof_data_start            
000040cd  __TI_readmsg                    
00000000  __TI_static_base__              
202012b0  __TI_tmpnams                    
00004101  __TI_writemsg                   
0000350f  __TI_wrt_ok                     
0000455d  __TI_zero_init                  
00001ecf  __adddf3                        
00004c40  __aeabi_ctype_table_            
00004c40  __aeabi_ctype_table_C           
000030d1  __aeabi_d2f                     
00003d15  __aeabi_d2iz                    
00001ecf  __aeabi_dadd                    
000035d9  __aeabi_dcmpeq                  
00003615  __aeabi_dcmpge                  
00003629  __aeabi_dcmpgt                  
00003601  __aeabi_dcmple                  
000035ed  __aeabi_dcmplt                  
00002519  __aeabi_ddiv                    
000028fd  __aeabi_dmul                    
00001ec5  __aeabi_dsub                    
202025cc  __aeabi_errno                   
000030c9  __aeabi_errno_addr              
00003ef9  __aeabi_f2d                     
000041c9  __aeabi_i2d                     
00003a89  __aeabi_idiv                    
00003573  __aeabi_idiv0                   
00003a89  __aeabi_idivmod                 
000037bb  __aeabi_ldiv0                   
0000439d  __aeabi_llsl                    
00004335  __aeabi_lmul                    
000045b5  __aeabi_memclr                  
000045b5  __aeabi_memclr4                 
000045b5  __aeabi_memclr8                 
00004611  __aeabi_memcpy                  
00004611  __aeabi_memcpy4                 
00004611  __aeabi_memcpy8                 
0000457d  __aeabi_memset                  
0000457d  __aeabi_memset4                 
0000457d  __aeabi_memset8                 
00004311  __aeabi_ui2d                    
00003eb9  __aeabi_uidiv                   
00003eb9  __aeabi_uidivmod                
000044a9  __aeabi_uldivmod                
0000439d  __ashldi3                       
ffffffff  __binit__                       
00003369  __cmpdf2                        
00002519  __divdf3                        
00003369  __eqdf2                         
00003ef9  __extendsfdf2                   
00003d15  __fixdfsi                       
000041c9  __floatsidf                     
00004311  __floatunsidf                   
000031b5  __gedf2                         
000031b5  __gtdf2                         
00003369  __ledf2                         
00003369  __ltdf2                         
UNDEFED   __mpu_init                      
000028fd  __muldf3                        
00004335  __muldi3                        
00003fb5  __muldsi3                       
00003369  __nedf2                         
20207e00  __stack                         
20200000  __start___llvm_prf_bits         
20200000  __start___llvm_prf_cnts         
20200000  __stop___llvm_prf_bits          
20200000  __stop___llvm_prf_cnts          
00001ec5  __subdf3                        
000030d1  __truncdfsf2                    
00002d01  __udivmoddi4                    
000042c1  _c_int00_noargs                 
202024f8  _device                         
20202408  _ftable                         
202025d0  _lock                           
00003b33  _nop                            
20202570  _stream                         
20201408  _sys_memory                     
UNDEFED   _system_post_cinit              
0000463d  _system_pre_init                
202025d4  _unlock                         
00004641  abort                           
20201400  adc_falg                        
000037bd  adc_get                         
00004479  adc_init                        
20200000  adc_temp                        
202013fc  adc_value                       
000022cd  aligned_alloc                   
00003f39  atoi                            
ffffffff  binit                           
00003c2d  close                           
00002ed5  delay_ms                        
00004135  exit                            
00004029  finddevice                      
000044bd  fputc                           
00002625  fputs                           
00002729  free                            
00003819  frexp                           
00003819  frexpl                          
00004629  fseek                           
000033d5  fseeko                          
20201350  gPWM_0Backup                    
00003441  getdevice                       
202025d8  i                               
00000000  interruptVectors                
00002e3d  key1_get                        
00002fd5  key2_get                        
00004249  key_pro                         
202013c8  lcd_buf                         
00002abd  ldexp                           
00002abd  ldexpl                          
00004271  lseek                           
00002c59  main                            
000045c1  malloc                          
000022cd  memalign                        
00004359  memccpy                         
00002da3  memcpy                          
0000363b  memset                          
202013f0  parmbuf                         
00003875  printf                          
00004631  remove                          
202025da  rx_cent                         
20201000  rx_data                         
202025dd  rx_flag                         
00002abd  scalbn                          
00002abd  scalbnl                         
000029e1  setvbuf                         
00004061  sprintf                         
00004491  uart_init                       
000041f5  unlink                          
0000454d  wcslen                          
00004299  write                           


GLOBAL SYMBOLS: SORTED BY Symbol Address 

address   name                            
-------   ----                            
00000000  __TI_ATRegion0_region_sz        
00000000  __TI_ATRegion0_src_addr         
00000000  __TI_ATRegion0_trg_addr         
00000000  __TI_ATRegion1_region_sz        
00000000  __TI_ATRegion1_src_addr         
00000000  __TI_ATRegion1_trg_addr         
00000000  __TI_ATRegion2_region_sz        
00000000  __TI_ATRegion2_src_addr         
00000000  __TI_ATRegion2_trg_addr         
00000000  __TI_static_base__              
00000000  interruptVectors                
000000c1  OLED_Init                       
00000200  __STACK_SIZE                    
00000b75  __TI_printfi                    
00001000  __SYSMEM_SIZE                   
00001575  OLED_Fill                       
00001821  OLED_ShowChar                   
00001ec5  __aeabi_dsub                    
00001ec5  __subdf3                        
00001ecf  __adddf3                        
00001ecf  __aeabi_dadd                    
00002057  ADC1_IRQHandler                 
00002057  AES_IRQHandler                  
00002057  CANFD0_IRQHandler               
00002057  DAC0_IRQHandler                 
00002057  DMA_IRQHandler                  
00002057  Default_Handler                 
00002057  GROUP0_IRQHandler               
00002057  GROUP1_IRQHandler               
00002057  HardFault_Handler               
00002057  I2C0_IRQHandler                 
00002057  I2C1_IRQHandler                 
00002057  NMI_Handler                     
00002057  PendSV_Handler                  
00002057  RTC_IRQHandler                  
00002057  SPI0_IRQHandler                 
00002057  SPI1_IRQHandler                 
00002057  SVC_Handler                     
00002057  SysTick_Handler                 
00002057  TIMA0_IRQHandler                
00002057  TIMA1_IRQHandler                
00002057  TIMG12_IRQHandler               
00002057  TIMG6_IRQHandler                
00002057  TIMG7_IRQHandler                
00002057  TIMG8_IRQHandler                
00002057  UART1_IRQHandler                
00002057  UART2_IRQHandler                
00002057  UART3_IRQHandler                
00002195  OLED_SetPos                     
000022cd  aligned_alloc                   
000022cd  memalign                        
00002519  __aeabi_ddiv                    
00002519  __divdf3                        
00002625  fputs                           
00002729  free                            
00002815  DL_Timer_initTimerMode          
000028fd  __aeabi_dmul                    
000028fd  __muldf3                        
000029e1  setvbuf                         
00002abd  ldexp                           
00002abd  ldexpl                          
00002abd  scalbn                          
00002abd  scalbnl                         
00002b95  DL_Timer_initPWMMode            
00002c59  main                            
00002d01  __udivmoddi4                    
00002da3  memcpy                          
00002e3d  key1_get                        
00002ed5  delay_ms                        
00002f59  __TI_closefile                  
00002fd5  key2_get                        
00003051  __TI_decompress_lzss            
000030c9  __aeabi_errno_addr              
000030d1  __aeabi_d2f                     
000030d1  __truncdfsf2                    
00003145  SYSCFG_DL_UART_0_init           
000031b5  __gedf2                         
000031b5  __gtdf2                         
00003225  HOSTlseek                       
00003291  HOSTrename                      
000032fd  SYSCFG_DL_GPIO_init             
00003369  __cmpdf2                        
00003369  __eqdf2                         
00003369  __ledf2                         
00003369  __ltdf2                         
00003369  __nedf2                         
000033d5  fseeko                          
00003441  getdevice                       
0000350f  __TI_wrt_ok                     
00003573  __aeabi_idiv0                   
000035d9  __aeabi_dcmpeq                  
000035ed  __aeabi_dcmplt                  
00003601  __aeabi_dcmple                  
00003615  __aeabi_dcmpge                  
00003629  __aeabi_dcmpgt                  
0000363b  memset                          
0000369d  HOSTopen                        
000036fd  SYSCFG_DL_initPower             
0000375d  DL_I2C_fillControllerTXFIFO     
000037bb  __aeabi_ldiv0                   
000037bd  adc_get                         
00003819  frexp                           
00003819  frexpl                          
00003875  printf                          
000038d1  HOSTread                        
00003929  HOSTwrite                       
00003981  SYSCFG_DL_PWM_0_init            
000039d9  __TI_ltoa                       
00003a89  __aeabi_idiv                    
00003a89  __aeabi_idivmod                 
00003adf  OLED_ShowString                 
00003b33  _nop                            
00003b35  SYSCFG_DL_I2C_0_init            
00003b89  __TI_doflush                    
00003c2d  close                           
00003c7d  SYSCFG_DL_TIMER_0_init          
00003cc9  UART0_IRQHandler                
00003d15  __aeabi_d2iz                    
00003d15  __fixdfsi                       
00003d61  DL_UART_init                    
00003da9  HOSTclose                       
00003df1  HOSTunlink                      
00003e39  DL_ADC12_setClockConfig         
00003e79  SYSCFG_DL_SYSCTL_init           
00003eb9  __aeabi_uidiv                   
00003eb9  __aeabi_uidivmod                
00003ef9  __aeabi_f2d                     
00003ef9  __extendsfdf2                   
00003f39  atoi                            
00003f79  __TI_auto_init_nobinit_nopinit  
00003fb5  __muldsi3                       
00003ff1  SYSCFG_DL_ADC12_0_init          
00004029  finddevice                      
00004061  sprintf                         
00004099  __TI_cleanup                    
000040cd  __TI_readmsg                    
00004101  __TI_writemsg                   
0000412d  C$$IO$$                         
00004135  exit                            
00004169  SYSCFG_DL_init                  
000041c9  __aeabi_i2d                     
000041c9  __floatsidf                     
000041f5  unlink                          
00004249  key_pro                         
00004271  lseek                           
00004299  write                           
000042c1  _c_int00_noargs                 
000042e9  DL_I2C_setClockConfig           
00004311  __aeabi_ui2d                    
00004311  __floatunsidf                   
00004335  __aeabi_lmul                    
00004335  __muldi3                        
00004359  memccpy                         
0000437d  DL_UART_transmitDataBlocking    
0000439d  __aeabi_llsl                    
0000439d  __ashldi3                       
000043bd  ADC0_IRQHandler                 
000043d9  DL_Timer_setCaptCompUpdateMethod
000043f5  DL_Timer_setClockConfig         
00004411  TIMEG0_init                     
00004449  DL_Timer_setCaptureCompareOutCtl
00004479  adc_init                        
00004491  uart_init                       
000044a9  __aeabi_uldivmod                
000044bd  fputc                           
000044e5  DL_UART_setClockConfig          
00004509  __TI_decompress_none            
0000451d  DL_Timer_setCaptureCompareValue 
0000452d  LED2_blue_OFF                   
0000453d  LED2_blue_ON                    
0000454d  wcslen                          
0000455d  __TI_zero_init                  
0000457d  __aeabi_memset                  
0000457d  __aeabi_memset4                 
0000457d  __aeabi_memset8                 
000045a9  TIMG0_IRQHandler                
000045b5  __aeabi_memclr                  
000045b5  __aeabi_memclr4                 
000045b5  __aeabi_memclr8                 
000045c1  malloc                          
000045cd  DL_Common_delayCycles           
000045d7  OLED_CLS                        
00004611  __aeabi_memcpy                  
00004611  __aeabi_memcpy4                 
00004611  __aeabi_memcpy8                 
00004629  fseek                           
00004631  remove                          
00004639  Reset_Handler                   
0000463d  _system_pre_init                
00004640  C$$EXIT                         
00004641  abort                           
00004650  F8X16                           
00004c40  __aeabi_ctype_table_            
00004c40  __aeabi_ctype_table_C           
00004e24  __TI_Handler_Table_Base         
00004e30  __TI_Handler_Table_Limit        
00004e38  __TI_CINIT_Base                 
00004e48  __TI_CINIT_Limit                
00004e48  __TI_CINIT_Warm                 
20200000  __start___llvm_prf_bits         
20200000  __start___llvm_prf_cnts         
20200000  __stop___llvm_prf_bits          
20200000  __stop___llvm_prf_cnts          
20200000  adc_temp                        
20201000  rx_data                         
20201190  _CIOBUF_                        
20201190  __CIOBUF_                       
202012b0  __TI_tmpnams                    
20201350  gPWM_0Backup                    
202013c8  lcd_buf                         
202013f0  parmbuf                         
202013fc  adc_value                       
20201400  adc_falg                        
20201408  _sys_memory                     
20202408  _ftable                         
202024f8  _device                         
20202570  _stream                         
202025c0  __TI_cleanup_ptr                
202025c4  __TI_dtors_ptr                  
202025c8  __TI_ft_end                     
202025cc  __aeabi_errno                   
202025d0  _lock                           
202025d4  _unlock                         
202025d8  i                               
202025da  rx_cent                         
202025dd  rx_flag                         
20207e00  __stack                         
20208000  __STACK_END                     
ffffffff  __TI_pprof_out_hndl             
ffffffff  __TI_prof_data_size             
ffffffff  __TI_prof_data_start            
ffffffff  __binit__                       
ffffffff  binit                           
UNDEFED   __mpu_init                      
UNDEFED   _system_post_cinit              

[235 symbols]
