<?xml version="1.0" encoding="ISO-8859-1" ?>
<link_info>
   <banner>TI ARM Clang Linker PC v3.2.2.LTS</banner>
   <copyright>Copyright (c) 1996-2018 Texas Instruments Incorporated</copyright>
   <link_time>0x668939dd</link_time>
   <link_errors>0x0</link_errors>
   <output_file>D:\WorkDoc\2024  diansai\CCS theia\09_adc_dma_40MHz\Debug\09_adc_dma_40MHz.out</output_file>
   <entry_point>
      <name>_c_int00_noargs</name>
      <address>0x4491</address>
   </entry_point>
   <input_file_list>
      <input_file id="fl-1">
         <path>D:\WorkDoc\2024  diansai\CCS theia\09_adc_dma_40MHz\Debug\.\</path>
         <kind>object</kind>
         <file>empty.o</file>
         <name>empty.o</name>
      </input_file>
      <input_file id="fl-2">
         <path>D:\WorkDoc\2024  diansai\CCS theia\09_adc_dma_40MHz\Debug\.\</path>
         <kind>object</kind>
         <file>ti_msp_dl_config.o</file>
         <name>ti_msp_dl_config.o</name>
      </input_file>
      <input_file id="fl-3">
         <path>D:\WorkDoc\2024  diansai\CCS theia\09_adc_dma_40MHz\Debug\.\</path>
         <kind>object</kind>
         <file>startup_mspm0g350x_ticlang.o</file>
         <name>startup_mspm0g350x_ticlang.o</name>
      </input_file>
      <input_file id="fl-4">
         <path>D:\WorkDoc\2024  diansai\CCS theia\09_adc_dma_40MHz\Debug\.\Hardware\</path>
         <kind>object</kind>
         <file>adc.o</file>
         <name>adc.o</name>
      </input_file>
      <input_file id="fl-5">
         <path>D:\WorkDoc\2024  diansai\CCS theia\09_adc_dma_40MHz\Debug\.\Hardware\</path>
         <kind>object</kind>
         <file>interrupt.o</file>
         <name>interrupt.o</name>
      </input_file>
      <input_file id="fl-6">
         <path>D:\WorkDoc\2024  diansai\CCS theia\09_adc_dma_40MHz\Debug\.\Hardware\</path>
         <kind>object</kind>
         <file>key.o</file>
         <name>key.o</name>
      </input_file>
      <input_file id="fl-7">
         <path>D:\WorkDoc\2024  diansai\CCS theia\09_adc_dma_40MHz\Debug\.\Hardware\</path>
         <kind>object</kind>
         <file>led.o</file>
         <name>led.o</name>
      </input_file>
      <input_file id="fl-8">
         <path>D:\WorkDoc\2024  diansai\CCS theia\09_adc_dma_40MHz\Debug\.\Hardware\</path>
         <kind>object</kind>
         <file>oled.o</file>
         <name>oled.o</name>
      </input_file>
      <input_file id="fl-9">
         <path>D:\WorkDoc\2024  diansai\CCS theia\09_adc_dma_40MHz\Debug\.\Hardware\</path>
         <kind>object</kind>
         <file>uart.o</file>
         <name>uart.o</name>
      </input_file>
      <input_file id="fl-16">
         <path>D:\WorkDoc\2024  diansai\CCS theia\09_adc_dma_40MHz\Debug\</path>
         <kind>object</kind>
         <file>&lt;internal&gt;</file>
         <name>&lt;internal&gt;</name>
      </input_file>
      <input_file id="fl-17">
         <path>C:\ti\mspm0_sdk_2_01_00_03\source\ti\driverlib\lib\ticlang\m0p\mspm0g1x0x_g3x0x\</path>
         <kind>archive</kind>
         <file>driverlib.a</file>
         <name>dl_adc12.o</name>
      </input_file>
      <input_file id="fl-18">
         <path>C:\ti\mspm0_sdk_2_01_00_03\source\ti\driverlib\lib\ticlang\m0p\mspm0g1x0x_g3x0x\</path>
         <kind>archive</kind>
         <file>driverlib.a</file>
         <name>dl_common.o</name>
      </input_file>
      <input_file id="fl-19">
         <path>C:\ti\mspm0_sdk_2_01_00_03\source\ti\driverlib\lib\ticlang\m0p\mspm0g1x0x_g3x0x\</path>
         <kind>archive</kind>
         <file>driverlib.a</file>
         <name>dl_dma.o</name>
      </input_file>
      <input_file id="fl-1a">
         <path>C:\ti\mspm0_sdk_2_01_00_03\source\ti\driverlib\lib\ticlang\m0p\mspm0g1x0x_g3x0x\</path>
         <kind>archive</kind>
         <file>driverlib.a</file>
         <name>dl_i2c.o</name>
      </input_file>
      <input_file id="fl-1b">
         <path>C:\ti\mspm0_sdk_2_01_00_03\source\ti\driverlib\lib\ticlang\m0p\mspm0g1x0x_g3x0x\</path>
         <kind>archive</kind>
         <file>driverlib.a</file>
         <name>dl_timer.o</name>
      </input_file>
      <input_file id="fl-1c">
         <path>C:\ti\mspm0_sdk_2_01_00_03\source\ti\driverlib\lib\ticlang\m0p\mspm0g1x0x_g3x0x\</path>
         <kind>archive</kind>
         <file>driverlib.a</file>
         <name>dl_uart.o</name>
      </input_file>
      <input_file id="fl-1d">
         <path>C:\ti\mspm0_sdk_2_01_00_03\source\ti\driverlib\lib\ticlang\m0p\mspm0g1x0x_g3x0x\</path>
         <kind>archive</kind>
         <file>driverlib.a</file>
         <name>dl_sysctl_mspm0g1x0x_g3x0x.o</name>
      </input_file>
      <input_file id="fl-2c">
         <path>D:\CCS\ccs\tools\compiler\ti-cgt-armllvm_3.2.2.LTS\lib\armv6m-ti-none-eabi\c\</path>
         <kind>archive</kind>
         <file>libc.a</file>
         <name>printf.c.obj</name>
      </input_file>
      <input_file id="fl-2d">
         <path>D:\CCS\ccs\tools\compiler\ti-cgt-armllvm_3.2.2.LTS\lib\armv6m-ti-none-eabi\c\</path>
         <kind>archive</kind>
         <file>libc.a</file>
         <name>_printfi.c.obj</name>
      </input_file>
      <input_file id="fl-2e">
         <path>D:\CCS\ccs\tools\compiler\ti-cgt-armllvm_3.2.2.LTS\lib\armv6m-ti-none-eabi\c\</path>
         <kind>archive</kind>
         <file>libc.a</file>
         <name>sprintf.c.obj</name>
      </input_file>
      <input_file id="fl-2f">
         <path>D:\CCS\ccs\tools\compiler\ti-cgt-armllvm_3.2.2.LTS\lib\armv6m-ti-none-eabi\c\</path>
         <kind>archive</kind>
         <file>libc.a</file>
         <name>fputs.c.obj</name>
      </input_file>
      <input_file id="fl-30">
         <path>D:\CCS\ccs\tools\compiler\ti-cgt-armllvm_3.2.2.LTS\lib\armv6m-ti-none-eabi\c\</path>
         <kind>archive</kind>
         <file>libc.a</file>
         <name>_io_perm.c.obj</name>
      </input_file>
      <input_file id="fl-31">
         <path>D:\CCS\ccs\tools\compiler\ti-cgt-armllvm_3.2.2.LTS\lib\armv6m-ti-none-eabi\c\</path>
         <kind>archive</kind>
         <file>libc.a</file>
         <name>setvbuf.c.obj</name>
      </input_file>
      <input_file id="fl-32">
         <path>D:\CCS\ccs\tools\compiler\ti-cgt-armllvm_3.2.2.LTS\lib\armv6m-ti-none-eabi\c\</path>
         <kind>archive</kind>
         <file>libc.a</file>
         <name>s_frexp.c.obj</name>
      </input_file>
      <input_file id="fl-33">
         <path>D:\CCS\ccs\tools\compiler\ti-cgt-armllvm_3.2.2.LTS\lib\armv6m-ti-none-eabi\c\</path>
         <kind>archive</kind>
         <file>libc.a</file>
         <name>s_scalbn.c.obj</name>
      </input_file>
      <input_file id="fl-34">
         <path>D:\CCS\ccs\tools\compiler\ti-cgt-armllvm_3.2.2.LTS\lib\armv6m-ti-none-eabi\c\</path>
         <kind>archive</kind>
         <file>libc.a</file>
         <name>aeabi_portable.c.obj</name>
      </input_file>
      <input_file id="fl-35">
         <path>D:\CCS\ccs\tools\compiler\ti-cgt-armllvm_3.2.2.LTS\lib\armv6m-ti-none-eabi\c\</path>
         <kind>archive</kind>
         <file>libc.a</file>
         <name>exit.c.obj</name>
      </input_file>
      <input_file id="fl-36">
         <path>D:\CCS\ccs\tools\compiler\ti-cgt-armllvm_3.2.2.LTS\lib\armv6m-ti-none-eabi\c\</path>
         <kind>archive</kind>
         <file>libc.a</file>
         <name>_lock.c.obj</name>
      </input_file>
      <input_file id="fl-37">
         <path>D:\CCS\ccs\tools\compiler\ti-cgt-armllvm_3.2.2.LTS\lib\armv6m-ti-none-eabi\c\</path>
         <kind>archive</kind>
         <file>libc.a</file>
         <name>_ltoa.c.obj</name>
      </input_file>
      <input_file id="fl-38">
         <path>D:\CCS\ccs\tools\compiler\ti-cgt-armllvm_3.2.2.LTS\lib\armv6m-ti-none-eabi\c\</path>
         <kind>archive</kind>
         <file>libc.a</file>
         <name>assert.c.obj</name>
      </input_file>
      <input_file id="fl-39">
         <path>D:\CCS\ccs\tools\compiler\ti-cgt-armllvm_3.2.2.LTS\lib\armv6m-ti-none-eabi\c\</path>
         <kind>archive</kind>
         <file>libc.a</file>
         <name>atoi.c.obj</name>
      </input_file>
      <input_file id="fl-3a">
         <path>D:\CCS\ccs\tools\compiler\ti-cgt-armllvm_3.2.2.LTS\lib\armv6m-ti-none-eabi\c\</path>
         <kind>archive</kind>
         <file>libc.a</file>
         <name>defs.c.obj</name>
      </input_file>
      <input_file id="fl-3b">
         <path>D:\CCS\ccs\tools\compiler\ti-cgt-armllvm_3.2.2.LTS\lib\armv6m-ti-none-eabi\c\</path>
         <kind>archive</kind>
         <file>libc.a</file>
         <name>memccpy.c.obj</name>
      </input_file>
      <input_file id="fl-3c">
         <path>D:\CCS\ccs\tools\compiler\ti-cgt-armllvm_3.2.2.LTS\lib\armv6m-ti-none-eabi\c\</path>
         <kind>archive</kind>
         <file>libc.a</file>
         <name>memory.c.obj</name>
      </input_file>
      <input_file id="fl-3d">
         <path>D:\CCS\ccs\tools\compiler\ti-cgt-armllvm_3.2.2.LTS\lib\armv6m-ti-none-eabi\c\</path>
         <kind>archive</kind>
         <file>libc.a</file>
         <name>boot_cortex_m.c.obj</name>
      </input_file>
      <input_file id="fl-3e">
         <path>D:\CCS\ccs\tools\compiler\ti-cgt-armllvm_3.2.2.LTS\lib\armv6m-ti-none-eabi\c\</path>
         <kind>archive</kind>
         <file>libc.a</file>
         <name>mathacl_init.c.obj</name>
      </input_file>
      <input_file id="fl-3f">
         <path>D:\CCS\ccs\tools\compiler\ti-cgt-armllvm_3.2.2.LTS\lib\armv6m-ti-none-eabi\c\</path>
         <kind>archive</kind>
         <file>libc.a</file>
         <name>autoinit.c.obj</name>
      </input_file>
      <input_file id="fl-40">
         <path>D:\CCS\ccs\tools\compiler\ti-cgt-armllvm_3.2.2.LTS\lib\armv6m-ti-none-eabi\c\</path>
         <kind>archive</kind>
         <file>libc.a</file>
         <name>pre_init.c.obj</name>
      </input_file>
      <input_file id="fl-41">
         <path>D:\CCS\ccs\tools\compiler\ti-cgt-armllvm_3.2.2.LTS\lib\armv6m-ti-none-eabi\c\</path>
         <kind>archive</kind>
         <file>libc.a</file>
         <name>cpy_tbl.c.obj</name>
      </input_file>
      <input_file id="fl-42">
         <path>D:\CCS\ccs\tools\compiler\ti-cgt-armllvm_3.2.2.LTS\lib\armv6m-ti-none-eabi\c\</path>
         <kind>archive</kind>
         <file>libc.a</file>
         <name>copy_zero_init.c.obj</name>
      </input_file>
      <input_file id="fl-43">
         <path>D:\CCS\ccs\tools\compiler\ti-cgt-armllvm_3.2.2.LTS\lib\armv6m-ti-none-eabi\c\</path>
         <kind>archive</kind>
         <file>libc.a</file>
         <name>copy_decompress_none.c.obj</name>
      </input_file>
      <input_file id="fl-44">
         <path>D:\CCS\ccs\tools\compiler\ti-cgt-armllvm_3.2.2.LTS\lib\armv6m-ti-none-eabi\c\</path>
         <kind>archive</kind>
         <file>libc.a</file>
         <name>copy_decompress_lzss.c.obj</name>
      </input_file>
      <input_file id="fl-45">
         <path>D:\CCS\ccs\tools\compiler\ti-cgt-armllvm_3.2.2.LTS\lib\armv6m-ti-none-eabi\c\</path>
         <kind>archive</kind>
         <file>libc.a</file>
         <name>wcslen.c.obj</name>
      </input_file>
      <input_file id="fl-46">
         <path>D:\CCS\ccs\tools\compiler\ti-cgt-armllvm_3.2.2.LTS\lib\armv6m-ti-none-eabi\c\</path>
         <kind>archive</kind>
         <file>libc.a</file>
         <name>fflush.c.obj</name>
      </input_file>
      <input_file id="fl-47">
         <path>D:\CCS\ccs\tools\compiler\ti-cgt-armllvm_3.2.2.LTS\lib\armv6m-ti-none-eabi\c\</path>
         <kind>archive</kind>
         <file>libc.a</file>
         <name>fopen.c.obj</name>
      </input_file>
      <input_file id="fl-48">
         <path>D:\CCS\ccs\tools\compiler\ti-cgt-armllvm_3.2.2.LTS\lib\armv6m-ti-none-eabi\c\</path>
         <kind>archive</kind>
         <file>libc.a</file>
         <name>fseek.c.obj</name>
      </input_file>
      <input_file id="fl-49">
         <path>D:\CCS\ccs\tools\compiler\ti-cgt-armllvm_3.2.2.LTS\lib\armv6m-ti-none-eabi\c\</path>
         <kind>archive</kind>
         <file>libc.a</file>
         <name>aeabi_ctype.S.obj</name>
      </input_file>
      <input_file id="fl-4a">
         <path>D:\CCS\ccs\tools\compiler\ti-cgt-armllvm_3.2.2.LTS\lib\armv6m-ti-none-eabi\c\</path>
         <kind>archive</kind>
         <file>libc.a</file>
         <name>args_main.c.obj</name>
      </input_file>
      <input_file id="fl-4b">
         <path>D:\CCS\ccs\tools\compiler\ti-cgt-armllvm_3.2.2.LTS\lib\armv6m-ti-none-eabi\c\</path>
         <kind>archive</kind>
         <file>libc.a</file>
         <name>fclose.c.obj</name>
      </input_file>
      <input_file id="fl-b1">
         <path>D:\CCS\ccs\tools\compiler\ti-cgt-armllvm_3.2.2.LTS\lib\armv6m-ti-none-eabi\c\</path>
         <kind>archive</kind>
         <file>libsysbm.a</file>
         <name>write.c.obj</name>
      </input_file>
      <input_file id="fl-b2">
         <path>D:\CCS\ccs\tools\compiler\ti-cgt-armllvm_3.2.2.LTS\lib\armv6m-ti-none-eabi\c\</path>
         <kind>archive</kind>
         <file>libsysbm.a</file>
         <name>host_device.c.obj</name>
      </input_file>
      <input_file id="fl-b3">
         <path>D:\CCS\ccs\tools\compiler\ti-cgt-armllvm_3.2.2.LTS\lib\armv6m-ti-none-eabi\c\</path>
         <kind>archive</kind>
         <file>libsysbm.a</file>
         <name>remove.c.obj</name>
      </input_file>
      <input_file id="fl-b4">
         <path>D:\CCS\ccs\tools\compiler\ti-cgt-armllvm_3.2.2.LTS\lib\armv6m-ti-none-eabi\c\</path>
         <kind>archive</kind>
         <file>libsysbm.a</file>
         <name>open.c.obj</name>
      </input_file>
      <input_file id="fl-b5">
         <path>D:\CCS\ccs\tools\compiler\ti-cgt-armllvm_3.2.2.LTS\lib\armv6m-ti-none-eabi\c\</path>
         <kind>archive</kind>
         <file>libsysbm.a</file>
         <name>lseek.c.obj</name>
      </input_file>
      <input_file id="fl-b6">
         <path>D:\CCS\ccs\tools\compiler\ti-cgt-armllvm_3.2.2.LTS\lib\armv6m-ti-none-eabi\c\</path>
         <kind>archive</kind>
         <file>libsysbm.a</file>
         <name>close.c.obj</name>
      </input_file>
      <input_file id="fl-b7">
         <path>D:\CCS\ccs\tools\compiler\ti-cgt-armllvm_3.2.2.LTS\lib\armv6m-ti-none-eabi\c\</path>
         <kind>archive</kind>
         <file>libsysbm.a</file>
         <name>unlink.c.obj</name>
      </input_file>
      <input_file id="fl-b8">
         <path>D:\CCS\ccs\tools\compiler\ti-cgt-armllvm_3.2.2.LTS\lib\armv6m-ti-none-eabi\c\</path>
         <kind>archive</kind>
         <file>libsysbm.a</file>
         <name>hostclose.c.obj</name>
      </input_file>
      <input_file id="fl-b9">
         <path>D:\CCS\ccs\tools\compiler\ti-cgt-armllvm_3.2.2.LTS\lib\armv6m-ti-none-eabi\c\</path>
         <kind>archive</kind>
         <file>libsysbm.a</file>
         <name>hostlseek.c.obj</name>
      </input_file>
      <input_file id="fl-ba">
         <path>D:\CCS\ccs\tools\compiler\ti-cgt-armllvm_3.2.2.LTS\lib\armv6m-ti-none-eabi\c\</path>
         <kind>archive</kind>
         <file>libsysbm.a</file>
         <name>hostopen.c.obj</name>
      </input_file>
      <input_file id="fl-bb">
         <path>D:\CCS\ccs\tools\compiler\ti-cgt-armllvm_3.2.2.LTS\lib\armv6m-ti-none-eabi\c\</path>
         <kind>archive</kind>
         <file>libsysbm.a</file>
         <name>hostread.c.obj</name>
      </input_file>
      <input_file id="fl-bc">
         <path>D:\CCS\ccs\tools\compiler\ti-cgt-armllvm_3.2.2.LTS\lib\armv6m-ti-none-eabi\c\</path>
         <kind>archive</kind>
         <file>libsysbm.a</file>
         <name>hostrename.c.obj</name>
      </input_file>
      <input_file id="fl-bd">
         <path>D:\CCS\ccs\tools\compiler\ti-cgt-armllvm_3.2.2.LTS\lib\armv6m-ti-none-eabi\c\</path>
         <kind>archive</kind>
         <file>libsysbm.a</file>
         <name>hostunlink.c.obj</name>
      </input_file>
      <input_file id="fl-be">
         <path>D:\CCS\ccs\tools\compiler\ti-cgt-armllvm_3.2.2.LTS\lib\armv6m-ti-none-eabi\c\</path>
         <kind>archive</kind>
         <file>libsysbm.a</file>
         <name>hostwrite.c.obj</name>
      </input_file>
      <input_file id="fl-bf">
         <path>D:\CCS\ccs\tools\compiler\ti-cgt-armllvm_3.2.2.LTS\lib\armv6m-ti-none-eabi\c\</path>
         <kind>archive</kind>
         <file>libsysbm.a</file>
         <name>trgmsg.c.obj</name>
      </input_file>
      <input_file id="fl-c0">
         <path>D:\CCS\ccs\tools\compiler\ti-cgt-armllvm_3.2.2.LTS\lib\clang\15.0.7\lib\armv6m-ti-none-eabi\</path>
         <kind>archive</kind>
         <file>libclang_rt.builtins.a</file>
         <name>adddf3.S.obj</name>
      </input_file>
      <input_file id="fl-c1">
         <path>D:\CCS\ccs\tools\compiler\ti-cgt-armllvm_3.2.2.LTS\lib\clang\15.0.7\lib\armv6m-ti-none-eabi\</path>
         <kind>archive</kind>
         <file>libclang_rt.builtins.a</file>
         <name>muldf3.S.obj</name>
      </input_file>
      <input_file id="fl-c2">
         <path>D:\CCS\ccs\tools\compiler\ti-cgt-armllvm_3.2.2.LTS\lib\clang\15.0.7\lib\armv6m-ti-none-eabi\</path>
         <kind>archive</kind>
         <file>libclang_rt.builtins.a</file>
         <name>muldsi3.S.obj</name>
      </input_file>
      <input_file id="fl-c3">
         <path>D:\CCS\ccs\tools\compiler\ti-cgt-armllvm_3.2.2.LTS\lib\clang\15.0.7\lib\armv6m-ti-none-eabi\</path>
         <kind>archive</kind>
         <file>libclang_rt.builtins.a</file>
         <name>divdf3.S.obj</name>
      </input_file>
      <input_file id="fl-c4">
         <path>D:\CCS\ccs\tools\compiler\ti-cgt-armllvm_3.2.2.LTS\lib\clang\15.0.7\lib\armv6m-ti-none-eabi\</path>
         <kind>archive</kind>
         <file>libclang_rt.builtins.a</file>
         <name>extendsfdf2.S.obj</name>
      </input_file>
      <input_file id="fl-c5">
         <path>D:\CCS\ccs\tools\compiler\ti-cgt-armllvm_3.2.2.LTS\lib\clang\15.0.7\lib\armv6m-ti-none-eabi\</path>
         <kind>archive</kind>
         <file>libclang_rt.builtins.a</file>
         <name>fixdfsi.S.obj</name>
      </input_file>
      <input_file id="fl-c6">
         <path>D:\CCS\ccs\tools\compiler\ti-cgt-armllvm_3.2.2.LTS\lib\clang\15.0.7\lib\armv6m-ti-none-eabi\</path>
         <kind>archive</kind>
         <file>libclang_rt.builtins.a</file>
         <name>floatsidf.S.obj</name>
      </input_file>
      <input_file id="fl-c7">
         <path>D:\CCS\ccs\tools\compiler\ti-cgt-armllvm_3.2.2.LTS\lib\clang\15.0.7\lib\armv6m-ti-none-eabi\</path>
         <kind>archive</kind>
         <file>libclang_rt.builtins.a</file>
         <name>floatunsidf.S.obj</name>
      </input_file>
      <input_file id="fl-c8">
         <path>D:\CCS\ccs\tools\compiler\ti-cgt-armllvm_3.2.2.LTS\lib\clang\15.0.7\lib\armv6m-ti-none-eabi\</path>
         <kind>archive</kind>
         <file>libclang_rt.builtins.a</file>
         <name>muldi3.S.obj</name>
      </input_file>
      <input_file id="fl-c9">
         <path>D:\CCS\ccs\tools\compiler\ti-cgt-armllvm_3.2.2.LTS\lib\clang\15.0.7\lib\armv6m-ti-none-eabi\</path>
         <kind>archive</kind>
         <file>libclang_rt.builtins.a</file>
         <name>truncdfsf2.S.obj</name>
      </input_file>
      <input_file id="fl-ca">
         <path>D:\CCS\ccs\tools\compiler\ti-cgt-armllvm_3.2.2.LTS\lib\clang\15.0.7\lib\armv6m-ti-none-eabi\</path>
         <kind>archive</kind>
         <file>libclang_rt.builtins.a</file>
         <name>aeabi_dcmp.S.obj</name>
      </input_file>
      <input_file id="fl-cb">
         <path>D:\CCS\ccs\tools\compiler\ti-cgt-armllvm_3.2.2.LTS\lib\clang\15.0.7\lib\armv6m-ti-none-eabi\</path>
         <kind>archive</kind>
         <file>libclang_rt.builtins.a</file>
         <name>aeabi_idivmod.S.obj</name>
      </input_file>
      <input_file id="fl-cc">
         <path>D:\CCS\ccs\tools\compiler\ti-cgt-armllvm_3.2.2.LTS\lib\clang\15.0.7\lib\armv6m-ti-none-eabi\</path>
         <kind>archive</kind>
         <file>libclang_rt.builtins.a</file>
         <name>aeabi_memcpy.S.obj</name>
      </input_file>
      <input_file id="fl-cd">
         <path>D:\CCS\ccs\tools\compiler\ti-cgt-armllvm_3.2.2.LTS\lib\clang\15.0.7\lib\armv6m-ti-none-eabi\</path>
         <kind>archive</kind>
         <file>libclang_rt.builtins.a</file>
         <name>aeabi_memset.S.obj</name>
      </input_file>
      <input_file id="fl-ce">
         <path>D:\CCS\ccs\tools\compiler\ti-cgt-armllvm_3.2.2.LTS\lib\clang\15.0.7\lib\armv6m-ti-none-eabi\</path>
         <kind>archive</kind>
         <file>libclang_rt.builtins.a</file>
         <name>aeabi_uidivmod.S.obj</name>
      </input_file>
      <input_file id="fl-cf">
         <path>D:\CCS\ccs\tools\compiler\ti-cgt-armllvm_3.2.2.LTS\lib\clang\15.0.7\lib\armv6m-ti-none-eabi\</path>
         <kind>archive</kind>
         <file>libclang_rt.builtins.a</file>
         <name>aeabi_uldivmod.S.obj</name>
      </input_file>
      <input_file id="fl-d0">
         <path>D:\CCS\ccs\tools\compiler\ti-cgt-armllvm_3.2.2.LTS\lib\clang\15.0.7\lib\armv6m-ti-none-eabi\</path>
         <kind>archive</kind>
         <file>libclang_rt.builtins.a</file>
         <name>udivmoddi4.S.obj</name>
      </input_file>
      <input_file id="fl-d1">
         <path>D:\CCS\ccs\tools\compiler\ti-cgt-armllvm_3.2.2.LTS\lib\clang\15.0.7\lib\armv6m-ti-none-eabi\</path>
         <kind>archive</kind>
         <file>libclang_rt.builtins.a</file>
         <name>ashldi3.S.obj</name>
      </input_file>
      <input_file id="fl-d2">
         <path>D:\CCS\ccs\tools\compiler\ti-cgt-armllvm_3.2.2.LTS\lib\clang\15.0.7\lib\armv6m-ti-none-eabi\</path>
         <kind>archive</kind>
         <file>libclang_rt.builtins.a</file>
         <name>comparedf2.c.obj</name>
      </input_file>
      <input_file id="fl-d3">
         <path>D:\CCS\ccs\tools\compiler\ti-cgt-armllvm_3.2.2.LTS\lib\clang\15.0.7\lib\armv6m-ti-none-eabi\</path>
         <kind>archive</kind>
         <file>libclang_rt.builtins.a</file>
         <name>aeabi_div0.c.obj</name>
      </input_file>
      <input_file id="fl-d4">
         <path>D:\CCS\ccs\tools\compiler\ti-cgt-armllvm_3.2.2.LTS\lib\armv6m-ti-none-eabi\c\</path>
         <kind>archive</kind>
         <file>libc.a</file>
         <name>getdevice.c.obj</name>
      </input_file>
      <input_file id="fl-d5">
         <path>D:\CCS\ccs\tools\compiler\ti-cgt-armllvm_3.2.2.LTS\lib\armv6m-ti-none-eabi\c\</path>
         <kind>archive</kind>
         <file>libc.a</file>
         <name>memcpy16.S.obj</name>
      </input_file>
      <input_file id="fl-d6">
         <path>D:\CCS\ccs\tools\compiler\ti-cgt-armllvm_3.2.2.LTS\lib\armv6m-ti-none-eabi\c\</path>
         <kind>archive</kind>
         <file>libc.a</file>
         <name>memset16.S.obj</name>
      </input_file>
   </input_file_list>
   <object_component_list>
      <object_component id="oc-18">
         <name>.intvecs</name>
         <load_address>0x0</load_address>
         <readonly>true</readonly>
         <run_address>0x0</run_address>
         <size>0xc0</size>
         <alignment>0x4</alignment>
         <input_file_ref idref="fl-3"/>
      </object_component>
      <object_component id="oc-ba">
         <name>.text.OLED_Init</name>
         <load_address>0xc0</load_address>
         <readonly>true</readonly>
         <executable>true</executable>
         <run_address>0xc0</run_address>
         <size>0xab4</size>
         <alignment>0x4</alignment>
         <input_file_ref idref="fl-8"/>
      </object_component>
      <object_component id="oc-fe">
         <name>.text:__TI_printfi</name>
         <load_address>0xb74</load_address>
         <readonly>true</readonly>
         <executable>true</executable>
         <run_address>0xb74</run_address>
         <size>0xa00</size>
         <alignment>0x4</alignment>
         <input_file_ref idref="fl-2d"/>
      </object_component>
      <object_component id="oc-129">
         <name>.text.OLED_Fill</name>
         <load_address>0x1574</load_address>
         <readonly>true</readonly>
         <executable>true</executable>
         <run_address>0x1574</run_address>
         <size>0x2ac</size>
         <alignment>0x4</alignment>
         <input_file_ref idref="fl-8"/>
      </object_component>
      <object_component id="oc-12c">
         <name>.text.OLED_ShowChar</name>
         <load_address>0x1820</load_address>
         <readonly>true</readonly>
         <executable>true</executable>
         <run_address>0x1820</run_address>
         <size>0x2a8</size>
         <alignment>0x4</alignment>
         <input_file_ref idref="fl-8"/>
      </object_component>
      <object_component id="oc-16e">
         <name>.text._pconv_a</name>
         <load_address>0x1ac8</load_address>
         <readonly>true</readonly>
         <executable>true</executable>
         <run_address>0x1ac8</run_address>
         <size>0x220</size>
         <alignment>0x4</alignment>
         <input_file_ref idref="fl-2d"/>
      </object_component>
      <object_component id="oc-171">
         <name>.text._pconv_g</name>
         <load_address>0x1ce8</load_address>
         <readonly>true</readonly>
         <executable>true</executable>
         <run_address>0x1ce8</run_address>
         <size>0x1dc</size>
         <alignment>0x4</alignment>
         <input_file_ref idref="fl-2d"/>
      </object_component>
      <object_component id="oc-204">
         <name>.text.adddf3_subdf3</name>
         <load_address>0x1ec4</load_address>
         <readonly>true</readonly>
         <executable>true</executable>
         <run_address>0x1ec4</run_address>
         <size>0x192</size>
         <alignment>0x4</alignment>
         <input_file_ref idref="fl-c0"/>
      </object_component>
      <object_component id="oc-35">
         <name>.text.Default_Handler</name>
         <load_address>0x2056</load_address>
         <readonly>true</readonly>
         <executable>true</executable>
         <run_address>0x2056</run_address>
         <size>0x2</size>
         <alignment>0x2</alignment>
         <input_file_ref idref="fl-3"/>
      </object_component>
      <object_component id="oc-203">
         <name>.text.fcvt</name>
         <load_address>0x2058</load_address>
         <readonly>true</readonly>
         <executable>true</executable>
         <run_address>0x2058</run_address>
         <size>0x13c</size>
         <alignment>0x4</alignment>
         <input_file_ref idref="fl-2d"/>
      </object_component>
      <object_component id="oc-1b3">
         <name>.text.OLED_SetPos</name>
         <load_address>0x2194</load_address>
         <readonly>true</readonly>
         <executable>true</executable>
         <run_address>0x2194</run_address>
         <size>0x138</size>
         <alignment>0x4</alignment>
         <input_file_ref idref="fl-8"/>
      </object_component>
      <object_component id="oc-265">
         <name>.text.aligned_alloc</name>
         <load_address>0x22cc</load_address>
         <readonly>true</readonly>
         <executable>true</executable>
         <run_address>0x22cc</run_address>
         <size>0x12c</size>
         <alignment>0x4</alignment>
         <input_file_ref idref="fl-3c"/>
      </object_component>
      <object_component id="oc-16f">
         <name>.text._pconv_e</name>
         <load_address>0x23f8</load_address>
         <readonly>true</readonly>
         <executable>true</executable>
         <run_address>0x23f8</run_address>
         <size>0x120</size>
         <alignment>0x4</alignment>
         <input_file_ref idref="fl-2d"/>
      </object_component>
      <object_component id="oc-1ff">
         <name>.text.__divdf3</name>
         <load_address>0x2518</load_address>
         <readonly>true</readonly>
         <executable>true</executable>
         <run_address>0x2518</run_address>
         <size>0x10c</size>
         <alignment>0x4</alignment>
         <input_file_ref idref="fl-c3"/>
      </object_component>
      <object_component id="oc-108">
         <name>.text.fputs</name>
         <load_address>0x2624</load_address>
         <readonly>true</readonly>
         <executable>true</executable>
         <run_address>0x2624</run_address>
         <size>0x104</size>
         <alignment>0x4</alignment>
         <input_file_ref idref="fl-2f"/>
      </object_component>
      <object_component id="oc-249">
         <name>.text.free</name>
         <load_address>0x2728</load_address>
         <readonly>true</readonly>
         <executable>true</executable>
         <run_address>0x2728</run_address>
         <size>0xec</size>
         <alignment>0x4</alignment>
         <input_file_ref idref="fl-3c"/>
      </object_component>
      <object_component id="oc-1a0">
         <name>.text.DL_Timer_initTimerMode</name>
         <load_address>0x2814</load_address>
         <readonly>true</readonly>
         <executable>true</executable>
         <run_address>0x2814</run_address>
         <size>0xe8</size>
         <alignment>0x4</alignment>
         <input_file_ref idref="fl-1b"/>
      </object_component>
      <object_component id="oc-1f6">
         <name>.text.__muldf3</name>
         <load_address>0x28fc</load_address>
         <readonly>true</readonly>
         <executable>true</executable>
         <run_address>0x28fc</run_address>
         <size>0xe4</size>
         <alignment>0x4</alignment>
         <input_file_ref idref="fl-c1"/>
      </object_component>
      <object_component id="oc-191">
         <name>.text.DL_SYSCTL_configSYSPLL</name>
         <load_address>0x29e0</load_address>
         <readonly>true</readonly>
         <executable>true</executable>
         <run_address>0x29e0</run_address>
         <size>0xdc</size>
         <alignment>0x4</alignment>
         <input_file_ref idref="fl-1d"/>
      </object_component>
      <object_component id="oc-20e">
         <name>.text.setvbuf</name>
         <load_address>0x2abc</load_address>
         <readonly>true</readonly>
         <executable>true</executable>
         <run_address>0x2abc</run_address>
         <size>0xdc</size>
         <alignment>0x4</alignment>
         <input_file_ref idref="fl-31"/>
      </object_component>
      <object_component id="oc-1e5">
         <name>.text.scalbn</name>
         <load_address>0x2b98</load_address>
         <readonly>true</readonly>
         <executable>true</executable>
         <run_address>0x2b98</run_address>
         <size>0xd8</size>
         <alignment>0x4</alignment>
         <input_file_ref idref="fl-33"/>
      </object_component>
      <object_component id="oc-19a">
         <name>.text.DL_Timer_initPWMMode</name>
         <load_address>0x2c70</load_address>
         <readonly>true</readonly>
         <executable>true</executable>
         <run_address>0x2c70</run_address>
         <size>0xc4</size>
         <alignment>0x4</alignment>
         <input_file_ref idref="fl-1b"/>
      </object_component>
      <object_component id="oc-1d4">
         <name>.text</name>
         <load_address>0x2d34</load_address>
         <readonly>true</readonly>
         <executable>true</executable>
         <run_address>0x2d34</run_address>
         <size>0xa2</size>
         <alignment>0x4</alignment>
         <input_file_ref idref="fl-d0"/>
      </object_component>
      <object_component id="oc-b0">
         <name>.text:memcpy</name>
         <load_address>0x2dd6</load_address>
         <readonly>true</readonly>
         <executable>true</executable>
         <run_address>0x2dd6</run_address>
         <size>0x9a</size>
         <alignment>0x1</alignment>
         <input_file_ref idref="fl-d5"/>
      </object_component>
      <object_component id="oc-134">
         <name>.text.key1_get</name>
         <load_address>0x2e70</load_address>
         <readonly>true</readonly>
         <executable>true</executable>
         <run_address>0x2e70</run_address>
         <size>0x98</size>
         <alignment>0x4</alignment>
         <input_file_ref idref="fl-6"/>
      </object_component>
      <object_component id="oc-11e">
         <name>.text.SYSCFG_DL_ADC12_0_init</name>
         <load_address>0x2f08</load_address>
         <readonly>true</readonly>
         <executable>true</executable>
         <run_address>0x2f08</run_address>
         <size>0x90</size>
         <alignment>0x4</alignment>
         <input_file_ref idref="fl-2"/>
      </object_component>
      <object_component id="oc-91">
         <name>.text.main</name>
         <load_address>0x2f98</load_address>
         <readonly>true</readonly>
         <executable>true</executable>
         <run_address>0x2f98</run_address>
         <size>0x88</size>
         <alignment>0x4</alignment>
         <input_file_ref idref="fl-1"/>
      </object_component>
      <object_component id="oc-d5">
         <name>.text.delay_ms</name>
         <load_address>0x3020</load_address>
         <readonly>true</readonly>
         <executable>true</executable>
         <run_address>0x3020</run_address>
         <size>0x84</size>
         <alignment>0x4</alignment>
         <input_file_ref idref="fl-6"/>
      </object_component>
      <object_component id="oc-266">
         <name>.text.__TI_closefile</name>
         <load_address>0x30a4</load_address>
         <readonly>true</readonly>
         <executable>true</executable>
         <run_address>0x30a4</run_address>
         <size>0x7c</size>
         <alignment>0x4</alignment>
         <input_file_ref idref="fl-4b"/>
      </object_component>
      <object_component id="oc-135">
         <name>.text.key2_get</name>
         <load_address>0x3120</load_address>
         <readonly>true</readonly>
         <executable>true</executable>
         <run_address>0x3120</run_address>
         <size>0x7c</size>
         <alignment>0x4</alignment>
         <input_file_ref idref="fl-6"/>
      </object_component>
      <object_component id="oc-1c">
         <name>.text:decompress:lzss</name>
         <load_address>0x319c</load_address>
         <readonly>true</readonly>
         <executable>true</executable>
         <run_address>0x319c</run_address>
         <size>0x78</size>
         <alignment>0x4</alignment>
         <input_file_ref idref="fl-44"/>
      </object_component>
      <object_component id="oc-117">
         <name>.text.SYSCFG_DL_GPIO_init</name>
         <load_address>0x3214</load_address>
         <readonly>true</readonly>
         <executable>true</executable>
         <run_address>0x3214</run_address>
         <size>0x74</size>
         <alignment>0x4</alignment>
         <input_file_ref idref="fl-2"/>
      </object_component>
      <object_component id="oc-11d">
         <name>.text.SYSCFG_DL_UART_0_init</name>
         <load_address>0x3288</load_address>
         <readonly>true</readonly>
         <executable>true</executable>
         <run_address>0x3288</run_address>
         <size>0x70</size>
         <alignment>0x4</alignment>
         <input_file_ref idref="fl-2"/>
      </object_component>
      <object_component id="oc-1df">
         <name>.text.__gedf2</name>
         <load_address>0x32f8</load_address>
         <readonly>true</readonly>
         <executable>true</executable>
         <run_address>0x32f8</run_address>
         <size>0x70</size>
         <alignment>0x4</alignment>
         <input_file_ref idref="fl-d2"/>
      </object_component>
      <object_component id="oc-27f">
         <name>.text.HOSTlseek</name>
         <load_address>0x3368</load_address>
         <readonly>true</readonly>
         <executable>true</executable>
         <run_address>0x3368</run_address>
         <size>0x6c</size>
         <alignment>0x4</alignment>
         <input_file_ref idref="fl-b9"/>
      </object_component>
      <object_component id="oc-287">
         <name>.text.HOSTrename</name>
         <load_address>0x33d4</load_address>
         <readonly>true</readonly>
         <executable>true</executable>
         <run_address>0x33d4</run_address>
         <size>0x6c</size>
         <alignment>0x4</alignment>
         <input_file_ref idref="fl-bc"/>
      </object_component>
      <object_component id="oc-1d9">
         <name>.text.__ledf2</name>
         <load_address>0x3440</load_address>
         <readonly>true</readonly>
         <executable>true</executable>
         <run_address>0x3440</run_address>
         <size>0x6c</size>
         <alignment>0x4</alignment>
         <input_file_ref idref="fl-d2"/>
      </object_component>
      <object_component id="oc-246">
         <name>.text.fseeko</name>
         <load_address>0x34ac</load_address>
         <readonly>true</readonly>
         <executable>true</executable>
         <run_address>0x34ac</run_address>
         <size>0x6c</size>
         <alignment>0x4</alignment>
         <input_file_ref idref="fl-48"/>
      </object_component>
      <object_component id="oc-2c9">
         <name>.text.getdevice</name>
         <load_address>0x3518</load_address>
         <readonly>true</readonly>
         <executable>true</executable>
         <run_address>0x3518</run_address>
         <size>0x68</size>
         <alignment>0x4</alignment>
         <input_file_ref idref="fl-d4"/>
      </object_component>
      <object_component id="oc-1fd">
         <name>.text._mcpy</name>
         <load_address>0x3580</load_address>
         <readonly>true</readonly>
         <executable>true</executable>
         <run_address>0x3580</run_address>
         <size>0x66</size>
         <alignment>0x2</alignment>
         <input_file_ref idref="fl-2d"/>
      </object_component>
      <object_component id="oc-1be">
         <name>.text.__aeabi_idiv0</name>
         <load_address>0x35e6</load_address>
         <readonly>true</readonly>
         <executable>true</executable>
         <run_address>0x35e6</run_address>
         <size>0x2</size>
         <alignment>0x2</alignment>
         <input_file_ref idref="fl-d3"/>
      </object_component>
      <object_component id="oc-18b">
         <name>.text.DL_SYSCTL_setHFCLKSourceHFXTParams</name>
         <load_address>0x35e8</load_address>
         <readonly>true</readonly>
         <executable>true</executable>
         <run_address>0x35e8</run_address>
         <size>0x64</size>
         <alignment>0x4</alignment>
         <input_file_ref idref="fl-1d"/>
      </object_component>
      <object_component id="oc-118">
         <name>.text.SYSCFG_DL_SYSCTL_init</name>
         <load_address>0x364c</load_address>
         <readonly>true</readonly>
         <executable>true</executable>
         <run_address>0x364c</run_address>
         <size>0x64</size>
         <alignment>0x4</alignment>
         <input_file_ref idref="fl-2"/>
      </object_component>
      <object_component id="oc-172">
         <name>.text.__TI_wrt_ok</name>
         <load_address>0x36b0</load_address>
         <readonly>true</readonly>
         <executable>true</executable>
         <run_address>0x36b0</run_address>
         <size>0x64</size>
         <alignment>0x2</alignment>
         <input_file_ref idref="fl-30"/>
      </object_component>
      <object_component id="oc-291">
         <name>.text.split</name>
         <load_address>0x3714</load_address>
         <readonly>true</readonly>
         <executable>true</executable>
         <run_address>0x3714</run_address>
         <size>0x64</size>
         <alignment>0x4</alignment>
         <input_file_ref idref="fl-3c"/>
      </object_component>
      <object_component id="oc-16a">
         <name>.text.__aeabi_dcmp</name>
         <load_address>0x3778</load_address>
         <readonly>true</readonly>
         <executable>true</executable>
         <run_address>0x3778</run_address>
         <size>0x62</size>
         <alignment>0x4</alignment>
         <input_file_ref idref="fl-ca"/>
      </object_component>
      <object_component id="oc-115">
         <name>.text:memset</name>
         <load_address>0x37da</load_address>
         <readonly>true</readonly>
         <executable>true</executable>
         <run_address>0x37da</run_address>
         <size>0x62</size>
         <alignment>0x1</alignment>
         <input_file_ref idref="fl-d6"/>
      </object_component>
      <object_component id="oc-26f">
         <name>.text.HOSTopen</name>
         <load_address>0x383c</load_address>
         <readonly>true</readonly>
         <executable>true</executable>
         <run_address>0x383c</run_address>
         <size>0x60</size>
         <alignment>0x4</alignment>
         <input_file_ref idref="fl-ba"/>
      </object_component>
      <object_component id="oc-116">
         <name>.text.SYSCFG_DL_initPower</name>
         <load_address>0x389c</load_address>
         <readonly>true</readonly>
         <executable>true</executable>
         <run_address>0x389c</run_address>
         <size>0x60</size>
         <alignment>0x4</alignment>
         <input_file_ref idref="fl-2"/>
      </object_component>
      <object_component id="oc-123">
         <name>.text.DL_I2C_fillControllerTXFIFO</name>
         <load_address>0x38fc</load_address>
         <readonly>true</readonly>
         <executable>true</executable>
         <run_address>0x38fc</run_address>
         <size>0x5e</size>
         <alignment>0x2</alignment>
         <input_file_ref idref="fl-1a"/>
      </object_component>
      <object_component id="oc-22c">
         <name>.text.__aeabi_ldiv0</name>
         <load_address>0x395a</load_address>
         <readonly>true</readonly>
         <executable>true</executable>
         <run_address>0x395a</run_address>
         <size>0x2</size>
         <alignment>0x2</alignment>
         <input_file_ref idref="fl-d3"/>
      </object_component>
      <object_component id="oc-11a">
         <name>.text.SYSCFG_DL_PWM_0_init</name>
         <load_address>0x395c</load_address>
         <readonly>true</readonly>
         <executable>true</executable>
         <run_address>0x395c</run_address>
         <size>0x5c</size>
         <alignment>0x4</alignment>
         <input_file_ref idref="fl-2"/>
      </object_component>
      <object_component id="oc-1e1">
         <name>.text.frexp</name>
         <load_address>0x39b8</load_address>
         <readonly>true</readonly>
         <executable>true</executable>
         <run_address>0x39b8</run_address>
         <size>0x5c</size>
         <alignment>0x4</alignment>
         <input_file_ref idref="fl-32"/>
      </object_component>
      <object_component id="oc-75">
         <name>.text.printf</name>
         <load_address>0x3a14</load_address>
         <readonly>true</readonly>
         <executable>true</executable>
         <run_address>0x3a14</run_address>
         <size>0x5c</size>
         <alignment>0x4</alignment>
         <input_file_ref idref="fl-2c"/>
      </object_component>
      <object_component id="oc-277">
         <name>.text.HOSTread</name>
         <load_address>0x3a70</load_address>
         <readonly>true</readonly>
         <executable>true</executable>
         <run_address>0x3a70</run_address>
         <size>0x58</size>
         <alignment>0x4</alignment>
         <input_file_ref idref="fl-bb"/>
      </object_component>
      <object_component id="oc-27b">
         <name>.text.HOSTwrite</name>
         <load_address>0x3ac8</load_address>
         <readonly>true</readonly>
         <executable>true</executable>
         <run_address>0x3ac8</run_address>
         <size>0x58</size>
         <alignment>0x4</alignment>
         <input_file_ref idref="fl-be"/>
      </object_component>
      <object_component id="oc-1ed">
         <name>.text.__TI_ltoa</name>
         <load_address>0x3b20</load_address>
         <readonly>true</readonly>
         <executable>true</executable>
         <run_address>0x3b20</run_address>
         <size>0x58</size>
         <alignment>0x2</alignment>
         <input_file_ref idref="fl-37"/>
      </object_component>
      <object_component id="oc-170">
         <name>.text._pconv_f</name>
         <load_address>0x3b78</load_address>
         <readonly>true</readonly>
         <executable>true</executable>
         <run_address>0x3b78</run_address>
         <size>0x58</size>
         <alignment>0x2</alignment>
         <input_file_ref idref="fl-2d"/>
      </object_component>
      <object_component id="oc-23b">
         <name>.text.__aeabi_idivmod</name>
         <load_address>0x3bd0</load_address>
         <readonly>true</readonly>
         <executable>true</executable>
         <run_address>0x3bd0</run_address>
         <size>0x56</size>
         <alignment>0x4</alignment>
         <input_file_ref idref="fl-cb"/>
      </object_component>
      <object_component id="oc-c2">
         <name>.text.OLED_ShowString</name>
         <load_address>0x3c26</load_address>
         <readonly>true</readonly>
         <executable>true</executable>
         <run_address>0x3c26</run_address>
         <size>0x54</size>
         <alignment>0x2</alignment>
         <input_file_ref idref="fl-8"/>
      </object_component>
      <object_component id="oc-ff">
         <name>.text._nop</name>
         <load_address>0x3c7a</load_address>
         <readonly>true</readonly>
         <executable>true</executable>
         <run_address>0x3c7a</run_address>
         <size>0x2</size>
         <alignment>0x2</alignment>
         <input_file_ref idref="fl-36"/>
      </object_component>
      <object_component id="oc-11c">
         <name>.text.SYSCFG_DL_I2C_0_init</name>
         <load_address>0x3c7c</load_address>
         <readonly>true</readonly>
         <executable>true</executable>
         <run_address>0x3c7c</run_address>
         <size>0x54</size>
         <alignment>0x4</alignment>
         <input_file_ref idref="fl-2"/>
      </object_component>
      <object_component id="oc-17c">
         <name>.text.__TI_doflush</name>
         <load_address>0x3cd0</load_address>
         <readonly>true</readonly>
         <executable>true</executable>
         <run_address>0x3cd0</run_address>
         <size>0x52</size>
         <alignment>0x2</alignment>
         <input_file_ref idref="fl-46"/>
      </object_component>
      <object_component id="oc-1fb">
         <name>.text._ecpy</name>
         <load_address>0x3d22</load_address>
         <readonly>true</readonly>
         <executable>true</executable>
         <run_address>0x3d22</run_address>
         <size>0x52</size>
         <alignment>0x2</alignment>
         <input_file_ref idref="fl-2d"/>
      </object_component>
      <object_component id="oc-293">
         <name>.text.close</name>
         <load_address>0x3d74</load_address>
         <readonly>true</readonly>
         <executable>true</executable>
         <run_address>0x3d74</run_address>
         <size>0x50</size>
         <alignment>0x4</alignment>
         <input_file_ref idref="fl-b6"/>
      </object_component>
      <object_component id="oc-223">
         <name>.text.DL_DMA_initChannel</name>
         <load_address>0x3dc4</load_address>
         <readonly>true</readonly>
         <executable>true</executable>
         <run_address>0x3dc4</run_address>
         <size>0x4c</size>
         <alignment>0x4</alignment>
         <input_file_ref idref="fl-19"/>
      </object_component>
      <object_component id="oc-11b">
         <name>.text.SYSCFG_DL_TIMER_0_init</name>
         <load_address>0x3e10</load_address>
         <readonly>true</readonly>
         <executable>true</executable>
         <run_address>0x3e10</run_address>
         <size>0x4c</size>
         <alignment>0x4</alignment>
         <input_file_ref idref="fl-2"/>
      </object_component>
      <object_component id="oc-3b">
         <name>.text.UART0_IRQHandler</name>
         <load_address>0x3e5c</load_address>
         <readonly>true</readonly>
         <executable>true</executable>
         <run_address>0x3e5c</run_address>
         <size>0x4c</size>
         <alignment>0x4</alignment>
         <input_file_ref idref="fl-9"/>
      </object_component>
      <object_component id="oc-1e9">
         <name>.text.__fixdfsi</name>
         <load_address>0x3ea8</load_address>
         <readonly>true</readonly>
         <executable>true</executable>
         <run_address>0x3ea8</run_address>
         <size>0x4a</size>
         <alignment>0x4</alignment>
         <input_file_ref idref="fl-c5"/>
      </object_component>
      <object_component id="oc-1a6">
         <name>.text.DL_UART_init</name>
         <load_address>0x3ef4</load_address>
         <readonly>true</readonly>
         <executable>true</executable>
         <run_address>0x3ef4</run_address>
         <size>0x48</size>
         <alignment>0x4</alignment>
         <input_file_ref idref="fl-1c"/>
      </object_component>
      <object_component id="oc-273">
         <name>.text.HOSTclose</name>
         <load_address>0x3f3c</load_address>
         <readonly>true</readonly>
         <executable>true</executable>
         <run_address>0x3f3c</run_address>
         <size>0x48</size>
         <alignment>0x4</alignment>
         <input_file_ref idref="fl-b8"/>
      </object_component>
      <object_component id="oc-283">
         <name>.text.HOSTunlink</name>
         <load_address>0x3f84</load_address>
         <readonly>true</readonly>
         <executable>true</executable>
         <run_address>0x3f84</run_address>
         <size>0x48</size>
         <alignment>0x4</alignment>
         <input_file_ref idref="fl-bd"/>
      </object_component>
      <object_component id="oc-192">
         <name>.text.DL_SYSCTL_switchMCLKfromSYSOSCtoHSCLK</name>
         <load_address>0x3fcc</load_address>
         <readonly>true</readonly>
         <executable>true</executable>
         <run_address>0x3fcc</run_address>
         <size>0x44</size>
         <alignment>0x4</alignment>
         <input_file_ref idref="fl-1d"/>
      </object_component>
      <object_component id="oc-1a9">
         <name>.text.DL_ADC12_setClockConfig</name>
         <load_address>0x4010</load_address>
         <readonly>true</readonly>
         <executable>true</executable>
         <run_address>0x4010</run_address>
         <size>0x40</size>
         <alignment>0x4</alignment>
         <input_file_ref idref="fl-17"/>
      </object_component>
      <object_component id="oc-14e">
         <name>.text.__aeabi_uidivmod</name>
         <load_address>0x4050</load_address>
         <readonly>true</readonly>
         <executable>true</executable>
         <run_address>0x4050</run_address>
         <size>0x40</size>
         <alignment>0x4</alignment>
         <input_file_ref idref="fl-ce"/>
      </object_component>
      <object_component id="oc-c6">
         <name>.text.__extendsfdf2</name>
         <load_address>0x4090</load_address>
         <readonly>true</readonly>
         <executable>true</executable>
         <run_address>0x4090</run_address>
         <size>0x40</size>
         <alignment>0x4</alignment>
         <input_file_ref idref="fl-c4"/>
      </object_component>
      <object_component id="oc-154">
         <name>.text.atoi</name>
         <load_address>0x40d0</load_address>
         <readonly>true</readonly>
         <executable>true</executable>
         <run_address>0x40d0</run_address>
         <size>0x40</size>
         <alignment>0x4</alignment>
         <input_file_ref idref="fl-39"/>
      </object_component>
      <object_component id="oc-c5">
         <name>.text.dma_init</name>
         <load_address>0x4110</load_address>
         <readonly>true</readonly>
         <executable>true</executable>
         <run_address>0x4110</run_address>
         <size>0x40</size>
         <alignment>0x4</alignment>
         <input_file_ref idref="fl-4"/>
      </object_component>
      <object_component id="oc-e5">
         <name>.text:__TI_auto_init_nobinit_nopinit</name>
         <load_address>0x4150</load_address>
         <readonly>true</readonly>
         <executable>true</executable>
         <run_address>0x4150</run_address>
         <size>0x3c</size>
         <alignment>0x4</alignment>
         <input_file_ref idref="fl-3f"/>
      </object_component>
      <object_component id="oc-1cf">
         <name>.text.__muldsi3</name>
         <load_address>0x418c</load_address>
         <readonly>true</readonly>
         <executable>true</executable>
         <run_address>0x418c</run_address>
         <size>0x3a</size>
         <alignment>0x4</alignment>
         <input_file_ref idref="fl-c2"/>
      </object_component>
      <object_component id="oc-2d2">
         <name>.text.finddevice</name>
         <load_address>0x41c8</load_address>
         <readonly>true</readonly>
         <executable>true</executable>
         <run_address>0x41c8</run_address>
         <size>0x38</size>
         <alignment>0x4</alignment>
         <input_file_ref idref="fl-d4"/>
      </object_component>
      <object_component id="oc-ca">
         <name>.text.sprintf</name>
         <load_address>0x4200</load_address>
         <readonly>true</readonly>
         <executable>true</executable>
         <run_address>0x4200</run_address>
         <size>0x38</size>
         <alignment>0x4</alignment>
         <input_file_ref idref="fl-2e"/>
      </object_component>
      <object_component id="oc-b5">
         <name>.text.SYSCFG_DL_init</name>
         <load_address>0x4238</load_address>
         <readonly>true</readonly>
         <executable>true</executable>
         <run_address>0x4238</run_address>
         <size>0x34</size>
         <alignment>0x4</alignment>
         <input_file_ref idref="fl-2"/>
      </object_component>
      <object_component id="oc-24c">
         <name>.text.__TI_cleanup</name>
         <load_address>0x426c</load_address>
         <readonly>true</readonly>
         <executable>true</executable>
         <run_address>0x426c</run_address>
         <size>0x34</size>
         <alignment>0x4</alignment>
         <input_file_ref idref="fl-47"/>
      </object_component>
      <object_component id="oc-2a4">
         <name>.text.__TI_readmsg</name>
         <load_address>0x42a0</load_address>
         <readonly>true</readonly>
         <executable>true</executable>
         <run_address>0x42a0</run_address>
         <size>0x34</size>
         <alignment>0x4</alignment>
         <input_file_ref idref="fl-bf"/>
      </object_component>
      <object_component id="oc-29e">
         <name>.text.__TI_writemsg</name>
         <load_address>0x42d4</load_address>
         <readonly>true</readonly>
         <executable>true</executable>
         <run_address>0x42d4</run_address>
         <size>0x34</size>
         <alignment>0x4</alignment>
         <input_file_ref idref="fl-bf"/>
      </object_component>
      <object_component id="oc-e3">
         <name>.text.exit</name>
         <load_address>0x4308</load_address>
         <readonly>true</readonly>
         <executable>true</executable>
         <run_address>0x4308</run_address>
         <size>0x34</size>
         <alignment>0x4</alignment>
         <input_file_ref idref="fl-35"/>
      </object_component>
      <object_component id="oc-1fc">
         <name>.text._fcpy</name>
         <load_address>0x433c</load_address>
         <readonly>true</readonly>
         <executable>true</executable>
         <run_address>0x433c</run_address>
         <size>0x30</size>
         <alignment>0x2</alignment>
         <input_file_ref idref="fl-2d"/>
      </object_component>
      <object_component id="oc-1f1">
         <name>.text.__floatsidf</name>
         <load_address>0x436c</load_address>
         <readonly>true</readonly>
         <executable>true</executable>
         <run_address>0x436c</run_address>
         <size>0x2c</size>
         <alignment>0x4</alignment>
         <input_file_ref idref="fl-c6"/>
      </object_component>
      <object_component id="oc-d7">
         <name>.text.uart_pro</name>
         <load_address>0x4398</load_address>
         <readonly>true</readonly>
         <executable>true</executable>
         <run_address>0x4398</run_address>
         <size>0x2c</size>
         <alignment>0x4</alignment>
         <input_file_ref idref="fl-9"/>
      </object_component>
      <object_component id="oc-2bf">
         <name>.text.unlink</name>
         <load_address>0x43c4</load_address>
         <readonly>true</readonly>
         <executable>true</executable>
         <run_address>0x43c4</run_address>
         <size>0x2c</size>
         <alignment>0x4</alignment>
         <input_file_ref idref="fl-b7"/>
      </object_component>
      <object_component id="oc-264">
         <name>.text.free_list_insert</name>
         <load_address>0x43f0</load_address>
         <readonly>true</readonly>
         <executable>true</executable>
         <run_address>0x43f0</run_address>
         <size>0x28</size>
         <alignment>0x4</alignment>
         <input_file_ref idref="fl-3c"/>
      </object_component>
      <object_component id="oc-d0">
         <name>.text.key_pro</name>
         <load_address>0x4418</load_address>
         <readonly>true</readonly>
         <executable>true</executable>
         <run_address>0x4418</run_address>
         <size>0x28</size>
         <alignment>0x4</alignment>
         <input_file_ref idref="fl-6"/>
      </object_component>
      <object_component id="oc-25e">
         <name>.text.lseek</name>
         <load_address>0x4440</load_address>
         <readonly>true</readonly>
         <executable>true</executable>
         <run_address>0x4440</run_address>
         <size>0x28</size>
         <alignment>0x4</alignment>
         <input_file_ref idref="fl-b5"/>
      </object_component>
      <object_component id="oc-178">
         <name>.text.write</name>
         <load_address>0x4468</load_address>
         <readonly>true</readonly>
         <executable>true</executable>
         <run_address>0x4468</run_address>
         <size>0x28</size>
         <alignment>0x4</alignment>
         <input_file_ref idref="fl-b1"/>
      </object_component>
      <object_component id="oc-60">
         <name>.text:_c_int00_noargs</name>
         <load_address>0x4490</load_address>
         <readonly>true</readonly>
         <executable>true</executable>
         <run_address>0x4490</run_address>
         <size>0x28</size>
         <alignment>0x4</alignment>
         <input_file_ref idref="fl-3d"/>
      </object_component>
      <object_component id="oc-1a3">
         <name>.text.DL_I2C_setClockConfig</name>
         <load_address>0x44b8</load_address>
         <readonly>true</readonly>
         <executable>true</executable>
         <run_address>0x44b8</run_address>
         <size>0x26</size>
         <alignment>0x2</alignment>
         <input_file_ref idref="fl-1a"/>
      </object_component>
      <object_component id="oc-1b0">
         <name>.text.SYSCFG_DL_DMA_CH0_init</name>
         <load_address>0x44e0</load_address>
         <readonly>true</readonly>
         <executable>true</executable>
         <run_address>0x44e0</run_address>
         <size>0x24</size>
         <alignment>0x4</alignment>
         <input_file_ref idref="fl-2"/>
      </object_component>
      <object_component id="oc-161">
         <name>.text.__muldi3</name>
         <load_address>0x4504</load_address>
         <readonly>true</readonly>
         <executable>true</executable>
         <run_address>0x4504</run_address>
         <size>0x24</size>
         <alignment>0x4</alignment>
         <input_file_ref idref="fl-c8"/>
      </object_component>
      <object_component id="oc-149">
         <name>.text.memccpy</name>
         <load_address>0x4528</load_address>
         <readonly>true</readonly>
         <executable>true</executable>
         <run_address>0x4528</run_address>
         <size>0x22</size>
         <alignment>0x2</alignment>
         <input_file_ref idref="fl-3b"/>
      </object_component>
      <object_component id="oc-184">
         <name>.text.DL_UART_transmitDataBlocking</name>
         <load_address>0x454c</load_address>
         <readonly>true</readonly>
         <executable>true</executable>
         <run_address>0x454c</run_address>
         <size>0x20</size>
         <alignment>0x4</alignment>
         <input_file_ref idref="fl-1c"/>
      </object_component>
      <object_component id="oc-22d">
         <name>.text.__ashldi3</name>
         <load_address>0x456c</load_address>
         <readonly>true</readonly>
         <executable>true</executable>
         <run_address>0x456c</run_address>
         <size>0x1e</size>
         <alignment>0x4</alignment>
         <input_file_ref idref="fl-d1"/>
      </object_component>
      <object_component id="oc-36">
         <name>.text.ADC0_IRQHandler</name>
         <load_address>0x458c</load_address>
         <readonly>true</readonly>
         <executable>true</executable>
         <run_address>0x458c</run_address>
         <size>0x1c</size>
         <alignment>0x4</alignment>
         <input_file_ref idref="fl-4"/>
      </object_component>
      <object_component id="oc-19c">
         <name>.text.DL_Timer_setCaptCompUpdateMethod</name>
         <load_address>0x45a8</load_address>
         <readonly>true</readonly>
         <executable>true</executable>
         <run_address>0x45a8</run_address>
         <size>0x1c</size>
         <alignment>0x4</alignment>
         <input_file_ref idref="fl-1b"/>
      </object_component>
      <object_component id="oc-194">
         <name>.text.DL_Timer_setClockConfig</name>
         <load_address>0x45c4</load_address>
         <readonly>true</readonly>
         <executable>true</executable>
         <run_address>0x45c4</run_address>
         <size>0x1c</size>
         <alignment>0x4</alignment>
         <input_file_ref idref="fl-1b"/>
      </object_component>
      <object_component id="oc-c1">
         <name>.text.TIMEG0_init</name>
         <load_address>0x45e0</load_address>
         <readonly>true</readonly>
         <executable>true</executable>
         <run_address>0x45e0</run_address>
         <size>0x1c</size>
         <alignment>0x4</alignment>
         <input_file_ref idref="fl-5"/>
      </object_component>
      <object_component id="oc-262">
         <name>.text.free_list_remove</name>
         <load_address>0x45fc</load_address>
         <readonly>true</readonly>
         <executable>true</executable>
         <run_address>0x45fc</run_address>
         <size>0x1c</size>
         <alignment>0x4</alignment>
         <input_file_ref idref="fl-3c"/>
      </object_component>
      <object_component id="oc-19b">
         <name>.text.DL_Timer_setCaptureCompareOutCtl</name>
         <load_address>0x4618</load_address>
         <readonly>true</readonly>
         <executable>true</executable>
         <run_address>0x4618</run_address>
         <size>0x18</size>
         <alignment>0x4</alignment>
         <input_file_ref idref="fl-1b"/>
      </object_component>
      <object_component id="oc-130">
         <name>.text._outs</name>
         <load_address>0x4630</load_address>
         <readonly>true</readonly>
         <executable>true</executable>
         <run_address>0x4630</run_address>
         <size>0x18</size>
         <alignment>0x2</alignment>
         <input_file_ref idref="fl-2e"/>
      </object_component>
      <object_component id="oc-c3">
         <name>.text.adc_init</name>
         <load_address>0x4648</load_address>
         <readonly>true</readonly>
         <executable>true</executable>
         <run_address>0x4648</run_address>
         <size>0x18</size>
         <alignment>0x4</alignment>
         <input_file_ref idref="fl-4"/>
      </object_component>
      <object_component id="oc-c4">
         <name>.text.uart_init</name>
         <load_address>0x4660</load_address>
         <readonly>true</readonly>
         <executable>true</executable>
         <run_address>0x4660</run_address>
         <size>0x18</size>
         <alignment>0x4</alignment>
         <input_file_ref idref="fl-9"/>
      </object_component>
      <object_component id="oc-166">
         <name>.text.__aeabi_uldivmod</name>
         <load_address>0x4678</load_address>
         <readonly>true</readonly>
         <executable>true</executable>
         <run_address>0x4678</run_address>
         <size>0x14</size>
         <alignment>0x4</alignment>
         <input_file_ref idref="fl-cf"/>
      </object_component>
      <object_component id="oc-10e">
         <name>.text.fputc</name>
         <load_address>0x468c</load_address>
         <readonly>true</readonly>
         <executable>true</executable>
         <run_address>0x468c</run_address>
         <size>0x14</size>
         <alignment>0x4</alignment>
         <input_file_ref idref="fl-9"/>
      </object_component>
      <object_component id="oc-1fa">
         <name>.text.strchr</name>
         <load_address>0x46a0</load_address>
         <readonly>true</readonly>
         <executable>true</executable>
         <run_address>0x46a0</run_address>
         <size>0x14</size>
         <alignment>0x2</alignment>
         <input_file_ref idref="fl-2d"/>
      </object_component>
      <object_component id="oc-1a5">
         <name>.text.DL_UART_setClockConfig</name>
         <load_address>0x46b4</load_address>
         <readonly>true</readonly>
         <executable>true</executable>
         <run_address>0x46b4</run_address>
         <size>0x12</size>
         <alignment>0x2</alignment>
         <input_file_ref idref="fl-1c"/>
      </object_component>
      <object_component id="oc-2b8">
         <name>.text.strcpy</name>
         <load_address>0x46c6</load_address>
         <readonly>true</readonly>
         <executable>true</executable>
         <run_address>0x46c6</run_address>
         <size>0x12</size>
         <alignment>0x2</alignment>
         <input_file_ref idref="fl-bc"/>
      </object_component>
      <object_component id="oc-20">
         <name>.text:decompress:none</name>
         <load_address>0x46d8</load_address>
         <readonly>true</readonly>
         <executable>true</executable>
         <run_address>0x46d8</run_address>
         <size>0x12</size>
         <alignment>0x2</alignment>
         <input_file_ref idref="fl-43"/>
      </object_component>
      <object_component id="oc-19d">
         <name>.text.DL_Timer_setCaptureCompareValue</name>
         <load_address>0x46ec</load_address>
         <readonly>true</readonly>
         <executable>true</executable>
         <run_address>0x46ec</run_address>
         <size>0x10</size>
         <alignment>0x4</alignment>
         <input_file_ref idref="fl-1b"/>
      </object_component>
      <object_component id="oc-136">
         <name>.text.LED2_blue_OFF</name>
         <load_address>0x46fc</load_address>
         <readonly>true</readonly>
         <executable>true</executable>
         <run_address>0x46fc</run_address>
         <size>0x10</size>
         <alignment>0x4</alignment>
         <input_file_ref idref="fl-7"/>
      </object_component>
      <object_component id="oc-70">
         <name>.text.LED2_blue_ON</name>
         <load_address>0x470c</load_address>
         <readonly>true</readonly>
         <executable>true</executable>
         <run_address>0x470c</run_address>
         <size>0x10</size>
         <alignment>0x4</alignment>
         <input_file_ref idref="fl-7"/>
      </object_component>
      <object_component id="oc-158">
         <name>.text.wcslen</name>
         <load_address>0x471c</load_address>
         <readonly>true</readonly>
         <executable>true</executable>
         <run_address>0x471c</run_address>
         <size>0x10</size>
         <alignment>0x2</alignment>
         <input_file_ref idref="fl-45"/>
      </object_component>
      <object_component id="oc-5d">
         <name>.text:decompress:ZI</name>
         <load_address>0x472c</load_address>
         <readonly>true</readonly>
         <executable>true</executable>
         <run_address>0x472c</run_address>
         <size>0x10</size>
         <alignment>0x2</alignment>
         <input_file_ref idref="fl-42"/>
      </object_component>
      <object_component id="oc-263">
         <name>.text.OUTLINED_FUNCTION_0</name>
         <load_address>0x473c</load_address>
         <readonly>true</readonly>
         <executable>true</executable>
         <run_address>0x473c</run_address>
         <size>0xe</size>
         <alignment>0x2</alignment>
         <input_file_ref idref="fl-3c"/>
      </object_component>
      <object_component id="oc-148">
         <name>.text.__aeabi_memset</name>
         <load_address>0x474c</load_address>
         <readonly>true</readonly>
         <executable>true</executable>
         <run_address>0x474c</run_address>
         <size>0xe</size>
         <alignment>0x4</alignment>
         <input_file_ref idref="fl-cd"/>
      </object_component>
      <object_component id="oc-147">
         <name>.text.strlen</name>
         <load_address>0x475a</load_address>
         <readonly>true</readonly>
         <executable>true</executable>
         <run_address>0x475a</run_address>
         <size>0xe</size>
         <alignment>0x2</alignment>
         <input_file_ref idref="fl-2d"/>
      </object_component>
      <object_component id="oc-2b9">
         <name>.text.strlen</name>
         <load_address>0x4768</load_address>
         <readonly>true</readonly>
         <executable>true</executable>
         <run_address>0x4768</run_address>
         <size>0xe</size>
         <alignment>0x2</alignment>
         <input_file_ref idref="fl-bc"/>
      </object_component>
      <object_component id="oc-40">
         <name>.text.TIMG0_IRQHandler</name>
         <load_address>0x4778</load_address>
         <readonly>true</readonly>
         <executable>true</executable>
         <run_address>0x4778</run_address>
         <size>0xc</size>
         <alignment>0x4</alignment>
         <input_file_ref idref="fl-5"/>
      </object_component>
      <object_component id="oc-88">
         <name>.text.__aeabi_memclr</name>
         <load_address>0x4784</load_address>
         <readonly>true</readonly>
         <executable>true</executable>
         <run_address>0x4784</run_address>
         <size>0xc</size>
         <alignment>0x4</alignment>
         <input_file_ref idref="fl-cd"/>
      </object_component>
      <object_component id="oc-24b">
         <name>.text.malloc</name>
         <load_address>0x4790</load_address>
         <readonly>true</readonly>
         <executable>true</executable>
         <run_address>0x4790</run_address>
         <size>0xc</size>
         <alignment>0x2</alignment>
         <input_file_ref idref="fl-3c"/>
      </object_component>
      <object_component id="oc-13a">
         <name>.text.DL_Common_delayCycles</name>
         <load_address>0x479c</load_address>
         <readonly>true</readonly>
         <executable>true</executable>
         <run_address>0x479c</run_address>
         <size>0xa</size>
         <alignment>0x2</alignment>
         <input_file_ref idref="fl-18"/>
      </object_component>
      <object_component id="oc-c0">
         <name>.text.OLED_CLS</name>
         <load_address>0x47a6</load_address>
         <readonly>true</readonly>
         <executable>true</executable>
         <run_address>0x47a6</run_address>
         <size>0xa</size>
         <alignment>0x2</alignment>
         <input_file_ref idref="fl-8"/>
      </object_component>
      <object_component id="oc-1f5">
         <name>.text.OUTLINED_FUNCTION_0</name>
         <load_address>0x47b0</load_address>
         <readonly>true</readonly>
         <executable>true</executable>
         <run_address>0x47b0</run_address>
         <size>0xa</size>
         <alignment>0x2</alignment>
         <input_file_ref idref="fl-2d"/>
      </object_component>
      <object_component id="oc-31d">
         <name>.tramp.__aeabi_dsub.1</name>
         <load_address>0x47bc</load_address>
         <readonly>true</readonly>
         <executable>true</executable>
         <run_address>0x47bc</run_address>
         <size>0x10</size>
         <alignment>0x4</alignment>
         <input_file_ref idref="fl-c0"/>
      </object_component>
      <object_component id="oc-1fe">
         <name>.text.OUTLINED_FUNCTION_1</name>
         <load_address>0x47cc</load_address>
         <readonly>true</readonly>
         <executable>true</executable>
         <run_address>0x47cc</run_address>
         <size>0xa</size>
         <alignment>0x2</alignment>
         <input_file_ref idref="fl-2d"/>
      </object_component>
      <object_component id="oc-131">
         <name>.text._outc</name>
         <load_address>0x47d6</load_address>
         <readonly>true</readonly>
         <executable>true</executable>
         <run_address>0x47d6</run_address>
         <size>0xa</size>
         <alignment>0x2</alignment>
         <input_file_ref idref="fl-2e"/>
      </object_component>
      <object_component id="oc-11f">
         <name>.text.SYSCFG_DL_DMA_init</name>
         <load_address>0x47e0</load_address>
         <readonly>true</readonly>
         <executable>true</executable>
         <run_address>0x47e0</run_address>
         <size>0x8</size>
         <alignment>0x2</alignment>
         <input_file_ref idref="fl-2"/>
      </object_component>
      <object_component id="oc-15c">
         <name>.text.__aeabi_errno_addr</name>
         <load_address>0x47e8</load_address>
         <readonly>true</readonly>
         <executable>true</executable>
         <run_address>0x47e8</run_address>
         <size>0x8</size>
         <alignment>0x4</alignment>
         <input_file_ref idref="fl-34"/>
      </object_component>
      <object_component id="oc-50">
         <name>.text.__aeabi_memcpy</name>
         <load_address>0x47f0</load_address>
         <readonly>true</readonly>
         <executable>true</executable>
         <run_address>0x47f0</run_address>
         <size>0x8</size>
         <alignment>0x4</alignment>
         <input_file_ref idref="fl-cc"/>
      </object_component>
      <object_component id="oc-a7">
         <name>.text._outc</name>
         <load_address>0x47f8</load_address>
         <readonly>true</readonly>
         <executable>true</executable>
         <run_address>0x47f8</run_address>
         <size>0x8</size>
         <alignment>0x2</alignment>
         <input_file_ref idref="fl-2c"/>
      </object_component>
      <object_component id="oc-a6">
         <name>.text._outs</name>
         <load_address>0x4800</load_address>
         <readonly>true</readonly>
         <executable>true</executable>
         <run_address>0x4800</run_address>
         <size>0x8</size>
         <alignment>0x2</alignment>
         <input_file_ref idref="fl-2c"/>
      </object_component>
      <object_component id="oc-208">
         <name>.text.fseek</name>
         <load_address>0x4808</load_address>
         <readonly>true</readonly>
         <executable>true</executable>
         <run_address>0x4808</run_address>
         <size>0x8</size>
         <alignment>0x2</alignment>
         <input_file_ref idref="fl-48"/>
      </object_component>
      <object_component id="oc-297">
         <name>.text.remove</name>
         <load_address>0x4810</load_address>
         <readonly>true</readonly>
         <executable>true</executable>
         <run_address>0x4810</run_address>
         <size>0x8</size>
         <alignment>0x2</alignment>
         <input_file_ref idref="fl-b3"/>
      </object_component>
      <object_component id="oc-31">
         <name>.text.Reset_Handler</name>
         <load_address>0x4818</load_address>
         <readonly>true</readonly>
         <executable>true</executable>
         <run_address>0x4818</run_address>
         <size>0x4</size>
         <alignment>0x2</alignment>
         <input_file_ref idref="fl-3"/>
      </object_component>
      <object_component id="oc-8d">
         <name>.text._system_pre_init</name>
         <load_address>0x481c</load_address>
         <readonly>true</readonly>
         <executable>true</executable>
         <run_address>0x481c</run_address>
         <size>0x4</size>
         <alignment>0x2</alignment>
         <input_file_ref idref="fl-40"/>
      </object_component>
      <object_component id="oc-de">
         <name>.text:abort</name>
         <load_address>0x4820</load_address>
         <readonly>true</readonly>
         <executable>true</executable>
         <run_address>0x4820</run_address>
         <size>0x4</size>
         <alignment>0x2</alignment>
         <input_file_ref idref="fl-35"/>
      </object_component>
      <object_component id="oc-318">
         <name>.cinit..data.load</name>
         <load_address>0x4fe0</load_address>
         <readonly>true</readonly>
         <run_address>0x4fe0</run_address>
         <size>0x62</size>
         <alignment>0x1</alignment>
      </object_component>
      <object_component id="oc-316">
         <name>__TI_handler_table</name>
         <load_address>0x5044</load_address>
         <readonly>true</readonly>
         <run_address>0x5044</run_address>
         <size>0xc</size>
         <alignment>0x4</alignment>
      </object_component>
      <object_component id="oc-319">
         <name>.cinit..bss.load</name>
         <load_address>0x5050</load_address>
         <readonly>true</readonly>
         <run_address>0x5050</run_address>
         <size>0x8</size>
         <alignment>0x4</alignment>
      </object_component>
      <object_component id="oc-317">
         <name>__TI_cinit_table</name>
         <load_address>0x5058</load_address>
         <readonly>true</readonly>
         <run_address>0x5058</run_address>
         <size>0x10</size>
         <alignment>0x4</alignment>
      </object_component>
      <object_component id="oc-1b4">
         <name>.rodata.F8X16</name>
         <load_address>0x4830</load_address>
         <readonly>true</readonly>
         <run_address>0x4830</run_address>
         <size>0x5f0</size>
         <alignment>0x1</alignment>
         <input_file_ref idref="fl-8"/>
      </object_component>
      <object_component id="oc-1c4">
         <name>.rodata:__aeabi_ctype_table_</name>
         <load_address>0x4e20</load_address>
         <readonly>true</readonly>
         <run_address>0x4e20</run_address>
         <size>0x101</size>
         <alignment>0x10</alignment>
         <input_file_ref idref="fl-49"/>
      </object_component>
      <object_component id="oc-19e">
         <name>.rodata.gPWM_0ClockConfig</name>
         <load_address>0x4f21</load_address>
         <readonly>true</readonly>
         <run_address>0x4f21</run_address>
         <size>0x3</size>
         <alignment>0x1</alignment>
         <input_file_ref idref="fl-2"/>
      </object_component>
      <object_component id="oc-193">
         <name>.rodata.gSYSPLLConfig</name>
         <load_address>0x4f24</load_address>
         <readonly>true</readonly>
         <run_address>0x4f24</run_address>
         <size>0x28</size>
         <alignment>0x4</alignment>
         <input_file_ref idref="fl-2"/>
      </object_component>
      <object_component id="oc-227">
         <name>.rodata.gDMA_CH0Config</name>
         <load_address>0x4f4c</load_address>
         <readonly>true</readonly>
         <run_address>0x4f4c</run_address>
         <size>0x18</size>
         <alignment>0x4</alignment>
         <input_file_ref idref="fl-2"/>
      </object_component>
      <object_component id="oc-1a2">
         <name>.rodata.gTIMER_0TimerConfig</name>
         <load_address>0x4f64</load_address>
         <readonly>true</readonly>
         <run_address>0x4f64</run_address>
         <size>0x14</size>
         <alignment>0x4</alignment>
         <input_file_ref idref="fl-2"/>
      </object_component>
      <object_component id="oc-165">
         <name>.rodata.str1.11645776875810915891</name>
         <load_address>0x4f78</load_address>
         <readonly>true</readonly>
         <run_address>0x4f78</run_address>
         <size>0x11</size>
         <alignment>0x1</alignment>
         <input_file_ref idref="fl-2d"/>
      </object_component>
      <object_component id="oc-14d">
         <name>.rodata.str1.44690500295887128011</name>
         <load_address>0x4f89</load_address>
         <readonly>true</readonly>
         <run_address>0x4f89</run_address>
         <size>0x11</size>
         <alignment>0x1</alignment>
         <input_file_ref idref="fl-2d"/>
      </object_component>
[...]
         <object_component_ref idref="oc-1a6"/>
      </symbol>
      <symbol id="sm-1bb">
         <name>DL_UART_setClockConfig</name>
         <value>0x46b5</value>
         <object_component_ref idref="oc-1a5"/>
      </symbol>
      <symbol id="sm-1bc">
         <name>DL_UART_transmitDataBlocking</name>
         <value>0x454d</value>
         <object_component_ref idref="oc-184"/>
      </symbol>
      <symbol id="sm-1cd">
         <name>DL_SYSCTL_configSYSPLL</name>
         <value>0x29e1</value>
         <object_component_ref idref="oc-191"/>
      </symbol>
      <symbol id="sm-1ce">
         <name>DL_SYSCTL_switchMCLKfromSYSOSCtoHSCLK</name>
         <value>0x3fcd</value>
         <object_component_ref idref="oc-192"/>
      </symbol>
      <symbol id="sm-1cf">
         <name>DL_SYSCTL_setHFCLKSourceHFXTParams</name>
         <value>0x35e9</value>
         <object_component_ref idref="oc-18b"/>
      </symbol>
      <symbol id="sm-1e0">
         <name>printf</name>
         <value>0x3a15</value>
         <object_component_ref idref="oc-75"/>
      </symbol>
      <symbol id="sm-229">
         <name>__TI_printfi</name>
         <value>0xb75</value>
         <object_component_ref idref="oc-fe"/>
      </symbol>
      <symbol id="sm-23a">
         <name>sprintf</name>
         <value>0x4201</value>
         <object_component_ref idref="oc-ca"/>
      </symbol>
      <symbol id="sm-245">
         <name>fputs</name>
         <value>0x2625</value>
         <object_component_ref idref="oc-108"/>
      </symbol>
      <symbol id="sm-24f">
         <name>__TI_wrt_ok</name>
         <value>0x36b1</value>
         <object_component_ref idref="oc-172"/>
      </symbol>
      <symbol id="sm-259">
         <name>setvbuf</name>
         <value>0x2abd</value>
         <object_component_ref idref="oc-20e"/>
      </symbol>
      <symbol id="sm-263">
         <name>frexp</name>
         <value>0x39b9</value>
         <object_component_ref idref="oc-1e1"/>
      </symbol>
      <symbol id="sm-264">
         <name>frexpl</name>
         <value>0x39b9</value>
         <object_component_ref idref="oc-1e1"/>
      </symbol>
      <symbol id="sm-26e">
         <name>scalbn</name>
         <value>0x2b99</value>
         <object_component_ref idref="oc-1e5"/>
      </symbol>
      <symbol id="sm-26f">
         <name>ldexp</name>
         <value>0x2b99</value>
         <object_component_ref idref="oc-1e5"/>
      </symbol>
      <symbol id="sm-270">
         <name>scalbnl</name>
         <value>0x2b99</value>
         <object_component_ref idref="oc-1e5"/>
      </symbol>
      <symbol id="sm-271">
         <name>ldexpl</name>
         <value>0x2b99</value>
         <object_component_ref idref="oc-1e5"/>
      </symbol>
      <symbol id="sm-27c">
         <name>__aeabi_errno_addr</name>
         <value>0x47e9</value>
         <object_component_ref idref="oc-15c"/>
      </symbol>
      <symbol id="sm-27d">
         <name>__aeabi_errno</name>
         <value>0x20201dc8</value>
         <object_component_ref idref="oc-1cb"/>
      </symbol>
      <symbol id="sm-28b">
         <name>abort</name>
         <value>0x4821</value>
         <object_component_ref idref="oc-de"/>
      </symbol>
      <symbol id="sm-28c">
         <name>C$$EXIT</name>
         <value>0x4820</value>
         <object_component_ref idref="oc-de"/>
      </symbol>
      <symbol id="sm-28d">
         <name>__TI_cleanup_ptr</name>
         <value>0x20201dbc</value>
         <object_component_ref idref="oc-140"/>
      </symbol>
      <symbol id="sm-28e">
         <name>__TI_dtors_ptr</name>
         <value>0x20201dc0</value>
         <object_component_ref idref="oc-140"/>
      </symbol>
      <symbol id="sm-28f">
         <name>exit</name>
         <value>0x4309</value>
         <object_component_ref idref="oc-e3"/>
      </symbol>
      <symbol id="sm-298">
         <name>_nop</name>
         <value>0x3c7b</value>
         <object_component_ref idref="oc-ff"/>
      </symbol>
      <symbol id="sm-299">
         <name>_lock</name>
         <value>0x20201dcc</value>
         <object_component_ref idref="oc-a2"/>
      </symbol>
      <symbol id="sm-29a">
         <name>_unlock</name>
         <value>0x20201dd0</value>
         <object_component_ref idref="oc-a8"/>
      </symbol>
      <symbol id="sm-2a3">
         <name>__TI_ltoa</name>
         <value>0x3b21</value>
         <object_component_ref idref="oc-1ed"/>
      </symbol>
      <symbol id="sm-2ae">
         <name>atoi</name>
         <value>0x40d1</value>
         <object_component_ref idref="oc-154"/>
      </symbol>
      <symbol id="sm-2b3">
         <name>_ftable</name>
         <value>0x20201c04</value>
         <object_component_ref idref="oc-a4"/>
      </symbol>
      <symbol id="sm-2b4">
         <name>__TI_ft_end</name>
         <value>0x20201dc4</value>
         <object_component_ref idref="oc-26c"/>
      </symbol>
      <symbol id="sm-2b5">
         <name>__TI_tmpnams</name>
         <value>0x20201ab0</value>
         <object_component_ref idref="oc-29b"/>
      </symbol>
      <symbol id="sm-2be">
         <name>memccpy</name>
         <value>0x4529</value>
         <object_component_ref idref="oc-149"/>
      </symbol>
      <symbol id="sm-2e1">
         <name>malloc</name>
         <value>0x4791</value>
         <object_component_ref idref="oc-24b"/>
      </symbol>
      <symbol id="sm-2e2">
         <name>aligned_alloc</name>
         <value>0x22cd</value>
         <object_component_ref idref="oc-265"/>
      </symbol>
      <symbol id="sm-2e3">
         <name>free</name>
         <value>0x2729</value>
         <object_component_ref idref="oc-249"/>
      </symbol>
      <symbol id="sm-2e4">
         <name>_sys_memory</name>
         <value>0x20200000</value>
         <object_component_ref idref="oc-2f"/>
      </symbol>
      <symbol id="sm-2e5">
         <name>memalign</name>
         <value>0x22cd</value>
         <object_component_ref idref="oc-265"/>
      </symbol>
      <symbol id="sm-2f0">
         <name>_c_int00_noargs</name>
         <value>0x4491</value>
         <object_component_ref idref="oc-60"/>
      </symbol>
      <symbol id="sm-2f1">
         <name>__stack</name>
         <value>0x20207e00</value>
         <object_component_ref idref="oc-1a"/>
      </symbol>
      <symbol id="sm-2fd">
         <name>__TI_auto_init_nobinit_nopinit</name>
         <value>0x4151</value>
         <object_component_ref idref="oc-e5"/>
      </symbol>
      <symbol id="sm-305">
         <name>_system_pre_init</name>
         <value>0x481d</value>
         <object_component_ref idref="oc-8d"/>
      </symbol>
      <symbol id="sm-310">
         <name>__TI_zero_init</name>
         <value>0x472d</value>
         <object_component_ref idref="oc-5d"/>
      </symbol>
      <symbol id="sm-319">
         <name>__TI_decompress_none</name>
         <value>0x46d9</value>
         <object_component_ref idref="oc-20"/>
      </symbol>
      <symbol id="sm-324">
         <name>__TI_decompress_lzss</name>
         <value>0x319d</value>
         <object_component_ref idref="oc-1c"/>
      </symbol>
      <symbol id="sm-32d">
         <name>wcslen</name>
         <value>0x471d</value>
         <object_component_ref idref="oc-158"/>
      </symbol>
      <symbol id="sm-337">
         <name>__TI_doflush</name>
         <value>0x3cd1</value>
         <object_component_ref idref="oc-17c"/>
      </symbol>
      <symbol id="sm-342">
         <name>__TI_cleanup</name>
         <value>0x426d</value>
         <object_component_ref idref="oc-24c"/>
      </symbol>
      <symbol id="sm-34f">
         <name>fseek</name>
         <value>0x4809</value>
         <object_component_ref idref="oc-208"/>
      </symbol>
      <symbol id="sm-350">
         <name>fseeko</name>
         <value>0x34ad</value>
         <object_component_ref idref="oc-246"/>
      </symbol>
      <symbol id="sm-351">
         <name>__aeabi_ctype_table_</name>
         <value>0x4e20</value>
         <object_component_ref idref="oc-1c4"/>
      </symbol>
      <symbol id="sm-352">
         <name>__aeabi_ctype_table_C</name>
         <value>0x4e20</value>
         <object_component_ref idref="oc-1c4"/>
      </symbol>
      <symbol id="sm-35e">
         <name>__TI_closefile</name>
         <value>0x30a5</value>
         <object_component_ref idref="oc-266"/>
      </symbol>
      <symbol id="sm-368">
         <name>write</name>
         <value>0x4469</value>
         <object_component_ref idref="oc-178"/>
      </symbol>
      <symbol id="sm-36d">
         <name>_device</name>
         <value>0x20201cf4</value>
         <object_component_ref idref="oc-255"/>
      </symbol>
      <symbol id="sm-36e">
         <name>_stream</name>
         <value>0x20201d6c</value>
         <object_component_ref idref="oc-214"/>
      </symbol>
      <symbol id="sm-377">
         <name>remove</name>
         <value>0x4811</value>
         <object_component_ref idref="oc-297"/>
      </symbol>
      <symbol id="sm-382">
         <name>lseek</name>
         <value>0x4441</value>
         <object_component_ref idref="oc-25e"/>
      </symbol>
      <symbol id="sm-38c">
         <name>close</name>
         <value>0x3d75</value>
         <object_component_ref idref="oc-293"/>
      </symbol>
      <symbol id="sm-396">
         <name>unlink</name>
         <value>0x43c5</value>
         <object_component_ref idref="oc-2bf"/>
      </symbol>
      <symbol id="sm-3a0">
         <name>HOSTclose</name>
         <value>0x3f3d</value>
         <object_component_ref idref="oc-273"/>
      </symbol>
      <symbol id="sm-3aa">
         <name>HOSTlseek</name>
         <value>0x3369</value>
         <object_component_ref idref="oc-27f"/>
      </symbol>
      <symbol id="sm-3b4">
         <name>HOSTopen</name>
         <value>0x383d</value>
         <object_component_ref idref="oc-26f"/>
      </symbol>
      <symbol id="sm-3b5">
         <name>parmbuf</name>
         <value>0x20201bf0</value>
         <object_component_ref idref="oc-2a5"/>
      </symbol>
      <symbol id="sm-3bf">
         <name>HOSTread</name>
         <value>0x3a71</value>
         <object_component_ref idref="oc-277"/>
      </symbol>
      <symbol id="sm-3d0">
         <name>HOSTrename</name>
         <value>0x33d5</value>
         <object_component_ref idref="oc-287"/>
      </symbol>
      <symbol id="sm-3da">
         <name>HOSTunlink</name>
         <value>0x3f85</value>
         <object_component_ref idref="oc-283"/>
      </symbol>
      <symbol id="sm-3e4">
         <name>HOSTwrite</name>
         <value>0x3ac9</value>
         <object_component_ref idref="oc-27b"/>
      </symbol>
      <symbol id="sm-3f2">
         <name>C$$IO$$</name>
         <value>0x4301</value>
         <object_component_ref idref="oc-29e"/>
      </symbol>
      <symbol id="sm-3f3">
         <name>__TI_writemsg</name>
         <value>0x42d5</value>
         <object_component_ref idref="oc-29e"/>
      </symbol>
      <symbol id="sm-3f4">
         <name>__CIOBUF_</name>
         <value>0x20201990</value>
         <object_component_ref idref="oc-2c6"/>
      </symbol>
      <symbol id="sm-3f5">
         <name>__TI_readmsg</name>
         <value>0x42a1</value>
         <object_component_ref idref="oc-2a4"/>
      </symbol>
      <symbol id="sm-3f6">
         <name>_CIOBUF_</name>
         <value>0x20201990</value>
         <object_component_ref idref="oc-2c6"/>
      </symbol>
      <symbol id="sm-3fc">
         <name>__aeabi_dadd</name>
         <value>0x1ecf</value>
         <object_component_ref idref="oc-204"/>
      </symbol>
      <symbol id="sm-3fd">
         <name>__adddf3</name>
         <value>0x1ecf</value>
         <object_component_ref idref="oc-204"/>
      </symbol>
      <symbol id="sm-3fe">
         <name>__aeabi_dsub</name>
         <value>0x1ec5</value>
         <object_component_ref idref="oc-204"/>
      </symbol>
      <symbol id="sm-3ff">
         <name>__subdf3</name>
         <value>0x1ec5</value>
         <object_component_ref idref="oc-204"/>
      </symbol>
      <symbol id="sm-408">
         <name>__aeabi_dmul</name>
         <value>0x28fd</value>
         <object_component_ref idref="oc-1f6"/>
      </symbol>
      <symbol id="sm-409">
         <name>__muldf3</name>
         <value>0x28fd</value>
         <object_component_ref idref="oc-1f6"/>
      </symbol>
      <symbol id="sm-40f">
         <name>__muldsi3</name>
         <value>0x418d</value>
         <object_component_ref idref="oc-1cf"/>
      </symbol>
      <symbol id="sm-415">
         <name>__aeabi_ddiv</name>
         <value>0x2519</value>
         <object_component_ref idref="oc-1ff"/>
      </symbol>
      <symbol id="sm-416">
         <name>__divdf3</name>
         <value>0x2519</value>
         <object_component_ref idref="oc-1ff"/>
      </symbol>
      <symbol id="sm-41c">
         <name>__aeabi_f2d</name>
         <value>0x4091</value>
         <object_component_ref idref="oc-c6"/>
      </symbol>
      <symbol id="sm-41d">
         <name>__extendsfdf2</name>
         <value>0x4091</value>
         <object_component_ref idref="oc-c6"/>
      </symbol>
      <symbol id="sm-423">
         <name>__aeabi_d2iz</name>
         <value>0x3ea9</value>
         <object_component_ref idref="oc-1e9"/>
      </symbol>
      <symbol id="sm-424">
         <name>__fixdfsi</name>
         <value>0x3ea9</value>
         <object_component_ref idref="oc-1e9"/>
      </symbol>
      <symbol id="sm-42a">
         <name>__aeabi_i2d</name>
         <value>0x436d</value>
         <object_component_ref idref="oc-1f1"/>
      </symbol>
      <symbol id="sm-42b">
         <name>__floatsidf</name>
         <value>0x436d</value>
         <object_component_ref idref="oc-1f1"/>
      </symbol>
      <symbol id="sm-431">
         <name>__aeabi_lmul</name>
         <value>0x4505</value>
         <object_component_ref idref="oc-161"/>
      </symbol>
      <symbol id="sm-432">
         <name>__muldi3</name>
         <value>0x4505</value>
         <object_component_ref idref="oc-161"/>
      </symbol>
      <symbol id="sm-438">
         <name>__aeabi_dcmpeq</name>
         <value>0x3779</value>
         <object_component_ref idref="oc-16a"/>
      </symbol>
      <symbol id="sm-439">
         <name>__aeabi_dcmplt</name>
         <value>0x378d</value>
         <object_component_ref idref="oc-16a"/>
      </symbol>
      <symbol id="sm-43a">
         <name>__aeabi_dcmple</name>
         <value>0x37a1</value>
         <object_component_ref idref="oc-16a"/>
      </symbol>
      <symbol id="sm-43b">
         <name>__aeabi_dcmpge</name>
         <value>0x37b5</value>
         <object_component_ref idref="oc-16a"/>
      </symbol>
      <symbol id="sm-43c">
         <name>__aeabi_dcmpgt</name>
         <value>0x37c9</value>
         <object_component_ref idref="oc-16a"/>
      </symbol>
      <symbol id="sm-442">
         <name>__aeabi_idiv</name>
         <value>0x3bd1</value>
         <object_component_ref idref="oc-23b"/>
      </symbol>
      <symbol id="sm-443">
         <name>__aeabi_idivmod</name>
         <value>0x3bd1</value>
         <object_component_ref idref="oc-23b"/>
      </symbol>
      <symbol id="sm-449">
         <name>__aeabi_memcpy</name>
         <value>0x47f1</value>
         <object_component_ref idref="oc-50"/>
      </symbol>
      <symbol id="sm-44a">
         <name>__aeabi_memcpy4</name>
         <value>0x47f1</value>
         <object_component_ref idref="oc-50"/>
      </symbol>
      <symbol id="sm-44b">
         <name>__aeabi_memcpy8</name>
         <value>0x47f1</value>
         <object_component_ref idref="oc-50"/>
      </symbol>
      <symbol id="sm-454">
         <name>__aeabi_memset</name>
         <value>0x474d</value>
         <object_component_ref idref="oc-148"/>
      </symbol>
      <symbol id="sm-455">
         <name>__aeabi_memset4</name>
         <value>0x474d</value>
         <object_component_ref idref="oc-148"/>
      </symbol>
      <symbol id="sm-456">
         <name>__aeabi_memset8</name>
         <value>0x474d</value>
         <object_component_ref idref="oc-148"/>
      </symbol>
      <symbol id="sm-457">
         <name>__aeabi_memclr</name>
         <value>0x4785</value>
         <object_component_ref idref="oc-88"/>
      </symbol>
      <symbol id="sm-458">
         <name>__aeabi_memclr4</name>
         <value>0x4785</value>
         <object_component_ref idref="oc-88"/>
      </symbol>
      <symbol id="sm-459">
         <name>__aeabi_memclr8</name>
         <value>0x4785</value>
         <object_component_ref idref="oc-88"/>
      </symbol>
      <symbol id="sm-45f">
         <name>__aeabi_uidiv</name>
         <value>0x4051</value>
         <object_component_ref idref="oc-14e"/>
      </symbol>
      <symbol id="sm-460">
         <name>__aeabi_uidivmod</name>
         <value>0x4051</value>
         <object_component_ref idref="oc-14e"/>
      </symbol>
      <symbol id="sm-466">
         <name>__aeabi_uldivmod</name>
         <value>0x4679</value>
         <object_component_ref idref="oc-166"/>
      </symbol>
      <symbol id="sm-46c">
         <name>__udivmoddi4</name>
         <value>0x2d35</value>
         <object_component_ref idref="oc-1d4"/>
      </symbol>
      <symbol id="sm-472">
         <name>__aeabi_llsl</name>
         <value>0x456d</value>
         <object_component_ref idref="oc-22d"/>
      </symbol>
      <symbol id="sm-473">
         <name>__ashldi3</name>
         <value>0x456d</value>
         <object_component_ref idref="oc-22d"/>
      </symbol>
      <symbol id="sm-481">
         <name>__ledf2</name>
         <value>0x3441</value>
         <object_component_ref idref="oc-1d9"/>
      </symbol>
      <symbol id="sm-482">
         <name>__gedf2</name>
         <value>0x32f9</value>
         <object_component_ref idref="oc-1df"/>
      </symbol>
      <symbol id="sm-483">
         <name>__cmpdf2</name>
         <value>0x3441</value>
         <object_component_ref idref="oc-1d9"/>
      </symbol>
      <symbol id="sm-484">
         <name>__eqdf2</name>
         <value>0x3441</value>
         <object_component_ref idref="oc-1d9"/>
      </symbol>
      <symbol id="sm-485">
         <name>__ltdf2</name>
         <value>0x3441</value>
         <object_component_ref idref="oc-1d9"/>
      </symbol>
      <symbol id="sm-486">
         <name>__nedf2</name>
         <value>0x3441</value>
         <object_component_ref idref="oc-1d9"/>
      </symbol>
      <symbol id="sm-487">
         <name>__gtdf2</name>
         <value>0x32f9</value>
         <object_component_ref idref="oc-1df"/>
      </symbol>
      <symbol id="sm-493">
         <name>__aeabi_idiv0</name>
         <value>0x35e7</value>
         <object_component_ref idref="oc-1be"/>
      </symbol>
      <symbol id="sm-494">
         <name>__aeabi_ldiv0</name>
         <value>0x395b</value>
         <object_component_ref idref="oc-22c"/>
      </symbol>
      <symbol id="sm-4a2">
         <name>finddevice</name>
         <value>0x41c9</value>
         <object_component_ref idref="oc-2d2"/>
      </symbol>
      <symbol id="sm-4a3">
         <name>getdevice</name>
         <value>0x3519</value>
         <object_component_ref idref="oc-2c9"/>
      </symbol>
      <symbol id="sm-4bc">
         <name>memcpy</name>
         <value>0x2dd7</value>
         <object_component_ref idref="oc-b0"/>
      </symbol>
      <symbol id="sm-4cb">
         <name>memset</name>
         <value>0x37db</value>
         <object_component_ref idref="oc-115"/>
      </symbol>
      <symbol id="sm-4cc">
         <name>__TI_static_base__</name>
         <value>0x0</value>
      </symbol>
      <symbol id="sm-4d0">
         <name>__mpu_init</name>
         <value>0x0</value>
      </symbol>
      <symbol id="sm-4d1">
         <name>_system_post_cinit</name>
         <value>0x0</value>
      </symbol>
   </symbol_table>
   <title>Link successful</title>
</link_info>
