<?xml version="1.0" encoding="ISO-8859-1" ?>
<link_info>
   <banner>TI ARM Clang Linker PC v3.2.2.LTS</banner>
   <copyright>Copyright (c) 1996-2018 Texas Instruments Incorporated</copyright>
   <link_time>0x66952d2b</link_time>
   <link_errors>0x0</link_errors>
   <output_file>D:\WorkDoc\2024  diansai\CCS theia\16_DDS_9910\Debug\16_DDS_9910.out</output_file>
   <entry_point>
      <name>_c_int00_noargs</name>
      <address>0x3129</address>
   </entry_point>
   <input_file_list>
      <input_file id="fl-1">
         <path>D:\WorkDoc\2024  diansai\CCS theia\16_DDS_9910\Debug\.\</path>
         <kind>object</kind>
         <file>empty.o</file>
         <name>empty.o</name>
      </input_file>
      <input_file id="fl-2">
         <path>D:\WorkDoc\2024  diansai\CCS theia\16_DDS_9910\Debug\.\</path>
         <kind>object</kind>
         <file>ti_msp_dl_config.o</file>
         <name>ti_msp_dl_config.o</name>
      </input_file>
      <input_file id="fl-3">
         <path>D:\WorkDoc\2024  diansai\CCS theia\16_DDS_9910\Debug\.\</path>
         <kind>object</kind>
         <file>startup_mspm0g350x_ticlang.o</file>
         <name>startup_mspm0g350x_ticlang.o</name>
      </input_file>
      <input_file id="fl-4">
         <path>D:\WorkDoc\2024  diansai\CCS theia\16_DDS_9910\Debug\.\Hardware\</path>
         <kind>object</kind>
         <file>AD9910.o</file>
         <name>AD9910.o</name>
      </input_file>
      <input_file id="fl-5">
         <path>D:\WorkDoc\2024  diansai\CCS theia\16_DDS_9910\Debug\.\Hardware\</path>
         <kind>object</kind>
         <file>adc.o</file>
         <name>adc.o</name>
      </input_file>
      <input_file id="fl-6">
         <path>D:\WorkDoc\2024  diansai\CCS theia\16_DDS_9910\Debug\.\Hardware\</path>
         <kind>object</kind>
         <file>interrupt.o</file>
         <name>interrupt.o</name>
      </input_file>
      <input_file id="fl-7">
         <path>D:\WorkDoc\2024  diansai\CCS theia\16_DDS_9910\Debug\.\Hardware\</path>
         <kind>object</kind>
         <file>key.o</file>
         <name>key.o</name>
      </input_file>
      <input_file id="fl-8">
         <path>D:\WorkDoc\2024  diansai\CCS theia\16_DDS_9910\Debug\.\Hardware\</path>
         <kind>object</kind>
         <file>led.o</file>
         <name>led.o</name>
      </input_file>
      <input_file id="fl-9">
         <path>D:\WorkDoc\2024  diansai\CCS theia\16_DDS_9910\Debug\.\Hardware\</path>
         <kind>object</kind>
         <file>oled.o</file>
         <name>oled.o</name>
      </input_file>
      <input_file id="fl-a">
         <path>D:\WorkDoc\2024  diansai\CCS theia\16_DDS_9910\Debug\.\Hardware\</path>
         <kind>object</kind>
         <file>uart.o</file>
         <name>uart.o</name>
      </input_file>
      <input_file id="fl-18">
         <path>D:\WorkDoc\2024  diansai\CCS theia\16_DDS_9910\Debug\</path>
         <kind>object</kind>
         <file>&lt;internal&gt;</file>
         <name>&lt;internal&gt;</name>
      </input_file>
      <input_file id="fl-19">
         <path>C:\ti\mspm0_sdk_2_01_00_03\source\ti\driverlib\lib\ticlang\m0p\mspm0g1x0x_g3x0x\</path>
         <kind>archive</kind>
         <file>driverlib.a</file>
         <name>dl_adc12.o</name>
      </input_file>
      <input_file id="fl-1a">
         <path>C:\ti\mspm0_sdk_2_01_00_03\source\ti\driverlib\lib\ticlang\m0p\mspm0g1x0x_g3x0x\</path>
         <kind>archive</kind>
         <file>driverlib.a</file>
         <name>dl_common.o</name>
      </input_file>
      <input_file id="fl-1b">
         <path>C:\ti\mspm0_sdk_2_01_00_03\source\ti\driverlib\lib\ticlang\m0p\mspm0g1x0x_g3x0x\</path>
         <kind>archive</kind>
         <file>driverlib.a</file>
         <name>dl_dma.o</name>
      </input_file>
      <input_file id="fl-1c">
         <path>C:\ti\mspm0_sdk_2_01_00_03\source\ti\driverlib\lib\ticlang\m0p\mspm0g1x0x_g3x0x\</path>
         <kind>archive</kind>
         <file>driverlib.a</file>
         <name>dl_i2c.o</name>
      </input_file>
      <input_file id="fl-1d">
         <path>C:\ti\mspm0_sdk_2_01_00_03\source\ti\driverlib\lib\ticlang\m0p\mspm0g1x0x_g3x0x\</path>
         <kind>archive</kind>
         <file>driverlib.a</file>
         <name>dl_timer.o</name>
      </input_file>
      <input_file id="fl-1e">
         <path>C:\ti\mspm0_sdk_2_01_00_03\source\ti\driverlib\lib\ticlang\m0p\mspm0g1x0x_g3x0x\</path>
         <kind>archive</kind>
         <file>driverlib.a</file>
         <name>dl_uart.o</name>
      </input_file>
      <input_file id="fl-2d">
         <path>D:\CCS\ccs\tools\compiler\ti-cgt-armllvm_3.2.2.LTS\lib\armv6m-ti-none-eabi\c\</path>
         <kind>archive</kind>
         <file>libc.a</file>
         <name>printf.c.obj</name>
      </input_file>
      <input_file id="fl-2e">
         <path>D:\CCS\ccs\tools\compiler\ti-cgt-armllvm_3.2.2.LTS\lib\armv6m-ti-none-eabi\c\</path>
         <kind>archive</kind>
         <file>libc.a</file>
         <name>_printfi.c.obj</name>
      </input_file>
      <input_file id="fl-2f">
         <path>D:\CCS\ccs\tools\compiler\ti-cgt-armllvm_3.2.2.LTS\lib\armv6m-ti-none-eabi\c\</path>
         <kind>archive</kind>
         <file>libc.a</file>
         <name>sprintf.c.obj</name>
      </input_file>
      <input_file id="fl-30">
         <path>D:\CCS\ccs\tools\compiler\ti-cgt-armllvm_3.2.2.LTS\lib\armv6m-ti-none-eabi\c\</path>
         <kind>archive</kind>
         <file>libc.a</file>
         <name>s_frexp.c.obj</name>
      </input_file>
      <input_file id="fl-31">
         <path>D:\CCS\ccs\tools\compiler\ti-cgt-armllvm_3.2.2.LTS\lib\armv6m-ti-none-eabi\c\</path>
         <kind>archive</kind>
         <file>libc.a</file>
         <name>s_scalbn.c.obj</name>
      </input_file>
      <input_file id="fl-32">
         <path>D:\CCS\ccs\tools\compiler\ti-cgt-armllvm_3.2.2.LTS\lib\armv6m-ti-none-eabi\c\</path>
         <kind>archive</kind>
         <file>libc.a</file>
         <name>aeabi_portable.c.obj</name>
      </input_file>
      <input_file id="fl-33">
         <path>D:\CCS\ccs\tools\compiler\ti-cgt-armllvm_3.2.2.LTS\lib\armv6m-ti-none-eabi\c\</path>
         <kind>archive</kind>
         <file>libc.a</file>
         <name>_lock.c.obj</name>
      </input_file>
      <input_file id="fl-34">
         <path>D:\CCS\ccs\tools\compiler\ti-cgt-armllvm_3.2.2.LTS\lib\armv6m-ti-none-eabi\c\</path>
         <kind>archive</kind>
         <file>libc.a</file>
         <name>_ltoa.c.obj</name>
      </input_file>
      <input_file id="fl-35">
         <path>D:\CCS\ccs\tools\compiler\ti-cgt-armllvm_3.2.2.LTS\lib\armv6m-ti-none-eabi\c\</path>
         <kind>archive</kind>
         <file>libc.a</file>
         <name>assert.c.obj</name>
      </input_file>
      <input_file id="fl-36">
         <path>D:\CCS\ccs\tools\compiler\ti-cgt-armllvm_3.2.2.LTS\lib\armv6m-ti-none-eabi\c\</path>
         <kind>archive</kind>
         <file>libc.a</file>
         <name>atoi.c.obj</name>
      </input_file>
      <input_file id="fl-37">
         <path>D:\CCS\ccs\tools\compiler\ti-cgt-armllvm_3.2.2.LTS\lib\armv6m-ti-none-eabi\c\</path>
         <kind>archive</kind>
         <file>libc.a</file>
         <name>defs.c.obj</name>
      </input_file>
      <input_file id="fl-38">
         <path>D:\CCS\ccs\tools\compiler\ti-cgt-armllvm_3.2.2.LTS\lib\armv6m-ti-none-eabi\c\</path>
         <kind>archive</kind>
         <file>libc.a</file>
         <name>memccpy.c.obj</name>
      </input_file>
      <input_file id="fl-39">
         <path>D:\CCS\ccs\tools\compiler\ti-cgt-armllvm_3.2.2.LTS\lib\armv6m-ti-none-eabi\c\</path>
         <kind>archive</kind>
         <file>libc.a</file>
         <name>memory.c.obj</name>
      </input_file>
      <input_file id="fl-3a">
         <path>D:\CCS\ccs\tools\compiler\ti-cgt-armllvm_3.2.2.LTS\lib\armv6m-ti-none-eabi\c\</path>
         <kind>archive</kind>
         <file>libc.a</file>
         <name>boot_cortex_m.c.obj</name>
      </input_file>
      <input_file id="fl-3b">
         <path>D:\CCS\ccs\tools\compiler\ti-cgt-armllvm_3.2.2.LTS\lib\armv6m-ti-none-eabi\c\</path>
         <kind>archive</kind>
         <file>libc.a</file>
         <name>mathacl_init.c.obj</name>
      </input_file>
      <input_file id="fl-3c">
         <path>D:\CCS\ccs\tools\compiler\ti-cgt-armllvm_3.2.2.LTS\lib\armv6m-ti-none-eabi\c\</path>
         <kind>archive</kind>
         <file>libc.a</file>
         <name>autoinit.c.obj</name>
      </input_file>
      <input_file id="fl-3d">
         <path>D:\CCS\ccs\tools\compiler\ti-cgt-armllvm_3.2.2.LTS\lib\armv6m-ti-none-eabi\c\</path>
         <kind>archive</kind>
         <file>libc.a</file>
         <name>pre_init.c.obj</name>
      </input_file>
      <input_file id="fl-3e">
         <path>D:\CCS\ccs\tools\compiler\ti-cgt-armllvm_3.2.2.LTS\lib\armv6m-ti-none-eabi\c\</path>
         <kind>archive</kind>
         <file>libc.a</file>
         <name>cpy_tbl.c.obj</name>
      </input_file>
      <input_file id="fl-3f">
         <path>D:\CCS\ccs\tools\compiler\ti-cgt-armllvm_3.2.2.LTS\lib\armv6m-ti-none-eabi\c\</path>
         <kind>archive</kind>
         <file>libc.a</file>
         <name>copy_zero_init.c.obj</name>
      </input_file>
      <input_file id="fl-40">
         <path>D:\CCS\ccs\tools\compiler\ti-cgt-armllvm_3.2.2.LTS\lib\armv6m-ti-none-eabi\c\</path>
         <kind>archive</kind>
         <file>libc.a</file>
         <name>copy_decompress_none.c.obj</name>
      </input_file>
      <input_file id="fl-41">
         <path>D:\CCS\ccs\tools\compiler\ti-cgt-armllvm_3.2.2.LTS\lib\armv6m-ti-none-eabi\c\</path>
         <kind>archive</kind>
         <file>libc.a</file>
         <name>copy_decompress_lzss.c.obj</name>
      </input_file>
      <input_file id="fl-42">
         <path>D:\CCS\ccs\tools\compiler\ti-cgt-armllvm_3.2.2.LTS\lib\armv6m-ti-none-eabi\c\</path>
         <kind>archive</kind>
         <file>libc.a</file>
         <name>wcslen.c.obj</name>
      </input_file>
      <input_file id="fl-43">
         <path>D:\CCS\ccs\tools\compiler\ti-cgt-armllvm_3.2.2.LTS\lib\armv6m-ti-none-eabi\c\</path>
         <kind>archive</kind>
         <file>libc.a</file>
         <name>fflush.c.obj</name>
      </input_file>
      <input_file id="fl-44">
         <path>D:\CCS\ccs\tools\compiler\ti-cgt-armllvm_3.2.2.LTS\lib\armv6m-ti-none-eabi\c\</path>
         <kind>archive</kind>
         <file>libc.a</file>
         <name>aeabi_ctype.S.obj</name>
      </input_file>
      <input_file id="fl-45">
         <path>D:\CCS\ccs\tools\compiler\ti-cgt-armllvm_3.2.2.LTS\lib\armv6m-ti-none-eabi\c\</path>
         <kind>archive</kind>
         <file>libc.a</file>
         <name>exit.c.obj</name>
      </input_file>
      <input_file id="fl-46">
         <path>D:\CCS\ccs\tools\compiler\ti-cgt-armllvm_3.2.2.LTS\lib\armv6m-ti-none-eabi\c\</path>
         <kind>archive</kind>
         <file>libc.a</file>
         <name>args_main.c.obj</name>
      </input_file>
      <input_file id="fl-ac">
         <path>D:\CCS\ccs\tools\compiler\ti-cgt-armllvm_3.2.2.LTS\lib\armv6m-ti-none-eabi\c\</path>
         <kind>archive</kind>
         <file>libsysbm.a</file>
         <name>write.c.obj</name>
      </input_file>
      <input_file id="fl-ad">
         <path>D:\CCS\ccs\tools\compiler\ti-cgt-armllvm_3.2.2.LTS\lib\armv6m-ti-none-eabi\c\</path>
         <kind>archive</kind>
         <file>libsysbm.a</file>
         <name>host_device.c.obj</name>
      </input_file>
      <input_file id="fl-ae">
         <path>D:\CCS\ccs\tools\compiler\ti-cgt-armllvm_3.2.2.LTS\lib\armv6m-ti-none-eabi\c\</path>
         <kind>archive</kind>
         <file>libsysbm.a</file>
         <name>hostclose.c.obj</name>
      </input_file>
      <input_file id="fl-af">
         <path>D:\CCS\ccs\tools\compiler\ti-cgt-armllvm_3.2.2.LTS\lib\armv6m-ti-none-eabi\c\</path>
         <kind>archive</kind>
         <file>libsysbm.a</file>
         <name>hostlseek.c.obj</name>
      </input_file>
      <input_file id="fl-b0">
         <path>D:\CCS\ccs\tools\compiler\ti-cgt-armllvm_3.2.2.LTS\lib\armv6m-ti-none-eabi\c\</path>
         <kind>archive</kind>
         <file>libsysbm.a</file>
         <name>hostopen.c.obj</name>
      </input_file>
      <input_file id="fl-b1">
         <path>D:\CCS\ccs\tools\compiler\ti-cgt-armllvm_3.2.2.LTS\lib\armv6m-ti-none-eabi\c\</path>
         <kind>archive</kind>
         <file>libsysbm.a</file>
         <name>hostread.c.obj</name>
      </input_file>
      <input_file id="fl-b2">
         <path>D:\CCS\ccs\tools\compiler\ti-cgt-armllvm_3.2.2.LTS\lib\armv6m-ti-none-eabi\c\</path>
         <kind>archive</kind>
         <file>libsysbm.a</file>
         <name>hostrename.c.obj</name>
      </input_file>
      <input_file id="fl-b3">
         <path>D:\CCS\ccs\tools\compiler\ti-cgt-armllvm_3.2.2.LTS\lib\armv6m-ti-none-eabi\c\</path>
         <kind>archive</kind>
         <file>libsysbm.a</file>
         <name>hostunlink.c.obj</name>
      </input_file>
      <input_file id="fl-b4">
         <path>D:\CCS\ccs\tools\compiler\ti-cgt-armllvm_3.2.2.LTS\lib\armv6m-ti-none-eabi\c\</path>
         <kind>archive</kind>
         <file>libsysbm.a</file>
         <name>hostwrite.c.obj</name>
      </input_file>
      <input_file id="fl-b5">
         <path>D:\CCS\ccs\tools\compiler\ti-cgt-armllvm_3.2.2.LTS\lib\armv6m-ti-none-eabi\c\</path>
         <kind>archive</kind>
         <file>libsysbm.a</file>
         <name>trgmsg.c.obj</name>
      </input_file>
      <input_file id="fl-b6">
         <path>D:\CCS\ccs\tools\compiler\ti-cgt-armllvm_3.2.2.LTS\lib\clang\15.0.7\lib\armv6m-ti-none-eabi\</path>
         <kind>archive</kind>
         <file>libclang_rt.builtins.a</file>
         <name>adddf3.S.obj</name>
      </input_file>
      <input_file id="fl-b7">
         <path>D:\CCS\ccs\tools\compiler\ti-cgt-armllvm_3.2.2.LTS\lib\clang\15.0.7\lib\armv6m-ti-none-eabi\</path>
         <kind>archive</kind>
         <file>libclang_rt.builtins.a</file>
         <name>muldf3.S.obj</name>
      </input_file>
      <input_file id="fl-b8">
         <path>D:\CCS\ccs\tools\compiler\ti-cgt-armllvm_3.2.2.LTS\lib\clang\15.0.7\lib\armv6m-ti-none-eabi\</path>
         <kind>archive</kind>
         <file>libclang_rt.builtins.a</file>
         <name>muldsi3.S.obj</name>
      </input_file>
      <input_file id="fl-b9">
         <path>D:\CCS\ccs\tools\compiler\ti-cgt-armllvm_3.2.2.LTS\lib\clang\15.0.7\lib\armv6m-ti-none-eabi\</path>
         <kind>archive</kind>
         <file>libclang_rt.builtins.a</file>
         <name>divdf3.S.obj</name>
      </input_file>
      <input_file id="fl-ba">
         <path>D:\CCS\ccs\tools\compiler\ti-cgt-armllvm_3.2.2.LTS\lib\clang\15.0.7\lib\armv6m-ti-none-eabi\</path>
         <kind>archive</kind>
         <file>libclang_rt.builtins.a</file>
         <name>extendsfdf2.S.obj</name>
      </input_file>
      <input_file id="fl-bb">
         <path>D:\CCS\ccs\tools\compiler\ti-cgt-armllvm_3.2.2.LTS\lib\clang\15.0.7\lib\armv6m-ti-none-eabi\</path>
         <kind>archive</kind>
         <file>libclang_rt.builtins.a</file>
         <name>fixdfsi.S.obj</name>
      </input_file>
      <input_file id="fl-bc">
         <path>D:\CCS\ccs\tools\compiler\ti-cgt-armllvm_3.2.2.LTS\lib\clang\15.0.7\lib\armv6m-ti-none-eabi\</path>
         <kind>archive</kind>
         <file>libclang_rt.builtins.a</file>
         <name>fixunsdfsi.S.obj</name>
      </input_file>
      <input_file id="fl-bd">
         <path>D:\CCS\ccs\tools\compiler\ti-cgt-armllvm_3.2.2.LTS\lib\clang\15.0.7\lib\armv6m-ti-none-eabi\</path>
         <kind>archive</kind>
         <file>libclang_rt.builtins.a</file>
         <name>floatsidf.S.obj</name>
      </input_file>
      <input_file id="fl-be">
         <path>D:\CCS\ccs\tools\compiler\ti-cgt-armllvm_3.2.2.LTS\lib\clang\15.0.7\lib\armv6m-ti-none-eabi\</path>
         <kind>archive</kind>
         <file>libclang_rt.builtins.a</file>
         <name>floatunsidf.S.obj</name>
      </input_file>
      <input_file id="fl-bf">
         <path>D:\CCS\ccs\tools\compiler\ti-cgt-armllvm_3.2.2.LTS\lib\clang\15.0.7\lib\armv6m-ti-none-eabi\</path>
         <kind>archive</kind>
         <file>libclang_rt.builtins.a</file>
         <name>muldi3.S.obj</name>
      </input_file>
      <input_file id="fl-c0">
         <path>D:\CCS\ccs\tools\compiler\ti-cgt-armllvm_3.2.2.LTS\lib\clang\15.0.7\lib\armv6m-ti-none-eabi\</path>
         <kind>archive</kind>
         <file>libclang_rt.builtins.a</file>
         <name>truncdfsf2.S.obj</name>
      </input_file>
      <input_file id="fl-c1">
         <path>D:\CCS\ccs\tools\compiler\ti-cgt-armllvm_3.2.2.LTS\lib\clang\15.0.7\lib\armv6m-ti-none-eabi\</path>
         <kind>archive</kind>
         <file>libclang_rt.builtins.a</file>
         <name>aeabi_dcmp.S.obj</name>
      </input_file>
      <input_file id="fl-c2">
         <path>D:\CCS\ccs\tools\compiler\ti-cgt-armllvm_3.2.2.LTS\lib\clang\15.0.7\lib\armv6m-ti-none-eabi\</path>
         <kind>archive</kind>
         <file>libclang_rt.builtins.a</file>
         <name>aeabi_idivmod.S.obj</name>
      </input_file>
      <input_file id="fl-c3">
         <path>D:\CCS\ccs\tools\compiler\ti-cgt-armllvm_3.2.2.LTS\lib\clang\15.0.7\lib\armv6m-ti-none-eabi\</path>
         <kind>archive</kind>
         <file>libclang_rt.builtins.a</file>
         <name>aeabi_memcpy.S.obj</name>
      </input_file>
      <input_file id="fl-c4">
         <path>D:\CCS\ccs\tools\compiler\ti-cgt-armllvm_3.2.2.LTS\lib\clang\15.0.7\lib\armv6m-ti-none-eabi\</path>
         <kind>archive</kind>
         <file>libclang_rt.builtins.a</file>
         <name>aeabi_memset.S.obj</name>
      </input_file>
      <input_file id="fl-c5">
         <path>D:\CCS\ccs\tools\compiler\ti-cgt-armllvm_3.2.2.LTS\lib\clang\15.0.7\lib\armv6m-ti-none-eabi\</path>
         <kind>archive</kind>
         <file>libclang_rt.builtins.a</file>
         <name>aeabi_uidivmod.S.obj</name>
      </input_file>
      <input_file id="fl-c6">
         <path>D:\CCS\ccs\tools\compiler\ti-cgt-armllvm_3.2.2.LTS\lib\clang\15.0.7\lib\armv6m-ti-none-eabi\</path>
         <kind>archive</kind>
         <file>libclang_rt.builtins.a</file>
         <name>aeabi_uldivmod.S.obj</name>
      </input_file>
      <input_file id="fl-c7">
         <path>D:\CCS\ccs\tools\compiler\ti-cgt-armllvm_3.2.2.LTS\lib\clang\15.0.7\lib\armv6m-ti-none-eabi\</path>
         <kind>archive</kind>
         <file>libclang_rt.builtins.a</file>
         <name>udivmoddi4.S.obj</name>
      </input_file>
      <input_file id="fl-c8">
         <path>D:\CCS\ccs\tools\compiler\ti-cgt-armllvm_3.2.2.LTS\lib\clang\15.0.7\lib\armv6m-ti-none-eabi\</path>
         <kind>archive</kind>
         <file>libclang_rt.builtins.a</file>
         <name>ashldi3.S.obj</name>
      </input_file>
      <input_file id="fl-c9">
         <path>D:\CCS\ccs\tools\compiler\ti-cgt-armllvm_3.2.2.LTS\lib\clang\15.0.7\lib\armv6m-ti-none-eabi\</path>
         <kind>archive</kind>
         <file>libclang_rt.builtins.a</file>
         <name>comparedf2.c.obj</name>
      </input_file>
      <input_file id="fl-ca">
         <path>D:\CCS\ccs\tools\compiler\ti-cgt-armllvm_3.2.2.LTS\lib\clang\15.0.7\lib\armv6m-ti-none-eabi\</path>
         <kind>archive</kind>
         <file>libclang_rt.builtins.a</file>
         <name>aeabi_div0.c.obj</name>
      </input_file>
      <input_file id="fl-cb">
         <path>D:\CCS\ccs\tools\compiler\ti-cgt-armllvm_3.2.2.LTS\lib\armv6m-ti-none-eabi\c\</path>
         <kind>archive</kind>
         <file>libc.a</file>
         <name>memcpy16.S.obj</name>
      </input_file>
      <input_file id="fl-cc">
         <path>D:\CCS\ccs\tools\compiler\ti-cgt-armllvm_3.2.2.LTS\lib\armv6m-ti-none-eabi\c\</path>
         <kind>archive</kind>
         <file>libc.a</file>
         <name>memset16.S.obj</name>
      </input_file>
   </input_file_list>
   <object_component_list>
      <object_component id="oc-18">
         <name>.intvecs</name>
         <load_address>0x0</load_address>
         <readonly>true</readonly>
         <run_address>0x0</run_address>
         <size>0xc0</size>
         <alignment>0x4</alignment>
         <input_file_ref idref="fl-3"/>
      </object_component>
      <object_component id="oc-104">
         <name>.text:__TI_printfi</name>
         <load_address>0xc0</load_address>
         <readonly>true</readonly>
         <executable>true</executable>
         <run_address>0xc0</run_address>
         <size>0xa00</size>
         <alignment>0x4</alignment>
         <input_file_ref idref="fl-2e"/>
      </object_component>
      <object_component id="oc-140">
         <name>.text.OLED_ShowChar</name>
         <load_address>0xac0</load_address>
         <readonly>true</readonly>
         <executable>true</executable>
         <run_address>0xac0</run_address>
         <size>0x2a8</size>
         <alignment>0x4</alignment>
         <input_file_ref idref="fl-9"/>
      </object_component>
      <object_component id="oc-17d">
         <name>.text._pconv_a</name>
         <load_address>0xd68</load_address>
         <readonly>true</readonly>
         <executable>true</executable>
         <run_address>0xd68</run_address>
         <size>0x220</size>
         <alignment>0x4</alignment>
         <input_file_ref idref="fl-2e"/>
      </object_component>
      <object_component id="oc-180">
         <name>.text._pconv_g</name>
         <load_address>0xf88</load_address>
         <readonly>true</readonly>
         <executable>true</executable>
         <run_address>0xf88</run_address>
         <size>0x1dc</size>
         <alignment>0x4</alignment>
         <input_file_ref idref="fl-2e"/>
      </object_component>
      <object_component id="oc-1fd">
         <name>.text.adddf3_subdf3</name>
         <load_address>0x1164</load_address>
         <readonly>true</readonly>
         <executable>true</executable>
         <run_address>0x1164</run_address>
         <size>0x192</size>
         <alignment>0x4</alignment>
         <input_file_ref idref="fl-b6"/>
      </object_component>
      <object_component id="oc-35">
         <name>.text.Default_Handler</name>
         <load_address>0x12f6</load_address>
         <readonly>true</readonly>
         <executable>true</executable>
         <run_address>0x12f6</run_address>
         <size>0x2</size>
         <alignment>0x2</alignment>
         <input_file_ref idref="fl-3"/>
      </object_component>
      <object_component id="oc-1fc">
         <name>.text.fcvt</name>
         <load_address>0x12f8</load_address>
         <readonly>true</readonly>
         <executable>true</executable>
         <run_address>0x12f8</run_address>
         <size>0x13c</size>
         <alignment>0x4</alignment>
         <input_file_ref idref="fl-2e"/>
      </object_component>
      <object_component id="oc-1b3">
         <name>.text.OLED_SetPos</name>
         <load_address>0x1434</load_address>
         <readonly>true</readonly>
         <executable>true</executable>
         <run_address>0x1434</run_address>
         <size>0x138</size>
         <alignment>0x4</alignment>
         <input_file_ref idref="fl-9"/>
      </object_component>
      <object_component id="oc-17e">
         <name>.text._pconv_e</name>
         <load_address>0x156c</load_address>
         <readonly>true</readonly>
         <executable>true</executable>
         <run_address>0x156c</run_address>
         <size>0x120</size>
         <alignment>0x4</alignment>
         <input_file_ref idref="fl-2e"/>
      </object_component>
      <object_component id="oc-1f8">
         <name>.text.__divdf3</name>
         <load_address>0x168c</load_address>
         <readonly>true</readonly>
         <executable>true</executable>
         <run_address>0x168c</run_address>
         <size>0x10c</size>
         <alignment>0x4</alignment>
         <input_file_ref idref="fl-b9"/>
      </object_component>
      <object_component id="oc-c0">
         <name>.text.AD9910_Init</name>
         <load_address>0x1798</load_address>
         <readonly>true</readonly>
         <executable>true</executable>
         <run_address>0x1798</run_address>
         <size>0xf8</size>
         <alignment>0x4</alignment>
         <input_file_ref idref="fl-4"/>
      </object_component>
      <object_component id="oc-194">
         <name>.text.DL_Timer_initTimerMode</name>
         <load_address>0x1890</load_address>
         <readonly>true</readonly>
         <executable>true</executable>
         <run_address>0x1890</run_address>
         <size>0xe8</size>
         <alignment>0x4</alignment>
         <input_file_ref idref="fl-1d"/>
      </object_component>
      <object_component id="oc-c2">
         <name>.text.AD9910_Singal_Profile_Init</name>
         <load_address>0x1978</load_address>
         <readonly>true</readonly>
         <executable>true</executable>
         <run_address>0x1978</run_address>
         <size>0xe4</size>
         <alignment>0x4</alignment>
         <input_file_ref idref="fl-4"/>
      </object_component>
      <object_component id="oc-131">
         <name>.text.__muldf3</name>
         <load_address>0x1a5c</load_address>
         <readonly>true</readonly>
         <executable>true</executable>
         <run_address>0x1a5c</run_address>
         <size>0xe4</size>
         <alignment>0x4</alignment>
         <input_file_ref idref="fl-b7"/>
      </object_component>
      <object_component id="oc-1e2">
         <name>.text.scalbn</name>
         <load_address>0x1b40</load_address>
         <readonly>true</readonly>
         <executable>true</executable>
         <run_address>0x1b40</run_address>
         <size>0xd8</size>
         <alignment>0x4</alignment>
         <input_file_ref idref="fl-31"/>
      </object_component>
      <object_component id="oc-c3">
         <name>.text.AD9910_Singal_Profile_Set</name>
         <load_address>0x1c18</load_address>
         <readonly>true</readonly>
         <executable>true</executable>
         <run_address>0x1c18</run_address>
         <size>0xc8</size>
         <alignment>0x4</alignment>
         <input_file_ref idref="fl-4"/>
      </object_component>
      <object_component id="oc-18e">
         <name>.text.DL_Timer_initPWMMode</name>
         <load_address>0x1ce0</load_address>
         <readonly>true</readonly>
         <executable>true</executable>
         <run_address>0x1ce0</run_address>
         <size>0xc4</size>
         <alignment>0x4</alignment>
         <input_file_ref idref="fl-1d"/>
      </object_component>
      <object_component id="oc-c4">
         <name>.text.Set_Profile</name>
         <load_address>0x1da4</load_address>
         <readonly>true</readonly>
         <executable>true</executable>
         <run_address>0x1da4</run_address>
         <size>0xc4</size>
         <alignment>0x4</alignment>
         <input_file_ref idref="fl-4"/>
      </object_component>
      <object_component id="oc-10e">
         <name>.text.fputs</name>
         <load_address>0x1e68</load_address>
         <readonly>true</readonly>
         <executable>true</executable>
         <run_address>0x1e68</run_address>
         <size>0xc4</size>
         <alignment>0x4</alignment>
         <input_file_ref idref="fl-a"/>
      </object_component>
      <object_component id="oc-129">
         <name>.text.Write_8bit</name>
         <load_address>0x1f2c</load_address>
         <readonly>true</readonly>
         <executable>true</executable>
         <run_address>0x1f2c</run_address>
         <size>0xac</size>
         <alignment>0x4</alignment>
         <input_file_ref idref="fl-4"/>
      </object_component>
      <object_component id="oc-91">
         <name>.text.main</name>
         <load_address>0x1fd8</load_address>
         <readonly>true</readonly>
         <executable>true</executable>
         <run_address>0x1fd8</run_address>
         <size>0xa4</size>
         <alignment>0x4</alignment>
         <input_file_ref idref="fl-1"/>
      </object_component>
      <object_component id="oc-1d1">
         <name>.text</name>
         <load_address>0x207c</load_address>
         <readonly>true</readonly>
         <executable>true</executable>
         <run_address>0x207c</run_address>
         <size>0xa2</size>
         <alignment>0x4</alignment>
         <input_file_ref idref="fl-c7"/>
      </object_component>
      <object_component id="oc-1bf">
         <name>.text.__aeabi_idiv0</name>
         <load_address>0x211e</load_address>
         <readonly>true</readonly>
         <executable>true</executable>
         <run_address>0x211e</run_address>
         <size>0x2</size>
         <alignment>0x2</alignment>
         <input_file_ref idref="fl-ca"/>
      </object_component>
      <object_component id="oc-120">
         <name>.text.SYSCFG_DL_ADC12_0_init</name>
         <load_address>0x2120</load_address>
         <readonly>true</readonly>
         <executable>true</executable>
         <run_address>0x2120</run_address>
         <size>0xa0</size>
         <alignment>0x4</alignment>
         <input_file_ref idref="fl-2"/>
      </object_component>
      <object_component id="oc-b0">
         <name>.text:memcpy</name>
         <load_address>0x21c0</load_address>
         <readonly>true</readonly>
         <executable>true</executable>
         <run_address>0x21c0</run_address>
         <size>0x9a</size>
         <alignment>0x1</alignment>
         <input_file_ref idref="fl-cb"/>
      </object_component>
      <object_component id="oc-212">
         <name>.text.__aeabi_ldiv0</name>
         <load_address>0x225a</load_address>
         <readonly>true</readonly>
         <executable>true</executable>
         <run_address>0x225a</run_address>
         <size>0x2</size>
         <alignment>0x2</alignment>
         <input_file_ref idref="fl-ca"/>
      </object_component>
      <object_component id="oc-143">
         <name>.text.key1_get</name>
         <load_address>0x225c</load_address>
         <readonly>true</readonly>
         <executable>true</executable>
         <run_address>0x225c</run_address>
         <size>0x98</size>
         <alignment>0x4</alignment>
         <input_file_ref idref="fl-7"/>
      </object_component>
      <object_component id="oc-118">
         <name>.text.SYSCFG_DL_GPIO_init</name>
         <load_address>0x22f4</load_address>
         <readonly>true</readonly>
         <executable>true</executable>
         <run_address>0x22f4</run_address>
         <size>0x90</size>
         <alignment>0x4</alignment>
         <input_file_ref idref="fl-2"/>
      </object_component>
      <object_component id="oc-dc">
         <name>.text.delay_ms</name>
         <load_address>0x2384</load_address>
         <readonly>true</readonly>
         <executable>true</executable>
         <run_address>0x2384</run_address>
         <size>0x84</size>
         <alignment>0x4</alignment>
         <input_file_ref idref="fl-7"/>
      </object_component>
      <object_component id="oc-12a">
         <name>.text.delay_us</name>
         <load_address>0x2408</load_address>
         <readonly>true</readonly>
         <executable>true</executable>
         <run_address>0x2408</run_address>
         <size>0x80</size>
         <alignment>0x4</alignment>
         <input_file_ref idref="fl-7"/>
      </object_component>
      <object_component id="oc-144">
         <name>.text.key2_get</name>
         <load_address>0x2488</load_address>
         <readonly>true</readonly>
         <executable>true</executable>
         <run_address>0x2488</run_address>
         <size>0x7c</size>
         <alignment>0x4</alignment>
         <input_file_ref idref="fl-7"/>
      </object_component>
      <object_component id="oc-1c">
         <name>.text:decompress:lzss</name>
         <load_address>0x2504</load_address>
         <readonly>true</readonly>
         <executable>true</executable>
         <run_address>0x2504</run_address>
         <size>0x78</size>
         <alignment>0x4</alignment>
         <input_file_ref idref="fl-41"/>
      </object_component>
      <object_component id="oc-11f">
         <name>.text.SYSCFG_DL_UART_0_init</name>
         <load_address>0x257c</load_address>
         <readonly>true</readonly>
         <executable>true</executable>
         <run_address>0x257c</run_address>
         <size>0x70</size>
         <alignment>0x4</alignment>
         <input_file_ref idref="fl-2"/>
      </object_component>
      <object_component id="oc-117">
         <name>.text.SYSCFG_DL_initPower</name>
         <load_address>0x25ec</load_address>
         <readonly>true</readonly>
         <executable>true</executable>
         <run_address>0x25ec</run_address>
         <size>0x70</size>
         <alignment>0x4</alignment>
         <input_file_ref idref="fl-2"/>
      </object_component>
      <object_component id="oc-1dc">
         <name>.text.__gedf2</name>
         <load_address>0x265c</load_address>
         <readonly>true</readonly>
         <executable>true</executable>
         <run_address>0x265c</run_address>
         <size>0x70</size>
         <alignment>0x4</alignment>
         <input_file_ref idref="fl-c9"/>
      </object_component>
      <object_component id="oc-1d6">
         <name>.text.__ledf2</name>
         <load_address>0x26cc</load_address>
         <readonly>true</readonly>
         <executable>true</executable>
         <run_address>0x26cc</run_address>
         <size>0x6c</size>
         <alignment>0x4</alignment>
         <input_file_ref idref="fl-c9"/>
      </object_component>
      <object_component id="oc-1f6">
         <name>.text._mcpy</name>
         <load_address>0x2738</load_address>
         <readonly>true</readonly>
         <executable>true</executable>
         <run_address>0x2738</run_address>
         <size>0x66</size>
         <alignment>0x2</alignment>
         <input_file_ref idref="fl-2e"/>
      </object_component>
      <object_component id="oc-105">
         <name>.text._nop</name>
         <load_address>0x279e</load_address>
         <readonly>true</readonly>
         <executable>true</executable>
         <run_address>0x279e</run_address>
         <size>0x2</size>
         <alignment>0x2</alignment>
         <input_file_ref idref="fl-33"/>
      </object_component>
      <object_component id="oc-179">
         <name>.text.__aeabi_dcmp</name>
         <load_address>0x27a0</load_address>
         <readonly>true</readonly>
         <executable>true</executable>
         <run_address>0x27a0</run_address>
         <size>0x62</size>
         <alignment>0x4</alignment>
         <input_file_ref idref="fl-c1"/>
      </object_component>
      <object_component id="oc-116">
         <name>.text:memset</name>
         <load_address>0x2802</load_address>
         <readonly>true</readonly>
         <executable>true</executable>
         <run_address>0x2802</run_address>
         <size>0x62</size>
         <alignment>0x1</alignment>
         <input_file_ref idref="fl-cc"/>
      </object_component>
      <object_component id="oc-1b4">
         <name>.text.DL_I2C_fillControllerTXFIFO</name>
         <load_address>0x2864</load_address>
         <readonly>true</readonly>
         <executable>true</executable>
         <run_address>0x2864</run_address>
         <size>0x5e</size>
         <alignment>0x2</alignment>
         <input_file_ref idref="fl-1c"/>
      </object_component>
      <object_component id="oc-11b">
         <name>.text.SYSCFG_DL_PWM_0_init</name>
         <load_address>0x28c4</load_address>
         <readonly>true</readonly>
         <executable>true</executable>
         <run_address>0x28c4</run_address>
         <size>0x5c</size>
         <alignment>0x4</alignment>
         <input_file_ref idref="fl-2"/>
      </object_component>
      <object_component id="oc-1de">
         <name>.text.frexp</name>
         <load_address>0x2920</load_address>
         <readonly>true</readonly>
         <executable>true</executable>
         <run_address>0x2920</run_address>
         <size>0x5c</size>
         <alignment>0x4</alignment>
         <input_file_ref idref="fl-30"/>
      </object_component>
      <object_component id="oc-75">
         <name>.text.printf</name>
         <load_address>0x297c</load_address>
         <readonly>true</readonly>
         <executable>true</executable>
         <run_address>0x297c</run_address>
         <size>0x5c</size>
         <alignment>0x4</alignment>
         <input_file_ref idref="fl-2d"/>
      </object_component>
      <object_component id="oc-1ea">
         <name>.text.__TI_ltoa</name>
         <load_address>0x29d8</load_address>
         <readonly>true</readonly>
         <executable>true</executable>
         <run_address>0x29d8</run_address>
         <size>0x58</size>
         <alignment>0x2</alignment>
         <input_file_ref idref="fl-34"/>
      </object_component>
      <object_component id="oc-17f">
         <name>.text._pconv_f</name>
         <load_address>0x2a30</load_address>
         <readonly>true</readonly>
         <executable>true</executable>
         <run_address>0x2a30</run_address>
         <size>0x58</size>
         <alignment>0x2</alignment>
         <input_file_ref idref="fl-2e"/>
      </object_component>
      <object_component id="oc-221">
         <name>.text.__aeabi_idivmod</name>
         <load_address>0x2a88</load_address>
         <readonly>true</readonly>
         <executable>true</executable>
         <run_address>0x2a88</run_address>
         <size>0x56</size>
         <alignment>0x4</alignment>
         <input_file_ref idref="fl-c2"/>
      </object_component>
      <object_component id="oc-d1">
         <name>.text.OLED_ShowString</name>
         <load_address>0x2ade</load_address>
         <readonly>true</readonly>
         <executable>true</executable>
         <run_address>0x2ade</run_address>
         <size>0x54</size>
         <alignment>0x2</alignment>
         <input_file_ref idref="fl-9"/>
      </object_component>
      <object_component id="oc-11e">
         <name>.text.SYSCFG_DL_I2C_0_init</name>
         <load_address>0x2b34</load_address>
         <readonly>true</readonly>
         <executable>true</executable>
         <run_address>0x2b34</run_address>
         <size>0x54</size>
         <alignment>0x4</alignment>
         <input_file_ref idref="fl-2"/>
      </object_component>
      <object_component id="oc-1f4">
         <name>.text._ecpy</name>
         <load_address>0x2b88</load_address>
         <readonly>true</readonly>
         <executable>true</executable>
         <run_address>0x2b88</run_address>
         <size>0x52</size>
         <alignment>0x2</alignment>
         <input_file_ref idref="fl-2e"/>
      </object_component>
      <object_component id="oc-209">
         <name>.text.DL_DMA_initChannel</name>
         <load_address>0x2bdc</load_address>
         <readonly>true</readonly>
         <executable>true</executable>
         <run_address>0x2bdc</run_address>
         <size>0x4c</size>
         <alignment>0x4</alignment>
         <input_file_ref idref="fl-1b"/>
      </object_component>
      <object_component id="oc-11c">
         <name>.text.SYSCFG_DL_TIMER_0_init</name>
         <load_address>0x2c28</load_address>
         <readonly>true</readonly>
         <executable>true</executable>
         <run_address>0x2c28</run_address>
         <size>0x4c</size>
         <alignment>0x4</alignment>
         <input_file_ref idref="fl-2"/>
      </object_component>
      <object_component id="oc-3b">
         <name>.text.UART0_IRQHandler</name>
         <load_address>0x2c74</load_address>
         <readonly>true</readonly>
         <executable>true</executable>
         <run_address>0x2c74</run_address>
         <size>0x4c</size>
         <alignment>0x4</alignment>
         <input_file_ref idref="fl-a"/>
      </object_component>
      <object_component id="oc-1e6">
         <name>.text.__fixdfsi</name>
         <load_address>0x2cc0</load_address>
         <readonly>true</readonly>
         <executable>true</executable>
         <run_address>0x2cc0</run_address>
         <size>0x4a</size>
         <alignment>0x4</alignment>
         <input_file_ref idref="fl-bb"/>
      </object_component>
      <object_component id="oc-1a1">
         <name>.text.DL_UART_init</name>
         <load_address>0x2d0c</load_address>
         <readonly>true</readonly>
         <executable>true</executable>
         <run_address>0x2d0c</run_address>
         <size>0x48</size>
         <alignment>0x4</alignment>
         <input_file_ref idref="fl-1e"/>
      </object_component>
      <object_component id="oc-b5">
         <name>.text.SYSCFG_DL_init</name>
         <load_address>0x2d54</load_address>
         <readonly>true</readonly>
         <executable>true</executable>
         <run_address>0x2d54</run_address>
         <size>0x48</size>
         <alignment>0x4</alignment>
         <input_file_ref idref="fl-2"/>
      </object_component>
      <object_component id="oc-135">
         <name>.text.__fixunsdfsi</name>
         <load_address>0x2d9c</load_address>
         <readonly>true</readonly>
         <executable>true</executable>
         <run_address>0x2d9c</run_address>
         <size>0x42</size>
         <alignment>0x4</alignment>
         <input_file_ref idref="fl-bc"/>
      </object_component>
      <object_component id="oc-1a4">
         <name>.text.DL_ADC12_setClockConfig</name>
         <load_address>0x2de0</load_address>
         <readonly>true</readonly>
         <executable>true</executable>
         <run_address>0x2de0</run_address>
         <size>0x40</size>
         <alignment>0x4</alignment>
         <input_file_ref idref="fl-19"/>
      </object_component>
      <object_component id="oc-11d">
         <name>.text.SYSCFG_DL_TIMER_ADC_init</name>
         <load_address>0x2e20</load_address>
         <readonly>true</readonly>
         <executable>true</executable>
         <run_address>0x2e20</run_address>
         <size>0x40</size>
         <alignment>0x4</alignment>
         <input_file_ref idref="fl-2"/>
      </object_component>
      <object_component id="oc-15d">
         <name>.text.__aeabi_uidivmod</name>
         <load_address>0x2e60</load_address>
         <readonly>true</readonly>
         <executable>true</executable>
         <run_address>0x2e60</run_address>
         <size>0x40</size>
         <alignment>0x4</alignment>
         <input_file_ref idref="fl-c5"/>
      </object_component>
      <object_component id="oc-c7">
         <name>.text.__extendsfdf2</name>
         <load_address>0x2ea0</load_address>
         <readonly>true</readonly>
         <executable>true</executable>
         <run_address>0x2ea0</run_address>
         <size>0x40</size>
         <alignment>0x4</alignment>
         <input_file_ref idref="fl-ba"/>
      </object_component>
      <object_component id="oc-163">
         <name>.text.atoi</name>
         <load_address>0x2ee0</load_address>
         <readonly>true</readonly>
         <executable>true</executable>
         <run_address>0x2ee0</run_address>
         <size>0x40</size>
         <alignment>0x4</alignment>
         <input_file_ref idref="fl-36"/>
      </object_component>
      <object_component id="oc-c6">
         <name>.text.dma_init</name>
         <load_address>0x2f20</load_address>
         <readonly>true</readonly>
         <executable>true</executable>
         <run_address>0x2f20</run_address>
         <size>0x40</size>
         <alignment>0x4</alignment>
         <input_file_ref idref="fl-5"/>
      </object_component>
      <object_component id="oc-eb">
         <name>.text:__TI_auto_init_nobinit_nopinit</name>
         <load_address>0x2f60</load_address>
         <readonly>true</readonly>
         <executable>true</executable>
         <run_address>0x2f60</run_address>
         <size>0x3c</size>
         <alignment>0x4</alignment>
         <input_file_ref idref="fl-3c"/>
      </object_component>
      <object_component id="oc-1ad">
         <name>.text.__muldsi3</name>
         <load_address>0x2f9c</load_address>
         <readonly>true</readonly>
         <executable>true</executable>
         <run_address>0x2f9c</run_address>
         <size>0x3a</size>
         <alignment>0x4</alignment>
         <input_file_ref idref="fl-b8"/>
      </object_component>
      <object_component id="oc-bb">
         <name>.text.init_9910</name>
         <load_address>0x2fd8</load_address>
         <readonly>true</readonly>
         <executable>true</executable>
         <run_address>0x2fd8</run_address>
         <size>0x38</size>
         <alignment>0x4</alignment>
         <input_file_ref idref="fl-4"/>
      </object_component>
      <object_component id="oc-cb">
         <name>.text.sprintf</name>
         <load_address>0x3010</load_address>
         <readonly>true</readonly>
         <executable>true</executable>
         <run_address>0x3010</run_address>
         <size>0x38</size>
         <alignment>0x4</alignment>
         <input_file_ref idref="fl-2f"/>
      </object_component>
      <object_component id="oc-119">
         <name>.text.SYSCFG_DL_SYSCTL_init</name>
         <load_address>0x3048</load_address>
         <readonly>true</readonly>
         <executable>true</executable>
         <run_address>0x3048</run_address>
         <size>0x30</size>
         <alignment>0x4</alignment>
         <input_file_ref idref="fl-2"/>
      </object_component>
      <object_component id="oc-1f5">
         <name>.text._fcpy</name>
         <load_address>0x3078</load_address>
         <readonly>true</readonly>
         <executable>true</executable>
         <run_address>0x3078</run_address>
         <size>0x30</size>
         <alignment>0x2</alignment>
         <input_file_ref idref="fl-2e"/>
      </object_component>
      <object_component id="oc-1ee">
         <name>.text.__floatsidf</name>
         <load_address>0x30a8</load_address>
         <readonly>true</readonly>
         <executable>true</executable>
         <run_address>0x30a8</run_address>
         <size>0x2c</size>
         <alignment>0x4</alignment>
         <input_file_ref idref="fl-bd"/>
      </object_component>
      <object_component id="oc-de">
         <name>.text.uart_pro</name>
         <load_address>0x30d4</load_address>
         <readonly>true</readonly>
         <executable>true</executable>
         <run_address>0x30d4</run_address>
         <size>0x2c</size>
         <alignment>0x4</alignment>
         <input_file_ref idref="fl-a"/>
      </object_component>
      <object_component id="oc-d7">
         <name>.text.key_pro</name>
         <load_address>0x3100</load_address>
         <readonly>true</readonly>
         <executable>true</executable>
         <run_address>0x3100</run_address>
         <size>0x28</size>
         <alignment>0x4</alignment>
         <input_file_ref idref="fl-7"/>
      </object_component>
      <object_component id="oc-60">
         <name>.text:_c_int00_noargs</name>
         <load_address>0x3128</load_address>
         <readonly>true</readonly>
         <executable>true</executable>
         <run_address>0x3128</run_address>
         <size>0x28</size>
         <alignment>0x4</alignment>
         <input_file_ref idref="fl-3a"/>
      </object_component>
      <object_component id="oc-199">
         <name>.text.DL_I2C_setClockConfig</name>
         <load_address>0x3150</load_address>
         <readonly>true</readonly>
         <executable>true</executable>
         <run_address>0x3150</run_address>
         <size>0x26</size>
         <alignment>0x2</alignment>
         <input_file_ref idref="fl-1c"/>
      </object_component>
      <object_component id="oc-1ab">
         <name>.text.SYSCFG_DL_DMA_CH0_init</name>
         <load_address>0x3178</load_address>
         <readonly>true</readonly>
         <executable>true</executable>
         <run_address>0x3178</run_address>
         <size>0x24</size>
         <alignment>0x4</alignment>
         <input_file_ref idref="fl-2"/>
      </object_component>
      <object_component id="oc-12d">
         <name>.text.__floatunsidf</name>
         <load_address>0x319c</load_address>
         <readonly>true</readonly>
         <executable>true</executable>
         <run_address>0x319c</run_address>
         <size>0x24</size>
         <alignment>0x4</alignment>
         <input_file_ref idref="fl-be"/>
      </object_component>
      <object_component id="oc-170">
         <name>.text.__muldi3</name>
         <load_address>0x31c0</load_address>
         <readonly>true</readonly>
         <executable>true</executable>
         <run_address>0x31c0</run_address>
         <size>0x24</size>
         <alignment>0x4</alignment>
         <input_file_ref idref="fl-bf"/>
      </object_component>
      <object_component id="oc-158">
         <name>.text.memccpy</name>
         <load_address>0x31e4</load_address>
         <readonly>true</readonly>
         <executable>true</executable>
         <run_address>0x31e4</run_address>
         <size>0x22</size>
         <alignment>0x2</alignment>
         <input_file_ref idref="fl-38"/>
      </object_component>
      <object_component id="oc-181">
         <name>.text.DL_UART_transmitDataBlocking</name>
         <load_address>0x3208</load_address>
         <readonly>true</readonly>
         <executable>true</executable>
         <run_address>0x3208</run_address>
         <size>0x20</size>
         <alignment>0x4</alignment>
         <input_file_ref idref="fl-1e"/>
      </object_component>
      <object_component id="oc-122">
         <name>.text.SYSCFG_DL_SYSCTL_CLK_init</name>
         <load_address>0x3228</load_address>
         <readonly>true</readonly>
         <executable>true</executable>
         <run_address>0x3228</run_address>
         <size>0x20</size>
         <alignment>0x4</alignment>
         <input_file_ref idref="fl-2"/>
      </object_component>
      <object_component id="oc-213">
         <name>.text.__ashldi3</name>
         <load_address>0x3248</load_address>
         <readonly>true</readonly>
         <executable>true</executable>
         <run_address>0x3248</run_address>
         <size>0x1e</size>
         <alignment>0x4</alignment>
         <input_file_ref idref="fl-c8"/>
      </object_component>
      <object_component id="oc-36">
         <name>.text.ADC0_IRQHandler</name>
         <load_address>0x3268</load_address>
         <readonly>true</readonly>
         <executable>true</executable>
         <run_address>0x3268</run_address>
         <size>0x1c</size>
         <alignment>0x4</alignment>
         <input_file_ref idref="fl-5"/>
      </object_component>
      <object_component id="oc-190">
         <name>.text.DL_Timer_setCaptCompUpdateMethod</name>
         <load_address>0x3284</load_address>
         <readonly>true</readonly>
         <executable>true</executable>
         <run_address>0x3284</run_address>
         <size>0x1c</size>
         <alignment>0x4</alignment>
         <input_file_ref idref="fl-1d"/>
      </object_component>
      <object_component id="oc-188">
         <name>.text.DL_Timer_setClockConfig</name>
         <load_address>0x32a0</load_address>
         <readonly>true</readonly>
         <executable>true</executable>
         <run_address>0x32a0</run_address>
         <size>0x1c</size>
         <alignment>0x4</alignment>
         <input_file_ref idref="fl-1d"/>
      </object_component>
      <object_component id="oc-ba">
         <name>.text.TIMEG0_init</name>
         <load_address>0x32bc</load_address>
         <readonly>true</readonly>
         <executable>true</executable>
         <run_address>0x32bc</run_address>
         <size>0x1c</size>
         <alignment>0x4</alignment>
         <input_file_ref idref="fl-6"/>
      </object_component>
      <object_component id="oc-18f">
         <name>.text.DL_Timer_setCaptureCompareOutCtl</name>
         <load_address>0x32d8</load_address>
         <readonly>true</readonly>
         <executable>true</executable>
         <run_address>0x32d8</run_address>
         <size>0x18</size>
         <alignment>0x4</alignment>
         <input_file_ref idref="fl-1d"/>
      </object_component>
      <object_component id="oc-13c">
         <name>.text._outs</name>
         <load_address>0x32f0</load_address>
         <readonly>true</readonly>
         <executable>true</executable>
         <run_address>0x32f0</run_address>
         <size>0x18</size>
         <alignment>0x2</alignment>
         <input_file_ref idref="fl-2f"/>
      </object_component>
      <object_component id="oc-c5">
         <name>.text.uart_init</name>
         <load_address>0x3308</load_address>
         <readonly>true</readonly>
         <executable>true</executable>
         <run_address>0x3308</run_address>
         <size>0x18</size>
         <alignment>0x4</alignment>
         <input_file_ref idref="fl-a"/>
      </object_component>
      <object_component id="oc-175">
         <name>.text.__aeabi_uldivmod</name>
         <load_address>0x3320</load_address>
         <readonly>true</readonly>
         <executable>true</executable>
         <run_address>0x3320</run_address>
         <size>0x14</size>
         <alignment>0x4</alignment>
         <input_file_ref idref="fl-c6"/>
      </object_component>
      <object_component id="oc-10f">
         <name>.text.fputc</name>
         <load_address>0x3334</load_address>
         <readonly>true</readonly>
         <executable>true</executable>
         <run_address>0x3334</run_address>
         <size>0x14</size>
         <alignment>0x4</alignment>
         <input_file_ref idref="fl-a"/>
      </object_component>
      <object_component id="oc-1f3">
         <name>.text.strchr</name>
         <load_address>0x3348</load_address>
         <readonly>true</readonly>
         <executable>true</executable>
         <run_address>0x3348</run_address>
         <size>0x14</size>
         <alignment>0x2</alignment>
         <input_file_ref idref="fl-2e"/>
      </object_component>
      <object_component id="oc-1a0">
         <name>.text.DL_UART_setClockConfig</name>
         <load_address>0x335c</load_address>
         <readonly>true</readonly>
         <executable>true</executable>
         <run_address>0x335c</run_address>
         <size>0x12</size>
         <alignment>0x2</alignment>
         <input_file_ref idref="fl-1e"/>
      </object_component>
      <object_component id="oc-20">
         <name>.text:decompress:none</name>
         <load_address>0x336e</load_address>
         <readonly>true</readonly>
         <executable>true</executable>
         <run_address>0x336e</run_address>
         <size>0x12</size>
         <alignment>0x2</alignment>
         <input_file_ref idref="fl-40"/>
      </object_component>
      <object_component id="oc-191">
         <name>.text.DL_Timer_setCaptureCompareValue</name>
         <load_address>0x3380</load_address>
         <readonly>true</readonly>
         <executable>true</executable>
         <run_address>0x3380</run_address>
         <size>0x10</size>
         <alignment>0x4</alignment>
         <input_file_ref idref="fl-1d"/>
      </object_component>
      <object_component id="oc-145">
         <name>.text.LED2_blue_OFF</name>
         <load_address>0x3390</load_address>
         <readonly>true</readonly>
         <executable>true</executable>
         <run_address>0x3390</run_address>
         <size>0x10</size>
         <alignment>0x4</alignment>
         <input_file_ref idref="fl-8"/>
      </object_component>
      <object_component id="oc-70">
         <name>.text.LED2_blue_ON</name>
         <load_address>0x33a0</load_address>
         <readonly>true</readonly>
         <executable>true</executable>
         <run_address>0x33a0</run_address>
         <size>0x10</size>
         <alignment>0x4</alignment>
         <input_file_ref idref="fl-8"/>
      </object_component>
      <object_component id="oc-167">
         <name>.text.wcslen</name>
         <load_address>0x33b0</load_address>
         <readonly>true</readonly>
         <executable>true</executable>
         <run_address>0x33b0</run_address>
         <size>0x10</size>
         <alignment>0x2</alignment>
         <input_file_ref idref="fl-42"/>
      </object_component>
      <object_component id="oc-5d">
         <name>.text:decompress:ZI</name>
         <load_address>0x33c0</load_address>
         <readonly>true</readonly>
         <executable>true</executable>
         <run_address>0x33c0</run_address>
         <size>0x10</size>
         <alignment>0x2</alignment>
         <input_file_ref idref="fl-3f"/>
      </object_component>
      <object_component id="oc-157">
         <name>.text.__aeabi_memset</name>
         <load_address>0x33d0</load_address>
         <readonly>true</readonly>
         <executable>true</executable>
         <run_address>0x33d0</run_address>
         <size>0xe</size>
         <alignment>0x4</alignment>
         <input_file_ref idref="fl-c4"/>
      </object_component>
      <object_component id="oc-156">
         <name>.text.strlen</name>
         <load_address>0x33de</load_address>
         <readonly>true</readonly>
         <executable>true</executable>
         <run_address>0x33de</run_address>
         <size>0xe</size>
         <alignment>0x2</alignment>
         <input_file_ref idref="fl-2e"/>
      </object_component>
      <object_component id="oc-40">
         <name>.text.TIMG0_IRQHandler</name>
         <load_address>0x33ec</load_address>
         <readonly>true</readonly>
         <executable>true</executable>
         <run_address>0x33ec</run_address>
         <size>0xc</size>
         <alignment>0x4</alignment>
         <input_file_ref idref="fl-6"/>
      </object_component>
      <object_component id="oc-88">
         <name>.text.__aeabi_memclr</name>
         <load_address>0x33f8</load_address>
         <readonly>true</readonly>
         <executable>true</executable>
         <run_address>0x33f8</run_address>
         <size>0xc</size>
         <alignment>0x4</alignment>
         <input_file_ref idref="fl-c4"/>
      </object_component>
      <object_component id="oc-149">
         <name>.text.DL_Common_delayCycles</name>
         <load_address>0x3404</load_address>
         <readonly>true</readonly>
         <executable>true</executable>
         <run_address>0x3404</run_address>
         <size>0xa</size>
         <alignment>0x2</alignment>
         <input_file_ref idref="fl-1a"/>
      </object_component>
      <object_component id="oc-1f2">
         <name>.text.OUTLINED_FUNCTION_0</name>
         <load_address>0x340e</load_address>
         <readonly>true</readonly>
         <executable>true</executable>
         <run_address>0x340e</run_address>
         <size>0xa</size>
         <alignment>0x2</alignment>
         <input_file_ref idref="fl-2e"/>
      </object_component>
      <object_component id="oc-278">
         <name>.tramp.__aeabi_dsub.1</name>
         <load_address>0x3418</load_address>
         <readonly>true</readonly>
         <executable>true</executable>
         <run_address>0x3418</run_address>
         <size>0x10</size>
         <alignment>0x4</alignment>
         <input_file_ref idref="fl-b6"/>
      </object_component>
      <object_component id="oc-1f7">
         <name>.text.OUTLINED_FUNCTION_1</name>
         <load_address>0x3428</load_address>
         <readonly>true</readonly>
         <executable>true</executable>
         <run_address>0x3428</run_address>
         <size>0xa</size>
         <alignment>0x2</alignment>
         <input_file_ref idref="fl-2e"/>
      </object_component>
      <object_component id="oc-13d">
         <name>.text._outc</name>
         <load_address>0x3432</load_address>
         <readonly>true</readonly>
         <executable>true</executable>
         <run_address>0x3432</run_address>
         <size>0xa</size>
         <alignment>0x2</alignment>
         <input_file_ref idref="fl-2f"/>
      </object_component>
      <object_component id="oc-121">
         <name>.text.SYSCFG_DL_DMA_init</name>
         <load_address>0x343c</load_address>
         <readonly>true</readonly>
         <executable>true</executable>
         <run_address>0x343c</run_address>
         <size>0x8</size>
         <alignment>0x2</alignment>
         <input_file_ref idref="fl-2"/>
      </object_component>
      <object_component id="oc-16b">
         <name>.text.__aeabi_errno_addr</name>
         <load_address>0x3444</load_address>
         <readonly>true</readonly>
         <executable>true</executable>
         <run_address>0x3444</run_address>
         <size>0x8</size>
         <alignment>0x4</alignment>
         <input_file_ref idref="fl-32"/>
      </object_component>
      <object_component id="oc-50">
         <name>.text.__aeabi_memcpy</name>
         <load_address>0x344c</load_address>
         <readonly>true</readonly>
         <executable>true</executable>
         <run_address>0x344c</run_address>
         <size>0x8</size>
         <alignment>0x4</alignment>
         <input_file_ref idref="fl-c3"/>
      </object_component>
      <object_component id="oc-a7">
         <name>.text._outc</name>
         <load_address>0x3454</load_address>
         <readonly>true</readonly>
         <executable>true</executable>
         <run_address>0x3454</run_address>
         <size>0x8</size>
         <alignment>0x2</alignment>
         <input_file_ref idref="fl-2d"/>
      </object_component>
      <object_component id="oc-a6">
         <name>.text._outs</name>
         <load_address>0x345c</load_address>
         <readonly>true</readonly>
         <executable>true</executable>
         <run_address>0x345c</run_address>
         <size>0x8</size>
         <alignment>0x2</alignment>
         <input_file_ref idref="fl-2d"/>
      </object_component>
      <object_component id="oc-31">
         <name>.text.Reset_Handler</name>
         <load_address>0x3464</load_address>
         <readonly>true</readonly>
         <executable>true</executable>
         <run_address>0x3464</run_address>
         <size>0x4</size>
         <alignment>0x2</alignment>
         <input_file_ref idref="fl-3"/>
      </object_component>
      <object_component id="oc-8d">
         <name>.text._system_pre_init</name>
         <load_address>0x3468</load_address>
         <readonly>true</readonly>
         <executable>true</executable>
         <run_address>0x3468</run_address>
         <size>0x4</size>
         <alignment>0x2</alignment>
         <input_file_ref idref="fl-3d"/>
      </object_component>
      <object_component id="oc-e4">
         <name>.text:abort</name>
         <load_address>0x346c</load_address>
         <readonly>true</readonly>
         <executable>true</executable>
         <run_address>0x346c</run_address>
         <size>0x4</size>
         <alignment>0x2</alignment>
         <input_file_ref idref="fl-45"/>
      </object_component>
      <object_component id="oc-273">
         <name>.cinit..data.load</name>
         <load_address>0x3c00</load_address>
         <readonly>true</readonly>
         <run_address>0x3c00</run_address>
         <size>0x34</size>
         <alignment>0x1</alignment>
      </object_component>
      <object_component id="oc-271">
         <name>__TI_handler_table</name>
         <load_address>0x3c34</load_address>
         <readonly>true</readonly>
         <run_address>0x3c34</run_address>
         <size>0xc</size>
         <alignment>0x4</alignment>
      </object_component>
      <object_component id="oc-274">
         <name>.cinit..bss.load</name>
         <load_address>0x3c40</load_address>
         <readonly>true</readonly>
         <run_address>0x3c40</run_address>
         <size>0x8</size>
         <alignment>0x4</alignment>
      </object_component>
      <object_component id="oc-272">
         <name>__TI_cinit_table</name>
         <load_address>0x3c48</load_address>
         <readonly>true</readonly>
         <run_address>0x3c48</run_address>
         <size>0x10</size>
         <alignment>0x4</alignment>
      </object_component>
      <object_component id="oc-1b5">
         <name>.rodata.F8X16</name>
         <load_address>0x3470</load_address>
         <readonly>true</readonly>
         <run_address>0x3470</run_address>
         <size>0x5f0</size>
         <alignment>0x1</alignment>
         <input_file_ref idref="fl-9"/>
      </object_component>
      <object_component id="oc-1c5">
         <name>.rodata:__aeabi_ctype_table_</name>
         <load_address>0x3a60</load_address>
         <readonly>true</readonly>
         <run_address>0x3a60</run_address>
         <size>0x101</size>
         <alignment>0x10</alignment>
         <input_file_ref idref="fl-44"/>
      </object_component>
      <object_component id="oc-192">
         <name>.rodata.gPWM_0ClockConfig</name>
         <load_address>0x3b61</load_address>
         <readonly>true</readonly>
         <run_address>0x3b61</run_address>
         <size>0x3</size>
         <alignment>0x1</alignment>
         <input_file_ref idref="fl-2"/>
      </object_component>
      <object_component id="oc-20d">
         <name>.rodata.gDMA_CH0Config</name>
         <load_address>0x3b64</load_address>
         <readonly>true</readonly>
         <run_address>0x3b64</run_address>
         <size>0x18</size>
         <alignment>0x4</alignment>
         <input_file_ref idref="fl-2"/>
      </object_component>
      <object_component id="oc-196">
         <name>.rodata.gTIMER_0TimerConfig</name>
         <load_address>0x3b7c</load_address>
         <readonly>true</readonly>
         <run_address>0x3b7c</run_address>
         <size>0x14</size>
         <alignment>0x4</alignment>
         <input_file_ref idref="fl-2"/>
      </object_component>
      <object_component id="oc-198">
         <name>.rodata.gTIMER_ADCTimerConfig</name>
         <load_address>0x3b90</load_address>
         <readonly>true</readonly>
         <run_address>0x3b90</run_address>
         <size>0x14</size>
         <alignment>0x4</alignment>
         <input_file_ref idref="fl-2"/>
      </object_component>
      <object_component id="oc-174">
         <name>.rodata.str1.11645776875810915891</name>
         <load_address>0x3ba4</load_address>
         <readonly>true</readonly>
         <run_address>0x3ba4</run_address>
         <size>0x11</size>
         <alignment>0x1</alignment>
         <input_file_ref idref="fl-2e"/>
      </object_component>
      <object_component id="oc-15c">
         <name>.rodata.str1.44690500295887128011</name>
         <load_address>0x3bb5</load_address>
         <readonly>true</readonly>
         <run_address>0x3bb5</run_address>
         <size>0x11</size>
         <alignment>0x1</alignment>
         <input_file_ref idref="fl-2e"/>
      </object_component>
      <object_component id="oc-1a3">
         <name>.rodata.gUART_0Config</name>
         <load_address>0x3bc6</load_address>
         <readonly>true</readonly>
         <run_address>0x3bc6</run_address>
         <size>0xa</size>
         <alignment>0x2</alignment>
         <input_file_ref idref="fl-2"/>
      </object_component>
      <object_component id="oc-1aa">
         <name>.rodata.gADC12_0ClockConfig</name>
         <load_address>0x3bd0</load_address>
         <readonly>true</readonly>
         <run_address>0x3bd0</run_address>
         <size>0x8</size>
         <alignment>0x4</alignment>
         <input_file_ref idref="fl-2"/>
      </object_component>
      <object_component id="oc-193">
         <name>.rodata.gPWM_0Config</name>
         <load_address>0x3bd8</load_address>
         <readonly>true</readonly>
         <run_address>0x3bd8</run_address>
         <size>0x8</size>
         <alignment>0x4</alignment>
         <input_file_ref idref="fl-2"/>
      </object_component>
      <object_component id="oc-146">
         <name>.rodata.str1.41917054622232873651</name>
         <load_address>0x3be0</load_address>
         <readonly>true</readonly>
         <run_address>0x3be0</run_address>
         <size>0x6</size>
         <alignment>0x1</alignment>
         <input_file_ref idref="fl-7"/>
      </object_component>
      <object_component id="oc-e1">
         <name>.rodata.str1.162906114796922795351</name>
         <load_address>0x3be6</load_address>
         <readonly>true</readonly>
         <run_address>0x3be6</run_address>
         <size>0x5</size>
         <alignment>0x1</alignment>
         <input_file_ref idref="fl-1"/>
      </object_component>
      <object_component id="oc-7e">
         <name>.rodata.str1.151662036810702135711</name>
         <load_address>0x3beb</load_address>
         <readonly>true</readonly>
         <run_address>0x3beb</run_address>
         <size>0x4</size>
         <alignment>0x1</alignment>
         <input_file_ref idref="fl-a"/>
      </object_component>
      <object_component id="oc-195">
         <name>.rodata.gTIMER_0ClockConfig</name>
         <load_address>0x3bef</load_address>
         <readonly>true</readonly>
         <run_address>0x3bef</run_address>
         <size>0x3</size>
         <alignment>0x1</alignment>
         <input_file_ref idref="fl-2"/>
      </object_component>
      <object_component id="oc-197">
         <name>.rodata.gTIMER_ADCClockConfig</name>
         <load_address>0x3bf2</load_address>
         <readonly>true</readonly>
         <run_address>0x3bf2</run_address>
         <size>0x3</size>
         <alignment>0x1</alignment>
         <input_file_ref idref="fl-2"/>
      </object_component>
      <object_component id="oc-19f">
         <name>.rodata.gI2C_0ClockConfig</name>
         <load_address>0x3bf5</load_address>
         <readonly>true</readonly>
         <run_address>0x3bf5</run_address>
         <size>0x2</size>
         <alignment>0x1</alignment>
         <input_file_ref idref="fl-2"/>
      </object_component>
      <object_component id="oc-1a2">
         <name>.rodata.gUART_0ClockConfig</name>
         <load_address>0x3bf7</load_address>
         <readonly>true</readonly>
         <run_address>0x3bf7</run_address>
         <size>0x2</size>
         <alignment>0x1</alignment>
         <input_file_ref idref="fl-2"/>
      </object_component>
      <object_component id="oc-239">
         <name>.binit</name>
         <load_address>0x0</load_address>
         <readonly>true</readonly>
         <run_address>0x0</run_address>
         <size>0x0</size>
         <alignment>0x4</alignment>
      </object_component>
      <object_component id="oc-12b">
         <name>.data.CFR3</name>
         <load_address>0x20201bf0</load_address>
         <readwrite>true</readwrite>
         <run_address>0x20201bf0</run_address>
         <size>0x4</size>
         <alignment>0x1</alignment>
         <input_file_ref idref="fl-4"/>
      </object_component>
      <object_component id="oc-12c">
         <name>.data.Assist_DAC</name>
         <load_address>0x20201bec</load_address>
         <readwrite>true</readwrite>
         <run_address>0x20201bec</run_address>
         <size>0x4</size>
         <alignment>0x1</alignment>
         <input_file_ref idref="fl-4"/>
      </object_component>
      <object_component id="oc-7c">
         <name>.data.rx_cent</name>
         <load_address>0x20201c00</load_address>
         <readwrite>true</readwrite>
         <run_address>0x20201c00</run_address>
         <size>0x2</size>
         <alignment>0x2</alignment>
         <input_file_ref idref="fl-a"/>
      </object_component>
      <object_component id="oc-7b">
         <name>.data.rx_flag</name>
         <load_address>0x20201c02</load_address>
         <readwrite>true</readwrite>
         <run_address>0x20201c02</run_address>
         <size>0x1</size>
         <alignment>0x1</alignment>
         <input_file_ref idref="fl-a"/>
      </object_component>
      <object_component id="oc-1cc">
         <name>.data.__aeabi_errno</name>
         <load_address>0x20201bf4</load_address>
         <readwrite>true</readwrite>
         <run_address>0x20201bf4</run_address>
         <size>0x4</size>
         <alignment>0x4</alignment>
         <input_file_ref idref="fl-32"/>
      </object_component>
      <object_component id="oc-a2">
         <name>.data._lock</name>
         <load_address>0x20201bf8</load_address>
         <readwrite>true</readwrite>
         <run_address>0x20201bf8</run_address>
         <size>0x4</size>
         <alignment>0x4</alignment>
         <input_file_ref idref="fl-33"/>
      </object_component>
      <object_component id="oc-a8">
         <name>.data._unlock</name>
         <load_address>0x20201bfc</load_address>
         <readwrite>true</readwrite>
         <run_address>0x20201bfc</run_address>
         <size>0x4</size>
         <alignment>0x4</alignment>
         <input_file_ref idref="fl-33"/>
      </object_component>
      <object_component id="oc-a4">
         <name>.data._ftable</name>
         <load_address>0x20201afc</load_address>
         <readwrite>true</readwrite>
         <run_address>0x20201afc</run_address>
         <size>0xf0</size>
         <alignment>0x4</alignment>
         <input_file_ref idref="fl-37"/>
      </object_component>
      <object_component id="oc-e0">
         <name>.common:lcd_buf</name>
         <uninitialized>true</uninitialized>
         <readwrite>true</readwrite>
         <run_address>0x20201ac4</run_address>
         <size>0x28</size>
         <alignment>0x2</alignment>
      </object_component>
      <object_component id="oc-123">
         <name>.common:gPWM_0Backup</name>
         <uninitialized>true</uninitialized>
         <readwrite>true</readwrite>
         <run_address>0x20201a4c</run_address>
         <size>0x78</size>
         <alignment>0x4</alignment>
      </object_component>
      <object_component id="oc-124">
         <name>.common:gTIMER_ADCBackup</name>
         <uninitialized>true</uninitialized>
         <readwrite>true</readwrite>
         <run_address>0x20201990</run_address>
         <size>0xbc</size>
         <alignment>0x4</alignment>
      </object_component>
      <object_component id="oc-139">
         <name>.common:Profile_All</name>
         <uninitialized>true</uninitialized>
         <readwrite>true</readwrite>
         <run_address>0x20201aec</run_address>
         <size>0x8</size>
         <alignment>0x1</alignment>
      </object_component>
      <object_component id="oc-df">
         <name>.common:adc_value</name>
         <uninitialized>true</uninitialized>
         <readwrite>true</readwrite>
         <run_address>0x20201af4</run_address>
         <size>0x4</size>
         <alignment>0x4</alignment>
      </object_component>
      <object_component id="oc-6c">
         <name>.common:check_dma_ADC</name>
         <uninitialized>true</uninitialized>
         <readwrite>true</readwrite>
         <run_address>0x20201af8</run_address>
         <size>0x1</size>
         <alignment>0x1</alignment>
      </object_component>
      <object_component id="oc-13a">
         <name>.common:gADCSamples</name>
         <uninitialized>true</uninitialized>
         <readwrite>true</readwrite>
         <run_address>0x20201000</run_address>
         <size>0x800</size>
         <alignment>0x2</alignment>
      </object_component>
      <object_component id="oc-7d">
         <name>.common:rx_data</name>
         <uninitialized>true</uninitialized>
         <readwrite>true</readwrite>
         <run_address>0x20201800</run_address>
         <size>0x190</size>
         <alignment>0x2</alignment>
      </object_component>
      <object_component id="oc-2f">
         <name>.sysmem</name>
         <uninitialized>true</uninitialized>
         <readwrite>true</readwrite>
         <run_address>0x20200000</run_address>
         <size>0x10</size>
         <alignment>0x8</alignment>
         <input_file_ref idref="fl-39"/>
      </object_component>
      <object_component id="oc-277">
         <name>.sysmem</name>
         <uninitialized>true</uninitialized>
         <readwrite>true</readwrite>
         <run_address>0x20200000</run_address>
         <size>0x0</size>
         <alignment>0x4</alignment>
      </object_component>
      <object_component id="oc-1a">
         <name>.stack</name>
         <uninitialized>true</uninitialized>
         <readwrite>true</readwrite>
         <run_address>0x20207e00</run_address>
         <size>0x4</size>
         <alignment>0x4</alignment>
         <input_file_ref idref="fl-3a"/>
      </object_component>
      <object_component id="oc-276">
         <name>.stack</name>
         <uninitialized>true</uninitialized>
         <readwrite>true</readwrite>
         <run_address>0x20207e00</run_address>
         <size>0x0</size>
         <alignment>0x8</alignment>
      </object_component>
      <object_component id="oc-e2">
         <name>.debug_abbrev</name>
         <load_address>0x0</load_address>
         <run_address>0x0</run_address>
         <size>0x10a</size>
         <alignment>0x1</alignment>
         <input_file_ref idref="fl-1"/>
      </object_component>
      <object_component id="oc-125">
         <name>.debug_abbrev</name>
         <load_address>0x10a</load_address>
         <run_address>0x10a</run_address>
         <size>0x2b1</size>
         <alignment>0x1</alignment>
         <input_file_ref idref="fl-2"/>
      </object_component>
      <object_component id="oc-45">
         <name>.debug_abbrev</name>
         <load_address>0x3bb</load_address>
         <run_address>0x3bb</run_address>
         <size>0x6d</size>
         <alignment>0x1</alignment>
         <input_file_ref idref="fl-3"/>
      </object_component>
      <object_component id="oc-127">
         <name>.debug_abbrev</name>
         <load_address>0x428</load_address>
         <run_address>0x428</run_address>
         <size>0x1a1</size>
         <alignment>0x1</alignment>
         <input_file_ref idref="fl-4"/>
      </object_component>
      <object_component id="oc-6d">
         <name>.debug_abbrev</name>
         <load_address>0x5c9</load_address>
         <run_address>0x5c9</run_address>
         <size>0x190</size>
         <alignment>0x1</alignment>
         <input_file_ref idref="fl-5"/>
      </object_component>
      <object_component id="oc-82">
         <name>.debug_abbrev</name>
         <load_address>0x759</load_address>
         <run_address>0x759</run_address>
         <size>0x140</size>
         <alignment>0x1</alignment>
         <input_file_ref idref="fl-6"/>
      </object_component>
      <object_component id="oc-147">
         <name>.debug_abbrev</name>
         <load_address>0x899</load_address>
         <run_address>0x899</run_address>
         <size>0x180</size>
         <alignment>0x1</alignment>
         <input_file_ref idref="fl-7"/>
      </object_component>
      <object_component id="oc-9f">
         <name>.debug_abbrev</name>
         <load_address>0xa19</load_address>
         <run_address>0xa19</run_address>
         <size>0xe5</size>
         <alignment>0x1</alignment>
         <input_file_ref idref="fl-8"/>
      </object_component>
      <object_component id="oc-141">
         <name>.debug_abbrev</name>
         <load_address>0xafe</load_address>
         <run_address>0xafe</run_address>
         <size>0x287</size>
         <alignment>0x1</alignment>
         <input_file_ref idref="fl-9"/>
      </object_component>
      <object_component id="oc-7f">
         <name>.debug_abbrev</name>
         <load_address>0xd85</load_address>
         <run_address>0xd85</run_address>
         <size>0x270</size>
         <alignment>0x1</alignment>
         <input_file_ref idref="fl-a"/>
      </object_component>
      <object_component id="oc-207">
         <name>.debug_abbrev</name>
         <load_address>0xff5</load_address>
         <run_address>0xff5</run_address>
         <size>0x171</size>
         <alignment>0x1</alignment>
         <input_file_ref idref="fl-19"/>
      </object_component>
      <object_component id="oc-1b6">
         <name>.debug_abbrev</name>
         <load_address>0x1166</load_address>
         <run_address>0x1166</run_address>
         <size>0x62</size>
         <alignment>0x1</alignment>
         <input_file_ref idref="fl-1a"/>
      </object_component>
      <object_component id="oc-22b">
[...]
      </symbol>
      <symbol id="sm-113">
         <name>key_pro</name>
         <value>0x3101</value>
         <object_component_ref idref="oc-d7"/>
      </symbol>
      <symbol id="sm-114">
         <name>key1_get</name>
         <value>0x225d</value>
         <object_component_ref idref="oc-143"/>
      </symbol>
      <symbol id="sm-115">
         <name>key2_get</name>
         <value>0x2489</value>
         <object_component_ref idref="oc-144"/>
      </symbol>
      <symbol id="sm-116">
         <name>delay_ms</name>
         <value>0x2385</value>
         <object_component_ref idref="oc-dc"/>
      </symbol>
      <symbol id="sm-117">
         <name>delay_us</name>
         <value>0x2409</value>
         <object_component_ref idref="oc-12a"/>
      </symbol>
      <symbol id="sm-124">
         <name>LED2_blue_ON</name>
         <value>0x33a1</value>
         <object_component_ref idref="oc-70"/>
      </symbol>
      <symbol id="sm-125">
         <name>LED2_blue_OFF</name>
         <value>0x3391</value>
         <object_component_ref idref="oc-145"/>
      </symbol>
      <symbol id="sm-135">
         <name>OLED_SetPos</name>
         <value>0x1435</value>
         <object_component_ref idref="oc-1b3"/>
      </symbol>
      <symbol id="sm-136">
         <name>OLED_ShowChar</name>
         <value>0xac1</value>
         <object_component_ref idref="oc-140"/>
      </symbol>
      <symbol id="sm-137">
         <name>F8X16</name>
         <value>0x3470</value>
         <object_component_ref idref="oc-1b5"/>
      </symbol>
      <symbol id="sm-138">
         <name>OLED_ShowString</name>
         <value>0x2adf</value>
         <object_component_ref idref="oc-d1"/>
      </symbol>
      <symbol id="sm-150">
         <name>uart_init</name>
         <value>0x3309</value>
         <object_component_ref idref="oc-c5"/>
      </symbol>
      <symbol id="sm-151">
         <name>UART0_IRQHandler</name>
         <value>0x2c75</value>
         <object_component_ref idref="oc-3b"/>
      </symbol>
      <symbol id="sm-152">
         <name>rx_flag</name>
         <value>0x20201c02</value>
         <object_component_ref idref="oc-7b"/>
      </symbol>
      <symbol id="sm-153">
         <name>rx_cent</name>
         <value>0x20201c00</value>
         <object_component_ref idref="oc-7c"/>
      </symbol>
      <symbol id="sm-154">
         <name>rx_data</name>
         <value>0x20201800</value>
      </symbol>
      <symbol id="sm-155">
         <name>uart_pro</name>
         <value>0x30d5</value>
         <object_component_ref idref="oc-de"/>
      </symbol>
      <symbol id="sm-156">
         <name>fputc</name>
         <value>0x3335</value>
         <object_component_ref idref="oc-10f"/>
      </symbol>
      <symbol id="sm-157">
         <name>fputs</name>
         <value>0x1e69</value>
         <object_component_ref idref="oc-10e"/>
      </symbol>
      <symbol id="sm-158">
         <name>__TI_ATRegion0_src_addr</name>
         <value>0x0</value>
      </symbol>
      <symbol id="sm-159">
         <name>__TI_ATRegion0_trg_addr</name>
         <value>0x0</value>
      </symbol>
      <symbol id="sm-15a">
         <name>__TI_ATRegion0_region_sz</name>
         <value>0x0</value>
      </symbol>
      <symbol id="sm-15b">
         <name>__TI_ATRegion1_src_addr</name>
         <value>0x0</value>
      </symbol>
      <symbol id="sm-15c">
         <name>__TI_ATRegion1_trg_addr</name>
         <value>0x0</value>
      </symbol>
      <symbol id="sm-15d">
         <name>__TI_ATRegion1_region_sz</name>
         <value>0x0</value>
      </symbol>
      <symbol id="sm-15e">
         <name>__TI_ATRegion2_src_addr</name>
         <value>0x0</value>
      </symbol>
      <symbol id="sm-15f">
         <name>__TI_ATRegion2_trg_addr</name>
         <value>0x0</value>
      </symbol>
      <symbol id="sm-160">
         <name>__TI_ATRegion2_region_sz</name>
         <value>0x0</value>
      </symbol>
      <symbol id="sm-16b">
         <name>DL_ADC12_setClockConfig</name>
         <value>0x2de1</value>
         <object_component_ref idref="oc-1a4"/>
      </symbol>
      <symbol id="sm-174">
         <name>DL_Common_delayCycles</name>
         <value>0x3405</value>
         <object_component_ref idref="oc-149"/>
      </symbol>
      <symbol id="sm-17e">
         <name>DL_DMA_initChannel</name>
         <value>0x2bdd</value>
         <object_component_ref idref="oc-209"/>
      </symbol>
      <symbol id="sm-18a">
         <name>DL_I2C_setClockConfig</name>
         <value>0x3151</value>
         <object_component_ref idref="oc-199"/>
      </symbol>
      <symbol id="sm-18b">
         <name>DL_I2C_fillControllerTXFIFO</name>
         <value>0x2865</value>
         <object_component_ref idref="oc-1b4"/>
      </symbol>
      <symbol id="sm-1a7">
         <name>DL_Timer_setClockConfig</name>
         <value>0x32a1</value>
         <object_component_ref idref="oc-188"/>
      </symbol>
      <symbol id="sm-1a8">
         <name>DL_Timer_initTimerMode</name>
         <value>0x1891</value>
         <object_component_ref idref="oc-194"/>
      </symbol>
      <symbol id="sm-1a9">
         <name>DL_Timer_setCaptureCompareValue</name>
         <value>0x3381</value>
         <object_component_ref idref="oc-191"/>
      </symbol>
      <symbol id="sm-1aa">
         <name>DL_Timer_initPWMMode</name>
         <value>0x1ce1</value>
         <object_component_ref idref="oc-18e"/>
      </symbol>
      <symbol id="sm-1ab">
         <name>DL_Timer_setCaptureCompareOutCtl</name>
         <value>0x32d9</value>
         <object_component_ref idref="oc-18f"/>
      </symbol>
      <symbol id="sm-1ac">
         <name>DL_Timer_setCaptCompUpdateMethod</name>
         <value>0x3285</value>
         <object_component_ref idref="oc-190"/>
      </symbol>
      <symbol id="sm-1bc">
         <name>DL_UART_init</name>
         <value>0x2d0d</value>
         <object_component_ref idref="oc-1a1"/>
      </symbol>
      <symbol id="sm-1bd">
         <name>DL_UART_setClockConfig</name>
         <value>0x335d</value>
         <object_component_ref idref="oc-1a0"/>
      </symbol>
      <symbol id="sm-1be">
         <name>DL_UART_transmitDataBlocking</name>
         <value>0x3209</value>
         <object_component_ref idref="oc-181"/>
      </symbol>
      <symbol id="sm-1cf">
         <name>printf</name>
         <value>0x297d</value>
         <object_component_ref idref="oc-75"/>
      </symbol>
      <symbol id="sm-218">
         <name>__TI_printfi</name>
         <value>0xc1</value>
         <object_component_ref idref="oc-104"/>
      </symbol>
      <symbol id="sm-229">
         <name>sprintf</name>
         <value>0x3011</value>
         <object_component_ref idref="oc-cb"/>
      </symbol>
      <symbol id="sm-233">
         <name>frexp</name>
         <value>0x2921</value>
         <object_component_ref idref="oc-1de"/>
      </symbol>
      <symbol id="sm-234">
         <name>frexpl</name>
         <value>0x2921</value>
         <object_component_ref idref="oc-1de"/>
      </symbol>
      <symbol id="sm-23e">
         <name>scalbn</name>
         <value>0x1b41</value>
         <object_component_ref idref="oc-1e2"/>
      </symbol>
      <symbol id="sm-23f">
         <name>ldexp</name>
         <value>0x1b41</value>
         <object_component_ref idref="oc-1e2"/>
      </symbol>
      <symbol id="sm-240">
         <name>scalbnl</name>
         <value>0x1b41</value>
         <object_component_ref idref="oc-1e2"/>
      </symbol>
      <symbol id="sm-241">
         <name>ldexpl</name>
         <value>0x1b41</value>
         <object_component_ref idref="oc-1e2"/>
      </symbol>
      <symbol id="sm-24c">
         <name>__aeabi_errno_addr</name>
         <value>0x3445</value>
         <object_component_ref idref="oc-16b"/>
      </symbol>
      <symbol id="sm-24d">
         <name>__aeabi_errno</name>
         <value>0x20201bf4</value>
         <object_component_ref idref="oc-1cc"/>
      </symbol>
      <symbol id="sm-256">
         <name>_nop</name>
         <value>0x279f</value>
         <object_component_ref idref="oc-105"/>
      </symbol>
      <symbol id="sm-257">
         <name>_lock</name>
         <value>0x20201bf8</value>
         <object_component_ref idref="oc-a2"/>
      </symbol>
      <symbol id="sm-258">
         <name>_unlock</name>
         <value>0x20201bfc</value>
         <object_component_ref idref="oc-a8"/>
      </symbol>
      <symbol id="sm-261">
         <name>__TI_ltoa</name>
         <value>0x29d9</value>
         <object_component_ref idref="oc-1ea"/>
      </symbol>
      <symbol id="sm-26c">
         <name>atoi</name>
         <value>0x2ee1</value>
         <object_component_ref idref="oc-163"/>
      </symbol>
      <symbol id="sm-271">
         <name>_ftable</name>
         <value>0x20201afc</value>
         <object_component_ref idref="oc-a4"/>
      </symbol>
      <symbol id="sm-27a">
         <name>memccpy</name>
         <value>0x31e5</value>
         <object_component_ref idref="oc-158"/>
      </symbol>
      <symbol id="sm-281">
         <name>_sys_memory</name>
         <value>0x20200000</value>
         <object_component_ref idref="oc-2f"/>
      </symbol>
      <symbol id="sm-28c">
         <name>_c_int00_noargs</name>
         <value>0x3129</value>
         <object_component_ref idref="oc-60"/>
      </symbol>
      <symbol id="sm-28d">
         <name>__stack</name>
         <value>0x20207e00</value>
         <object_component_ref idref="oc-1a"/>
      </symbol>
      <symbol id="sm-299">
         <name>__TI_auto_init_nobinit_nopinit</name>
         <value>0x2f61</value>
         <object_component_ref idref="oc-eb"/>
      </symbol>
      <symbol id="sm-2a1">
         <name>_system_pre_init</name>
         <value>0x3469</value>
         <object_component_ref idref="oc-8d"/>
      </symbol>
      <symbol id="sm-2ac">
         <name>__TI_zero_init</name>
         <value>0x33c1</value>
         <object_component_ref idref="oc-5d"/>
      </symbol>
      <symbol id="sm-2b5">
         <name>__TI_decompress_none</name>
         <value>0x336f</value>
         <object_component_ref idref="oc-20"/>
      </symbol>
      <symbol id="sm-2c0">
         <name>__TI_decompress_lzss</name>
         <value>0x2505</value>
         <object_component_ref idref="oc-1c"/>
      </symbol>
      <symbol id="sm-2c9">
         <name>wcslen</name>
         <value>0x33b1</value>
         <object_component_ref idref="oc-167"/>
      </symbol>
      <symbol id="sm-2cb">
         <name>__aeabi_ctype_table_</name>
         <value>0x3a60</value>
         <object_component_ref idref="oc-1c5"/>
      </symbol>
      <symbol id="sm-2cc">
         <name>__aeabi_ctype_table_C</name>
         <value>0x3a60</value>
         <object_component_ref idref="oc-1c5"/>
      </symbol>
      <symbol id="sm-2d6">
         <name>abort</name>
         <value>0x346d</value>
         <object_component_ref idref="oc-e4"/>
      </symbol>
      <symbol id="sm-2d7">
         <name>C$$EXIT</name>
         <value>0x346c</value>
         <object_component_ref idref="oc-e4"/>
      </symbol>
      <symbol id="sm-2e8">
         <name>__aeabi_dadd</name>
         <value>0x116f</value>
         <object_component_ref idref="oc-1fd"/>
      </symbol>
      <symbol id="sm-2e9">
         <name>__adddf3</name>
         <value>0x116f</value>
         <object_component_ref idref="oc-1fd"/>
      </symbol>
      <symbol id="sm-2ea">
         <name>__aeabi_dsub</name>
         <value>0x1165</value>
         <object_component_ref idref="oc-1fd"/>
      </symbol>
      <symbol id="sm-2eb">
         <name>__subdf3</name>
         <value>0x1165</value>
         <object_component_ref idref="oc-1fd"/>
      </symbol>
      <symbol id="sm-2f4">
         <name>__aeabi_dmul</name>
         <value>0x1a5d</value>
         <object_component_ref idref="oc-131"/>
      </symbol>
      <symbol id="sm-2f5">
         <name>__muldf3</name>
         <value>0x1a5d</value>
         <object_component_ref idref="oc-131"/>
      </symbol>
      <symbol id="sm-2fb">
         <name>__muldsi3</name>
         <value>0x2f9d</value>
         <object_component_ref idref="oc-1ad"/>
      </symbol>
      <symbol id="sm-301">
         <name>__aeabi_ddiv</name>
         <value>0x168d</value>
         <object_component_ref idref="oc-1f8"/>
      </symbol>
      <symbol id="sm-302">
         <name>__divdf3</name>
         <value>0x168d</value>
         <object_component_ref idref="oc-1f8"/>
      </symbol>
      <symbol id="sm-308">
         <name>__aeabi_f2d</name>
         <value>0x2ea1</value>
         <object_component_ref idref="oc-c7"/>
      </symbol>
      <symbol id="sm-309">
         <name>__extendsfdf2</name>
         <value>0x2ea1</value>
         <object_component_ref idref="oc-c7"/>
      </symbol>
      <symbol id="sm-30f">
         <name>__aeabi_d2iz</name>
         <value>0x2cc1</value>
         <object_component_ref idref="oc-1e6"/>
      </symbol>
      <symbol id="sm-310">
         <name>__fixdfsi</name>
         <value>0x2cc1</value>
         <object_component_ref idref="oc-1e6"/>
      </symbol>
      <symbol id="sm-316">
         <name>__aeabi_d2uiz</name>
         <value>0x2d9d</value>
         <object_component_ref idref="oc-135"/>
      </symbol>
      <symbol id="sm-317">
         <name>__fixunsdfsi</name>
         <value>0x2d9d</value>
         <object_component_ref idref="oc-135"/>
      </symbol>
      <symbol id="sm-31d">
         <name>__aeabi_i2d</name>
         <value>0x30a9</value>
         <object_component_ref idref="oc-1ee"/>
      </symbol>
      <symbol id="sm-31e">
         <name>__floatsidf</name>
         <value>0x30a9</value>
         <object_component_ref idref="oc-1ee"/>
      </symbol>
      <symbol id="sm-324">
         <name>__aeabi_ui2d</name>
         <value>0x319d</value>
         <object_component_ref idref="oc-12d"/>
      </symbol>
      <symbol id="sm-325">
         <name>__floatunsidf</name>
         <value>0x319d</value>
         <object_component_ref idref="oc-12d"/>
      </symbol>
      <symbol id="sm-32b">
         <name>__aeabi_lmul</name>
         <value>0x31c1</value>
         <object_component_ref idref="oc-170"/>
      </symbol>
      <symbol id="sm-32c">
         <name>__muldi3</name>
         <value>0x31c1</value>
         <object_component_ref idref="oc-170"/>
      </symbol>
      <symbol id="sm-332">
         <name>__aeabi_dcmpeq</name>
         <value>0x27a1</value>
         <object_component_ref idref="oc-179"/>
      </symbol>
      <symbol id="sm-333">
         <name>__aeabi_dcmplt</name>
         <value>0x27b5</value>
         <object_component_ref idref="oc-179"/>
      </symbol>
      <symbol id="sm-334">
         <name>__aeabi_dcmple</name>
         <value>0x27c9</value>
         <object_component_ref idref="oc-179"/>
      </symbol>
      <symbol id="sm-335">
         <name>__aeabi_dcmpge</name>
         <value>0x27dd</value>
         <object_component_ref idref="oc-179"/>
      </symbol>
      <symbol id="sm-336">
         <name>__aeabi_dcmpgt</name>
         <value>0x27f1</value>
         <object_component_ref idref="oc-179"/>
      </symbol>
      <symbol id="sm-33c">
         <name>__aeabi_idiv</name>
         <value>0x2a89</value>
         <object_component_ref idref="oc-221"/>
      </symbol>
      <symbol id="sm-33d">
         <name>__aeabi_idivmod</name>
         <value>0x2a89</value>
         <object_component_ref idref="oc-221"/>
      </symbol>
      <symbol id="sm-343">
         <name>__aeabi_memcpy</name>
         <value>0x344d</value>
         <object_component_ref idref="oc-50"/>
      </symbol>
      <symbol id="sm-344">
         <name>__aeabi_memcpy4</name>
         <value>0x344d</value>
         <object_component_ref idref="oc-50"/>
      </symbol>
      <symbol id="sm-345">
         <name>__aeabi_memcpy8</name>
         <value>0x344d</value>
         <object_component_ref idref="oc-50"/>
      </symbol>
      <symbol id="sm-34e">
         <name>__aeabi_memset</name>
         <value>0x33d1</value>
         <object_component_ref idref="oc-157"/>
      </symbol>
      <symbol id="sm-34f">
         <name>__aeabi_memset4</name>
         <value>0x33d1</value>
         <object_component_ref idref="oc-157"/>
      </symbol>
      <symbol id="sm-350">
         <name>__aeabi_memset8</name>
         <value>0x33d1</value>
         <object_component_ref idref="oc-157"/>
      </symbol>
      <symbol id="sm-351">
         <name>__aeabi_memclr</name>
         <value>0x33f9</value>
         <object_component_ref idref="oc-88"/>
      </symbol>
      <symbol id="sm-352">
         <name>__aeabi_memclr4</name>
         <value>0x33f9</value>
         <object_component_ref idref="oc-88"/>
      </symbol>
      <symbol id="sm-353">
         <name>__aeabi_memclr8</name>
         <value>0x33f9</value>
         <object_component_ref idref="oc-88"/>
      </symbol>
      <symbol id="sm-359">
         <name>__aeabi_uidiv</name>
         <value>0x2e61</value>
         <object_component_ref idref="oc-15d"/>
      </symbol>
      <symbol id="sm-35a">
         <name>__aeabi_uidivmod</name>
         <value>0x2e61</value>
         <object_component_ref idref="oc-15d"/>
      </symbol>
      <symbol id="sm-360">
         <name>__aeabi_uldivmod</name>
         <value>0x3321</value>
         <object_component_ref idref="oc-175"/>
      </symbol>
      <symbol id="sm-366">
         <name>__udivmoddi4</name>
         <value>0x207d</value>
         <object_component_ref idref="oc-1d1"/>
      </symbol>
      <symbol id="sm-36c">
         <name>__aeabi_llsl</name>
         <value>0x3249</value>
         <object_component_ref idref="oc-213"/>
      </symbol>
      <symbol id="sm-36d">
         <name>__ashldi3</name>
         <value>0x3249</value>
         <object_component_ref idref="oc-213"/>
      </symbol>
      <symbol id="sm-37b">
         <name>__ledf2</name>
         <value>0x26cd</value>
         <object_component_ref idref="oc-1d6"/>
      </symbol>
      <symbol id="sm-37c">
         <name>__gedf2</name>
         <value>0x265d</value>
         <object_component_ref idref="oc-1dc"/>
      </symbol>
      <symbol id="sm-37d">
         <name>__cmpdf2</name>
         <value>0x26cd</value>
         <object_component_ref idref="oc-1d6"/>
      </symbol>
      <symbol id="sm-37e">
         <name>__eqdf2</name>
         <value>0x26cd</value>
         <object_component_ref idref="oc-1d6"/>
      </symbol>
      <symbol id="sm-37f">
         <name>__ltdf2</name>
         <value>0x26cd</value>
         <object_component_ref idref="oc-1d6"/>
      </symbol>
      <symbol id="sm-380">
         <name>__nedf2</name>
         <value>0x26cd</value>
         <object_component_ref idref="oc-1d6"/>
      </symbol>
      <symbol id="sm-381">
         <name>__gtdf2</name>
         <value>0x265d</value>
         <object_component_ref idref="oc-1dc"/>
      </symbol>
      <symbol id="sm-38d">
         <name>__aeabi_idiv0</name>
         <value>0x211f</value>
         <object_component_ref idref="oc-1bf"/>
      </symbol>
      <symbol id="sm-38e">
         <name>__aeabi_ldiv0</name>
         <value>0x225b</value>
         <object_component_ref idref="oc-212"/>
      </symbol>
      <symbol id="sm-3a7">
         <name>memcpy</name>
         <value>0x21c1</value>
         <object_component_ref idref="oc-b0"/>
      </symbol>
      <symbol id="sm-3b6">
         <name>memset</name>
         <value>0x2803</value>
         <object_component_ref idref="oc-116"/>
      </symbol>
      <symbol id="sm-3b7">
         <name>__TI_static_base__</name>
         <value>0x0</value>
      </symbol>
      <symbol id="sm-3bb">
         <name>__mpu_init</name>
         <value>0x0</value>
      </symbol>
      <symbol id="sm-3bc">
         <name>_system_post_cinit</name>
         <value>0x0</value>
      </symbol>
   </symbol_table>
   <title>Link successful</title>
</link_info>
