******************************************************************************
            TI ARM Clang Linker PC v3.2.2                      
******************************************************************************
>> Linked Thu Aug  1 10:09:19 2024

OUTPUT FILE NAME:   <19_Capture_frency.out>
ENTRY POINT SYMBOL: "_c_int00_noargs"  address: 00002c2d


MEMORY CONFIGURATION

         name            origin    length      used     unused   attr    fill
----------------------  --------  ---------  --------  --------  ----  --------
  FLASH                 00000000   00020000  00003618  0001c9e8  R  X
  SRAM                  20200000   00008000  00001edf  00006121  RW X
  BCR_CONFIG            41c00000   00000080  00000000  00000080  R   
  BSL_CONFIG            41c00100   00000080  00000000  00000080  R   


SEGMENT ALLOCATION MAP

run origin  load origin   length   init length attrs members
----------  ----------- ---------- ----------- ----- -------
00000000    00000000    00003618   00003618    r-x
  00000000    00000000    000000c0   000000c0    r-- .intvecs
  000000c0    000000c0    00002e38   00002e38    r-x .text
  00002ef8    00002ef8    000006c0   000006c0    r-- .rodata
  000035b8    000035b8    00000060   00000060    r-- .cinit
20200000    20200000    00001ce2   00000000    rw-
  20200000    20200000    00001000   00000000    rw- .sysmem
  20201000    20201000    00000bd1   00000000    rw- .bss
  20201bd4    20201bd4    0000010e   00000000    rw- .data
20207e00    20207e00    00000200   00000000    rw-
  20207e00    20207e00    00000200   00000000    rw- .stack


SECTION ALLOCATION MAP

 output                                  attributes/
section   page    origin      length       input sections
--------  ----  ----------  ----------   ----------------
.intvecs   0    00000000    000000c0     
                  00000000    000000c0     startup_mspm0g350x_ticlang.o (.intvecs)

.text      0    000000c0    00002e38     
                  000000c0    00000ab4     oled.o (.text.OLED_Init)
                  00000b74    000002ac     oled.o (.text.OLED_Fill)
                  00000e20    000002a8     oled.o (.text.OLED_ShowChar)
                  000010c8    00000284     libc.a : _printfi.c.obj (.text:__TI_printfi_minimal)
                  0000134c    00000138     oled.o (.text.OLED_SetPos)
                  00001484    000000f8     AD9910.o (.text.AD9910_Init)
                  0000157c    000000e8     driverlib.a : dl_timer.o (.text.DL_Timer_initTimerMode)
                  00001664    000000e4     AD9910.o (.text.AD9910_Singal_Profile_Init)
                  00001748    000000e4     libclang_rt.builtins.a : muldf3.S.obj (.text.__muldf3)
                  0000182c    000000e0     driverlib.a : dl_timer.o (.text.DL_Timer_initCaptureCombinedMode)
                  0000190c    000000c8     AD9910.o (.text.AD9910_Singal_Profile_Set)
                  000019d4    000000c4     driverlib.a : dl_timer.o (.text.DL_Timer_initPWMMode)
                  00001a98    000000c4     AD9910.o (.text.Set_Profile)
                  00001b5c    000000c4     uart.o (.text.fputs)
                  00001c20    000000ac     AD9910.o (.text.Write_8bit)
                  00001ccc    000000a0     ti_msp_dl_config.o (.text.SYSCFG_DL_ADC12_0_init)
                  00001d6c    000000a0     empty.o (.text.main)
                  00001e0c    0000009a     libc.a : memcpy16.S.obj (.text:memcpy)
                  00001ea6    00000002     startup_mspm0g350x_ticlang.o (.text.Default_Handler)
                  00001ea8    00000098     key.o (.text.key1_get)
                  00001f40    0000008c     libclang_rt.builtins.a : mulsf3.S.obj (.text.__mulsf3)
                  00001fcc    00000088     interrupt.o (.text.Capture_pro)
                  00002054    00000088     ti_msp_dl_config.o (.text.SYSCFG_DL_initPower)
                  000020dc    00000084     key.o (.text.delay_ms)
                  00002160    00000082     libclang_rt.builtins.a : divsf3.S.obj (.text.__divsf3)
                  000021e2    00000002                            : aeabi_div0.c.obj (.text.__aeabi_idiv0)
                  000021e4    00000080     key.o (.text.delay_us)
                  00002264    0000007c     key.o (.text.key2_get)
                  000022e0    00000078     libc.a : copy_decompress_lzss.c.obj (.text:decompress:lzss)
                  00002358    00000074     ti_msp_dl_config.o (.text.SYSCFG_DL_GPIO_init)
                  000023cc    00000070     ti_msp_dl_config.o (.text.SYSCFG_DL_UART_0_init)
                  0000243c    00000064     interrupt.o (.text.TIMA1_IRQHandler)
                  000024a0    00000062     libc.a : memset16.S.obj (.text:memset)
                  00002502    0000005e     driverlib.a : dl_i2c.o (.text.DL_I2C_fillControllerTXFIFO)
                  00002560    0000005c     ti_msp_dl_config.o (.text.SYSCFG_DL_CAPTURE_1_init)
                  000025bc    0000005c     ti_msp_dl_config.o (.text.SYSCFG_DL_PWM_0_init)
                  00002618    0000005c     libc.a : printf.c.obj (.text.printf)
                  00002674    00000058     ti_msp_dl_config.o (.text.SYSCFG_DL_init)
                  000026cc    00000054     oled.o (.text.OLED_ShowString)
                  00002720    00000054     ti_msp_dl_config.o (.text.SYSCFG_DL_I2C_0_init)
                  00002774    00000050     ti_msp_dl_config.o (.text.SYSCFG_DL_CAPTURE_0_init)
                  000027c4    0000004c     driverlib.a : dl_dma.o (.text.DL_DMA_initChannel)
                  00002810    0000004c     ti_msp_dl_config.o (.text.SYSCFG_DL_TIMER_0_init)
                  0000285c    0000004c     uart.o (.text.UART0_IRQHandler)
                  000028a8    00000048     driverlib.a : dl_uart.o (.text.DL_UART_init)
                  000028f0    00000042     libclang_rt.builtins.a : fixunsdfsi.S.obj (.text.__fixunsdfsi)
                  00002932    00000002     libc.a : _lock.c.obj (.text._nop)
                  00002934    00000040     driverlib.a : dl_adc12.o (.text.DL_ADC12_setClockConfig)
                  00002974    00000040     ti_msp_dl_config.o (.text.SYSCFG_DL_TIMER_ADC_init)
                  000029b4    00000040     libclang_rt.builtins.a : aeabi_uidivmod.S.obj (.text.__aeabi_uidivmod)
                  000029f4    00000040     adc.o (.text.dma_init)
                  00002a34    0000003c     libc.a : autoinit.c.obj (.text:__TI_auto_init_nobinit_nopinit)
                  00002a70    0000003a     libclang_rt.builtins.a : muldsi3.S.obj (.text.__muldsi3)
                  00002aaa    00000002     --HOLE-- [fill = 0]
                  00002aac    00000038                            : fixsfsi.S.obj (.text.__fixsfsi)
                  00002ae4    00000038     AD9910.o (.text.init_9910)
                  00002b1c    00000034     interrupt.o (.text.TIMG0_IRQHandler)
                  00002b50    00000032     libclang_rt.builtins.a : fixunssfsi.S.obj (.text.__fixunssfsi)
                  00002b82    00000002     --HOLE-- [fill = 0]
                  00002b84    0000002c     interrupt.o (.text.Capture_init)
                  00002bb0    0000002c     uart.o (.text.uart_pro)
                  00002bdc    00000028     libclang_rt.builtins.a : floatunsisf.S.obj (.text.__floatunsisf)
                  00002c04    00000028     key.o (.text.key_pro)
                  00002c2c    00000028     libc.a : boot_cortex_m.c.obj (.text:_c_int00_noargs)
                  00002c54    00000026     driverlib.a : dl_i2c.o (.text.DL_I2C_setClockConfig)
                  00002c7a    00000002     --HOLE-- [fill = 0]
                  00002c7c    00000024     ti_msp_dl_config.o (.text.SYSCFG_DL_DMA_CH0_init)
                  00002ca0    00000024     libclang_rt.builtins.a : floatunsidf.S.obj (.text.__floatunsidf)
                  00002cc4    00000022     libc.a : memccpy.c.obj (.text.memccpy)
                  00002ce6    00000002     --HOLE-- [fill = 0]
                  00002ce8    00000020     driverlib.a : dl_uart.o (.text.DL_UART_transmitDataBlocking)
                  00002d08    00000020     ti_msp_dl_config.o (.text.SYSCFG_DL_SYSCTL_CLK_init)
                  00002d28    00000020     interrupt.o (.text.TIMG8_IRQHandler)
                  00002d48    0000001c     adc.o (.text.ADC0_IRQHandler)
                  00002d64    0000001c     driverlib.a : dl_timer.o (.text.DL_Timer_setCaptCompUpdateMethod)
                  00002d80    0000001c                 : dl_timer.o (.text.DL_Timer_setClockConfig)
                  00002d9c    0000001c     ti_msp_dl_config.o (.text.SYSCFG_DL_SYSCTL_init)
                  00002db8    0000001c     interrupt.o (.text.TIMEG0_init)
                  00002dd4    00000018     driverlib.a : dl_timer.o (.text.DL_Timer_setCaptureCompareOutCtl)
                  00002dec    00000018     uart.o (.text.uart_init)
                  00002e04    00000014     uart.o (.text.fputc)
                  00002e18    00000012     driverlib.a : dl_uart.o (.text.DL_UART_setClockConfig)
                  00002e2a    00000012     libc.a : copy_decompress_none.c.obj (.text:decompress:none)
                  00002e3c    00000010     driverlib.a : dl_timer.o (.text.DL_Timer_getCaptureCompareValue)
                  00002e4c    00000010                 : dl_timer.o (.text.DL_Timer_setCaptureCompareValue)
                  00002e5c    00000010     led.o (.text.LED2_blue_OFF)
                  00002e6c    00000010     led.o (.text.LED2_blue_ON)
                  00002e7c    00000010     libc.a : copy_zero_init.c.obj (.text:decompress:ZI)
                  00002e8c    0000000e     libclang_rt.builtins.a : aeabi_memset.S.obj (.text.__aeabi_memset)
                  00002e9a    0000000e     libc.a : _printfi.c.obj (.text.strlen)
                  00002ea8    0000000c     libclang_rt.builtins.a : aeabi_memset.S.obj (.text.__aeabi_memclr)
                  00002eb4    0000000a     driverlib.a : dl_common.o (.text.DL_Common_delayCycles)
                  00002ebe    0000000a     oled.o (.text.OLED_CLS)
                  00002ec8    00000008     ti_msp_dl_config.o (.text.SYSCFG_DL_DMA_init)
                  00002ed0    00000008     libclang_rt.builtins.a : aeabi_memcpy.S.obj (.text.__aeabi_memcpy)
                  00002ed8    00000008     libc.a : printf.c.obj (.text._outc)
                  00002ee0    00000008            : printf.c.obj (.text._outs)
                  00002ee8    00000004     startup_mspm0g350x_ticlang.o (.text.Reset_Handler)
                  00002eec    00000004     libc.a : pre_init.c.obj (.text._system_pre_init)
                  00002ef0    00000004            : exit.c.obj (.text:abort)
                  00002ef4    00000004     --HOLE-- [fill = 0]

.cinit     0    000035b8    00000060     
                  000035b8    00000039     (.cinit..data.load) [load image, compression = lzss]
                  000035f1    00000003     --HOLE-- [fill = 0]
                  000035f4    0000000c     (__TI_handler_table)
                  00003600    00000008     (.cinit..bss.load) [load image, compression = zero_init]
                  00003608    00000010     (__TI_cinit_table)

.rodata    0    00002ef8    000006c0     
                  00002ef8    000005f0     oled.o (.rodata.F8X16)
                  000034e8    00000018     ti_msp_dl_config.o (.rodata.gDMA_CH0Config)
                  00003500    00000014     ti_msp_dl_config.o (.rodata.gTIMER_0TimerConfig)
                  00003514    00000014     ti_msp_dl_config.o (.rodata.gTIMER_ADCTimerConfig)
                  00003528    00000011     libc.a : _printfi.c.obj (.rodata.str1.44690500295887128011)
                  00003539    00000003     ti_msp_dl_config.o (.rodata.gCAPTURE_0ClockConfig)
                  0000353c    00000010     ti_msp_dl_config.o (.rodata.gCAPTURE_0CaptureConfig)
                  0000354c    00000010     ti_msp_dl_config.o (.rodata.gCAPTURE_1CaptureConfig)
                  0000355c    0000000c     driverlib.a : dl_timer.o (.rodata..Lswitch.table.DL_Timer_initCaptureCombinedMode.1)
                  00003568    0000000c                 : dl_timer.o (.rodata..Lswitch.table.DL_Timer_initCompareMode)
                  00003574    0000000a     ti_msp_dl_config.o (.rodata.gUART_0Config)
                  0000357e    00000002     ti_msp_dl_config.o (.rodata.gI2C_0ClockConfig)
                  00003580    00000009     empty.o (.rodata.str1.162906114796922795354)
                  00003589    00000003     ti_msp_dl_config.o (.rodata.gCAPTURE_1ClockConfig)
                  0000358c    00000008     ti_msp_dl_config.o (.rodata.gADC12_0ClockConfig)
                  00003594    00000008     ti_msp_dl_config.o (.rodata.gPWM_0Config)
                  0000359c    00000006     key.o (.rodata.str1.41917054622232873651)
                  000035a2    00000004     uart.o (.rodata.str1.151662036810702135711)
                  000035a6    00000003     ti_msp_dl_config.o (.rodata.gPWM_0ClockConfig)
                  000035a9    00000003     ti_msp_dl_config.o (.rodata.gTIMER_0ClockConfig)
                  000035ac    00000003     ti_msp_dl_config.o (.rodata.gTIMER_ADCClockConfig)
                  000035af    00000002     ti_msp_dl_config.o (.rodata.gUART_0ClockConfig)
                  000035b1    00000007     --HOLE-- [fill = 0]

.init_array 
*          0    00000000    00000000     UNINITIALIZED

.binit     0    00000000    00000000     

.sysmem    0    20200000    00001000     UNINITIALIZED
                  20200000    00000010     libc.a : memory.c.obj (.sysmem)
                  20200010    00000ff0     --HOLE--

.bss       0    20201000    00000bd1     UNINITIALIZED
                  20201000    00000800     (.common:gADCSamples)
                  20201800    00000190     (.common:rx_data)
                  20201990    000000bc     (.common:gCAPTURE_0Backup)
                  20201a4c    000000bc     (.common:gTIMER_ADCBackup)
                  20201b08    00000078     (.common:gPWM_0Backup)
                  20201b80    00000028     (.common:lcd_buf)
                  20201ba8    00000008     (.common:Profile_All)
                  20201bb0    00000004     (.common:PWM_Detect_duty)
                  20201bb4    00000004     (.common:PWM_Detect_period)
                  20201bb8    00000004     (.common:PWM_period)
                  20201bbc    00000004     (.common:captuerCent_Neg_Past)
                  20201bc0    00000004     (.common:captureCent_Neg_Now)
                  20201bc4    00000004     (.common:captureCent_Pos_Now)
                  20201bc8    00000004     (.common:captureCent_Pos_Past)
                  20201bcc    00000004     (.common:pwm_duty)
                  20201bd0    00000001     (.common:check_dma_ADC)

.data      0    20201bd4    0000010e     UNINITIALIZED
                  20201bd4    000000f0     libc.a : defs.c.obj (.data._ftable)
                  20201cc4    00000004     AD9910.o (.data.Assist_DAC)
                  20201cc8    00000004     AD9910.o (.data.CFR3)
                  20201ccc    00000004     interrupt.o (.data.SYS_CLK)
                  20201cd0    00000004     libc.a : _lock.c.obj (.data._lock)
                  20201cd4    00000004            : _lock.c.obj (.data._unlock)
                  20201cd8    00000002     interrupt.o (.data.cent1)
                  20201cda    00000002     interrupt.o (.data.cent2)
                  20201cdc    00000002     interrupt.o (.data.freq1)
                  20201cde    00000002     uart.o (.data.rx_cent)
                  20201ce0    00000001     interrupt.o (.data.gCheckEdgeCaptureTime)
                  20201ce1    00000001     uart.o (.data.rx_flag)

.stack     0    20207e00    00000200     UNINITIALIZED
                  20207e00    00000004     libc.a : boot_cortex_m.c.obj (.stack)
                  20207e04    000001fc     --HOLE--

__llvm_prf_cnts 
*          0    20200000    00000000     UNINITIALIZED

__llvm_prf_bits 
*          0    20200000    00000000     UNINITIALIZED

MODULE SUMMARY

       Module                         code    ro data   rw data
       ------                         ----    -------   -------
    .\
       ti_msp_dl_config.o             1204    141       496    
       empty.o                        160     9         40     
       startup_mspm0g350x_ticlang.o   6       192       0      
    +--+------------------------------+-------+---------+---------+
       Total:                         1370    342       536    
                                                               
    .\Hardware\
       oled.o                         4510    1520      0      
       adc.o                          92      0         2049   
       AD9910.o                       1100    0         16     
       uart.o                         360     4         403    
       key.o                          576     6         0      
       interrupt.o                    392     0         43     
       led.o                          32      0         0      
    +--+------------------------------+-------+---------+---------+
       Total:                         7062    1530      2511   
                                                               
    C:/ti/mspm0_sdk_2_01_00_03/source/ti/driverlib/lib/ticlang/m0p/mspm0g1x0x_g3x0x/driverlib.a
       dl_timer.o                     764     24        0      
       dl_i2c.o                       132     0         0      
       dl_uart.o                      122     0         0      
       dl_dma.o                       76      0         0      
       dl_adc12.o                     64      0         0      
       dl_common.o                    10      0         0      
    +--+------------------------------+-------+---------+---------+
       Total:                         1168    24        0      
                                                               
    D:\CCS\ccs\tools\compiler\ti-cgt-armllvm_3.2.2.LTS\lib\armv6m-ti-none-eabi/c/libc.a
       _printfi.c.obj                 658     17        0      
       defs.c.obj                     0       0         240    
       memcpy16.S.obj                 154     0         0      
       copy_decompress_lzss.c.obj     120     0         0      
       printf.c.obj                   108     0         0      
       memset16.S.obj                 98      0         0      
       autoinit.c.obj                 60      0         0      
       boot_cortex_m.c.obj            40      0         0      
       memccpy.c.obj                  34      0         0      
       copy_decompress_none.c.obj     18      0         0      
       copy_zero_init.c.obj           16      0         0      
       _lock.c.obj                    2       0         8      
       exit.c.obj                     4       0         0      
       pre_init.c.obj                 4       0         0      
    +--+------------------------------+-------+---------+---------+
       Total:                         1316    17        248    
                                                               
    D:\CCS\ccs\tools\compiler\ti-cgt-armllvm_3.2.2.LTS\lib\clang/15.0.7/lib/armv6m-ti-none-eabi/libclang_rt.builtins.a
       muldf3.S.obj                   228     0         0      
       mulsf3.S.obj                   140     0         0      
       divsf3.S.obj                   130     0         0      
       fixunsdfsi.S.obj               66      0         0      
       aeabi_uidivmod.S.obj           64      0         0      
       muldsi3.S.obj                  58      0         0      
       fixsfsi.S.obj                  56      0         0      
       fixunssfsi.S.obj               50      0         0      
       floatunsisf.S.obj              40      0         0      
       floatunsidf.S.obj              36      0         0      
       aeabi_memset.S.obj             26      0         0      
       aeabi_memcpy.S.obj             8       0         0      
       aeabi_div0.c.obj               2       0         0      
    +--+------------------------------+-------+---------+---------+
       Total:                         904     0         0      
                                                               
       Heap:                          0       0         4096   
       Stack:                         0       0         512    
       Linker Generated:              0       93        0      
    +--+------------------------------+-------+---------+---------+
       Grand Total:                   11820   2006      7903   


LINKER GENERATED COPY TABLES

__TI_cinit_table @ 00003608 records: 2, size/record: 8, table size: 16
	.data: load addr=000035b8, load size=00000039 bytes, run addr=20201bd4, run size=0000010e bytes, compression=lzss
	.bss: load addr=00003600, load size=00000008 bytes, run addr=20201000, run size=00000bd1 bytes, compression=zero_init


LINKER GENERATED HANDLER TABLE

__TI_handler_table @ 000035f4 records: 3, size/record: 4, table size: 12
	index: 0, handler: __TI_decompress_lzss
	index: 1, handler: __TI_decompress_none
	index: 2, handler: __TI_zero_init


GLOBAL SYMBOLS: SORTED ALPHABETICALLY BY Name 

address   name                            
-------   ----                            
00001485  AD9910_Init                     
00001665  AD9910_Singal_Profile_Init      
0000190d  AD9910_Singal_Profile_Set       
00002d49  ADC0_IRQHandler                 
00001ea7  ADC1_IRQHandler                 
00001ea7  AES_IRQHandler                  
20201cc4  Assist_DAC                      
00002ef0  C$$EXIT                         
00001ea7  CANFD0_IRQHandler               
20201cc8  CFR3                            
00002b85  Capture_init                    
00001fcd  Capture_pro                     
00001ea7  DAC0_IRQHandler                 
00002935  DL_ADC12_setClockConfig         
00002eb5  DL_Common_delayCycles           
000027c5  DL_DMA_initChannel              
00002503  DL_I2C_fillControllerTXFIFO     
00002c55  DL_I2C_setClockConfig           
00002e3d  DL_Timer_getCaptureCompareValue 
0000182d  DL_Timer_initCaptureCombinedMode
000019d5  DL_Timer_initPWMMode            
0000157d  DL_Timer_initTimerMode          
00002d65  DL_Timer_setCaptCompUpdateMethod
00002dd5  DL_Timer_setCaptureCompareOutCtl
00002e4d  DL_Timer_setCaptureCompareValue 
00002d81  DL_Timer_setClockConfig         
000028a9  DL_UART_init                    
00002e19  DL_UART_setClockConfig          
00002ce9  DL_UART_transmitDataBlocking    
00001ea7  DMA_IRQHandler                  
00001ea7  Default_Handler                 
00002ef8  F8X16                           
00001ea7  GROUP0_IRQHandler               
00001ea7  GROUP1_IRQHandler               
00001ea7  HardFault_Handler               
00001ea7  I2C0_IRQHandler                 
00001ea7  I2C1_IRQHandler                 
00002e5d  LED2_blue_OFF                   
00002e6d  LED2_blue_ON                    
00001ea7  NMI_Handler                     
00002ebf  OLED_CLS                        
00000b75  OLED_Fill                       
000000c1  OLED_Init                       
0000134d  OLED_SetPos                     
00000e21  OLED_ShowChar                   
000026cd  OLED_ShowString                 
20201bb0  PWM_Detect_duty                 
20201bb4  PWM_Detect_period               
20201bb8  PWM_period                      
00001ea7  PendSV_Handler                  
20201ba8  Profile_All                     
00001ea7  RTC_IRQHandler                  
00002ee9  Reset_Handler                   
00001ea7  SPI0_IRQHandler                 
00001ea7  SPI1_IRQHandler                 
00001ea7  SVC_Handler                     
00001ccd  SYSCFG_DL_ADC12_0_init          
00002775  SYSCFG_DL_CAPTURE_0_init        
00002561  SYSCFG_DL_CAPTURE_1_init        
00002c7d  SYSCFG_DL_DMA_CH0_init          
00002ec9  SYSCFG_DL_DMA_init              
00002359  SYSCFG_DL_GPIO_init             
00002721  SYSCFG_DL_I2C_0_init            
000025bd  SYSCFG_DL_PWM_0_init            
00002d09  SYSCFG_DL_SYSCTL_CLK_init       
00002d9d  SYSCFG_DL_SYSCTL_init           
00002811  SYSCFG_DL_TIMER_0_init          
00002975  SYSCFG_DL_TIMER_ADC_init        
000023cd  SYSCFG_DL_UART_0_init           
00002675  SYSCFG_DL_init                  
00002055  SYSCFG_DL_initPower             
20201ccc  SYS_CLK                         
00001a99  Set_Profile                     
00001ea7  SysTick_Handler                 
00001ea7  TIMA0_IRQHandler                
0000243d  TIMA1_IRQHandler                
00002db9  TIMEG0_init                     
00002b1d  TIMG0_IRQHandler                
00001ea7  TIMG12_IRQHandler               
00001ea7  TIMG6_IRQHandler                
00001ea7  TIMG7_IRQHandler                
00002d29  TIMG8_IRQHandler                
0000285d  UART0_IRQHandler                
00001ea7  UART1_IRQHandler                
00001ea7  UART2_IRQHandler                
00001ea7  UART3_IRQHandler                
00001c21  Write_8bit                      
20208000  __STACK_END                     
00000200  __STACK_SIZE                    
00001000  __SYSMEM_SIZE                   
00000000  __TI_ATRegion0_region_sz        
00000000  __TI_ATRegion0_src_addr         
00000000  __TI_ATRegion0_trg_addr         
00000000  __TI_ATRegion1_region_sz        
00000000  __TI_ATRegion1_src_addr         
00000000  __TI_ATRegion1_trg_addr         
00000000  __TI_ATRegion2_region_sz        
00000000  __TI_ATRegion2_src_addr         
00000000  __TI_ATRegion2_trg_addr         
00003608  __TI_CINIT_Base                 
00003618  __TI_CINIT_Limit                
00003618  __TI_CINIT_Warm                 
000035f4  __TI_Handler_Table_Base         
00003600  __TI_Handler_Table_Limit        
00002a35  __TI_auto_init_nobinit_nopinit  
000022e1  __TI_decompress_lzss            
00002e2b  __TI_decompress_none            
ffffffff  __TI_pprof_out_hndl             
000010c9  __TI_printfi_minimal            
ffffffff  __TI_prof_data_size             
ffffffff  __TI_prof_data_start            
00000000  __TI_static_base__              
00002e7d  __TI_zero_init                  
000028f1  __aeabi_d2uiz                   
00001749  __aeabi_dmul                    
00002aad  __aeabi_f2iz                    
00002b51  __aeabi_f2uiz                   
00002161  __aeabi_fdiv                    
00001f41  __aeabi_fmul                    
000021e3  __aeabi_idiv0                   
00002ea9  __aeabi_memclr                  
00002ea9  __aeabi_memclr4                 
00002ea9  __aeabi_memclr8                 
00002ed1  __aeabi_memcpy                  
00002ed1  __aeabi_memcpy4                 
00002ed1  __aeabi_memcpy8                 
00002e8d  __aeabi_memset                  
00002e8d  __aeabi_memset4                 
00002e8d  __aeabi_memset8                 
00002ca1  __aeabi_ui2d                    
00002bdd  __aeabi_ui2f                    
000029b5  __aeabi_uidiv                   
000029b5  __aeabi_uidivmod                
ffffffff  __binit__                       
00002161  __divsf3                        
00002aad  __fixsfsi                       
000028f1  __fixunsdfsi                    
00002b51  __fixunssfsi                    
00002ca1  __floatunsidf                   
00002bdd  __floatunsisf                   
UNDEFED   __mpu_init                      
00001749  __muldf3                        
00002a71  __muldsi3                       
00001f41  __mulsf3                        
20207e00  __stack                         
20200000  __start___llvm_prf_bits         
20200000  __start___llvm_prf_cnts         
20200000  __stop___llvm_prf_bits          
20200000  __stop___llvm_prf_cnts          
00002c2d  _c_int00_noargs                 
20201bd4  _ftable                         
20201cd0  _lock                           
00002933  _nop                            
20200000  _sys_memory                     
UNDEFED   _system_post_cinit              
00002eed  _system_pre_init                
20201cd4  _unlock                         
00002ef1  abort                           
ffffffff  binit                           
20201bbc  captuerCent_Neg_Past            
20201bc0  captureCent_Neg_Now             
20201bc4  captureCent_Pos_Now             
20201bc8  captureCent_Pos_Past            
20201cd8  cent1                           
20201cda  cent2                           
20201bd0  check_dma_ADC                   
000020dd  delay_ms                        
000021e5  delay_us                        
000029f5  dma_init                        
00002e05  fputc                           
00001b5d  fputs                           
20201cdc  freq1                           
20201000  gADCSamples                     
20201990  gCAPTURE_0Backup                
20201ce0  gCheckEdgeCaptureTime           
20201b08  gPWM_0Backup                    
20201a4c  gTIMER_ADCBackup                
00002ae5  init_9910                       
00000000  interruptVectors                
00001ea9  key1_get                        
00002265  key2_get                        
00002c05  key_pro                         
20201b80  lcd_buf                         
00001d6d  main                            
00002cc5  memccpy                         
00001e0d  memcpy                          
000024a1  memset                          
00002619  printf                          
20201bcc  pwm_duty                        
20201cde  rx_cent                         
20201800  rx_data                         
20201ce1  rx_flag                         
00002ded  uart_init                       
00002bb1  uart_pro                        


GLOBAL SYMBOLS: SORTED BY Symbol Address 

address   name                            
-------   ----                            
00000000  __TI_ATRegion0_region_sz        
00000000  __TI_ATRegion0_src_addr         
00000000  __TI_ATRegion0_trg_addr         
00000000  __TI_ATRegion1_region_sz        
00000000  __TI_ATRegion1_src_addr         
00000000  __TI_ATRegion1_trg_addr         
00000000  __TI_ATRegion2_region_sz        
00000000  __TI_ATRegion2_src_addr         
00000000  __TI_ATRegion2_trg_addr         
00000000  __TI_static_base__              
00000000  interruptVectors                
000000c1  OLED_Init                       
00000200  __STACK_SIZE                    
00000b75  OLED_Fill                       
00000e21  OLED_ShowChar                   
00001000  __SYSMEM_SIZE                   
000010c9  __TI_printfi_minimal            
0000134d  OLED_SetPos                     
00001485  AD9910_Init                     
0000157d  DL_Timer_initTimerMode          
00001665  AD9910_Singal_Profile_Init      
00001749  __aeabi_dmul                    
00001749  __muldf3                        
0000182d  DL_Timer_initCaptureCombinedMode
0000190d  AD9910_Singal_Profile_Set       
000019d5  DL_Timer_initPWMMode            
00001a99  Set_Profile                     
00001b5d  fputs                           
00001c21  Write_8bit                      
00001ccd  SYSCFG_DL_ADC12_0_init          
00001d6d  main                            
00001e0d  memcpy                          
00001ea7  ADC1_IRQHandler                 
00001ea7  AES_IRQHandler                  
00001ea7  CANFD0_IRQHandler               
00001ea7  DAC0_IRQHandler                 
00001ea7  DMA_IRQHandler                  
00001ea7  Default_Handler                 
00001ea7  GROUP0_IRQHandler               
00001ea7  GROUP1_IRQHandler               
00001ea7  HardFault_Handler               
00001ea7  I2C0_IRQHandler                 
00001ea7  I2C1_IRQHandler                 
00001ea7  NMI_Handler                     
00001ea7  PendSV_Handler                  
00001ea7  RTC_IRQHandler                  
00001ea7  SPI0_IRQHandler                 
00001ea7  SPI1_IRQHandler                 
00001ea7  SVC_Handler                     
00001ea7  SysTick_Handler                 
00001ea7  TIMA0_IRQHandler                
00001ea7  TIMG12_IRQHandler               
00001ea7  TIMG6_IRQHandler                
00001ea7  TIMG7_IRQHandler                
00001ea7  UART1_IRQHandler                
00001ea7  UART2_IRQHandler                
00001ea7  UART3_IRQHandler                
00001ea9  key1_get                        
00001f41  __aeabi_fmul                    
00001f41  __mulsf3                        
00001fcd  Capture_pro                     
00002055  SYSCFG_DL_initPower             
000020dd  delay_ms                        
00002161  __aeabi_fdiv                    
00002161  __divsf3                        
000021e3  __aeabi_idiv0                   
000021e5  delay_us                        
00002265  key2_get                        
000022e1  __TI_decompress_lzss            
00002359  SYSCFG_DL_GPIO_init             
000023cd  SYSCFG_DL_UART_0_init           
0000243d  TIMA1_IRQHandler                
000024a1  memset                          
00002503  DL_I2C_fillControllerTXFIFO     
00002561  SYSCFG_DL_CAPTURE_1_init        
000025bd  SYSCFG_DL_PWM_0_init            
00002619  printf                          
00002675  SYSCFG_DL_init                  
000026cd  OLED_ShowString                 
00002721  SYSCFG_DL_I2C_0_init            
00002775  SYSCFG_DL_CAPTURE_0_init        
000027c5  DL_DMA_initChannel              
00002811  SYSCFG_DL_TIMER_0_init          
0000285d  UART0_IRQHandler                
000028a9  DL_UART_init                    
000028f1  __aeabi_d2uiz                   
000028f1  __fixunsdfsi                    
00002933  _nop                            
00002935  DL_ADC12_setClockConfig         
00002975  SYSCFG_DL_TIMER_ADC_init        
000029b5  __aeabi_uidiv                   
000029b5  __aeabi_uidivmod                
000029f5  dma_init                        
00002a35  __TI_auto_init_nobinit_nopinit  
00002a71  __muldsi3                       
00002aad  __aeabi_f2iz                    
00002aad  __fixsfsi                       
00002ae5  init_9910                       
00002b1d  TIMG0_IRQHandler                
00002b51  __aeabi_f2uiz                   
00002b51  __fixunssfsi                    
00002b85  Capture_init                    
00002bb1  uart_pro                        
00002bdd  __aeabi_ui2f                    
00002bdd  __floatunsisf                   
00002c05  key_pro                         
00002c2d  _c_int00_noargs                 
00002c55  DL_I2C_setClockConfig           
00002c7d  SYSCFG_DL_DMA_CH0_init          
00002ca1  __aeabi_ui2d                    
00002ca1  __floatunsidf                   
00002cc5  memccpy                         
00002ce9  DL_UART_transmitDataBlocking    
00002d09  SYSCFG_DL_SYSCTL_CLK_init       
00002d29  TIMG8_IRQHandler                
00002d49  ADC0_IRQHandler                 
00002d65  DL_Timer_setCaptCompUpdateMethod
00002d81  DL_Timer_setClockConfig         
00002d9d  SYSCFG_DL_SYSCTL_init           
00002db9  TIMEG0_init                     
00002dd5  DL_Timer_setCaptureCompareOutCtl
00002ded  uart_init                       
00002e05  fputc                           
00002e19  DL_UART_setClockConfig          
00002e2b  __TI_decompress_none            
00002e3d  DL_Timer_getCaptureCompareValue 
00002e4d  DL_Timer_setCaptureCompareValue 
00002e5d  LED2_blue_OFF                   
00002e6d  LED2_blue_ON                    
00002e7d  __TI_zero_init                  
00002e8d  __aeabi_memset                  
00002e8d  __aeabi_memset4                 
00002e8d  __aeabi_memset8                 
00002ea9  __aeabi_memclr                  
00002ea9  __aeabi_memclr4                 
00002ea9  __aeabi_memclr8                 
00002eb5  DL_Common_delayCycles           
00002ebf  OLED_CLS                        
00002ec9  SYSCFG_DL_DMA_init              
00002ed1  __aeabi_memcpy                  
00002ed1  __aeabi_memcpy4                 
00002ed1  __aeabi_memcpy8                 
00002ee9  Reset_Handler                   
00002eed  _system_pre_init                
00002ef0  C$$EXIT                         
00002ef1  abort                           
00002ef8  F8X16                           
000035f4  __TI_Handler_Table_Base         
00003600  __TI_Handler_Table_Limit        
00003608  __TI_CINIT_Base                 
00003618  __TI_CINIT_Limit                
00003618  __TI_CINIT_Warm                 
20200000  __start___llvm_prf_bits         
20200000  __start___llvm_prf_cnts         
20200000  __stop___llvm_prf_bits          
20200000  __stop___llvm_prf_cnts          
20200000  _sys_memory                     
20201000  gADCSamples                     
20201800  rx_data                         
20201990  gCAPTURE_0Backup                
20201a4c  gTIMER_ADCBackup                
20201b08  gPWM_0Backup                    
20201b80  lcd_buf                         
20201ba8  Profile_All                     
20201bb0  PWM_Detect_duty                 
20201bb4  PWM_Detect_period               
20201bb8  PWM_period                      
20201bbc  captuerCent_Neg_Past            
20201bc0  captureCent_Neg_Now             
20201bc4  captureCent_Pos_Now             
20201bc8  captureCent_Pos_Past            
20201bcc  pwm_duty                        
20201bd0  check_dma_ADC                   
20201bd4  _ftable                         
20201cc4  Assist_DAC                      
20201cc8  CFR3                            
20201ccc  SYS_CLK                         
20201cd0  _lock                           
20201cd4  _unlock                         
20201cd8  cent1                           
20201cda  cent2                           
20201cdc  freq1                           
20201cde  rx_cent                         
20201ce0  gCheckEdgeCaptureTime           
20201ce1  rx_flag                         
20207e00  __stack                         
20208000  __STACK_END                     
ffffffff  __TI_pprof_out_hndl             
ffffffff  __TI_prof_data_size             
ffffffff  __TI_prof_data_start            
ffffffff  __binit__                       
ffffffff  binit                           
UNDEFED   __mpu_init                      
UNDEFED   _system_post_cinit              

[194 symbols]
