******************************************************************************
            TI ARM Clang Linker PC v3.2.2                      
******************************************************************************
>> Linked Sat Jul  6 21:32:46 2024

OUTPUT FILE NAME:   <09_adc_dma_40MHz_1MHz copy.out>
ENTRY POINT SYMBOL: "_c_int00_noargs"  address: 000044bd


MEMORY CONFIGURATION

         name            origin    length      used     unused   attr    fill
----------------------  --------  ---------  --------  --------  ----  --------
  FLASH                 00000000   00020000  00005088  0001af78  R  X
  SRAM                  20200000   00008000  00001fd7  00006029  RW X
  BCR_CONFIG            41c00000   00000080  00000000  00000080  R   
  BSL_CONFIG            41c00100   00000080  00000000  00000080  R   


SEGMENT ALLOCATION MAP

run origin  load origin   length   init length attrs members
----------  ----------- ---------- ----------- ----- -------
00000000    00000000    00005088   00005088    r-x
  00000000    00000000    000000c0   000000c0    r-- .intvecs
  000000c0    000000c0    00004790   00004790    r-x .text
  00004850    00004850    000007b0   000007b0    r-- .rodata
  00005000    00005000    00000088   00000088    r-- .cinit
20200000    20200000    00001dd9   00000000    rw-
  20200000    20200000    00001000   00000000    rw- .sysmem
  20201000    20201000    00000c02   00000000    rw- .bss
  20201c04    20201c04    000001d5   00000000    rw- .data
20207e00    20207e00    00000200   00000000    rw-
  20207e00    20207e00    00000200   00000000    rw- .stack


SECTION ALLOCATION MAP

 output                                  attributes/
section   page    origin      length       input sections
--------  ----  ----------  ----------   ----------------
.intvecs   0    00000000    000000c0     
                  00000000    000000c0     startup_mspm0g350x_ticlang.o (.intvecs)

.text      0    000000c0    00004790     
                  000000c0    00000ab4     oled.o (.text.OLED_Init)
                  00000b74    00000a00     libc.a : _printfi.c.obj (.text:__TI_printfi)
                  00001574    000002ac     oled.o (.text.OLED_Fill)
                  00001820    000002a8     oled.o (.text.OLED_ShowChar)
                  00001ac8    00000220     libc.a : _printfi.c.obj (.text._pconv_a)
                  00001ce8    000001dc            : _printfi.c.obj (.text._pconv_g)
                  00001ec4    00000192     libclang_rt.builtins.a : adddf3.S.obj (.text.adddf3_subdf3)
                  00002056    00000002     startup_mspm0g350x_ticlang.o (.text.Default_Handler)
                  00002058    0000013c     libc.a : _printfi.c.obj (.text.fcvt)
                  00002194    00000138     oled.o (.text.OLED_SetPos)
                  000022cc    0000012c     libc.a : memory.c.obj (.text.aligned_alloc)
                  000023f8    00000120            : _printfi.c.obj (.text._pconv_e)
                  00002518    0000010c     libclang_rt.builtins.a : divdf3.S.obj (.text.__divdf3)
                  00002624    00000104     libc.a : fputs.c.obj (.text.fputs)
                  00002728    000000ec            : memory.c.obj (.text.free)
                  00002814    000000e8     driverlib.a : dl_timer.o (.text.DL_Timer_initTimerMode)
                  000028fc    000000e4     libclang_rt.builtins.a : muldf3.S.obj (.text.__muldf3)
                  000029e0    000000dc     driverlib.a : dl_sysctl_mspm0g1x0x_g3x0x.o (.text.DL_SYSCTL_configSYSPLL)
                  00002abc    000000dc     libc.a : setvbuf.c.obj (.text.setvbuf)
                  00002b98    000000d8            : s_scalbn.c.obj (.text.scalbn)
                  00002c70    000000c4     driverlib.a : dl_timer.o (.text.DL_Timer_initPWMMode)
                  00002d34    000000a2     libclang_rt.builtins.a : udivmoddi4.S.obj (.text)
                  00002dd6    0000009a     libc.a : memcpy16.S.obj (.text:memcpy)
                  00002e70    00000098     key.o (.text.key1_get)
                  00002f08    00000090     ti_msp_dl_config.o (.text.SYSCFG_DL_ADC12_0_init)
                  00002f98    00000088     empty.o (.text.main)
                  00003020    00000084     key.o (.text.delay_ms)
                  000030a4    0000007c     libc.a : fclose.c.obj (.text.__TI_closefile)
                  00003120    0000007c     key.o (.text.key2_get)
                  0000319c    00000078     libc.a : copy_decompress_lzss.c.obj (.text:decompress:lzss)
                  00003214    00000074     ti_msp_dl_config.o (.text.SYSCFG_DL_GPIO_init)
                  00003288    00000070     ti_msp_dl_config.o (.text.SYSCFG_DL_UART_0_init)
                  000032f8    00000070     libclang_rt.builtins.a : comparedf2.c.obj (.text.__gedf2)
                  00003368    0000006c     libsysbm.a : hostlseek.c.obj (.text.HOSTlseek)
                  000033d4    0000006c                : hostrename.c.obj (.text.HOSTrename)
                  00003440    0000006c     libclang_rt.builtins.a : comparedf2.c.obj (.text.__ledf2)
                  000034ac    0000006c     libc.a : fseek.c.obj (.text.fseeko)
                  00003518    00000068            : getdevice.c.obj (.text.getdevice)
                  00003580    00000066            : _printfi.c.obj (.text._mcpy)
                  000035e6    00000002     libclang_rt.builtins.a : aeabi_div0.c.obj (.text.__aeabi_idiv0)
                  000035e8    00000064     driverlib.a : dl_sysctl_mspm0g1x0x_g3x0x.o (.text.DL_SYSCTL_setHFCLKSourceHFXTParams)
                  0000364c    00000064     ti_msp_dl_config.o (.text.SYSCFG_DL_SYSCTL_init)
                  000036b0    00000064     libc.a : _io_perm.c.obj (.text.__TI_wrt_ok)
                  00003714    00000064            : memory.c.obj (.text.split)
                  00003778    00000062     libclang_rt.builtins.a : aeabi_dcmp.S.obj (.text.__aeabi_dcmp)
                  000037da    00000062     libc.a : memset16.S.obj (.text:memset)
                  0000383c    00000060     libsysbm.a : hostopen.c.obj (.text.HOSTopen)
                  0000389c    00000060     ti_msp_dl_config.o (.text.SYSCFG_DL_initPower)
                  000038fc    0000005e     driverlib.a : dl_i2c.o (.text.DL_I2C_fillControllerTXFIFO)
                  0000395a    00000002     libclang_rt.builtins.a : aeabi_div0.c.obj (.text.__aeabi_ldiv0)
                  0000395c    0000005c     ti_msp_dl_config.o (.text.SYSCFG_DL_PWM_0_init)
                  000039b8    0000005c     libc.a : s_frexp.c.obj (.text.frexp)
                  00003a14    0000005c            : printf.c.obj (.text.printf)
                  00003a70    00000058     libsysbm.a : hostread.c.obj (.text.HOSTread)
                  00003ac8    00000058                : hostwrite.c.obj (.text.HOSTwrite)
                  00003b20    00000058     libc.a : _ltoa.c.obj (.text.__TI_ltoa)
                  00003b78    00000058            : _printfi.c.obj (.text._pconv_f)
                  00003bd0    00000056     libclang_rt.builtins.a : aeabi_idivmod.S.obj (.text.__aeabi_idivmod)
                  00003c26    00000054     oled.o (.text.OLED_ShowString)
                  00003c7a    00000002     libc.a : _lock.c.obj (.text._nop)
                  00003c7c    00000054     ti_msp_dl_config.o (.text.SYSCFG_DL_I2C_0_init)
                  00003cd0    00000052     libc.a : fflush.c.obj (.text.__TI_doflush)
                  00003d22    00000052            : _printfi.c.obj (.text._ecpy)
                  00003d74    00000050     libsysbm.a : close.c.obj (.text.close)
                  00003dc4    0000004c     driverlib.a : dl_dma.o (.text.DL_DMA_initChannel)
                  00003e10    0000004c     ti_msp_dl_config.o (.text.SYSCFG_DL_TIMER_0_init)
                  00003e5c    0000004c     uart.o (.text.UART0_IRQHandler)
                  00003ea8    0000004a     libclang_rt.builtins.a : fixdfsi.S.obj (.text.__fixdfsi)
                  00003ef2    00000002     --HOLE-- [fill = 0]
                  00003ef4    00000048     driverlib.a : dl_uart.o (.text.DL_UART_init)
                  00003f3c    00000048     libsysbm.a : hostclose.c.obj (.text.HOSTclose)
                  00003f84    00000048                : hostunlink.c.obj (.text.HOSTunlink)
                  00003fcc    00000044     driverlib.a : dl_sysctl_mspm0g1x0x_g3x0x.o (.text.DL_SYSCTL_switchMCLKfromSYSOSCtoHSCLK)
                  00004010    00000040                 : dl_adc12.o (.text.DL_ADC12_setClockConfig)
                  00004050    00000040     libclang_rt.builtins.a : aeabi_uidivmod.S.obj (.text.__aeabi_uidivmod)
                  00004090    00000040                            : extendsfdf2.S.obj (.text.__extendsfdf2)
                  000040d0    00000040     libc.a : atoi.c.obj (.text.atoi)
                  00004110    00000040     adc.o (.text.dma_init)
                  00004150    0000003c     libc.a : autoinit.c.obj (.text:__TI_auto_init_nobinit_nopinit)
                  0000418c    0000003a     libclang_rt.builtins.a : muldsi3.S.obj (.text.__muldsi3)
                  000041c6    00000002     --HOLE-- [fill = 0]
                  000041c8    00000038     ti_msp_dl_config.o (.text.SYSCFG_DL_init)
                  00004200    00000038     libc.a : getdevice.c.obj (.text.finddevice)
                  00004238    00000038            : sprintf.c.obj (.text.sprintf)
                  00004270    00000034            : fopen.c.obj (.text.__TI_cleanup)
                  000042a4    00000034     libsysbm.a : trgmsg.c.obj (.text.__TI_readmsg)
                  000042d8    00000034                : trgmsg.c.obj (.text.__TI_writemsg)
                  0000430c    00000034     libc.a : exit.c.obj (.text.exit)
                  00004340    00000030            : _printfi.c.obj (.text._fcpy)
                  00004370    0000002c     libclang_rt.builtins.a : floatsidf.S.obj (.text.__floatsidf)
                  0000439c    0000002c     uart.o (.text.uart_pro)
                  000043c8    0000002c     libsysbm.a : unlink.c.obj (.text.unlink)
                  000043f4    00000028     ti_msp_dl_config.o (.text.SYSCFG_DL_SYSCTL_CLK_init)
                  0000441c    00000028     libc.a : memory.c.obj (.text.free_list_insert)
                  00004444    00000028     key.o (.text.key_pro)
                  0000446c    00000028     libsysbm.a : lseek.c.obj (.text.lseek)
                  00004494    00000028                : write.c.obj (.text.write)
                  000044bc    00000028     libc.a : boot_cortex_m.c.obj (.text:_c_int00_noargs)
                  000044e4    00000026     driverlib.a : dl_i2c.o (.text.DL_I2C_setClockConfig)
                  0000450a    00000002     --HOLE-- [fill = 0]
                  0000450c    00000024     ti_msp_dl_config.o (.text.SYSCFG_DL_DMA_CH0_init)
                  00004530    00000024     libclang_rt.builtins.a : muldi3.S.obj (.text.__muldi3)
                  00004554    00000022     libc.a : memccpy.c.obj (.text.memccpy)
                  00004576    00000002     --HOLE-- [fill = 0]
                  00004578    00000020     driverlib.a : dl_uart.o (.text.DL_UART_transmitDataBlocking)
                  00004598    0000001e     libclang_rt.builtins.a : ashldi3.S.obj (.text.__ashldi3)
                  000045b6    00000002     --HOLE-- [fill = 0]
                  000045b8    0000001c     adc.o (.text.ADC0_IRQHandler)
                  000045d4    0000001c     driverlib.a : dl_timer.o (.text.DL_Timer_setCaptCompUpdateMethod)
                  000045f0    0000001c                 : dl_timer.o (.text.DL_Timer_setClockConfig)
                  0000460c    0000001c     interrupt.o (.text.TIMEG0_init)
                  00004628    0000001c     libc.a : memory.c.obj (.text.free_list_remove)
                  00004644    00000018     driverlib.a : dl_timer.o (.text.DL_Timer_setCaptureCompareOutCtl)
                  0000465c    00000018     libc.a : sprintf.c.obj (.text._outs)
                  00004674    00000018     adc.o (.text.adc_init)
                  0000468c    00000018     uart.o (.text.uart_init)
                  000046a4    00000014     libclang_rt.builtins.a : aeabi_uldivmod.S.obj (.text.__aeabi_uldivmod)
                  000046b8    00000014     uart.o (.text.fputc)
                  000046cc    00000014     libc.a : _printfi.c.obj (.text.strchr)
                  000046e0    00000012     driverlib.a : dl_uart.o (.text.DL_UART_setClockConfig)
                  000046f2    00000012     libsysbm.a : hostrename.c.obj (.text.strcpy)
                  00004704    00000012     libc.a : copy_decompress_none.c.obj (.text:decompress:none)
                  00004716    00000002     --HOLE-- [fill = 0]
                  00004718    00000010     driverlib.a : dl_timer.o (.text.DL_Timer_setCaptureCompareValue)
                  00004728    00000010     led.o (.text.LED2_blue_OFF)
                  00004738    00000010     led.o (.text.LED2_blue_ON)
                  00004748    00000010     libc.a : wcslen.c.obj (.text.wcslen)
                  00004758    00000010            : copy_zero_init.c.obj (.text:decompress:ZI)
                  00004768    0000000e            : memory.c.obj (.text.OUTLINED_FUNCTION_0)
                  00004776    00000002     --HOLE-- [fill = 0]
                  00004778    0000000e     libclang_rt.builtins.a : aeabi_memset.S.obj (.text.__aeabi_memset)
                  00004786    0000000e     libc.a : _printfi.c.obj (.text.strlen)
                  00004794    0000000e     libsysbm.a : hostrename.c.obj (.text.strlen)
                  000047a2    00000002     --HOLE-- [fill = 0]
                  000047a4    0000000c     interrupt.o (.text.TIMG0_IRQHandler)
                  000047b0    0000000c     libclang_rt.builtins.a : aeabi_memset.S.obj (.text.__aeabi_memclr)
                  000047bc    0000000c     libc.a : memory.c.obj (.text.malloc)
                  000047c8    0000000a     driverlib.a : dl_common.o (.text.DL_Common_delayCycles)
                  000047d2    0000000a     oled.o (.text.OLED_CLS)
                  000047dc    0000000a     libc.a : _printfi.c.obj (.text.OUTLINED_FUNCTION_0)
                  000047e6    00000002     --HOLE-- [fill = 0]
                  000047e8    00000010     libclang_rt.builtins.a : adddf3.S.obj (.tramp.__aeabi_dsub.1)
                  000047f8    0000000a     libc.a : _printfi.c.obj (.text.OUTLINED_FUNCTION_1)
                  00004802    0000000a            : sprintf.c.obj (.text._outc)
                  0000480c    00000008     ti_msp_dl_config.o (.text.SYSCFG_DL_DMA_init)
                  00004814    00000008     libc.a : aeabi_portable.c.obj (.text.__aeabi_errno_addr)
                  0000481c    00000008     libclang_rt.builtins.a : aeabi_memcpy.S.obj (.text.__aeabi_memcpy)
                  00004824    00000008     libc.a : printf.c.obj (.text._outc)
                  0000482c    00000008            : printf.c.obj (.text._outs)
                  00004834    00000008            : fseek.c.obj (.text.fseek)
                  0000483c    00000008     libsysbm.a : remove.c.obj (.text.remove)
                  00004844    00000004     startup_mspm0g350x_ticlang.o (.text.Reset_Handler)
                  00004848    00000004     libc.a : pre_init.c.obj (.text._system_pre_init)
                  0000484c    00000004            : exit.c.obj (.text:abort)

.cinit     0    00005000    00000088     
                  00005000    00000062     (.cinit..data.load) [load image, compression = lzss]
                  00005062    00000002     --HOLE-- [fill = 0]
                  00005064    0000000c     (__TI_handler_table)
                  00005070    00000008     (.cinit..bss.load) [load image, compression = zero_init]
                  00005078    00000010     (__TI_cinit_table)

.rodata    0    00004850    000007b0     
                  00004850    000005f0     oled.o (.rodata.F8X16)
                  00004e40    00000101     libc.a : aeabi_ctype.S.obj (.rodata:__aeabi_ctype_table_)
                  00004f41    00000003     ti_msp_dl_config.o (.rodata.gPWM_0ClockConfig)
                  00004f44    00000028     ti_msp_dl_config.o (.rodata.gSYSPLLConfig)
                  00004f6c    00000018     ti_msp_dl_config.o (.rodata.gDMA_CH0Config)
                  00004f84    00000014     ti_msp_dl_config.o (.rodata.gTIMER_0TimerConfig)
                  00004f98    00000011     libc.a : _printfi.c.obj (.rodata.str1.11645776875810915891)
                  00004fa9    00000011            : _printfi.c.obj (.rodata.str1.44690500295887128011)
                  00004fba    0000000f     empty.o (.rodata.str1.162906114796922795351)
                  00004fc9    00000001     --HOLE-- [fill = 0]
                  00004fca    0000000a     ti_msp_dl_config.o (.rodata.gUART_0Config)
                  00004fd4    00000008     ti_msp_dl_config.o (.rodata.gADC12_0ClockConfig)
                  00004fdc    00000008     ti_msp_dl_config.o (.rodata.gPWM_0Config)
                  00004fe4    00000006     key.o (.rodata.str1.41917054622232873651)
                  00004fea    00000005     empty.o (.rodata.str1.92454112862644078121)
                  00004fef    00000004     uart.o (.rodata.str1.151662036810702135711)
                  00004ff3    00000003     ti_msp_dl_config.o (.rodata.gTIMER_0ClockConfig)
                  00004ff6    00000002     ti_msp_dl_config.o (.rodata.gI2C_0ClockConfig)
                  00004ff8    00000002     ti_msp_dl_config.o (.rodata.gUART_0ClockConfig)
                  00004ffa    00000006     --HOLE-- [fill = 0]

.init_array 
*          0    00000000    00000000     UNINITIALIZED

.binit     0    00000000    00000000     

.sysmem    0    20200000    00001000     UNINITIALIZED
                  20200000    00000010     libc.a : memory.c.obj (.sysmem)
                  20200010    00000ff0     --HOLE--

.bss       0    20201000    00000c02     UNINITIALIZED
                  20201000    00000800     (.common:gADCSamples)
                  20201800    00000190     (.common:rx_data)
                  20201990    00000120     libsysbm.a : trgmsg.c.obj (.bss:_CIOBUF_)
                  20201ab0    000000a0     libc.a : defs.c.obj (.bss.__TI_tmpnams)
                  20201b50    00000078     (.common:gPWM_0Backup)
                  20201bc8    00000028     (.common:lcd_buf)
                  20201bf0    00000008     libsysbm.a : hostopen.c.obj (.bss.parmbuf)
                  20201bf8    00000004     libc.a : memory.c.obj (.bss.sys_free)
                  20201bfc    00000004     (.common:adc_value)
                  20201c00    00000001     (.common:adc_falg)
                  20201c01    00000001     (.common:check_dma_ADC)

.data      0    20201c04    000001d5     UNINITIALIZED
                  20201c04    000000f0     libc.a : defs.c.obj (.data._ftable)
                  20201cf4    00000078     libsysbm.a : host_device.c.obj (.data._device)
                  20201d6c    00000050                : host_device.c.obj (.data._stream)
                  20201dbc    00000008     libc.a : exit.c.obj (.data..L_MergedGlobals)
                  20201dc4    00000004            : defs.c.obj (.data.__TI_ft_end)
                  20201dc8    00000004            : aeabi_portable.c.obj (.data.__aeabi_errno)
                  20201dcc    00000004            : _lock.c.obj (.data._lock)
                  20201dd0    00000004            : _lock.c.obj (.data._unlock)
                  20201dd4    00000002     uart.o (.data.rx_cent)
                  20201dd6    00000001     uart.o (.data.rx_flag)
                  20201dd7    00000001     --HOLE--
                  20201dd8    00000001     libc.a : memory.c.obj (.data.memory_is_initialized)

.stack     0    20207e00    00000200     UNINITIALIZED
                  20207e00    00000004     libc.a : boot_cortex_m.c.obj (.stack)
                  20207e04    000001fc     --HOLE--

__llvm_prf_cnts 
*          0    20200000    00000000     UNINITIALIZED

__llvm_prf_bits 
*          0    20200000    00000000     UNINITIALIZED

MODULE SUMMARY

       Module                         code    ro data   rw data
       ------                         ----    -------   -------
    .\
       ti_msp_dl_config.o             960     120       120    
       startup_mspm0g350x_ticlang.o   6       192       0      
       empty.o                        136     20        40     
    +--+------------------------------+-------+---------+---------+
       Total:                         1102    332       160    
                                                               
    .\Hardware\
       oled.o                         4510    1520      0      
       adc.o                          116     0         2054   
       uart.o                         164     4         403    
       key.o                          448     6         0      
       interrupt.o                    40      0         0      
       led.o                          32      0         0      
    +--+------------------------------+-------+---------+---------+
       Total:                         5310    1530      2457   
                                                               
    C:/ti/mspm0_sdk_2_01_00_03/source/ti/driverlib/lib/ticlang/m0p/mspm0g1x0x_g3x0x/driverlib.a
       dl_timer.o                     524     0         0      
       dl_sysctl_mspm0g1x0x_g3x0x.o   388     0         0      
       dl_i2c.o                       132     0         0      
       dl_uart.o                      122     0         0      
       dl_dma.o                       76      0         0      
       dl_adc12.o                     64      0         0      
       dl_common.o                    10      0         0      
    +--+------------------------------+-------+---------+---------+
       Total:                         1316    0         0      
                                                               
    D:\CCS\ccs\tools\compiler\ti-cgt-armllvm_3.2.2.LTS\lib\armv6m-ti-none-eabi/c/libc.a
       _printfi.c.obj                 4558    34        0      
       memory.c.obj                   730     0         5      
       defs.c.obj                     0       0         404    
       fputs.c.obj                    260     0         0      
       aeabi_ctype.S.obj              0       257       0      
       setvbuf.c.obj                  220     0         0      
       s_scalbn.c.obj                 216     0         0      
       getdevice.c.obj                160     0         0      
       memcpy16.S.obj                 154     0         0      
       fclose.c.obj                   124     0         0      
       copy_decompress_lzss.c.obj     120     0         0      
       fseek.c.obj                    116     0         0      
       printf.c.obj                   108     0         0      
       _io_perm.c.obj                 100     0         0      
       memset16.S.obj                 98      0         0      
       s_frexp.c.obj                  92      0         0      
       sprintf.c.obj                  90      0         0      
       _ltoa.c.obj                    88      0         0      
       fflush.c.obj                   82      0         0      
       atoi.c.obj                     64      0         0      
       exit.c.obj                     56      0         8      
       autoinit.c.obj                 60      0         0      
       fopen.c.obj                    52      0         0      
       boot_cortex_m.c.obj            40      0         0      
       memccpy.c.obj                  34      0         0      
       copy_decompress_none.c.obj     18      0         0      
       copy_zero_init.c.obj           16      0         0      
       wcslen.c.obj                   16      0         0      
       aeabi_portable.c.obj           8       0         4      
       _lock.c.obj                    2       0         8      
       pre_init.c.obj                 4       0         0      
    +--+------------------------------+-------+---------+---------+
       Total:                         7686    291       429    
                                                               
    D:\CCS\ccs\tools\compiler\ti-cgt-armllvm_3.2.2.LTS\lib\armv6m-ti-none-eabi/c/libsysbm.a
       trgmsg.c.obj                   104     0         288    
       host_device.c.obj              0       0         200    
       hostrename.c.obj               140     0         0      
       hostlseek.c.obj                108     0         0      
       hostopen.c.obj                 96      0         8      
       hostread.c.obj                 88      0         0      
       hostwrite.c.obj                88      0         0      
       close.c.obj                    80      0         0      
       hostclose.c.obj                72      0         0      
       hostunlink.c.obj               72      0         0      
       unlink.c.obj                   44      0         0      
       lseek.c.obj                    40      0         0      
       write.c.obj                    40      0         0      
       remove.c.obj                   8       0         0      
    +--+------------------------------+-------+---------+---------+
       Total:                         980     0         496    
                                                               
    D:\CCS\ccs\tools\compiler\ti-cgt-armllvm_3.2.2.LTS\lib\clang/15.0.7/lib/armv6m-ti-none-eabi/libclang_rt.builtins.a
       adddf3.S.obj                   418     0         0      
       divdf3.S.obj                   268     0         0      
       muldf3.S.obj                   228     0         0      
       comparedf2.c.obj               220     0         0      
       udivmoddi4.S.obj               162     0         0      
       aeabi_dcmp.S.obj               98      0         0      
       aeabi_idivmod.S.obj            86      0         0      
       fixdfsi.S.obj                  74      0         0      
       aeabi_uidivmod.S.obj           64      0         0      
       extendsfdf2.S.obj              64      0         0      
       muldsi3.S.obj                  58      0         0      
       floatsidf.S.obj                44      0         0      
       muldi3.S.obj                   36      0         0      
       ashldi3.S.obj                  30      0         0      
       aeabi_memset.S.obj             26      0         0      
       aeabi_uldivmod.S.obj           20      0         0      
       aeabi_memcpy.S.obj             8       0         0      
       aeabi_div0.c.obj               4       0         0      
    +--+------------------------------+-------+---------+---------+
       Total:                         1908    0         0      
                                                               
       Heap:                          0       0         4096   
       Stack:                         0       0         512    
       Linker Generated:              0       134       0      
    +--+------------------------------+-------+---------+---------+
       Grand Total:                   18302   2287      8150   


LINKER GENERATED COPY TABLES

__TI_cinit_table @ 00005078 records: 2, size/record: 8, table size: 16
	.data: load addr=00005000, load size=00000062 bytes, run addr=20201c04, run size=000001d5 bytes, compression=lzss
	.bss: load addr=00005070, load size=00000008 bytes, run addr=20201000, run size=00000c02 bytes, compression=zero_init


LINKER GENERATED HANDLER TABLE

__TI_handler_table @ 00005064 records: 3, size/record: 4, table size: 12
	index: 0, handler: __TI_decompress_lzss
	index: 1, handler: __TI_decompress_none
	index: 2, handler: __TI_zero_init


FAR CALL TRAMPOLINES

callee name               trampoline name
   callee addr  tramp addr   call addr  call info
--------------  -----------  ---------  ----------------
__aeabi_dsub              $Tramp$TT$L$PI$$__aeabi_dsub
   00001ec5     000047e8     000047e4   libc.a : _printfi.c.obj (.text.OUTLINED_FUNCTION_0)

[1 trampolines]
[1 trampoline calls]


GLOBAL SYMBOLS: SORTED ALPHABETICALLY BY Name 

address   name                                 
-------   ----                                 
000045b9  ADC0_IRQHandler                      
00002057  ADC1_IRQHandler                      
00002057  AES_IRQHandler                       
0000484c  C$$EXIT                              
00004305  C$$IO$$                              
00002057  CANFD0_IRQHandler                    
00002057  DAC0_IRQHandler                      
00004011  DL_ADC12_setClockConfig              
000047c9  DL_Common_delayCycles                
00003dc5  DL_DMA_initChannel                   
000038fd  DL_I2C_fillControllerTXFIFO          
000044e5  DL_I2C_setClockConfig                
000029e1  DL_SYSCTL_configSYSPLL               
000035e9  DL_SYSCTL_setHFCLKSourceHFXTParams   
00003fcd  DL_SYSCTL_switchMCLKfromSYSOSCtoHSCLK
00002c71  DL_Timer_initPWMMode                 
00002815  DL_Timer_initTimerMode               
000045d5  DL_Timer_setCaptCompUpdateMethod     
00004645  DL_Timer_setCaptureCompareOutCtl     
00004719  DL_Timer_setCaptureCompareValue      
000045f1  DL_Timer_setClockConfig              
00003ef5  DL_UART_init                         
000046e1  DL_UART_setClockConfig               
00004579  DL_UART_transmitDataBlocking         
00002057  DMA_IRQHandler                       
00002057  Default_Handler                      
00004850  F8X16                                
00002057  GROUP0_IRQHandler                    
00002057  GROUP1_IRQHandler                    
00003f3d  HOSTclose                            
00003369  HOSTlseek                            
0000383d  HOSTopen                             
00003a71  HOSTread                             
000033d5  HOSTrename                           
00003f85  HOSTunlink                           
00003ac9  HOSTwrite                            
00002057  HardFault_Handler                    
00002057  I2C0_IRQHandler                      
00002057  I2C1_IRQHandler                      
00004729  LED2_blue_OFF                        
00004739  LED2_blue_ON                         
00002057  NMI_Handler                          
000047d3  OLED_CLS                             
00001575  OLED_Fill                            
000000c1  OLED_Init                            
00002195  OLED_SetPos                          
00001821  OLED_ShowChar                        
00003c27  OLED_ShowString                      
00002057  PendSV_Handler                       
00002057  RTC_IRQHandler                       
00004845  Reset_Handler                        
00002057  SPI0_IRQHandler                      
00002057  SPI1_IRQHandler                      
00002057  SVC_Handler                          
00002f09  SYSCFG_DL_ADC12_0_init               
0000450d  SYSCFG_DL_DMA_CH0_init               
0000480d  SYSCFG_DL_DMA_init                   
00003215  SYSCFG_DL_GPIO_init                  
00003c7d  SYSCFG_DL_I2C_0_init                 
0000395d  SYSCFG_DL_PWM_0_init                 
000043f5  SYSCFG_DL_SYSCTL_CLK_init            
0000364d  SYSCFG_DL_SYSCTL_init                
00003e11  SYSCFG_DL_TIMER_0_init               
00003289  SYSCFG_DL_UART_0_init                
000041c9  SYSCFG_DL_init                       
0000389d  SYSCFG_DL_initPower                  
00002057  SysTick_Handler                      
00002057  TIMA0_IRQHandler                     
00002057  TIMA1_IRQHandler                     
0000460d  TIMEG0_init                          
000047a5  TIMG0_IRQHandler                     
00002057  TIMG12_IRQHandler                    
00002057  TIMG6_IRQHandler                     
00002057  TIMG7_IRQHandler                     
00002057  TIMG8_IRQHandler                     
00003e5d  UART0_IRQHandler                     
00002057  UART1_IRQHandler                     
00002057  UART2_IRQHandler                     
00002057  UART3_IRQHandler                     
20201990  _CIOBUF_                             
20201990  __CIOBUF_                            
20208000  __STACK_END                          
00000200  __STACK_SIZE                         
00001000  __SYSMEM_SIZE                        
00000000  __TI_ATRegion0_region_sz             
00000000  __TI_ATRegion0_src_addr              
00000000  __TI_ATRegion0_trg_addr              
00000000  __TI_ATRegion1_region_sz             
00000000  __TI_ATRegion1_src_addr              
00000000  __TI_ATRegion1_trg_addr              
00000000  __TI_ATRegion2_region_sz             
00000000  __TI_ATRegion2_src_addr              
00000000  __TI_ATRegion2_trg_addr              
00005078  __TI_CINIT_Base                      
00005088  __TI_CINIT_Limit                     
00005088  __TI_CINIT_Warm                      
00005064  __TI_Handler_Table_Base              
00005070  __TI_Handler_Table_Limit             
00004151  __TI_auto_init_nobinit_nopinit       
00004271  __TI_cleanup                         
20201dbc  __TI_cleanup_ptr                     
000030a5  __TI_closefile                       
0000319d  __TI_decompress_lzss                 
00004705  __TI_decompress_none                 
00003cd1  __TI_doflush                         
20201dc0  __TI_dtors_ptr                       
20201dc4  __TI_ft_end                          
00003b21  __TI_ltoa                            
ffffffff  __TI_pprof_out_hndl                  
00000b75  __TI_printfi                         
ffffffff  __TI_prof_data_size                  
ffffffff  __TI_prof_data_start                 
000042a5  __TI_readmsg                         
00000000  __TI_static_base__                   
20201ab0  __TI_tmpnams                         
000042d9  __TI_writemsg                        
000036b1  __TI_wrt_ok                          
00004759  __TI_zero_init                       
00001ecf  __adddf3                             
00004e40  __aeabi_ctype_table_                 
00004e40  __aeabi_ctype_table_C                
00003ea9  __aeabi_d2iz                         
00001ecf  __aeabi_dadd                         
00003779  __aeabi_dcmpeq                       
000037b5  __aeabi_dcmpge                       
000037c9  __aeabi_dcmpgt                       
000037a1  __aeabi_dcmple                       
0000378d  __aeabi_dcmplt                       
00002519  __aeabi_ddiv                         
000028fd  __aeabi_dmul                         
00001ec5  __aeabi_dsub                         
20201dc8  __aeabi_errno                        
00004815  __aeabi_errno_addr                   
00004091  __aeabi_f2d                          
00004371  __aeabi_i2d                          
00003bd1  __aeabi_idiv                         
000035e7  __aeabi_idiv0                        
00003bd1  __aeabi_idivmod                      
0000395b  __aeabi_ldiv0                        
00004599  __aeabi_llsl                         
00004531  __aeabi_lmul                         
000047b1  __aeabi_memclr                       
000047b1  __aeabi_memclr4                      
000047b1  __aeabi_memclr8                      
0000481d  __aeabi_memcpy                       
0000481d  __aeabi_memcpy4                      
0000481d  __aeabi_memcpy8                      
00004779  __aeabi_memset                       
00004779  __aeabi_memset4                      
00004779  __aeabi_memset8                      
00004051  __aeabi_uidiv                        
00004051  __aeabi_uidivmod                     
000046a5  __aeabi_uldivmod                     
00004599  __ashldi3                            
ffffffff  __binit__                            
00003441  __cmpdf2                             
00002519  __divdf3                             
00003441  __eqdf2                              
00004091  __extendsfdf2                        
00003ea9  __fixdfsi                            
00004371  __floatsidf                          
000032f9  __gedf2                              
000032f9  __gtdf2                              
00003441  __ledf2                              
00003441  __ltdf2                              
UNDEFED   __mpu_init                           
000028fd  __muldf3                             
00004531  __muldi3                             
0000418d  __muldsi3                            
00003441  __nedf2                              
20207e00  __stack                              
20200000  __start___llvm_prf_bits              
20200000  __start___llvm_prf_cnts              
20200000  __stop___llvm_prf_bits               
20200000  __stop___llvm_prf_cnts               
00001ec5  __subdf3                             
00002d35  __udivmoddi4                         
000044bd  _c_int00_noargs                      
20201cf4  _device                              
20201c04  _ftable                              
20201dcc  _lock                                
00003c7b  _nop                                 
20201d6c  _stream                              
20200000  _sys_memory                          
UNDEFED   _system_post_cinit                   
00004849  _system_pre_init                     
20201dd0  _unlock                              
0000484d  abort                                
20201c00  adc_falg                             
00004675  adc_init                             
20201bfc  adc_value                            
000022cd  aligned_alloc                        
000040d1  atoi                                 
ffffffff  binit                                
20201c01  check_dma_ADC                        
00003d75  close                                
00003021  delay_ms                             
00004111  dma_init                             
0000430d  exit                                 
00004201  finddevice                           
000046b9  fputc                                
00002625  fputs                                
00002729  free                                 
000039b9  frexp                                
000039b9  frexpl                               
00004835  fseek                                
000034ad  fseeko                               
20201000  gADCSamples                          
20201b50  gPWM_0Backup                         
00003519  getdevice                            
00000000  interruptVectors                     
00002e71  key1_get                             
00003121  key2_get                             
00004445  key_pro                              
20201bc8  lcd_buf                              
00002b99  ldexp                                
00002b99  ldexpl                               
0000446d  lseek                                
00002f99  main                                 
000047bd  malloc                               
000022cd  memalign                             
00004555  memccpy                              
00002dd7  memcpy                               
000037db  memset                               
20201bf0  parmbuf                              
00003a15  printf                               
0000483d  remove                               
20201dd4  rx_cent                              
20201800  rx_data                              
20201dd6  rx_flag                              
00002b99  scalbn                               
00002b99  scalbnl                              
00002abd  setvbuf                              
00004239  sprintf                              
0000468d  uart_init                            
0000439d  uart_pro                             
000043c9  unlink                               
00004749  wcslen                               
00004495  write                                


GLOBAL SYMBOLS: SORTED BY Symbol Address 

address   name                                 
-------   ----                                 
00000000  __TI_ATRegion0_region_sz             
00000000  __TI_ATRegion0_src_addr              
00000000  __TI_ATRegion0_trg_addr              
00000000  __TI_ATRegion1_region_sz             
00000000  __TI_ATRegion1_src_addr              
00000000  __TI_ATRegion1_trg_addr              
00000000  __TI_ATRegion2_region_sz             
00000000  __TI_ATRegion2_src_addr              
00000000  __TI_ATRegion2_trg_addr              
00000000  __TI_static_base__                   
00000000  interruptVectors                     
000000c1  OLED_Init                            
00000200  __STACK_SIZE                         
00000b75  __TI_printfi                         
00001000  __SYSMEM_SIZE                        
00001575  OLED_Fill                            
00001821  OLED_ShowChar                        
00001ec5  __aeabi_dsub                         
00001ec5  __subdf3                             
00001ecf  __adddf3                             
00001ecf  __aeabi_dadd                         
00002057  ADC1_IRQHandler                      
00002057  AES_IRQHandler                       
00002057  CANFD0_IRQHandler                    
00002057  DAC0_IRQHandler                      
00002057  DMA_IRQHandler                       
00002057  Default_Handler                      
00002057  GROUP0_IRQHandler                    
00002057  GROUP1_IRQHandler                    
00002057  HardFault_Handler                    
00002057  I2C0_IRQHandler                      
00002057  I2C1_IRQHandler                      
00002057  NMI_Handler                          
00002057  PendSV_Handler                       
00002057  RTC_IRQHandler                       
00002057  SPI0_IRQHandler                      
00002057  SPI1_IRQHandler                      
00002057  SVC_Handler                          
00002057  SysTick_Handler                      
00002057  TIMA0_IRQHandler                     
00002057  TIMA1_IRQHandler                     
00002057  TIMG12_IRQHandler                    
00002057  TIMG6_IRQHandler                     
00002057  TIMG7_IRQHandler                     
00002057  TIMG8_IRQHandler                     
00002057  UART1_IRQHandler                     
00002057  UART2_IRQHandler                     
00002057  UART3_IRQHandler                     
00002195  OLED_SetPos                          
000022cd  aligned_alloc                        
000022cd  memalign                             
00002519  __aeabi_ddiv                         
00002519  __divdf3                             
00002625  fputs                                
00002729  free                                 
00002815  DL_Timer_initTimerMode               
000028fd  __aeabi_dmul                         
000028fd  __muldf3                             
000029e1  DL_SYSCTL_configSYSPLL               
00002abd  setvbuf                              
00002b99  ldexp                                
00002b99  ldexpl                               
00002b99  scalbn                               
00002b99  scalbnl                              
00002c71  DL_Timer_initPWMMode                 
00002d35  __udivmoddi4                         
00002dd7  memcpy                               
00002e71  key1_get                             
00002f09  SYSCFG_DL_ADC12_0_init               
00002f99  main                                 
00003021  delay_ms                             
000030a5  __TI_closefile                       
00003121  key2_get                             
0000319d  __TI_decompress_lzss                 
00003215  SYSCFG_DL_GPIO_init                  
00003289  SYSCFG_DL_UART_0_init                
000032f9  __gedf2                              
000032f9  __gtdf2                              
00003369  HOSTlseek                            
000033d5  HOSTrename                           
00003441  __cmpdf2                             
00003441  __eqdf2                              
00003441  __ledf2                              
00003441  __ltdf2                              
00003441  __nedf2                              
000034ad  fseeko                               
00003519  getdevice                            
000035e7  __aeabi_idiv0                        
000035e9  DL_SYSCTL_setHFCLKSourceHFXTParams   
0000364d  SYSCFG_DL_SYSCTL_init                
000036b1  __TI_wrt_ok                          
00003779  __aeabi_dcmpeq                       
0000378d  __aeabi_dcmplt                       
000037a1  __aeabi_dcmple                       
000037b5  __aeabi_dcmpge                       
000037c9  __aeabi_dcmpgt                       
000037db  memset                               
0000383d  HOSTopen                             
0000389d  SYSCFG_DL_initPower                  
000038fd  DL_I2C_fillControllerTXFIFO          
0000395b  __aeabi_ldiv0                        
0000395d  SYSCFG_DL_PWM_0_init                 
000039b9  frexp                                
000039b9  frexpl                               
00003a15  printf                               
00003a71  HOSTread                             
00003ac9  HOSTwrite                            
00003b21  __TI_ltoa                            
00003bd1  __aeabi_idiv                         
00003bd1  __aeabi_idivmod                      
00003c27  OLED_ShowString                      
00003c7b  _nop                                 
00003c7d  SYSCFG_DL_I2C_0_init                 
00003cd1  __TI_doflush                         
00003d75  close                                
00003dc5  DL_DMA_initChannel                   
00003e11  SYSCFG_DL_TIMER_0_init               
00003e5d  UART0_IRQHandler                     
00003ea9  __aeabi_d2iz                         
00003ea9  __fixdfsi                            
00003ef5  DL_UART_init                         
00003f3d  HOSTclose                            
00003f85  HOSTunlink                           
00003fcd  DL_SYSCTL_switchMCLKfromSYSOSCtoHSCLK
00004011  DL_ADC12_setClockConfig              
00004051  __aeabi_uidiv                        
00004051  __aeabi_uidivmod                     
00004091  __aeabi_f2d                          
00004091  __extendsfdf2                        
000040d1  atoi                                 
00004111  dma_init                             
00004151  __TI_auto_init_nobinit_nopinit       
0000418d  __muldsi3                            
000041c9  SYSCFG_DL_init                       
00004201  finddevice                           
00004239  sprintf                              
00004271  __TI_cleanup                         
000042a5  __TI_readmsg                         
000042d9  __TI_writemsg                        
00004305  C$$IO$$                              
0000430d  exit                                 
00004371  __aeabi_i2d                          
00004371  __floatsidf                          
0000439d  uart_pro                             
000043c9  unlink                               
000043f5  SYSCFG_DL_SYSCTL_CLK_init            
00004445  key_pro                              
0000446d  lseek                                
00004495  write                                
000044bd  _c_int00_noargs                      
000044e5  DL_I2C_setClockConfig                
0000450d  SYSCFG_DL_DMA_CH0_init               
00004531  __aeabi_lmul                         
00004531  __muldi3                             
00004555  memccpy                              
00004579  DL_UART_transmitDataBlocking         
00004599  __aeabi_llsl                         
00004599  __ashldi3                            
000045b9  ADC0_IRQHandler                      
000045d5  DL_Timer_setCaptCompUpdateMethod     
000045f1  DL_Timer_setClockConfig              
0000460d  TIMEG0_init                          
00004645  DL_Timer_setCaptureCompareOutCtl     
00004675  adc_init                             
0000468d  uart_init                            
000046a5  __aeabi_uldivmod                     
000046b9  fputc                                
000046e1  DL_UART_setClockConfig               
00004705  __TI_decompress_none                 
00004719  DL_Timer_setCaptureCompareValue      
00004729  LED2_blue_OFF                        
00004739  LED2_blue_ON                         
00004749  wcslen                               
00004759  __TI_zero_init                       
00004779  __aeabi_memset                       
00004779  __aeabi_memset4                      
00004779  __aeabi_memset8                      
000047a5  TIMG0_IRQHandler                     
000047b1  __aeabi_memclr                       
000047b1  __aeabi_memclr4                      
000047b1  __aeabi_memclr8                      
000047bd  malloc                               
000047c9  DL_Common_delayCycles                
000047d3  OLED_CLS                             
0000480d  SYSCFG_DL_DMA_init                   
00004815  __aeabi_errno_addr                   
0000481d  __aeabi_memcpy                       
0000481d  __aeabi_memcpy4                      
0000481d  __aeabi_memcpy8                      
00004835  fseek                                
0000483d  remove                               
00004845  Reset_Handler                        
00004849  _system_pre_init                     
0000484c  C$$EXIT                              
0000484d  abort                                
00004850  F8X16                                
00004e40  __aeabi_ctype_table_                 
00004e40  __aeabi_ctype_table_C                
00005064  __TI_Handler_Table_Base              
00005070  __TI_Handler_Table_Limit             
00005078  __TI_CINIT_Base                      
00005088  __TI_CINIT_Limit                     
00005088  __TI_CINIT_Warm                      
20200000  __start___llvm_prf_bits              
20200000  __start___llvm_prf_cnts              
20200000  __stop___llvm_prf_bits               
20200000  __stop___llvm_prf_cnts               
20200000  _sys_memory                          
20201000  gADCSamples                          
20201800  rx_data                              
20201990  _CIOBUF_                             
20201990  __CIOBUF_                            
20201ab0  __TI_tmpnams                         
20201b50  gPWM_0Backup                         
20201bc8  lcd_buf                              
20201bf0  parmbuf                              
20201bfc  adc_value                            
20201c00  adc_falg                             
20201c01  check_dma_ADC                        
20201c04  _ftable                              
20201cf4  _device                              
20201d6c  _stream                              
20201dbc  __TI_cleanup_ptr                     
20201dc0  __TI_dtors_ptr                       
20201dc4  __TI_ft_end                          
20201dc8  __aeabi_errno                        
20201dcc  _lock                                
20201dd0  _unlock                              
20201dd4  rx_cent                              
20201dd6  rx_flag                              
20207e00  __stack                              
20208000  __STACK_END                          
ffffffff  __TI_pprof_out_hndl                  
ffffffff  __TI_prof_data_size                  
ffffffff  __TI_prof_data_start                 
ffffffff  __binit__                            
ffffffff  binit                                
UNDEFED   __mpu_init                           
UNDEFED   _system_post_cinit                   

[239 symbols]
