******************************************************************************
            TI ARM Clang Linker PC v3.2.2                      
******************************************************************************
>> Linked Thu Aug  1 10:09:08 2024

OUTPUT FILE NAME:   <15_adc_dma_time_trigger.out>
ENTRY POINT SYMBOL: "_c_int00_noargs"  address: 00003941


MEMORY CONFIGURATION

         name            origin    length      used     unused   attr    fill
----------------------  --------  ---------  --------  --------  ----  --------
  FLASH                 00000000   00020000  00004460  0001bba0  R  X
  SRAM                  20200000   00008000  00001df0  00006210  RW X
  BCR_CONFIG            41c00000   00000080  00000000  00000080  R   
  BSL_CONFIG            41c00100   00000080  00000000  00000080  R   


SEGMENT ALLOCATION MAP

run origin  load origin   length   init length attrs members
----------  ----------- ---------- ----------- ----- -------
00000000    00000000    00004460   00004460    r-x
  00000000    00000000    000000c0   000000c0    r-- .intvecs
  000000c0    000000c0    00003bb0   00003bb0    r-x .text
  00003c70    00003c70    000007a0   000007a0    r-- .rodata
  00004410    00004410    00000050   00000050    r-- .cinit
20200000    20200000    00001bf3   00000000    rw-
  20200000    20200000    00001000   00000000    rw- .sysmem
  20201000    20201000    00000af1   00000000    rw- .bss
  20201af4    20201af4    000000ff   00000000    rw- .data
20207e00    20207e00    00000200   00000000    rw-
  20207e00    20207e00    00000200   00000000    rw- .stack


SECTION ALLOCATION MAP

 output                                  attributes/
section   page    origin      length       input sections
--------  ----  ----------  ----------   ----------------
.intvecs   0    00000000    000000c0     
                  00000000    000000c0     startup_mspm0g350x_ticlang.o (.intvecs)

.text      0    000000c0    00003bb0     
                  000000c0    00000ab4     oled.o (.text.OLED_Init)
                  00000b74    00000a00     libc.a : _printfi.c.obj (.text:__TI_printfi)
                  00001574    000002ac     oled.o (.text.OLED_Fill)
                  00001820    000002a8     oled.o (.text.OLED_ShowChar)
                  00001ac8    00000220     libc.a : _printfi.c.obj (.text._pconv_a)
                  00001ce8    000001dc            : _printfi.c.obj (.text._pconv_g)
                  00001ec4    00000192     libclang_rt.builtins.a : adddf3.S.obj (.text.adddf3_subdf3)
                  00002056    00000002     startup_mspm0g350x_ticlang.o (.text.Default_Handler)
                  00002058    0000013c     libc.a : _printfi.c.obj (.text.fcvt)
                  00002194    00000138     oled.o (.text.OLED_SetPos)
                  000022cc    00000120     libc.a : _printfi.c.obj (.text._pconv_e)
                  000023ec    0000010c     libclang_rt.builtins.a : divdf3.S.obj (.text.__divdf3)
                  000024f8    000000e8     driverlib.a : dl_timer.o (.text.DL_Timer_initTimerMode)
                  000025e0    000000e4     libclang_rt.builtins.a : muldf3.S.obj (.text.__muldf3)
                  000026c4    000000d8     libc.a : s_scalbn.c.obj (.text.scalbn)
                  0000279c    000000c4     driverlib.a : dl_timer.o (.text.DL_Timer_initPWMMode)
                  00002860    000000c4     uart.o (.text.fputs)
                  00002924    000000a2     libclang_rt.builtins.a : udivmoddi4.S.obj (.text)
                  000029c6    00000002                            : aeabi_div0.c.obj (.text.__aeabi_idiv0)
                  000029c8    000000a0     ti_msp_dl_config.o (.text.SYSCFG_DL_ADC12_0_init)
                  00002a68    0000009a     libc.a : memcpy16.S.obj (.text:memcpy)
                  00002b02    00000002     libclang_rt.builtins.a : aeabi_div0.c.obj (.text.__aeabi_ldiv0)
                  00002b04    00000098     key.o (.text.key1_get)
                  00002b9c    00000090     empty.o (.text.main)
                  00002c2c    00000084     key.o (.text.delay_ms)
                  00002cb0    0000007c     key.o (.text.key2_get)
                  00002d2c    00000078     libc.a : copy_decompress_lzss.c.obj (.text:decompress:lzss)
                  00002da4    00000070     ti_msp_dl_config.o (.text.SYSCFG_DL_UART_0_init)
                  00002e14    00000070     ti_msp_dl_config.o (.text.SYSCFG_DL_initPower)
                  00002e84    00000070     libclang_rt.builtins.a : comparedf2.c.obj (.text.__gedf2)
                  00002ef4    0000006c     ti_msp_dl_config.o (.text.SYSCFG_DL_GPIO_init)
                  00002f60    0000006c     libclang_rt.builtins.a : comparedf2.c.obj (.text.__ledf2)
                  00002fcc    00000066     libc.a : _printfi.c.obj (.text._mcpy)
                  00003032    00000002            : _lock.c.obj (.text._nop)
                  00003034    00000062     libclang_rt.builtins.a : aeabi_dcmp.S.obj (.text.__aeabi_dcmp)
                  00003096    00000062     libc.a : memset16.S.obj (.text:memset)
                  000030f8    0000005e     driverlib.a : dl_i2c.o (.text.DL_I2C_fillControllerTXFIFO)
                  00003156    00000002     --HOLE-- [fill = 0]
                  00003158    0000005c     ti_msp_dl_config.o (.text.SYSCFG_DL_PWM_0_init)
                  000031b4    0000005c     libc.a : s_frexp.c.obj (.text.frexp)
                  00003210    0000005c            : printf.c.obj (.text.printf)
                  0000326c    00000058            : _ltoa.c.obj (.text.__TI_ltoa)
                  000032c4    00000058            : _printfi.c.obj (.text._pconv_f)
                  0000331c    00000056     libclang_rt.builtins.a : aeabi_idivmod.S.obj (.text.__aeabi_idivmod)
                  00003372    00000054     oled.o (.text.OLED_ShowString)
                  000033c6    00000002     --HOLE-- [fill = 0]
                  000033c8    00000054     ti_msp_dl_config.o (.text.SYSCFG_DL_I2C_0_init)
                  0000341c    00000052     libc.a : _printfi.c.obj (.text._ecpy)
                  0000346e    00000002     --HOLE-- [fill = 0]
                  00003470    0000004c     driverlib.a : dl_dma.o (.text.DL_DMA_initChannel)
                  000034bc    0000004c     ti_msp_dl_config.o (.text.SYSCFG_DL_TIMER_0_init)
                  00003508    0000004c     uart.o (.text.UART0_IRQHandler)
                  00003554    0000004a     libclang_rt.builtins.a : fixdfsi.S.obj (.text.__fixdfsi)
                  0000359e    00000002     --HOLE-- [fill = 0]
                  000035a0    00000048     driverlib.a : dl_uart.o (.text.DL_UART_init)
                  000035e8    00000048     ti_msp_dl_config.o (.text.SYSCFG_DL_init)
                  00003630    00000040     driverlib.a : dl_adc12.o (.text.DL_ADC12_setClockConfig)
                  00003670    00000040     ti_msp_dl_config.o (.text.SYSCFG_DL_TIMER_ADC_init)
                  000036b0    00000040     libclang_rt.builtins.a : aeabi_uidivmod.S.obj (.text.__aeabi_uidivmod)
                  000036f0    00000040                            : extendsfdf2.S.obj (.text.__extendsfdf2)
                  00003730    00000040     libc.a : atoi.c.obj (.text.atoi)
                  00003770    00000040     adc.o (.text.dma_init)
                  000037b0    0000003c     libc.a : autoinit.c.obj (.text:__TI_auto_init_nobinit_nopinit)
                  000037ec    0000003a     libclang_rt.builtins.a : muldsi3.S.obj (.text.__muldsi3)
                  00003826    00000002     --HOLE-- [fill = 0]
                  00003828    00000038     libc.a : sprintf.c.obj (.text.sprintf)
                  00003860    00000030     ti_msp_dl_config.o (.text.SYSCFG_DL_SYSCTL_init)
                  00003890    00000030     libc.a : _printfi.c.obj (.text._fcpy)
                  000038c0    0000002c     libclang_rt.builtins.a : floatsidf.S.obj (.text.__floatsidf)
                  000038ec    0000002c     uart.o (.text.uart_pro)
                  00003918    00000028     key.o (.text.key_pro)
                  00003940    00000028     libc.a : boot_cortex_m.c.obj (.text:_c_int00_noargs)
                  00003968    00000026     driverlib.a : dl_i2c.o (.text.DL_I2C_setClockConfig)
                  0000398e    00000002     --HOLE-- [fill = 0]
                  00003990    00000024     ti_msp_dl_config.o (.text.SYSCFG_DL_DMA_CH0_init)
                  000039b4    00000024     libclang_rt.builtins.a : muldi3.S.obj (.text.__muldi3)
                  000039d8    00000022     libc.a : memccpy.c.obj (.text.memccpy)
                  000039fa    00000002     --HOLE-- [fill = 0]
                  000039fc    00000020     driverlib.a : dl_uart.o (.text.DL_UART_transmitDataBlocking)
                  00003a1c    00000020     ti_msp_dl_config.o (.text.SYSCFG_DL_SYSCTL_CLK_init)
                  00003a3c    0000001e     libclang_rt.builtins.a : ashldi3.S.obj (.text.__ashldi3)
                  00003a5a    00000002     --HOLE-- [fill = 0]
                  00003a5c    0000001c     adc.o (.text.ADC0_IRQHandler)
                  00003a78    0000001c     driverlib.a : dl_timer.o (.text.DL_Timer_setCaptCompUpdateMethod)
                  00003a94    0000001c                 : dl_timer.o (.text.DL_Timer_setClockConfig)
                  00003ab0    0000001c     interrupt.o (.text.TIMEG0_init)
                  00003acc    00000018     driverlib.a : dl_timer.o (.text.DL_Timer_setCaptureCompareOutCtl)
                  00003ae4    00000018     libc.a : sprintf.c.obj (.text._outs)
                  00003afc    00000018     uart.o (.text.uart_init)
                  00003b14    00000014     libclang_rt.builtins.a : aeabi_uldivmod.S.obj (.text.__aeabi_uldivmod)
                  00003b28    00000014     uart.o (.text.fputc)
                  00003b3c    00000014     libc.a : _printfi.c.obj (.text.strchr)
                  00003b50    00000012     driverlib.a : dl_uart.o (.text.DL_UART_setClockConfig)
                  00003b62    00000012     libc.a : copy_decompress_none.c.obj (.text:decompress:none)
                  00003b74    00000010     driverlib.a : dl_timer.o (.text.DL_Timer_setCaptureCompareValue)
                  00003b84    00000010     led.o (.text.LED2_blue_OFF)
                  00003b94    00000010     led.o (.text.LED2_blue_ON)
                  00003ba4    00000010     libc.a : wcslen.c.obj (.text.wcslen)
                  00003bb4    00000010            : copy_zero_init.c.obj (.text:decompress:ZI)
                  00003bc4    0000000e     libclang_rt.builtins.a : aeabi_memset.S.obj (.text.__aeabi_memset)
                  00003bd2    0000000e     libc.a : _printfi.c.obj (.text.strlen)
                  00003be0    0000000c     interrupt.o (.text.TIMG0_IRQHandler)
                  00003bec    0000000c     libclang_rt.builtins.a : aeabi_memset.S.obj (.text.__aeabi_memclr)
                  00003bf8    0000000a     driverlib.a : dl_common.o (.text.DL_Common_delayCycles)
                  00003c02    0000000a     oled.o (.text.OLED_CLS)
                  00003c0c    0000000a     libc.a : _printfi.c.obj (.text.OUTLINED_FUNCTION_0)
                  00003c16    00000002     --HOLE-- [fill = 0]
                  00003c18    00000010     libclang_rt.builtins.a : adddf3.S.obj (.tramp.__aeabi_dsub.1)
                  00003c28    0000000a     libc.a : _printfi.c.obj (.text.OUTLINED_FUNCTION_1)
                  00003c32    0000000a            : sprintf.c.obj (.text._outc)
                  00003c3c    00000008     ti_msp_dl_config.o (.text.SYSCFG_DL_DMA_init)
                  00003c44    00000008     libc.a : aeabi_portable.c.obj (.text.__aeabi_errno_addr)
                  00003c4c    00000008     libclang_rt.builtins.a : aeabi_memcpy.S.obj (.text.__aeabi_memcpy)
                  00003c54    00000008     libc.a : printf.c.obj (.text._outc)
                  00003c5c    00000008            : printf.c.obj (.text._outs)
                  00003c64    00000004     startup_mspm0g350x_ticlang.o (.text.Reset_Handler)
                  00003c68    00000004     libc.a : pre_init.c.obj (.text._system_pre_init)
                  00003c6c    00000004            : exit.c.obj (.text:abort)

.cinit     0    00004410    00000050     
                  00004410    0000002c     (.cinit..data.load) [load image, compression = lzss]
                  0000443c    0000000c     (__TI_handler_table)
                  00004448    00000008     (.cinit..bss.load) [load image, compression = zero_init]
                  00004450    00000010     (__TI_cinit_table)

.rodata    0    00003c70    000007a0     
                  00003c70    000005f0     oled.o (.rodata.F8X16)
                  00004260    00000101     libc.a : aeabi_ctype.S.obj (.rodata:__aeabi_ctype_table_)
                  00004361    00000003     ti_msp_dl_config.o (.rodata.gPWM_0ClockConfig)
                  00004364    00000018     ti_msp_dl_config.o (.rodata.gDMA_CH0Config)
                  0000437c    00000014     ti_msp_dl_config.o (.rodata.gTIMER_0TimerConfig)
                  00004390    00000014     ti_msp_dl_config.o (.rodata.gTIMER_ADCTimerConfig)
                  000043a4    00000011     libc.a : _printfi.c.obj (.rodata.str1.11645776875810915891)
                  000043b5    00000011            : _printfi.c.obj (.rodata.str1.44690500295887128011)
                  000043c6    0000000f     empty.o (.rodata.str1.162906114796922795351)
                  000043d5    00000001     --HOLE-- [fill = 0]
                  000043d6    0000000a     ti_msp_dl_config.o (.rodata.gUART_0Config)
                  000043e0    00000008     ti_msp_dl_config.o (.rodata.gADC12_0ClockConfig)
                  000043e8    00000008     ti_msp_dl_config.o (.rodata.gPWM_0Config)
                  000043f0    00000006     key.o (.rodata.str1.41917054622232873651)
                  000043f6    00000005     empty.o (.rodata.str1.92454112862644078121)
                  000043fb    00000004     uart.o (.rodata.str1.151662036810702135711)
                  000043ff    00000003     ti_msp_dl_config.o (.rodata.gTIMER_0ClockConfig)
                  00004402    00000003     ti_msp_dl_config.o (.rodata.gTIMER_ADCClockConfig)
                  00004405    00000002     ti_msp_dl_config.o (.rodata.gI2C_0ClockConfig)
                  00004407    00000002     ti_msp_dl_config.o (.rodata.gUART_0ClockConfig)
                  00004409    00000007     --HOLE-- [fill = 0]

.init_array 
*          0    00000000    00000000     UNINITIALIZED

.binit     0    00000000    00000000     

.sysmem    0    20200000    00001000     UNINITIALIZED
                  20200000    00000010     libc.a : memory.c.obj (.sysmem)
                  20200010    00000ff0     --HOLE--

.bss       0    20201000    00000af1     UNINITIALIZED
                  20201000    00000800     (.common:gADCSamples)
                  20201800    00000190     (.common:rx_data)
                  20201990    000000bc     (.common:gTIMER_ADCBackup)
                  20201a4c    00000078     (.common:gPWM_0Backup)
                  20201ac4    00000028     (.common:lcd_buf)
                  20201aec    00000004     (.common:adc_value)
                  20201af0    00000001     (.common:check_dma_ADC)

.data      0    20201af4    000000ff     UNINITIALIZED
                  20201af4    000000f0     libc.a : defs.c.obj (.data._ftable)
                  20201be4    00000004            : aeabi_portable.c.obj (.data.__aeabi_errno)
                  20201be8    00000004            : _lock.c.obj (.data._lock)
                  20201bec    00000004            : _lock.c.obj (.data._unlock)
                  20201bf0    00000002     uart.o (.data.rx_cent)
                  20201bf2    00000001     uart.o (.data.rx_flag)

.stack     0    20207e00    00000200     UNINITIALIZED
                  20207e00    00000004     libc.a : boot_cortex_m.c.obj (.stack)
                  20207e04    000001fc     --HOLE--

__llvm_prf_cnts 
*          0    20200000    00000000     UNINITIALIZED

__llvm_prf_bits 
*          0    20200000    00000000     UNINITIALIZED

MODULE SUMMARY

       Module                         code    ro data   rw data
       ------                         ----    -------   -------
    .\
       ti_msp_dl_config.o             1004    103       308    
       empty.o                        144     20        40     
       startup_mspm0g350x_ticlang.o   6       192       0      
    +--+------------------------------+-------+---------+---------+
       Total:                         1154    315       348    
                                                               
    .\Hardware\
       oled.o                         4510    1520      0      
       adc.o                          92      0         2053   
       uart.o                         360     4         403    
       key.o                          448     6         0      
       interrupt.o                    40      0         0      
       led.o                          32      0         0      
    +--+------------------------------+-------+---------+---------+
       Total:                         5482    1530      2456   
                                                               
    C:/ti/mspm0_sdk_2_01_00_03/source/ti/driverlib/lib/ticlang/m0p/mspm0g1x0x_g3x0x/driverlib.a
       dl_timer.o                     524     0         0      
       dl_i2c.o                       132     0         0      
       dl_uart.o                      122     0         0      
       dl_dma.o                       76      0         0      
       dl_adc12.o                     64      0         0      
       dl_common.o                    10      0         0      
    +--+------------------------------+-------+---------+---------+
       Total:                         928     0         0      
                                                               
    D:\CCS\ccs\tools\compiler\ti-cgt-armllvm_3.2.2.LTS\lib\armv6m-ti-none-eabi/c/libc.a
       _printfi.c.obj                 4558    34        0      
       aeabi_ctype.S.obj              0       257       0      
       defs.c.obj                     0       0         240    
       s_scalbn.c.obj                 216     0         0      
       memcpy16.S.obj                 154     0         0      
       copy_decompress_lzss.c.obj     120     0         0      
       printf.c.obj                   108     0         0      
       memset16.S.obj                 98      0         0      
       s_frexp.c.obj                  92      0         0      
       sprintf.c.obj                  90      0         0      
       _ltoa.c.obj                    88      0         0      
       atoi.c.obj                     64      0         0      
       autoinit.c.obj                 60      0         0      
       boot_cortex_m.c.obj            40      0         0      
       memccpy.c.obj                  34      0         0      
       copy_decompress_none.c.obj     18      0         0      
       copy_zero_init.c.obj           16      0         0      
       wcslen.c.obj                   16      0         0      
       aeabi_portable.c.obj           8       0         4      
       _lock.c.obj                    2       0         8      
       exit.c.obj                     4       0         0      
       pre_init.c.obj                 4       0         0      
    +--+------------------------------+-------+---------+---------+
       Total:                         5790    291       252    
                                                               
    D:\CCS\ccs\tools\compiler\ti-cgt-armllvm_3.2.2.LTS\lib\clang/15.0.7/lib/armv6m-ti-none-eabi/libclang_rt.builtins.a
       adddf3.S.obj                   418     0         0      
       divdf3.S.obj                   268     0         0      
       muldf3.S.obj                   228     0         0      
       comparedf2.c.obj               220     0         0      
       udivmoddi4.S.obj               162     0         0      
       aeabi_dcmp.S.obj               98      0         0      
       aeabi_idivmod.S.obj            86      0         0      
       fixdfsi.S.obj                  74      0         0      
       aeabi_uidivmod.S.obj           64      0         0      
       extendsfdf2.S.obj              64      0         0      
       muldsi3.S.obj                  58      0         0      
       floatsidf.S.obj                44      0         0      
       muldi3.S.obj                   36      0         0      
       ashldi3.S.obj                  30      0         0      
       aeabi_memset.S.obj             26      0         0      
       aeabi_uldivmod.S.obj           20      0         0      
       aeabi_memcpy.S.obj             8       0         0      
       aeabi_div0.c.obj               4       0         0      
    +--+------------------------------+-------+---------+---------+
       Total:                         1908    0         0      
                                                               
       Heap:                          0       0         4096   
       Stack:                         0       0         512    
       Linker Generated:              0       80        0      
    +--+------------------------------+-------+---------+---------+
       Grand Total:                   15262   2216      7664   


LINKER GENERATED COPY TABLES

__TI_cinit_table @ 00004450 records: 2, size/record: 8, table size: 16
	.data: load addr=00004410, load size=0000002c bytes, run addr=20201af4, run size=000000ff bytes, compression=lzss
	.bss: load addr=00004448, load size=00000008 bytes, run addr=20201000, run size=00000af1 bytes, compression=zero_init


LINKER GENERATED HANDLER TABLE

__TI_handler_table @ 0000443c records: 3, size/record: 4, table size: 12
	index: 0, handler: __TI_decompress_lzss
	index: 1, handler: __TI_decompress_none
	index: 2, handler: __TI_zero_init


FAR CALL TRAMPOLINES

callee name               trampoline name
   callee addr  tramp addr   call addr  call info
--------------  -----------  ---------  ----------------
__aeabi_dsub              $Tramp$TT$L$PI$$__aeabi_dsub
   00001ec5     00003c18     00003c14   libc.a : _printfi.c.obj (.text.OUTLINED_FUNCTION_0)

[1 trampolines]
[1 trampoline calls]


GLOBAL SYMBOLS: SORTED ALPHABETICALLY BY Name 

address   name                            
-------   ----                            
00003a5d  ADC0_IRQHandler                 
00002057  ADC1_IRQHandler                 
00002057  AES_IRQHandler                  
00003c6c  C$$EXIT                         
00002057  CANFD0_IRQHandler               
00002057  DAC0_IRQHandler                 
00003631  DL_ADC12_setClockConfig         
00003bf9  DL_Common_delayCycles           
00003471  DL_DMA_initChannel              
000030f9  DL_I2C_fillControllerTXFIFO     
00003969  DL_I2C_setClockConfig           
0000279d  DL_Timer_initPWMMode            
000024f9  DL_Timer_initTimerMode          
00003a79  DL_Timer_setCaptCompUpdateMethod
00003acd  DL_Timer_setCaptureCompareOutCtl
00003b75  DL_Timer_setCaptureCompareValue 
00003a95  DL_Timer_setClockConfig         
000035a1  DL_UART_init                    
00003b51  DL_UART_setClockConfig          
000039fd  DL_UART_transmitDataBlocking    
00002057  DMA_IRQHandler                  
00002057  Default_Handler                 
00003c70  F8X16                           
00002057  GROUP0_IRQHandler               
00002057  GROUP1_IRQHandler               
00002057  HardFault_Handler               
00002057  I2C0_IRQHandler                 
00002057  I2C1_IRQHandler                 
00003b85  LED2_blue_OFF                   
00003b95  LED2_blue_ON                    
00002057  NMI_Handler                     
00003c03  OLED_CLS                        
00001575  OLED_Fill                       
000000c1  OLED_Init                       
00002195  OLED_SetPos                     
00001821  OLED_ShowChar                   
00003373  OLED_ShowString                 
00002057  PendSV_Handler                  
00002057  RTC_IRQHandler                  
00003c65  Reset_Handler                   
00002057  SPI0_IRQHandler                 
00002057  SPI1_IRQHandler                 
00002057  SVC_Handler                     
000029c9  SYSCFG_DL_ADC12_0_init          
00003991  SYSCFG_DL_DMA_CH0_init          
00003c3d  SYSCFG_DL_DMA_init              
00002ef5  SYSCFG_DL_GPIO_init             
000033c9  SYSCFG_DL_I2C_0_init            
00003159  SYSCFG_DL_PWM_0_init            
00003a1d  SYSCFG_DL_SYSCTL_CLK_init       
00003861  SYSCFG_DL_SYSCTL_init           
000034bd  SYSCFG_DL_TIMER_0_init          
00003671  SYSCFG_DL_TIMER_ADC_init        
00002da5  SYSCFG_DL_UART_0_init           
000035e9  SYSCFG_DL_init                  
00002e15  SYSCFG_DL_initPower             
00002057  SysTick_Handler                 
00002057  TIMA0_IRQHandler                
00002057  TIMA1_IRQHandler                
00003ab1  TIMEG0_init                     
00003be1  TIMG0_IRQHandler                
00002057  TIMG12_IRQHandler               
00002057  TIMG6_IRQHandler                
00002057  TIMG7_IRQHandler                
00002057  TIMG8_IRQHandler                
00003509  UART0_IRQHandler                
00002057  UART1_IRQHandler                
00002057  UART2_IRQHandler                
00002057  UART3_IRQHandler                
20208000  __STACK_END                     
00000200  __STACK_SIZE                    
00001000  __SYSMEM_SIZE                   
00000000  __TI_ATRegion0_region_sz        
00000000  __TI_ATRegion0_src_addr         
00000000  __TI_ATRegion0_trg_addr         
00000000  __TI_ATRegion1_region_sz        
00000000  __TI_ATRegion1_src_addr         
00000000  __TI_ATRegion1_trg_addr         
00000000  __TI_ATRegion2_region_sz        
00000000  __TI_ATRegion2_src_addr         
00000000  __TI_ATRegion2_trg_addr         
00004450  __TI_CINIT_Base                 
00004460  __TI_CINIT_Limit                
00004460  __TI_CINIT_Warm                 
0000443c  __TI_Handler_Table_Base         
00004448  __TI_Handler_Table_Limit        
000037b1  __TI_auto_init_nobinit_nopinit  
00002d2d  __TI_decompress_lzss            
00003b63  __TI_decompress_none            
0000326d  __TI_ltoa                       
ffffffff  __TI_pprof_out_hndl             
00000b75  __TI_printfi                    
ffffffff  __TI_prof_data_size             
ffffffff  __TI_prof_data_start            
00000000  __TI_static_base__              
00003bb5  __TI_zero_init                  
00001ecf  __adddf3                        
00004260  __aeabi_ctype_table_            
00004260  __aeabi_ctype_table_C           
00003555  __aeabi_d2iz                    
00001ecf  __aeabi_dadd                    
00003035  __aeabi_dcmpeq                  
00003071  __aeabi_dcmpge                  
00003085  __aeabi_dcmpgt                  
0000305d  __aeabi_dcmple                  
00003049  __aeabi_dcmplt                  
000023ed  __aeabi_ddiv                    
000025e1  __aeabi_dmul                    
00001ec5  __aeabi_dsub                    
20201be4  __aeabi_errno                   
00003c45  __aeabi_errno_addr              
000036f1  __aeabi_f2d                     
000038c1  __aeabi_i2d                     
0000331d  __aeabi_idiv                    
000029c7  __aeabi_idiv0                   
0000331d  __aeabi_idivmod                 
00002b03  __aeabi_ldiv0                   
00003a3d  __aeabi_llsl                    
000039b5  __aeabi_lmul                    
00003bed  __aeabi_memclr                  
00003bed  __aeabi_memclr4                 
00003bed  __aeabi_memclr8                 
00003c4d  __aeabi_memcpy                  
00003c4d  __aeabi_memcpy4                 
00003c4d  __aeabi_memcpy8                 
00003bc5  __aeabi_memset                  
00003bc5  __aeabi_memset4                 
00003bc5  __aeabi_memset8                 
000036b1  __aeabi_uidiv                   
000036b1  __aeabi_uidivmod                
00003b15  __aeabi_uldivmod                
00003a3d  __ashldi3                       
ffffffff  __binit__                       
00002f61  __cmpdf2                        
000023ed  __divdf3                        
00002f61  __eqdf2                         
000036f1  __extendsfdf2                   
00003555  __fixdfsi                       
000038c1  __floatsidf                     
00002e85  __gedf2                         
00002e85  __gtdf2                         
00002f61  __ledf2                         
00002f61  __ltdf2                         
UNDEFED   __mpu_init                      
000025e1  __muldf3                        
000039b5  __muldi3                        
000037ed  __muldsi3                       
00002f61  __nedf2                         
20207e00  __stack                         
20200000  __start___llvm_prf_bits         
20200000  __start___llvm_prf_cnts         
20200000  __stop___llvm_prf_bits          
20200000  __stop___llvm_prf_cnts          
00001ec5  __subdf3                        
00002925  __udivmoddi4                    
00003941  _c_int00_noargs                 
20201af4  _ftable                         
20201be8  _lock                           
00003033  _nop                            
20200000  _sys_memory                     
UNDEFED   _system_post_cinit              
00003c69  _system_pre_init                
20201bec  _unlock                         
00003c6d  abort                           
20201aec  adc_value                       
00003731  atoi                            
ffffffff  binit                           
20201af0  check_dma_ADC                   
00002c2d  delay_ms                        
00003771  dma_init                        
00003b29  fputc                           
00002861  fputs                           
000031b5  frexp                           
000031b5  frexpl                          
20201000  gADCSamples                     
20201a4c  gPWM_0Backup                    
20201990  gTIMER_ADCBackup                
00000000  interruptVectors                
00002b05  key1_get                        
00002cb1  key2_get                        
00003919  key_pro                         
20201ac4  lcd_buf                         
000026c5  ldexp                           
000026c5  ldexpl                          
00002b9d  main                            
000039d9  memccpy                         
00002a69  memcpy                          
00003097  memset                          
00003211  printf                          
20201bf0  rx_cent                         
20201800  rx_data                         
20201bf2  rx_flag                         
000026c5  scalbn                          
000026c5  scalbnl                         
00003829  sprintf                         
00003afd  uart_init                       
000038ed  uart_pro                        
00003ba5  wcslen                          


GLOBAL SYMBOLS: SORTED BY Symbol Address 

address   name                            
-------   ----                            
00000000  __TI_ATRegion0_region_sz        
00000000  __TI_ATRegion0_src_addr         
00000000  __TI_ATRegion0_trg_addr         
00000000  __TI_ATRegion1_region_sz        
00000000  __TI_ATRegion1_src_addr         
00000000  __TI_ATRegion1_trg_addr         
00000000  __TI_ATRegion2_region_sz        
00000000  __TI_ATRegion2_src_addr         
00000000  __TI_ATRegion2_trg_addr         
00000000  __TI_static_base__              
00000000  interruptVectors                
000000c1  OLED_Init                       
00000200  __STACK_SIZE                    
00000b75  __TI_printfi                    
00001000  __SYSMEM_SIZE                   
00001575  OLED_Fill                       
00001821  OLED_ShowChar                   
00001ec5  __aeabi_dsub                    
00001ec5  __subdf3                        
00001ecf  __adddf3                        
00001ecf  __aeabi_dadd                    
00002057  ADC1_IRQHandler                 
00002057  AES_IRQHandler                  
00002057  CANFD0_IRQHandler               
00002057  DAC0_IRQHandler                 
00002057  DMA_IRQHandler                  
00002057  Default_Handler                 
00002057  GROUP0_IRQHandler               
00002057  GROUP1_IRQHandler               
00002057  HardFault_Handler               
00002057  I2C0_IRQHandler                 
00002057  I2C1_IRQHandler                 
00002057  NMI_Handler                     
00002057  PendSV_Handler                  
00002057  RTC_IRQHandler                  
00002057  SPI0_IRQHandler                 
00002057  SPI1_IRQHandler                 
00002057  SVC_Handler                     
00002057  SysTick_Handler                 
00002057  TIMA0_IRQHandler                
00002057  TIMA1_IRQHandler                
00002057  TIMG12_IRQHandler               
00002057  TIMG6_IRQHandler                
00002057  TIMG7_IRQHandler                
00002057  TIMG8_IRQHandler                
00002057  UART1_IRQHandler                
00002057  UART2_IRQHandler                
00002057  UART3_IRQHandler                
00002195  OLED_SetPos                     
000023ed  __aeabi_ddiv                    
000023ed  __divdf3                        
000024f9  DL_Timer_initTimerMode          
000025e1  __aeabi_dmul                    
000025e1  __muldf3                        
000026c5  ldexp                           
000026c5  ldexpl                          
000026c5  scalbn                          
000026c5  scalbnl                         
0000279d  DL_Timer_initPWMMode            
00002861  fputs                           
00002925  __udivmoddi4                    
000029c7  __aeabi_idiv0                   
000029c9  SYSCFG_DL_ADC12_0_init          
00002a69  memcpy                          
00002b03  __aeabi_ldiv0                   
00002b05  key1_get                        
00002b9d  main                            
00002c2d  delay_ms                        
00002cb1  key2_get                        
00002d2d  __TI_decompress_lzss            
00002da5  SYSCFG_DL_UART_0_init           
00002e15  SYSCFG_DL_initPower             
00002e85  __gedf2                         
00002e85  __gtdf2                         
00002ef5  SYSCFG_DL_GPIO_init             
00002f61  __cmpdf2                        
00002f61  __eqdf2                         
00002f61  __ledf2                         
00002f61  __ltdf2                         
00002f61  __nedf2                         
00003033  _nop                            
00003035  __aeabi_dcmpeq                  
00003049  __aeabi_dcmplt                  
0000305d  __aeabi_dcmple                  
00003071  __aeabi_dcmpge                  
00003085  __aeabi_dcmpgt                  
00003097  memset                          
000030f9  DL_I2C_fillControllerTXFIFO     
00003159  SYSCFG_DL_PWM_0_init            
000031b5  frexp                           
000031b5  frexpl                          
00003211  printf                          
0000326d  __TI_ltoa                       
0000331d  __aeabi_idiv                    
0000331d  __aeabi_idivmod                 
00003373  OLED_ShowString                 
000033c9  SYSCFG_DL_I2C_0_init            
00003471  DL_DMA_initChannel              
000034bd  SYSCFG_DL_TIMER_0_init          
00003509  UART0_IRQHandler                
00003555  __aeabi_d2iz                    
00003555  __fixdfsi                       
000035a1  DL_UART_init                    
000035e9  SYSCFG_DL_init                  
00003631  DL_ADC12_setClockConfig         
00003671  SYSCFG_DL_TIMER_ADC_init        
000036b1  __aeabi_uidiv                   
000036b1  __aeabi_uidivmod                
000036f1  __aeabi_f2d                     
000036f1  __extendsfdf2                   
00003731  atoi                            
00003771  dma_init                        
000037b1  __TI_auto_init_nobinit_nopinit  
000037ed  __muldsi3                       
00003829  sprintf                         
00003861  SYSCFG_DL_SYSCTL_init           
000038c1  __aeabi_i2d                     
000038c1  __floatsidf                     
000038ed  uart_pro                        
00003919  key_pro                         
00003941  _c_int00_noargs                 
00003969  DL_I2C_setClockConfig           
00003991  SYSCFG_DL_DMA_CH0_init          
000039b5  __aeabi_lmul                    
000039b5  __muldi3                        
000039d9  memccpy                         
000039fd  DL_UART_transmitDataBlocking    
00003a1d  SYSCFG_DL_SYSCTL_CLK_init       
00003a3d  __aeabi_llsl                    
00003a3d  __ashldi3                       
00003a5d  ADC0_IRQHandler                 
00003a79  DL_Timer_setCaptCompUpdateMethod
00003a95  DL_Timer_setClockConfig         
00003ab1  TIMEG0_init                     
00003acd  DL_Timer_setCaptureCompareOutCtl
00003afd  uart_init                       
00003b15  __aeabi_uldivmod                
00003b29  fputc                           
00003b51  DL_UART_setClockConfig          
00003b63  __TI_decompress_none            
00003b75  DL_Timer_setCaptureCompareValue 
00003b85  LED2_blue_OFF                   
00003b95  LED2_blue_ON                    
00003ba5  wcslen                          
00003bb5  __TI_zero_init                  
00003bc5  __aeabi_memset                  
00003bc5  __aeabi_memset4                 
00003bc5  __aeabi_memset8                 
00003be1  TIMG0_IRQHandler                
00003bed  __aeabi_memclr                  
00003bed  __aeabi_memclr4                 
00003bed  __aeabi_memclr8                 
00003bf9  DL_Common_delayCycles           
00003c03  OLED_CLS                        
00003c3d  SYSCFG_DL_DMA_init              
00003c45  __aeabi_errno_addr              
00003c4d  __aeabi_memcpy                  
00003c4d  __aeabi_memcpy4                 
00003c4d  __aeabi_memcpy8                 
00003c65  Reset_Handler                   
00003c69  _system_pre_init                
00003c6c  C$$EXIT                         
00003c6d  abort                           
00003c70  F8X16                           
00004260  __aeabi_ctype_table_            
00004260  __aeabi_ctype_table_C           
0000443c  __TI_Handler_Table_Base         
00004448  __TI_Handler_Table_Limit        
00004450  __TI_CINIT_Base                 
00004460  __TI_CINIT_Limit                
00004460  __TI_CINIT_Warm                 
20200000  __start___llvm_prf_bits         
20200000  __start___llvm_prf_cnts         
20200000  __stop___llvm_prf_bits          
20200000  __stop___llvm_prf_cnts          
20200000  _sys_memory                     
20201000  gADCSamples                     
20201800  rx_data                         
20201990  gTIMER_ADCBackup                
20201a4c  gPWM_0Backup                    
20201ac4  lcd_buf                         
20201aec  adc_value                       
20201af0  check_dma_ADC                   
20201af4  _ftable                         
20201be4  __aeabi_errno                   
20201be8  _lock                           
20201bec  _unlock                         
20201bf0  rx_cent                         
20201bf2  rx_flag                         
20207e00  __stack                         
20208000  __STACK_END                     
ffffffff  __TI_pprof_out_hndl             
ffffffff  __TI_prof_data_size             
ffffffff  __TI_prof_data_start            
ffffffff  __binit__                       
ffffffff  binit                           
UNDEFED   __mpu_init                      
UNDEFED   _system_post_cinit              

[198 symbols]
