<?xml version="1.0" encoding="ISO-8859-1" ?>
<link_info>
   <banner>TI ARM Clang Linker PC v3.2.2.LTS</banner>
   <copyright>Copyright (c) 1996-2018 Texas Instruments Incorporated</copyright>
   <link_time>0x6688d430</link_time>
   <link_errors>0x0</link_errors>
   <output_file>D:\WorkDoc\2024  diansai\CCS theia\06_adc\Debug\06_adc.out</output_file>
   <entry_point>
      <name>_c_int00_noargs</name>
      <address>0x3619</address>
   </entry_point>
   <input_file_list>
      <input_file id="fl-1">
         <path>D:\WorkDoc\2024  diansai\CCS theia\06_adc\Debug\.\</path>
         <kind>object</kind>
         <file>empty.o</file>
         <name>empty.o</name>
      </input_file>
      <input_file id="fl-2">
         <path>D:\WorkDoc\2024  diansai\CCS theia\06_adc\Debug\.\</path>
         <kind>object</kind>
         <file>ti_msp_dl_config.o</file>
         <name>ti_msp_dl_config.o</name>
      </input_file>
      <input_file id="fl-3">
         <path>D:\WorkDoc\2024  diansai\CCS theia\06_adc\Debug\.\</path>
         <kind>object</kind>
         <file>startup_mspm0g350x_ticlang.o</file>
         <name>startup_mspm0g350x_ticlang.o</name>
      </input_file>
      <input_file id="fl-4">
         <path>D:\WorkDoc\2024  diansai\CCS theia\06_adc\Debug\.\Hardware\</path>
         <kind>object</kind>
         <file>adc.o</file>
         <name>adc.o</name>
      </input_file>
      <input_file id="fl-5">
         <path>D:\WorkDoc\2024  diansai\CCS theia\06_adc\Debug\.\Hardware\</path>
         <kind>object</kind>
         <file>interrupt.o</file>
         <name>interrupt.o</name>
      </input_file>
      <input_file id="fl-6">
         <path>D:\WorkDoc\2024  diansai\CCS theia\06_adc\Debug\.\Hardware\</path>
         <kind>object</kind>
         <file>key.o</file>
         <name>key.o</name>
      </input_file>
      <input_file id="fl-7">
         <path>D:\WorkDoc\2024  diansai\CCS theia\06_adc\Debug\.\Hardware\</path>
         <kind>object</kind>
         <file>led.o</file>
         <name>led.o</name>
      </input_file>
      <input_file id="fl-8">
         <path>D:\WorkDoc\2024  diansai\CCS theia\06_adc\Debug\.\Hardware\</path>
         <kind>object</kind>
         <file>oled.o</file>
         <name>oled.o</name>
      </input_file>
      <input_file id="fl-15">
         <path>D:\WorkDoc\2024  diansai\CCS theia\06_adc\Debug\</path>
         <kind>object</kind>
         <file>&lt;internal&gt;</file>
         <name>&lt;internal&gt;</name>
      </input_file>
      <input_file id="fl-16">
         <path>C:\ti\mspm0_sdk_2_01_00_03\source\ti\driverlib\lib\ticlang\m0p\mspm0g1x0x_g3x0x\</path>
         <kind>archive</kind>
         <file>driverlib.a</file>
         <name>dl_adc12.o</name>
      </input_file>
      <input_file id="fl-17">
         <path>C:\ti\mspm0_sdk_2_01_00_03\source\ti\driverlib\lib\ticlang\m0p\mspm0g1x0x_g3x0x\</path>
         <kind>archive</kind>
         <file>driverlib.a</file>
         <name>dl_common.o</name>
      </input_file>
      <input_file id="fl-18">
         <path>C:\ti\mspm0_sdk_2_01_00_03\source\ti\driverlib\lib\ticlang\m0p\mspm0g1x0x_g3x0x\</path>
         <kind>archive</kind>
         <file>driverlib.a</file>
         <name>dl_i2c.o</name>
      </input_file>
      <input_file id="fl-19">
         <path>C:\ti\mspm0_sdk_2_01_00_03\source\ti\driverlib\lib\ticlang\m0p\mspm0g1x0x_g3x0x\</path>
         <kind>archive</kind>
         <file>driverlib.a</file>
         <name>dl_timer.o</name>
      </input_file>
      <input_file id="fl-28">
         <path>D:\CCS\ccs\tools\compiler\ti-cgt-armllvm_3.2.2.LTS\lib\armv6m-ti-none-eabi\c\</path>
         <kind>archive</kind>
         <file>libc.a</file>
         <name>sprintf.c.obj</name>
      </input_file>
      <input_file id="fl-29">
         <path>D:\CCS\ccs\tools\compiler\ti-cgt-armllvm_3.2.2.LTS\lib\armv6m-ti-none-eabi\c\</path>
         <kind>archive</kind>
         <file>libc.a</file>
         <name>boot_cortex_m.c.obj</name>
      </input_file>
      <input_file id="fl-2a">
         <path>D:\CCS\ccs\tools\compiler\ti-cgt-armllvm_3.2.2.LTS\lib\armv6m-ti-none-eabi\c\</path>
         <kind>archive</kind>
         <file>libc.a</file>
         <name>mathacl_init.c.obj</name>
      </input_file>
      <input_file id="fl-2b">
         <path>D:\CCS\ccs\tools\compiler\ti-cgt-armllvm_3.2.2.LTS\lib\armv6m-ti-none-eabi\c\</path>
         <kind>archive</kind>
         <file>libc.a</file>
         <name>autoinit.c.obj</name>
      </input_file>
      <input_file id="fl-2c">
         <path>D:\CCS\ccs\tools\compiler\ti-cgt-armllvm_3.2.2.LTS\lib\armv6m-ti-none-eabi\c\</path>
         <kind>archive</kind>
         <file>libc.a</file>
         <name>pre_init.c.obj</name>
      </input_file>
      <input_file id="fl-2d">
         <path>D:\CCS\ccs\tools\compiler\ti-cgt-armllvm_3.2.2.LTS\lib\armv6m-ti-none-eabi\c\</path>
         <kind>archive</kind>
         <file>libc.a</file>
         <name>cpy_tbl.c.obj</name>
      </input_file>
      <input_file id="fl-2e">
         <path>D:\CCS\ccs\tools\compiler\ti-cgt-armllvm_3.2.2.LTS\lib\armv6m-ti-none-eabi\c\</path>
         <kind>archive</kind>
         <file>libc.a</file>
         <name>copy_zero_init.c.obj</name>
      </input_file>
      <input_file id="fl-2f">
         <path>D:\CCS\ccs\tools\compiler\ti-cgt-armllvm_3.2.2.LTS\lib\armv6m-ti-none-eabi\c\</path>
         <kind>archive</kind>
         <file>libc.a</file>
         <name>copy_decompress_none.c.obj</name>
      </input_file>
      <input_file id="fl-30">
         <path>D:\CCS\ccs\tools\compiler\ti-cgt-armllvm_3.2.2.LTS\lib\armv6m-ti-none-eabi\c\</path>
         <kind>archive</kind>
         <file>libc.a</file>
         <name>copy_decompress_lzss.c.obj</name>
      </input_file>
      <input_file id="fl-31">
         <path>D:\CCS\ccs\tools\compiler\ti-cgt-armllvm_3.2.2.LTS\lib\armv6m-ti-none-eabi\c\</path>
         <kind>archive</kind>
         <file>libc.a</file>
         <name>_printfi.c.obj</name>
      </input_file>
      <input_file id="fl-32">
         <path>D:\CCS\ccs\tools\compiler\ti-cgt-armllvm_3.2.2.LTS\lib\armv6m-ti-none-eabi\c\</path>
         <kind>archive</kind>
         <file>libc.a</file>
         <name>s_frexp.c.obj</name>
      </input_file>
      <input_file id="fl-33">
         <path>D:\CCS\ccs\tools\compiler\ti-cgt-armllvm_3.2.2.LTS\lib\armv6m-ti-none-eabi\c\</path>
         <kind>archive</kind>
         <file>libc.a</file>
         <name>s_scalbn.c.obj</name>
      </input_file>
      <input_file id="fl-34">
         <path>D:\CCS\ccs\tools\compiler\ti-cgt-armllvm_3.2.2.LTS\lib\armv6m-ti-none-eabi\c\</path>
         <kind>archive</kind>
         <file>libc.a</file>
         <name>aeabi_portable.c.obj</name>
      </input_file>
      <input_file id="fl-35">
         <path>D:\CCS\ccs\tools\compiler\ti-cgt-armllvm_3.2.2.LTS\lib\armv6m-ti-none-eabi\c\</path>
         <kind>archive</kind>
         <file>libc.a</file>
         <name>exit.c.obj</name>
      </input_file>
      <input_file id="fl-36">
         <path>D:\CCS\ccs\tools\compiler\ti-cgt-armllvm_3.2.2.LTS\lib\armv6m-ti-none-eabi\c\</path>
         <kind>archive</kind>
         <file>libc.a</file>
         <name>_lock.c.obj</name>
      </input_file>
      <input_file id="fl-37">
         <path>D:\CCS\ccs\tools\compiler\ti-cgt-armllvm_3.2.2.LTS\lib\armv6m-ti-none-eabi\c\</path>
         <kind>archive</kind>
         <file>libc.a</file>
         <name>_ltoa.c.obj</name>
      </input_file>
      <input_file id="fl-38">
         <path>D:\CCS\ccs\tools\compiler\ti-cgt-armllvm_3.2.2.LTS\lib\armv6m-ti-none-eabi\c\</path>
         <kind>archive</kind>
         <file>libc.a</file>
         <name>args_main.c.obj</name>
      </input_file>
      <input_file id="fl-39">
         <path>D:\CCS\ccs\tools\compiler\ti-cgt-armllvm_3.2.2.LTS\lib\armv6m-ti-none-eabi\c\</path>
         <kind>archive</kind>
         <file>libc.a</file>
         <name>assert.c.obj</name>
      </input_file>
      <input_file id="fl-3a">
         <path>D:\CCS\ccs\tools\compiler\ti-cgt-armllvm_3.2.2.LTS\lib\armv6m-ti-none-eabi\c\</path>
         <kind>archive</kind>
         <file>libc.a</file>
         <name>atoi.c.obj</name>
      </input_file>
      <input_file id="fl-3b">
         <path>D:\CCS\ccs\tools\compiler\ti-cgt-armllvm_3.2.2.LTS\lib\armv6m-ti-none-eabi\c\</path>
         <kind>archive</kind>
         <file>libc.a</file>
         <name>defs.c.obj</name>
      </input_file>
      <input_file id="fl-3c">
         <path>D:\CCS\ccs\tools\compiler\ti-cgt-armllvm_3.2.2.LTS\lib\armv6m-ti-none-eabi\c\</path>
         <kind>archive</kind>
         <file>libc.a</file>
         <name>memccpy.c.obj</name>
      </input_file>
      <input_file id="fl-3d">
         <path>D:\CCS\ccs\tools\compiler\ti-cgt-armllvm_3.2.2.LTS\lib\armv6m-ti-none-eabi\c\</path>
         <kind>archive</kind>
         <file>libc.a</file>
         <name>memory.c.obj</name>
      </input_file>
      <input_file id="fl-3e">
         <path>D:\CCS\ccs\tools\compiler\ti-cgt-armllvm_3.2.2.LTS\lib\armv6m-ti-none-eabi\c\</path>
         <kind>archive</kind>
         <file>libc.a</file>
         <name>wcslen.c.obj</name>
      </input_file>
      <input_file id="fl-3f">
         <path>D:\CCS\ccs\tools\compiler\ti-cgt-armllvm_3.2.2.LTS\lib\armv6m-ti-none-eabi\c\</path>
         <kind>archive</kind>
         <file>libc.a</file>
         <name>fflush.c.obj</name>
      </input_file>
      <input_file id="fl-40">
         <path>D:\CCS\ccs\tools\compiler\ti-cgt-armllvm_3.2.2.LTS\lib\armv6m-ti-none-eabi\c\</path>
         <kind>archive</kind>
         <file>libc.a</file>
         <name>fputs.c.obj</name>
      </input_file>
      <input_file id="fl-41">
         <path>D:\CCS\ccs\tools\compiler\ti-cgt-armllvm_3.2.2.LTS\lib\armv6m-ti-none-eabi\c\</path>
         <kind>archive</kind>
         <file>libc.a</file>
         <name>_io_perm.c.obj</name>
      </input_file>
      <input_file id="fl-42">
         <path>D:\CCS\ccs\tools\compiler\ti-cgt-armllvm_3.2.2.LTS\lib\armv6m-ti-none-eabi\c\</path>
         <kind>archive</kind>
         <file>libc.a</file>
         <name>setvbuf.c.obj</name>
      </input_file>
      <input_file id="fl-43">
         <path>D:\CCS\ccs\tools\compiler\ti-cgt-armllvm_3.2.2.LTS\lib\armv6m-ti-none-eabi\c\</path>
         <kind>archive</kind>
         <file>libc.a</file>
         <name>aeabi_ctype.S.obj</name>
      </input_file>
      <input_file id="fl-44">
         <path>D:\CCS\ccs\tools\compiler\ti-cgt-armllvm_3.2.2.LTS\lib\armv6m-ti-none-eabi\c\</path>
         <kind>archive</kind>
         <file>libc.a</file>
         <name>fopen.c.obj</name>
      </input_file>
      <input_file id="fl-45">
         <path>D:\CCS\ccs\tools\compiler\ti-cgt-armllvm_3.2.2.LTS\lib\armv6m-ti-none-eabi\c\</path>
         <kind>archive</kind>
         <file>libc.a</file>
         <name>fseek.c.obj</name>
      </input_file>
      <input_file id="fl-46">
         <path>D:\CCS\ccs\tools\compiler\ti-cgt-armllvm_3.2.2.LTS\lib\armv6m-ti-none-eabi\c\</path>
         <kind>archive</kind>
         <file>libc.a</file>
         <name>fclose.c.obj</name>
      </input_file>
      <input_file id="fl-ac">
         <path>D:\CCS\ccs\tools\compiler\ti-cgt-armllvm_3.2.2.LTS\lib\armv6m-ti-none-eabi\c\</path>
         <kind>archive</kind>
         <file>libsysbm.a</file>
         <name>write.c.obj</name>
      </input_file>
      <input_file id="fl-ad">
         <path>D:\CCS\ccs\tools\compiler\ti-cgt-armllvm_3.2.2.LTS\lib\armv6m-ti-none-eabi\c\</path>
         <kind>archive</kind>
         <file>libsysbm.a</file>
         <name>host_device.c.obj</name>
      </input_file>
      <input_file id="fl-ae">
         <path>D:\CCS\ccs\tools\compiler\ti-cgt-armllvm_3.2.2.LTS\lib\armv6m-ti-none-eabi\c\</path>
         <kind>archive</kind>
         <file>libsysbm.a</file>
         <name>remove.c.obj</name>
      </input_file>
      <input_file id="fl-af">
         <path>D:\CCS\ccs\tools\compiler\ti-cgt-armllvm_3.2.2.LTS\lib\armv6m-ti-none-eabi\c\</path>
         <kind>archive</kind>
         <file>libsysbm.a</file>
         <name>open.c.obj</name>
      </input_file>
      <input_file id="fl-b0">
         <path>D:\CCS\ccs\tools\compiler\ti-cgt-armllvm_3.2.2.LTS\lib\armv6m-ti-none-eabi\c\</path>
         <kind>archive</kind>
         <file>libsysbm.a</file>
         <name>lseek.c.obj</name>
      </input_file>
      <input_file id="fl-b1">
         <path>D:\CCS\ccs\tools\compiler\ti-cgt-armllvm_3.2.2.LTS\lib\armv6m-ti-none-eabi\c\</path>
         <kind>archive</kind>
         <file>libsysbm.a</file>
         <name>close.c.obj</name>
      </input_file>
      <input_file id="fl-b2">
         <path>D:\CCS\ccs\tools\compiler\ti-cgt-armllvm_3.2.2.LTS\lib\armv6m-ti-none-eabi\c\</path>
         <kind>archive</kind>
         <file>libsysbm.a</file>
         <name>unlink.c.obj</name>
      </input_file>
      <input_file id="fl-b3">
         <path>D:\CCS\ccs\tools\compiler\ti-cgt-armllvm_3.2.2.LTS\lib\armv6m-ti-none-eabi\c\</path>
         <kind>archive</kind>
         <file>libsysbm.a</file>
         <name>hostclose.c.obj</name>
      </input_file>
      <input_file id="fl-b4">
         <path>D:\CCS\ccs\tools\compiler\ti-cgt-armllvm_3.2.2.LTS\lib\armv6m-ti-none-eabi\c\</path>
         <kind>archive</kind>
         <file>libsysbm.a</file>
         <name>hostlseek.c.obj</name>
      </input_file>
      <input_file id="fl-b5">
         <path>D:\CCS\ccs\tools\compiler\ti-cgt-armllvm_3.2.2.LTS\lib\armv6m-ti-none-eabi\c\</path>
         <kind>archive</kind>
         <file>libsysbm.a</file>
         <name>hostopen.c.obj</name>
      </input_file>
      <input_file id="fl-b6">
         <path>D:\CCS\ccs\tools\compiler\ti-cgt-armllvm_3.2.2.LTS\lib\armv6m-ti-none-eabi\c\</path>
         <kind>archive</kind>
         <file>libsysbm.a</file>
         <name>hostread.c.obj</name>
      </input_file>
      <input_file id="fl-b7">
         <path>D:\CCS\ccs\tools\compiler\ti-cgt-armllvm_3.2.2.LTS\lib\armv6m-ti-none-eabi\c\</path>
         <kind>archive</kind>
         <file>libsysbm.a</file>
         <name>hostrename.c.obj</name>
      </input_file>
      <input_file id="fl-b8">
         <path>D:\CCS\ccs\tools\compiler\ti-cgt-armllvm_3.2.2.LTS\lib\armv6m-ti-none-eabi\c\</path>
         <kind>archive</kind>
         <file>libsysbm.a</file>
         <name>hostunlink.c.obj</name>
      </input_file>
      <input_file id="fl-b9">
         <path>D:\CCS\ccs\tools\compiler\ti-cgt-armllvm_3.2.2.LTS\lib\armv6m-ti-none-eabi\c\</path>
         <kind>archive</kind>
         <file>libsysbm.a</file>
         <name>hostwrite.c.obj</name>
      </input_file>
      <input_file id="fl-ba">
         <path>D:\CCS\ccs\tools\compiler\ti-cgt-armllvm_3.2.2.LTS\lib\armv6m-ti-none-eabi\c\</path>
         <kind>archive</kind>
         <file>libsysbm.a</file>
         <name>trgmsg.c.obj</name>
      </input_file>
      <input_file id="fl-bb">
         <path>D:\CCS\ccs\tools\compiler\ti-cgt-armllvm_3.2.2.LTS\lib\clang\15.0.7\lib\armv6m-ti-none-eabi\</path>
         <kind>archive</kind>
         <file>libclang_rt.builtins.a</file>
         <name>adddf3.S.obj</name>
      </input_file>
      <input_file id="fl-bc">
         <path>D:\CCS\ccs\tools\compiler\ti-cgt-armllvm_3.2.2.LTS\lib\clang\15.0.7\lib\armv6m-ti-none-eabi\</path>
         <kind>archive</kind>
         <file>libclang_rt.builtins.a</file>
         <name>muldf3.S.obj</name>
      </input_file>
      <input_file id="fl-bd">
         <path>D:\CCS\ccs\tools\compiler\ti-cgt-armllvm_3.2.2.LTS\lib\clang\15.0.7\lib\armv6m-ti-none-eabi\</path>
         <kind>archive</kind>
         <file>libclang_rt.builtins.a</file>
         <name>muldsi3.S.obj</name>
      </input_file>
      <input_file id="fl-be">
         <path>D:\CCS\ccs\tools\compiler\ti-cgt-armllvm_3.2.2.LTS\lib\clang\15.0.7\lib\armv6m-ti-none-eabi\</path>
         <kind>archive</kind>
         <file>libclang_rt.builtins.a</file>
         <name>divdf3.S.obj</name>
      </input_file>
      <input_file id="fl-bf">
         <path>D:\CCS\ccs\tools\compiler\ti-cgt-armllvm_3.2.2.LTS\lib\clang\15.0.7\lib\armv6m-ti-none-eabi\</path>
         <kind>archive</kind>
         <file>libclang_rt.builtins.a</file>
         <name>extendsfdf2.S.obj</name>
      </input_file>
      <input_file id="fl-c0">
         <path>D:\CCS\ccs\tools\compiler\ti-cgt-armllvm_3.2.2.LTS\lib\clang\15.0.7\lib\armv6m-ti-none-eabi\</path>
         <kind>archive</kind>
         <file>libclang_rt.builtins.a</file>
         <name>fixdfsi.S.obj</name>
      </input_file>
      <input_file id="fl-c1">
         <path>D:\CCS\ccs\tools\compiler\ti-cgt-armllvm_3.2.2.LTS\lib\clang\15.0.7\lib\armv6m-ti-none-eabi\</path>
         <kind>archive</kind>
         <file>libclang_rt.builtins.a</file>
         <name>floatsidf.S.obj</name>
      </input_file>
      <input_file id="fl-c2">
         <path>D:\CCS\ccs\tools\compiler\ti-cgt-armllvm_3.2.2.LTS\lib\clang\15.0.7\lib\armv6m-ti-none-eabi\</path>
         <kind>archive</kind>
         <file>libclang_rt.builtins.a</file>
         <name>floatunsidf.S.obj</name>
      </input_file>
      <input_file id="fl-c3">
         <path>D:\CCS\ccs\tools\compiler\ti-cgt-armllvm_3.2.2.LTS\lib\clang\15.0.7\lib\armv6m-ti-none-eabi\</path>
         <kind>archive</kind>
         <file>libclang_rt.builtins.a</file>
         <name>muldi3.S.obj</name>
      </input_file>
      <input_file id="fl-c4">
         <path>D:\CCS\ccs\tools\compiler\ti-cgt-armllvm_3.2.2.LTS\lib\clang\15.0.7\lib\armv6m-ti-none-eabi\</path>
         <kind>archive</kind>
         <file>libclang_rt.builtins.a</file>
         <name>truncdfsf2.S.obj</name>
      </input_file>
      <input_file id="fl-c5">
         <path>D:\CCS\ccs\tools\compiler\ti-cgt-armllvm_3.2.2.LTS\lib\clang\15.0.7\lib\armv6m-ti-none-eabi\</path>
         <kind>archive</kind>
         <file>libclang_rt.builtins.a</file>
         <name>aeabi_dcmp.S.obj</name>
      </input_file>
      <input_file id="fl-c6">
         <path>D:\CCS\ccs\tools\compiler\ti-cgt-armllvm_3.2.2.LTS\lib\clang\15.0.7\lib\armv6m-ti-none-eabi\</path>
         <kind>archive</kind>
         <file>libclang_rt.builtins.a</file>
         <name>aeabi_idivmod.S.obj</name>
      </input_file>
      <input_file id="fl-c7">
         <path>D:\CCS\ccs\tools\compiler\ti-cgt-armllvm_3.2.2.LTS\lib\clang\15.0.7\lib\armv6m-ti-none-eabi\</path>
         <kind>archive</kind>
         <file>libclang_rt.builtins.a</file>
         <name>aeabi_memcpy.S.obj</name>
      </input_file>
      <input_file id="fl-c8">
         <path>D:\CCS\ccs\tools\compiler\ti-cgt-armllvm_3.2.2.LTS\lib\clang\15.0.7\lib\armv6m-ti-none-eabi\</path>
         <kind>archive</kind>
         <file>libclang_rt.builtins.a</file>
         <name>aeabi_memset.S.obj</name>
      </input_file>
      <input_file id="fl-c9">
         <path>D:\CCS\ccs\tools\compiler\ti-cgt-armllvm_3.2.2.LTS\lib\clang\15.0.7\lib\armv6m-ti-none-eabi\</path>
         <kind>archive</kind>
         <file>libclang_rt.builtins.a</file>
         <name>aeabi_uidivmod.S.obj</name>
      </input_file>
      <input_file id="fl-ca">
         <path>D:\CCS\ccs\tools\compiler\ti-cgt-armllvm_3.2.2.LTS\lib\clang\15.0.7\lib\armv6m-ti-none-eabi\</path>
         <kind>archive</kind>
         <file>libclang_rt.builtins.a</file>
         <name>aeabi_uldivmod.S.obj</name>
      </input_file>
      <input_file id="fl-cb">
         <path>D:\CCS\ccs\tools\compiler\ti-cgt-armllvm_3.2.2.LTS\lib\clang\15.0.7\lib\armv6m-ti-none-eabi\</path>
         <kind>archive</kind>
         <file>libclang_rt.builtins.a</file>
         <name>udivmoddi4.S.obj</name>
      </input_file>
      <input_file id="fl-cc">
         <path>D:\CCS\ccs\tools\compiler\ti-cgt-armllvm_3.2.2.LTS\lib\clang\15.0.7\lib\armv6m-ti-none-eabi\</path>
         <kind>archive</kind>
         <file>libclang_rt.builtins.a</file>
         <name>ashldi3.S.obj</name>
      </input_file>
      <input_file id="fl-cd">
         <path>D:\CCS\ccs\tools\compiler\ti-cgt-armllvm_3.2.2.LTS\lib\clang\15.0.7\lib\armv6m-ti-none-eabi\</path>
         <kind>archive</kind>
         <file>libclang_rt.builtins.a</file>
         <name>comparedf2.c.obj</name>
      </input_file>
      <input_file id="fl-ce">
         <path>D:\CCS\ccs\tools\compiler\ti-cgt-armllvm_3.2.2.LTS\lib\clang\15.0.7\lib\armv6m-ti-none-eabi\</path>
         <kind>archive</kind>
         <file>libclang_rt.builtins.a</file>
         <name>aeabi_div0.c.obj</name>
      </input_file>
      <input_file id="fl-cf">
         <path>D:\CCS\ccs\tools\compiler\ti-cgt-armllvm_3.2.2.LTS\lib\armv6m-ti-none-eabi\c\</path>
         <kind>archive</kind>
         <file>libc.a</file>
         <name>getdevice.c.obj</name>
      </input_file>
      <input_file id="fl-d0">
         <path>D:\CCS\ccs\tools\compiler\ti-cgt-armllvm_3.2.2.LTS\lib\armv6m-ti-none-eabi\c\</path>
         <kind>archive</kind>
         <file>libc.a</file>
         <name>memcpy16.S.obj</name>
      </input_file>
      <input_file id="fl-d1">
         <path>D:\CCS\ccs\tools\compiler\ti-cgt-armllvm_3.2.2.LTS\lib\armv6m-ti-none-eabi\c\</path>
         <kind>archive</kind>
         <file>libc.a</file>
         <name>memset16.S.obj</name>
      </input_file>
   </input_file_list>
   <object_component_list>
      <object_component id="oc-18">
         <name>.intvecs</name>
         <load_address>0x0</load_address>
         <readonly>true</readonly>
         <run_address>0x0</run_address>
         <size>0xc0</size>
         <alignment>0x4</alignment>
         <input_file_ref idref="fl-3"/>
      </object_component>
      <object_component id="oc-8f">
         <name>.text.OLED_Init</name>
         <load_address>0xc0</load_address>
         <readonly>true</readonly>
         <executable>true</executable>
         <run_address>0xc0</run_address>
         <size>0xab4</size>
         <alignment>0x4</alignment>
         <input_file_ref idref="fl-8"/>
      </object_component>
      <object_component id="oc-13e">
         <name>.text:__TI_printfi</name>
         <load_address>0xb74</load_address>
         <readonly>true</readonly>
         <executable>true</executable>
         <run_address>0xb74</run_address>
         <size>0xa00</size>
         <alignment>0x4</alignment>
         <input_file_ref idref="fl-31"/>
      </object_component>
      <object_component id="oc-e9">
         <name>.text.OLED_Fill</name>
         <load_address>0x1574</load_address>
         <readonly>true</readonly>
         <executable>true</executable>
         <run_address>0x1574</run_address>
         <size>0x2ac</size>
         <alignment>0x4</alignment>
         <input_file_ref idref="fl-8"/>
      </object_component>
      <object_component id="oc-ec">
         <name>.text.OLED_ShowChar</name>
         <load_address>0x1820</load_address>
         <readonly>true</readonly>
         <executable>true</executable>
         <run_address>0x1820</run_address>
         <size>0x2a8</size>
         <alignment>0x4</alignment>
         <input_file_ref idref="fl-8"/>
      </object_component>
      <object_component id="oc-177">
         <name>.text._pconv_a</name>
         <load_address>0x1ac8</load_address>
         <readonly>true</readonly>
         <executable>true</executable>
         <run_address>0x1ac8</run_address>
         <size>0x220</size>
         <alignment>0x4</alignment>
         <input_file_ref idref="fl-31"/>
      </object_component>
      <object_component id="oc-17a">
         <name>.text._pconv_g</name>
         <load_address>0x1ce8</load_address>
         <readonly>true</readonly>
         <executable>true</executable>
         <run_address>0x1ce8</run_address>
         <size>0x1dc</size>
         <alignment>0x4</alignment>
         <input_file_ref idref="fl-31"/>
      </object_component>
      <object_component id="oc-1bc">
         <name>.text.adddf3_subdf3</name>
         <load_address>0x1ec4</load_address>
         <readonly>true</readonly>
         <executable>true</executable>
         <run_address>0x1ec4</run_address>
         <size>0x192</size>
         <alignment>0x4</alignment>
         <input_file_ref idref="fl-bb"/>
      </object_component>
      <object_component id="oc-33">
         <name>.text.Default_Handler</name>
         <load_address>0x2056</load_address>
         <readonly>true</readonly>
         <executable>true</executable>
         <run_address>0x2056</run_address>
         <size>0x2</size>
         <alignment>0x2</alignment>
         <input_file_ref idref="fl-3"/>
      </object_component>
      <object_component id="oc-1bb">
         <name>.text.fcvt</name>
         <load_address>0x2058</load_address>
         <readonly>true</readonly>
         <executable>true</executable>
         <run_address>0x2058</run_address>
         <size>0x13c</size>
         <alignment>0x4</alignment>
         <input_file_ref idref="fl-31"/>
      </object_component>
      <object_component id="oc-12e">
         <name>.text.OLED_SetPos</name>
         <load_address>0x2194</load_address>
         <readonly>true</readonly>
         <executable>true</executable>
         <run_address>0x2194</run_address>
         <size>0x138</size>
         <alignment>0x4</alignment>
         <input_file_ref idref="fl-8"/>
      </object_component>
      <object_component id="oc-178">
         <name>.text._pconv_e</name>
         <load_address>0x22cc</load_address>
         <readonly>true</readonly>
         <executable>true</executable>
         <run_address>0x22cc</run_address>
         <size>0x120</size>
         <alignment>0x4</alignment>
         <input_file_ref idref="fl-31"/>
      </object_component>
      <object_component id="oc-1b7">
         <name>.text.__divdf3</name>
         <load_address>0x23ec</load_address>
         <readonly>true</readonly>
         <executable>true</executable>
         <run_address>0x23ec</run_address>
         <size>0x10c</size>
         <alignment>0x4</alignment>
         <input_file_ref idref="fl-be"/>
      </object_component>
      <object_component id="oc-120">
         <name>.text.DL_Timer_initTimerMode</name>
         <load_address>0x24f8</load_address>
         <readonly>true</readonly>
         <executable>true</executable>
         <run_address>0x24f8</run_address>
         <size>0xe8</size>
         <alignment>0x4</alignment>
         <input_file_ref idref="fl-19"/>
      </object_component>
      <object_component id="oc-f1">
         <name>.text.__muldf3</name>
         <load_address>0x25e0</load_address>
         <readonly>true</readonly>
         <executable>true</executable>
         <run_address>0x25e0</run_address>
         <size>0xe4</size>
         <alignment>0x4</alignment>
         <input_file_ref idref="fl-bc"/>
      </object_component>
      <object_component id="oc-1a1">
         <name>.text.scalbn</name>
         <load_address>0x26c4</load_address>
         <readonly>true</readonly>
         <executable>true</executable>
         <run_address>0x26c4</run_address>
         <size>0xd8</size>
         <alignment>0x4</alignment>
         <input_file_ref idref="fl-33"/>
      </object_component>
      <object_component id="oc-11a">
         <name>.text.DL_Timer_initPWMMode</name>
         <load_address>0x279c</load_address>
         <readonly>true</readonly>
         <executable>true</executable>
         <run_address>0x279c</run_address>
         <size>0xc4</size>
         <alignment>0x4</alignment>
         <input_file_ref idref="fl-19"/>
      </object_component>
      <object_component id="oc-190">
         <name>.text</name>
         <load_address>0x2860</load_address>
         <readonly>true</readonly>
         <executable>true</executable>
         <run_address>0x2860</run_address>
         <size>0xa2</size>
         <alignment>0x4</alignment>
         <input_file_ref idref="fl-cb"/>
      </object_component>
      <object_component id="oc-85">
         <name>.text:memcpy</name>
         <load_address>0x2902</load_address>
         <readonly>true</readonly>
         <executable>true</executable>
         <run_address>0x2902</run_address>
         <size>0x9a</size>
         <alignment>0x1</alignment>
         <input_file_ref idref="fl-d0"/>
      </object_component>
      <object_component id="oc-a4">
         <name>.text.key1_get</name>
         <load_address>0x299c</load_address>
         <readonly>true</readonly>
         <executable>true</executable>
         <run_address>0x299c</run_address>
         <size>0x98</size>
         <alignment>0x4</alignment>
         <input_file_ref idref="fl-6"/>
      </object_component>
      <object_component id="oc-e2">
         <name>.text.delay_ms</name>
         <load_address>0x2a34</load_address>
         <readonly>true</readonly>
         <executable>true</executable>
         <run_address>0x2a34</run_address>
         <size>0x84</size>
         <alignment>0x4</alignment>
         <input_file_ref idref="fl-6"/>
      </object_component>
      <object_component id="oc-af">
         <name>.text.key2_get</name>
         <load_address>0x2ab8</load_address>
         <readonly>true</readonly>
         <executable>true</executable>
         <run_address>0x2ab8</run_address>
         <size>0x7c</size>
         <alignment>0x4</alignment>
         <input_file_ref idref="fl-6"/>
      </object_component>
      <object_component id="oc-72">
         <name>.text.main</name>
         <load_address>0x2b34</load_address>
         <readonly>true</readonly>
         <executable>true</executable>
         <run_address>0x2b34</run_address>
         <size>0x7c</size>
         <alignment>0x4</alignment>
         <input_file_ref idref="fl-1"/>
      </object_component>
      <object_component id="oc-1c">
         <name>.text:decompress:lzss</name>
         <load_address>0x2bb0</load_address>
         <readonly>true</readonly>
         <executable>true</executable>
         <run_address>0x2bb0</run_address>
         <size>0x78</size>
         <alignment>0x4</alignment>
         <input_file_ref idref="fl-30"/>
      </object_component>
      <object_component id="oc-165">
         <name>.text.__aeabi_errno_addr</name>
         <load_address>0x2c28</load_address>
         <readonly>true</readonly>
         <executable>true</executable>
         <run_address>0x2c28</run_address>
         <size>0x8</size>
         <alignment>0x4</alignment>
         <input_file_ref idref="fl-34"/>
      </object_component>
      <object_component id="oc-f5">
         <name>.text.__truncdfsf2</name>
         <load_address>0x2c30</load_address>
         <readonly>true</readonly>
         <executable>true</executable>
         <run_address>0x2c30</run_address>
         <size>0x74</size>
         <alignment>0x10</alignment>
         <input_file_ref idref="fl-c4"/>
      </object_component>
      <object_component id="oc-19b">
         <name>.text.__gedf2</name>
         <load_address>0x2ca4</load_address>
         <readonly>true</readonly>
         <executable>true</executable>
         <run_address>0x2ca4</run_address>
         <size>0x70</size>
         <alignment>0x4</alignment>
         <input_file_ref idref="fl-cd"/>
      </object_component>
      <object_component id="oc-195">
         <name>.text.__ledf2</name>
         <load_address>0x2d14</load_address>
         <readonly>true</readonly>
         <executable>true</executable>
         <run_address>0x2d14</run_address>
         <size>0x6c</size>
         <alignment>0x4</alignment>
         <input_file_ref idref="fl-cd"/>
      </object_component>
      <object_component id="oc-1b5">
         <name>.text._mcpy</name>
         <load_address>0x2d80</load_address>
         <readonly>true</readonly>
         <executable>true</executable>
         <run_address>0x2d80</run_address>
         <size>0x66</size>
         <alignment>0x2</alignment>
         <input_file_ref idref="fl-31"/>
      </object_component>
      <object_component id="oc-17e">
         <name>.text.__aeabi_idiv0</name>
         <load_address>0x2de6</load_address>
         <readonly>true</readonly>
         <executable>true</executable>
         <run_address>0x2de6</run_address>
         <size>0x2</size>
         <alignment>0x2</alignment>
         <input_file_ref idref="fl-ce"/>
      </object_component>
      <object_component id="oc-d8">
         <name>.text.SYSCFG_DL_GPIO_init</name>
         <load_address>0x2de8</load_address>
         <readonly>true</readonly>
         <executable>true</executable>
         <run_address>0x2de8</run_address>
         <size>0x64</size>
         <alignment>0x4</alignment>
         <input_file_ref idref="fl-2"/>
      </object_component>
      <object_component id="oc-173">
         <name>.text.__aeabi_dcmp</name>
         <load_address>0x2e4c</load_address>
         <readonly>true</readonly>
         <executable>true</executable>
         <run_address>0x2e4c</run_address>
         <size>0x62</size>
         <alignment>0x4</alignment>
         <input_file_ref idref="fl-c5"/>
      </object_component>
      <object_component id="oc-d6">
         <name>.text:memset</name>
         <load_address>0x2eae</load_address>
         <readonly>true</readonly>
         <executable>true</executable>
         <run_address>0x2eae</run_address>
         <size>0x62</size>
         <alignment>0x1</alignment>
         <input_file_ref idref="fl-d1"/>
      </object_component>
      <object_component id="oc-e3">
         <name>.text.DL_I2C_fillControllerTXFIFO</name>
         <load_address>0x2f10</load_address>
         <readonly>true</readonly>
         <executable>true</executable>
         <run_address>0x2f10</run_address>
         <size>0x5e</size>
         <alignment>0x2</alignment>
         <input_file_ref idref="fl-18"/>
      </object_component>
      <object_component id="oc-1c3">
         <name>.text.__aeabi_ldiv0</name>
         <load_address>0x2f6e</load_address>
         <readonly>true</readonly>
         <executable>true</executable>
         <run_address>0x2f6e</run_address>
         <size>0x2</size>
         <alignment>0x2</alignment>
         <input_file_ref idref="fl-ce"/>
      </object_component>
      <object_component id="oc-99">
         <name>.text.adc_get</name>
         <load_address>0x2f70</load_address>
         <readonly>true</readonly>
         <executable>true</executable>
         <run_address>0x2f70</run_address>
         <size>0x5c</size>
         <alignment>0x4</alignment>
         <input_file_ref idref="fl-4"/>
      </object_component>
      <object_component id="oc-19d">
         <name>.text.frexp</name>
         <load_address>0x2fcc</load_address>
         <readonly>true</readonly>
         <executable>true</executable>
         <run_address>0x2fcc</run_address>
         <size>0x5c</size>
         <alignment>0x4</alignment>
         <input_file_ref idref="fl-32"/>
      </object_component>
      <object_component id="oc-db">
         <name>.text.SYSCFG_DL_PWM_0_init</name>
         <load_address>0x3028</load_address>
         <readonly>true</readonly>
         <executable>true</executable>
         <run_address>0x3028</run_address>
         <size>0x58</size>
         <alignment>0x4</alignment>
         <input_file_ref idref="fl-2"/>
      </object_component>
      <object_component id="oc-1a9">
         <name>.text.__TI_ltoa</name>
         <load_address>0x3080</load_address>
         <readonly>true</readonly>
         <executable>true</executable>
         <run_address>0x3080</run_address>
         <size>0x58</size>
         <alignment>0x2</alignment>
         <input_file_ref idref="fl-37"/>
      </object_component>
      <object_component id="oc-179">
         <name>.text._pconv_f</name>
         <load_address>0x30d8</load_address>
         <readonly>true</readonly>
         <executable>true</executable>
         <run_address>0x30d8</run_address>
         <size>0x58</size>
         <alignment>0x2</alignment>
         <input_file_ref idref="fl-31"/>
      </object_component>
      <object_component id="oc-1d2">
         <name>.text.__aeabi_idivmod</name>
         <load_address>0x3130</load_address>
         <readonly>true</readonly>
         <executable>true</executable>
         <run_address>0x3130</run_address>
         <size>0x56</size>
         <alignment>0x4</alignment>
         <input_file_ref idref="fl-c6"/>
      </object_component>
      <object_component id="oc-97">
         <name>.text.OLED_ShowString</name>
         <load_address>0x3186</load_address>
         <readonly>true</readonly>
         <executable>true</executable>
         <run_address>0x3186</run_address>
         <size>0x54</size>
         <alignment>0x2</alignment>
         <input_file_ref idref="fl-8"/>
      </object_component>
      <object_component id="oc-dd">
         <name>.text.SYSCFG_DL_I2C_0_init</name>
         <load_address>0x31dc</load_address>
         <readonly>true</readonly>
         <executable>true</executable>
         <run_address>0x31dc</run_address>
         <size>0x54</size>
         <alignment>0x4</alignment>
         <input_file_ref idref="fl-2"/>
      </object_component>
      <object_component id="oc-d7">
         <name>.text.SYSCFG_DL_initPower</name>
         <load_address>0x3230</load_address>
         <readonly>true</readonly>
         <executable>true</executable>
         <run_address>0x3230</run_address>
         <size>0x54</size>
         <alignment>0x4</alignment>
         <input_file_ref idref="fl-2"/>
      </object_component>
      <object_component id="oc-1b3">
         <name>.text._ecpy</name>
         <load_address>0x3284</load_address>
         <readonly>true</readonly>
         <executable>true</executable>
         <run_address>0x3284</run_address>
         <size>0x52</size>
         <alignment>0x2</alignment>
         <input_file_ref idref="fl-31"/>
      </object_component>
      <object_component id="oc-dc">
         <name>.text.SYSCFG_DL_TIMER_0_init</name>
         <load_address>0x32d8</load_address>
         <readonly>true</readonly>
         <executable>true</executable>
         <run_address>0x32d8</run_address>
         <size>0x4c</size>
         <alignment>0x4</alignment>
         <input_file_ref idref="fl-2"/>
      </object_component>
      <object_component id="oc-1a5">
         <name>.text.__fixdfsi</name>
         <load_address>0x3324</load_address>
         <readonly>true</readonly>
         <executable>true</executable>
         <run_address>0x3324</run_address>
         <size>0x4a</size>
         <alignment>0x4</alignment>
         <input_file_ref idref="fl-c0"/>
      </object_component>
      <object_component id="oc-125">
         <name>.text.DL_ADC12_setClockConfig</name>
         <load_address>0x3370</load_address>
         <readonly>true</readonly>
         <executable>true</executable>
         <run_address>0x3370</run_address>
         <size>0x40</size>
         <alignment>0x4</alignment>
         <input_file_ref idref="fl-16"/>
      </object_component>
      <object_component id="oc-d9">
         <name>.text.SYSCFG_DL_SYSCTL_init</name>
         <load_address>0x33b0</load_address>
         <readonly>true</readonly>
         <executable>true</executable>
         <run_address>0x33b0</run_address>
         <size>0x40</size>
         <alignment>0x4</alignment>
         <input_file_ref idref="fl-2"/>
      </object_component>
      <object_component id="oc-157">
         <name>.text.__aeabi_uidivmod</name>
         <load_address>0x33f0</load_address>
         <readonly>true</readonly>
         <executable>true</executable>
         <run_address>0x33f0</run_address>
         <size>0x40</size>
         <alignment>0x4</alignment>
         <input_file_ref idref="fl-c9"/>
      </object_component>
      <object_component id="oc-9a">
         <name>.text.__extendsfdf2</name>
         <load_address>0x3430</load_address>
         <readonly>true</readonly>
         <executable>true</executable>
         <run_address>0x3430</run_address>
         <size>0x40</size>
         <alignment>0x4</alignment>
         <input_file_ref idref="fl-bf"/>
      </object_component>
      <object_component id="oc-15d">
         <name>.text.atoi</name>
         <load_address>0x3470</load_address>
         <readonly>true</readonly>
         <executable>true</executable>
         <run_address>0x3470</run_address>
         <size>0x40</size>
         <alignment>0x4</alignment>
         <input_file_ref idref="fl-3a"/>
      </object_component>
      <object_component id="oc-be">
         <name>.text:__TI_auto_init_nobinit_nopinit</name>
         <load_address>0x34b0</load_address>
         <readonly>true</readonly>
         <executable>true</executable>
         <run_address>0x34b0</run_address>
         <size>0x3c</size>
         <alignment>0x4</alignment>
         <input_file_ref idref="fl-2b"/>
      </object_component>
      <object_component id="oc-131">
         <name>.text.__muldsi3</name>
         <load_address>0x34ec</load_address>
         <readonly>true</readonly>
         <executable>true</executable>
         <run_address>0x34ec</run_address>
         <size>0x3a</size>
         <alignment>0x4</alignment>
         <input_file_ref idref="fl-bd"/>
      </object_component>
      <object_component id="oc-9e">
         <name>.text.sprintf</name>
         <load_address>0x3528</load_address>
         <readonly>true</readonly>
         <executable>true</executable>
         <run_address>0x3528</run_address>
         <size>0x38</size>
         <alignment>0x4</alignment>
         <input_file_ref idref="fl-28"/>
      </object_component>
      <object_component id="oc-de">
         <name>.text.SYSCFG_DL_ADC12_0_init</name>
         <load_address>0x3560</load_address>
         <readonly>true</readonly>
         <executable>true</executable>
         <run_address>0x3560</run_address>
         <size>0x30</size>
         <alignment>0x4</alignment>
         <input_file_ref idref="fl-2"/>
      </object_component>
      <object_component id="oc-1b4">
         <name>.text._fcpy</name>
         <load_address>0x3590</load_address>
         <readonly>true</readonly>
         <executable>true</executable>
         <run_address>0x3590</run_address>
         <size>0x30</size>
         <alignment>0x2</alignment>
         <input_file_ref idref="fl-31"/>
      </object_component>
      <object_component id="oc-8a">
         <name>.text.SYSCFG_DL_init</name>
         <load_address>0x35c0</load_address>
         <readonly>true</readonly>
         <executable>true</executable>
         <run_address>0x35c0</run_address>
         <size>0x2c</size>
         <alignment>0x4</alignment>
         <input_file_ref idref="fl-2"/>
      </object_component>
      <object_component id="oc-1ad">
         <name>.text.__floatsidf</name>
         <load_address>0x35ec</load_address>
         <readonly>true</readonly>
         <executable>true</executable>
         <run_address>0x35ec</run_address>
         <size>0x2c</size>
         <alignment>0x4</alignment>
         <input_file_ref idref="fl-c1"/>
      </object_component>
      <object_component id="oc-59">
         <name>.text:_c_int00_noargs</name>
         <load_address>0x3618</load_address>
         <readonly>true</readonly>
         <executable>true</executable>
         <run_address>0x3618</run_address>
         <size>0x28</size>
         <alignment>0x4</alignment>
         <input_file_ref idref="fl-29"/>
      </object_component>
      <object_component id="oc-123">
         <name>.text.DL_I2C_setClockConfig</name>
         <load_address>0x3640</load_address>
         <readonly>true</readonly>
         <executable>true</executable>
         <run_address>0x3640</run_address>
         <size>0x26</size>
         <alignment>0x2</alignment>
         <input_file_ref idref="fl-18"/>
      </object_component>
      <object_component id="oc-ed">
         <name>.text.__floatunsidf</name>
         <load_address>0x3668</load_address>
         <readonly>true</readonly>
         <executable>true</executable>
         <run_address>0x3668</run_address>
         <size>0x24</size>
         <alignment>0x4</alignment>
         <input_file_ref idref="fl-c2"/>
      </object_component>
      <object_component id="oc-16a">
         <name>.text.__muldi3</name>
         <load_address>0x368c</load_address>
         <readonly>true</readonly>
         <executable>true</executable>
         <run_address>0x368c</run_address>
         <size>0x24</size>
         <alignment>0x4</alignment>
         <input_file_ref idref="fl-c3"/>
      </object_component>
      <object_component id="oc-152">
         <name>.text.memccpy</name>
         <load_address>0x36b0</load_address>
         <readonly>true</readonly>
         <executable>true</executable>
         <run_address>0x36b0</run_address>
         <size>0x22</size>
         <alignment>0x2</alignment>
         <input_file_ref idref="fl-3c"/>
      </object_component>
      <object_component id="oc-1c4">
         <name>.text.__ashldi3</name>
         <load_address>0x36d4</load_address>
         <readonly>true</readonly>
         <executable>true</executable>
         <run_address>0x36d4</run_address>
         <size>0x1e</size>
         <alignment>0x4</alignment>
         <input_file_ref idref="fl-cc"/>
      </object_component>
      <object_component id="oc-34">
         <name>.text.ADC0_IRQHandler</name>
         <load_address>0x36f4</load_address>
         <readonly>true</readonly>
         <executable>true</executable>
         <run_address>0x36f4</run_address>
         <size>0x1c</size>
         <alignment>0x4</alignment>
         <input_file_ref idref="fl-4"/>
      </object_component>
      <object_component id="oc-11c">
         <name>.text.DL_Timer_setCaptCompUpdateMethod</name>
         <load_address>0x3710</load_address>
         <readonly>true</readonly>
         <executable>true</executable>
         <run_address>0x3710</run_address>
         <size>0x1c</size>
         <alignment>0x4</alignment>
         <input_file_ref idref="fl-19"/>
      </object_component>
      <object_component id="oc-114">
         <name>.text.DL_Timer_setClockConfig</name>
         <load_address>0x372c</load_address>
         <readonly>true</readonly>
         <executable>true</executable>
         <run_address>0x372c</run_address>
         <size>0x1c</size>
         <alignment>0x4</alignment>
         <input_file_ref idref="fl-19"/>
      </object_component>
      <object_component id="oc-96">
         <name>.text.TIMEG0_init</name>
         <load_address>0x3748</load_address>
         <readonly>true</readonly>
         <executable>true</executable>
         <run_address>0x3748</run_address>
         <size>0x1c</size>
         <alignment>0x4</alignment>
         <input_file_ref idref="fl-5"/>
      </object_component>
      <object_component id="oc-11b">
         <name>.text.DL_Timer_setCaptureCompareOutCtl</name>
         <load_address>0x3764</load_address>
         <readonly>true</readonly>
         <executable>true</executable>
         <run_address>0x3764</run_address>
         <size>0x18</size>
         <alignment>0x4</alignment>
         <input_file_ref idref="fl-19"/>
      </object_component>
      <object_component id="oc-fb">
         <name>.text._outs</name>
         <load_address>0x377c</load_address>
         <readonly>true</readonly>
         <executable>true</executable>
         <run_address>0x377c</run_address>
         <size>0x18</size>
         <alignment>0x2</alignment>
         <input_file_ref idref="fl-28"/>
      </object_component>
      <object_component id="oc-98">
         <name>.text.adc_init</name>
         <load_address>0x3794</load_address>
         <readonly>true</readonly>
         <executable>true</executable>
         <run_address>0x3794</run_address>
         <size>0x18</size>
         <alignment>0x4</alignment>
         <input_file_ref idref="fl-4"/>
      </object_component>
      <object_component id="oc-50">
         <name>.text:decompress:ZI:__TI_zero_init_nomemset</name>
         <load_address>0x37ac</load_address>
         <readonly>true</readonly>
         <executable>true</executable>
         <run_address>0x37ac</run_address>
         <size>0x16</size>
         <alignment>0x2</alignment>
         <input_file_ref idref="fl-2e"/>
      </object_component>
      <object_component id="oc-16f">
         <name>.text.__aeabi_uldivmod</name>
         <load_address>0x37c4</load_address>
         <readonly>true</readonly>
         <executable>true</executable>
         <run_address>0x37c4</run_address>
         <size>0x14</size>
         <alignment>0x4</alignment>
         <input_file_ref idref="fl-ca"/>
      </object_component>
      <object_component id="oc-1b2">
         <name>.text.strchr</name>
         <load_address>0x37d8</load_address>
         <readonly>true</readonly>
         <executable>true</executable>
         <run_address>0x37d8</run_address>
         <size>0x14</size>
         <alignment>0x2</alignment>
         <input_file_ref idref="fl-31"/>
      </object_component>
      <object_component id="oc-20">
         <name>.text:decompress:none</name>
         <load_address>0x37ec</load_address>
         <readonly>true</readonly>
         <executable>true</executable>
         <run_address>0x37ec</run_address>
         <size>0x12</size>
         <alignment>0x2</alignment>
         <input_file_ref idref="fl-2f"/>
      </object_component>
      <object_component id="oc-11d">
         <name>.text.DL_Timer_setCaptureCompareValue</name>
         <load_address>0x3800</load_address>
         <readonly>true</readonly>
         <executable>true</executable>
         <run_address>0x3800</run_address>
         <size>0x10</size>
         <alignment>0x4</alignment>
         <input_file_ref idref="fl-19"/>
      </object_component>
      <object_component id="oc-b0">
         <name>.text.LED2_blue_OFF</name>
         <load_address>0x3810</load_address>
         <readonly>true</readonly>
         <executable>true</executable>
         <run_address>0x3810</run_address>
         <size>0x10</size>
         <alignment>0x4</alignment>
         <input_file_ref idref="fl-7"/>
      </object_component>
      <object_component id="oc-aa">
         <name>.text.LED2_blue_ON</name>
         <load_address>0x3820</load_address>
         <readonly>true</readonly>
         <executable>true</executable>
         <run_address>0x3820</run_address>
         <size>0x10</size>
         <alignment>0x4</alignment>
         <input_file_ref idref="fl-7"/>
      </object_component>
      <object_component id="oc-161">
         <name>.text.wcslen</name>
         <load_address>0x3830</load_address>
         <readonly>true</readonly>
         <executable>true</executable>
         <run_address>0x3830</run_address>
         <size>0x10</size>
         <alignment>0x2</alignment>
         <input_file_ref idref="fl-3e"/>
      </object_component>
      <object_component id="oc-151">
         <name>.text.__aeabi_memset</name>
         <load_address>0x3840</load_address>
         <readonly>true</readonly>
         <executable>true</executable>
         <run_address>0x3840</run_address>
         <size>0xe</size>
         <alignment>0x4</alignment>
         <input_file_ref idref="fl-c8"/>
      </object_component>
      <object_component id="oc-150">
         <name>.text.strlen</name>
         <load_address>0x384e</load_address>
         <readonly>true</readonly>
         <executable>true</executable>
         <run_address>0x384e</run_address>
         <size>0xe</size>
         <alignment>0x2</alignment>
         <input_file_ref idref="fl-31"/>
      </object_component>
      <object_component id="oc-39">
         <name>.text.TIMG0_IRQHandler</name>
         <load_address>0x385c</load_address>
         <readonly>true</readonly>
         <executable>true</executable>
         <run_address>0x385c</run_address>
         <size>0xc</size>
         <alignment>0x4</alignment>
         <input_file_ref idref="fl-5"/>
      </object_component>
      <object_component id="oc-ff">
         <name>.text.DL_Common_delayCycles</name>
         <load_address>0x3868</load_address>
         <readonly>true</readonly>
         <executable>true</executable>
         <run_address>0x3868</run_address>
         <size>0xa</size>
         <alignment>0x2</alignment>
         <input_file_ref idref="fl-17"/>
      </object_component>
      <object_component id="oc-95">
         <name>.text.OLED_CLS</name>
         <load_address>0x3872</load_address>
         <readonly>true</readonly>
         <executable>true</executable>
         <run_address>0x3872</run_address>
         <size>0xa</size>
         <alignment>0x2</alignment>
         <input_file_ref idref="fl-8"/>
      </object_component>
      <object_component id="oc-1b1">
         <name>.text.OUTLINED_FUNCTION_0</name>
         <load_address>0x387c</load_address>
         <readonly>true</readonly>
         <executable>true</executable>
         <run_address>0x387c</run_address>
         <size>0xa</size>
         <alignment>0x2</alignment>
         <input_file_ref idref="fl-31"/>
      </object_component>
      <object_component id="oc-225">
         <name>.tramp.__aeabi_dsub.1</name>
         <load_address>0x3888</load_address>
         <readonly>true</readonly>
         <executable>true</executable>
         <run_address>0x3888</run_address>
         <size>0x10</size>
         <alignment>0x4</alignment>
         <input_file_ref idref="fl-bb"/>
      </object_component>
      <object_component id="oc-1b6">
         <name>.text.OUTLINED_FUNCTION_1</name>
         <load_address>0x3898</load_address>
         <readonly>true</readonly>
         <executable>true</executable>
         <run_address>0x3898</run_address>
         <size>0xa</size>
         <alignment>0x2</alignment>
         <input_file_ref idref="fl-31"/>
      </object_component>
      <object_component id="oc-fc">
         <name>.text._outc</name>
         <load_address>0x38a2</load_address>
         <readonly>true</readonly>
         <executable>true</executable>
         <run_address>0x38a2</run_address>
         <size>0xa</size>
         <alignment>0x2</alignment>
         <input_file_ref idref="fl-28"/>
      </object_component>
      <object_component id="oc-49">
         <name>.text.__aeabi_memcpy</name>
         <load_address>0x38ac</load_address>
         <readonly>true</readonly>
         <executable>true</executable>
         <run_address>0x38ac</run_address>
         <size>0x8</size>
         <alignment>0x4</alignment>
         <input_file_ref idref="fl-c7"/>
      </object_component>
      <object_component id="oc-2f">
         <name>.text.Reset_Handler</name>
         <load_address>0x38b4</load_address>
         <readonly>true</readonly>
         <executable>true</executable>
         <run_address>0x38b4</run_address>
         <size>0x4</size>
         <alignment>0x2</alignment>
         <input_file_ref idref="fl-3"/>
      </object_component>
      <object_component id="oc-6e">
         <name>.text._system_pre_init</name>
         <load_address>0x38b8</load_address>
         <readonly>true</readonly>
         <executable>true</executable>
         <run_address>0x38b8</run_address>
         <size>0x4</size>
         <alignment>0x2</alignment>
         <input_file_ref idref="fl-2c"/>
      </object_component>
      <object_component id="oc-b7">
         <name>.text:abort</name>
         <load_address>0x38bc</load_address>
         <readonly>true</readonly>
         <executable>true</executable>
         <run_address>0x38bc</run_address>
         <size>0x4</size>
         <alignment>0x2</alignment>
         <input_file_ref idref="fl-35"/>
      </object_component>
      <object_component id="oc-21f">
         <name>__TI_handler_table</name>
         <load_address>0x4020</load_address>
         <readonly>true</readonly>
         <run_address>0x4020</run_address>
         <size>0xc</size>
         <alignment>0x4</alignment>
      </object_component>
      <object_component id="oc-222">
         <name>.cinit..bss.load</name>
         <load_address>0x402c</load_address>
         <readonly>true</readonly>
         <run_address>0x402c</run_address>
         <size>0x8</size>
         <alignment>0x4</alignment>
      </object_component>
      <object_component id="oc-221">
         <name>.cinit..data.load</name>
         <load_address>0x4034</load_address>
         <readonly>true</readonly>
         <run_address>0x4034</run_address>
         <size>0x7</size>
         <alignment>0x1</alignment>
      </object_component>
      <object_component id="oc-220">
         <name>__TI_cinit_table</name>
         <load_address>0x403c</load_address>
         <readonly>true</readonly>
         <run_address>0x403c</run_address>
         <size>0x10</size>
         <alignment>0x4</alignment>
      </object_component>
      <object_component id="oc-12f">
         <name>.rodata.F8X16</name>
         <load_address>0x38c0</load_address>
         <readonly>true</readonly>
         <run_address>0x38c0</run_address>
         <size>0x5f0</size>
         <alignment>0x1</alignment>
         <input_file_ref idref="fl-8"/>
      </object_component>
      <object_component id="oc-184">
         <name>.rodata:__aeabi_ctype_table_</name>
         <load_address>0x3eb0</load_address>
         <readonly>true</readonly>
         <run_address>0x3eb0</run_address>
         <size>0x101</size>
         <alignment>0x10</alignment>
         <input_file_ref idref="fl-43"/>
      </object_component>
      <object_component id="oc-11e">
         <name>.rodata.gPWM_0ClockConfig</name>
         <load_address>0x3fb1</load_address>
         <readonly>true</readonly>
         <run_address>0x3fb1</run_address>
         <size>0x3</size>
         <alignment>0x1</alignment>
         <input_file_ref idref="fl-2"/>
      </object_component>
      <object_component id="oc-122">
         <name>.rodata.gTIMER_0TimerConfig</name>
         <load_address>0x3fb4</load_address>
         <readonly>true</readonly>
         <run_address>0x3fb4</run_address>
         <size>0x14</size>
         <alignment>0x4</alignment>
         <input_file_ref idref="fl-2"/>
      </object_component>
      <object_component id="oc-16e">
         <name>.rodata.str1.11645776875810915891</name>
         <load_address>0x3fc8</load_address>
         <readonly>true</readonly>
         <run_address>0x3fc8</run_address>
         <size>0x11</size>
         <alignment>0x1</alignment>
         <input_file_ref idref="fl-31"/>
      </object_component>
      <object_component id="oc-156">
         <name>.rodata.str1.44690500295887128011</name>
         <load_address>0x3fd9</load_address>
         <readonly>true</readonly>
         <run_address>0x3fd9</run_address>
         <size>0x11</size>
         <alignment>0x1</alignment>
         <input_file_ref idref="fl-31"/>
      </object_component>
      <object_component id="oc-b1">
         <name>.rodata.str1.162906114796922795351</name>
         <load_address>0x3fea</load_address>
         <readonly>true</readonly>
         <run_address>0x3fea</run_address>
         <size>0xf</size>
         <alignment>0x1</alignment>
         <input_file_ref idref="fl-1"/>
      </object_component>
      <object_component id="oc-121">
         <name>.rodata.gTIMER_0ClockConfig</name>
         <load_address>0x3ff9</load_address>
         <readonly>true</readonly>
         <run_address>0x3ff9</run_address>
         <size>0x3</size>
         <alignment>0x1</alignment>
         <input_file_ref idref="fl-2"/>
      </object_component>
      <object_component id="oc-12b">
         <name>.rodata.gADC12_0ClockConfig</name>
         <load_address>0x3ffc</load_address>
         <readonly>true</readonly>
         <run_address>0x3ffc</run_address>
         <size>0x8</size>
         <alignment>0x4</alignment>
         <input_file_ref idref="fl-2"/>
      </object_component>
      <object_component id="oc-11f">
         <name>.rodata.gPWM_0Config</name>
         <load_address>0x4004</load_address>
         <readonly>true</readonly>
         <run_address>0x4004</run_address>
         <size>0x8</size>
         <alignment>0x4</alignment>
         <input_file_ref idref="fl-2"/>
      </object_component>
      <object_component id="oc-b4">
         <name>.rodata.str1.92454112862644078121</name>
         <load_address>0x400c</load_address>
         <readonly>true</readonly>
         <run_address>0x400c</run_address>
         <size>0x5</size>
         <alignment>0x1</alignment>
         <input_file_ref idref="fl-1"/>
      </object_component>
      <object_component id="oc-124">
         <name>.rodata.gI2C_0ClockConfig</name>
         <load_address>0x4011</load_address>
         <readonly>true</readonly>
         <run_address>0x4011</run_address>
         <size>0x2</size>
         <alignment>0x1</alignment>
         <input_file_ref idref="fl-2"/>
      </object_component>
      <object_component id="oc-1e7">
         <name>.binit</name>
         <load_address>0x0</load_address>
         <readonly>true</readonly>
         <run_address>0x0</run_address>
         <size>0x0</size>
         <alignment>0x4</alignment>
      </object_component>
      <object_component id="oc-18b">
         <name>.data.__aeabi_errno</name>
         <load_address>0x202000a8</load_address>
         <readwrite>true</readwrite>
         <run_address>0x202000a8</run_address>
         <size>0x4</size>
         <alignment>0x4</alignment>
         <input_file_ref idref="fl-34"/>
      </object_component>
      <object_component id="oc-b3">
         <name>.common:lcd_buf</name>
         <uninitialized>true</uninitialized>
         <readwrite>true</readwrite>
         <run_address>0x20200078</run_address>
         <size>0x28</size>
         <alignment>0x2</alignment>
      </object_component>
      <object_component id="oc-df">
         <name>.common:gPWM_0Backup</name>
         <uninitialized>true</uninitialized>
         <readwrite>true</readwrite>
         <run_address>0x20200000</run_address>
         <size>0x78</size>
         <alignment>0x4</alignment>
      </object_component>
      <object_component id="oc-60">
         <name>.common:adc_falg</name>
         <uninitialized>true</uninitialized>
         <readwrite>true</readwrite>
         <run_address>0x202000a4</run_address>
         <size>0x1</size>
         <alignment>0x1</alignment>
      </object_component>
      <object_component id="oc-b2">
         <name>.common:adc_value</name>
         <uninitialized>true</uninitialized>
         <readwrite>true</readwrite>
         <run_address>0x202000a0</run_address>
         <size>0x4</size>
         <alignment>0x4</alignment>
      </object_component>
      <object_component id="oc-1a">
         <name>.stack</name>
         <uninitialized>true</uninitialized>
         <readwrite>true</readwrite>
         <run_address>0x20207e00</run_address>
         <size>0x4</size>
         <alignment>0x4</alignment>
         <input_file_ref idref="fl-29"/>
      </object_component>
      <object_component id="oc-224">
         <name>.stack</name>
         <uninitialized>true</uninitialized>
         <readwrite>true</readwrite>
         <run_address>0x20207e00</run_address>
         <size>0x0</size>
         <alignment>0x8</alignment>
      </object_component>
      <object_component id="oc-b5">
         <name>.debug_abbrev</name>
         <load_address>0x0</load_address>
         <run_address>0x0</run_address>
         <size>0x10c</size>
         <alignment>0x1</alignment>
         <input_file_ref idref="fl-1"/>
      </object_component>
      <object_component id="oc-e0">
         <name>.debug_abbrev</name>
         <load_address>0x10c</load_address>
         <run_address>0x10c</run_address>
         <size>0x27b</size>
         <alignment>0x1</alignment>
         <input_file_ref idref="fl-2"/>
      </object_component>
      <object_component id="oc-3e">
         <name>.debug_abbrev</name>
         <load_address>0x387</load_address>
         <run_address>0x387</run_address>
         <size>0x6d</size>
         <alignment>0x1</alignment>
         <input_file_ref idref="fl-3"/>
      </object_component>
      <object_component id="oc-61">
         <name>.debug_abbrev</name>
         <load_address>0x3f4</load_address>
         <run_address>0x3f4</run_address>
         <size>0x187</size>
         <alignment>0x1</alignment>
         <input_file_ref idref="fl-4"/>
      </object_component>
      <object_component id="oc-63">
         <name>.debug_abbrev</name>
         <load_address>0x57b</load_address>
         <run_address>0x57b</run_address>
         <size>0x140</size>
         <alignment>0x1</alignment>
         <input_file_ref idref="fl-5"/>
      </object_component>
      <object_component id="oc-103">
         <name>.debug_abbrev</name>
         <load_address>0x6bb</load_address>
         <run_address>0x6bb</run_address>
         <size>0x173</size>
         <alignment>0x1</alignment>
         <input_file_ref idref="fl-6"/>
      </object_component>
      <object_component id="oc-105">
         <name>.debug_abbrev</name>
         <load_address>0x82e</load_address>
         <run_address>0x82e</run_address>
         <size>0xe5</size>
         <alignment>0x1</alignment>
         <input_file_ref idref="fl-7"/>
      </object_component>
      <object_component id="oc-ea">
         <name>.debug_abbrev</name>
         <load_address>0x913</load_address>
         <run_address>0x913</run_address>
         <size>0x287</size>
         <alignment>0x1</alignment>
         <input_file_ref idref="fl-8"/>
      </object_component>
      <object_component id="oc-14d">
         <name>.debug_abbrev</name>
         <load_address>0xb9a</load_address>
         <run_address>0xb9a</run_address>
         <size>0x171</size>
         <alignment>0x1</alignment>
         <input_file_ref idref="fl-16"/>
      </object_component>
      <object_component id="oc-13f">
         <name>.debug_abbrev</name>
         <load_address>0xd0b</load_address>
         <run_address>0xd0b</run_address>
         <size>0x62</size>
         <alignment>0x1</alignment>
         <input_file_ref idref="fl-17"/>
      </object_component>
      <object_component id="oc-12c">
         <name>.debug_abbrev</name>
         <load_address>0xd6d</load_address>
         <run_address>0xd6d</run_address>
         <size>0x1e7</size>
         <alignment>0x1</alignment>
         <input_file_ref idref="fl-18"/>
      </object_component>
      <object_component id="oc-14b">
         <name>.debug_abbrev</name>
         <load_address>0xf54</load_address>
         <run_address>0xf54</run_address>
         <size>0x258</size>
         <alignment>0x1</alignment>
         <input_file_ref idref="fl-19"/>
      </object_component>
      <object_component id="oc-fd">
         <name>.debug_abbrev</name>
         <load_address>0x11ac</load_address>
         <run_address>0x11ac</run_address>
         <size>0xe1</size>
         <alignment>0x1</alignment>
         <input_file_ref idref="fl-28"/>
      </object_component>
      <object_component id="oc-40">
         <name>.debug_abbrev</name>
         <load_address>0x128d</load_address>
         <run_address>0x128d</run_address>
         <size>0xaf</size>
         <alignment>0x1</alignment>
         <input_file_ref idref="fl-29"/>
      </object_component>
      <object_component id="oc-10d">
         <name>.debug_abbrev</name>
         <load_address>0x133c</load_address>
         <run_address>0x133c</run_address>
         <size>0x186</size>
         <alignment>0x1</alignment>
         <input_file_ref idref="fl-2b"/>
      </object_component>
      <object_component id="oc-88">
         <name>.debug_abbrev</name>
         <load_address>0x14c2</load_address>
         <run_address>0x14c2</run_address>
         <size>0x39</size>
         <alignment>0x1</alignment>
         <input_file_ref idref="fl-2c"/>
      </object_component>
      <object_component id="oc-67">
         <name>.debug_abbrev</name>
         <load_address>0x14fb</load_address>
         <run_address>0x14fb</run_address>
         <size>0xc2</size>
         <alignment>0x1</alignment>
         <input_file_ref idref="fl-2e"/>
      </object_component>
      <object_component id="oc-4d">
         <name>.debug_abbrev</name>
         <load_address>0x15bd</load_address>
         <run_address>0x15bd</run_address>
         <size>0x70</size>
         <alignment>0x1</alignment>
         <input_file_ref idref="fl-2f"/>
      </object_component>
      <object_component id="oc-45">
         <name>.debug_abbrev</name>
         <load_address>0x162d</load_address>
         <run_address>0x162d</run_address>
         <size>0x8d</size>
         <alignment>0x1</alignment>
         <input_file_ref idref="fl-30"/>
      </object_component>
      <object_component id="oc-15b">
         <name>.debug_abbrev</name>
         <load_address>0x16ba</load_address>
         <run_address>0x16ba</run_address>
         <size>0x2f5</size>
         <alignment>0x1</alignment>
         <input_file_ref idref="fl-31"/>
      </object_component>
      <object_component id="oc-1cb">
         <name>.debug_abbrev</name>
         <load_address>0x19af</load_address>
         <run_address>0x19af</run_address>
         <size>0x81</size>
         <alignment>0x1</alignment>
         <input_file_ref idref="fl-32"/>
      </object_component>
      <object_component id="oc-1ce">
         <name>.debug_abbrev</name>
         <load_address>0x1a30</load_address>
         <run_address>0x1a30</run_address>
         <size>0x88</size>
         <alignment>0x1</alignment>
         <input_file_ref idref="fl-33"/>
      </object_component>
      <object_component id="oc-18c">
         <name>.debug_abbrev</name>
         <load_address>0x1ab8</load_address>
         <run_address>0x1ab8</run_address>
         <size>0x12a</size>
         <alignment>0x1</alignment>
         <input_file_ref idref="fl-34"/>
      </object_component>
      <object_component id="oc-107">
         <name>.debug_abbrev</name>
         <load_address>0x1be2</load_address>
         <run_address>0x1be2</run_address>
         <size>0xb3</size>
         <alignment>0x1</alignment>
         <input_file_ref idref="fl-35"/>
      </object_component>
      <object_component id="oc-1d6">
         <name>.debug_abbrev</name>
         <load_address>0x1c95</load_address>
         <run_address>0x1c95</run_address>
         <size>0x95</size>
         <alignment>0x1</alignment>
         <input_file_ref idref="fl-37"/>
      </object_component>
      <object_component id="oc-185">
         <name>.debug_abbrev</name>
         <load_address>0x1d2a</load_address>
         <run_address>0x1d2a</run_address>
         <size>0x72</size>
         <alignment>0x1</alignment>
         <input_file_ref idref="fl-3a"/>
      </object_component>
      <object_component id="oc-17b">
         <name>.debug_abbrev</name>
         <load_address>0x1d9c</load_address>
         <run_address>0x1d9c</run_address>
         <size>0x8b</size>
         <alignment>0x1</alignment>
         <input_file_ref idref="fl-3c"/>
      </object_component>
      <object_component id="oc-188">
         <name>.debug_abbrev</name>
         <load_address>0x1e27</load_address>
         <run_address>0x1e27</run_address>
         <size>0x72</size>
         <alignment>0x1</alignment>
         <input_file_ref idref="fl-3e"/>
      </object_component>
      <object_component id="oc-1db">
         <name>.debug_abbrev</name>
         <load_address>0x1e99</load_address>
         <run_address>0x1e99</run_address>
         <size>0x27</size>
         <alignment>0x1</alignment>
         <input_file_ref idref="fl-bb"/>
      </object_component>
      <object_component id="oc-135">
         <name>.debug_abbrev</name>
         <load_address>0x1ec0</load_address>
         <run_address>0x1ec0</run_address>
         <size>0x27</size>
         <alignment>0x1</alignment>
         <input_file_ref idref="fl-bc"/>
      </object_component>
      <object_component id="oc-14f">
         <name>.debug_abbrev</name>
         <load_address>0x1ee7</load_address>
         <run_address>0x1ee7</run_address>
         <size>0x27</size>
         <alignment>0x1</alignment>
         <input_file_ref idref="fl-bd"/>
      </object_component>
      <object_component id="oc-1da">
         <name>.debug_abbrev</name>
         <load_address>0x1f0e</load_address>
         <run_address>0x1f0e</run_address>
         <size>0x27</size>
         <alignment>0x1</alignment>
         <input_file_ref idref="fl-be"/>
      </object_component>
      <object_component id="oc-f9">
         <name>.debug_abbrev</name>
         <load_address>0x1f35</load_address>
         <run_address>0x1f35</run_address>
         <size>0x27</size>
         <alignment>0x1</alignment>
         <input_file_ref idref="fl-bf"/>
      </object_component>
      <object_component id="oc-1d1">
         <name>.debug_abbrev</name>
         <load_address>0x1f5c</load_address>
         <run_address>0x1f5c</run_address>
         <size>0x27</size>
         <alignment>0x1</alignment>
         <input_file_ref idref="fl-c0"/>
      </object_component>
      <object_component id="oc-1d9">
         <name>.debug_abbrev</name>
         <load_address>0x1f83</load_address>
         <run_address>0x1f83</run_address>
         <size>0x27</size>
         <alignment>0x1</alignment>
         <input_file_ref idref="fl-c1"/>
      </object_component>
      <object_component id="oc-130">
         <name>.debug_abbrev</name>
         <load_address>0x1faa</load_address>
         <run_address>0x1faa</run_address>
         <size>0x27</size>
         <alignment>0x1</alignment>
         <input_file_ref idref="fl-c2"/>
      </object_component>
      <object_component id="oc-18f">
         <name>.debug_abbrev</name>
         <load_address>0x1fd1</load_address>
         <run_address>0x1fd1</run_address>
         <size>0x27</size>
         <alignment>0x1</alignment>
         <input_file_ref idref="fl-c3"/>
      </object_component>
      <object_component id="oc-136">
         <name>.debug_abbrev</name>
         <load_address>0x1ff8</load_address>
         <run_address>0x1ff8</run_address>
         <size>0x27</size>
         <alignment>0x1</alignment>
         <input_file_ref idref="fl-c4"/>
      </object_component>
      <object_component id="oc-19c">
         <name>.debug_abbrev</name>
         <load_address>0x201f</load_address>
         <run_address>0x201f</run_address>
         <size>0x27</size>
         <alignment>0x1</alignment>
         <input_file_ref idref="fl-c5"/>
      </object_component>
      <object_component id="oc-1dd">
         <name>.debug_abbrev</name>
         <load_address>0x2046</load_address>
         <run_address>0x2046</run_address>
         <size>0x27</size>
         <alignment>0x1</alignment>
         <input_file_ref idref="fl-c6"/>
      </object_component>
      <object_component id="oc-66">
         <name>.debug_abbrev</name>
         <load_address>0x206d</load_address>
         <run_address>0x206d</run_address>
         <size>0x27</size>
         <alignment>0x1</alignment>
         <input_file_ref idref="fl-c7"/>
      </object_component>
      <object_component id="oc-87">
         <name>.debug_abbrev</name>
         <load_address>0x2094</load_address>
         <run_address>0x2094</run_address>
         <size>0x25</size>
         <alignment>0x1</alignment>
         <input_file_ref idref="fl-c8"/>
      </object_component>
      <object_component id="oc-183">
         <name>.debug_abbrev</name>
         <load_address>0x20b9</load_address>
         <run_address>0x20b9</run_address>
         <size>0x27</size>
         <alignment>0x1</alignment>
         <input_file_ref idref="fl-c9"/>
      </object_component>
      <object_component id="oc-194">
         <name>.debug_abbrev</name>
         <load_address>0x20e0</load_address>
         <run_address>0x20e0</run_address>
         <size>0x27</size>
         <alignment>0x1</alignment>
         <input_file_ref idref="fl-ca"/>
      </object_component>
      <object_component id="oc-1c8">
         <name>.debug_abbrev</name>
         <load_address>0x2107</load_address>
         <run_address>0x2107</run_address>
         <size>0x27</size>
         <alignment>0x1</alignment>
         <input_file_ref idref="fl-cb"/>
      </object_component>
      <object_component id="oc-1dc">
         <name>.debug_abbrev</name>
         <load_address>0x212e</load_address>
         <run_address>0x212e</run_address>
         <size>0x27</size>
         <alignment>0x1</alignment>
         <input_file_ref idref="fl-cc"/>
      </object_component>
      <object_component id="oc-1c9">
         <name>.debug_abbrev</name>
         <load_address>0x2155</load_address>
         <run_address>0x2155</run_address>
         <size>0xb7</size>
         <alignment>0x1</alignment>
         <input_file_ref idref="fl-cd"/>
      </object_component>
      <object_component id="oc-1c0">
         <name>.debug_abbrev</name>
         <load_address>0x220c</load_address>
         <run_address>0x220c</run_address>
         <size>0x59</size>
         <alignment>0x1</alignment>
         <input_file_ref idref="fl-ce"/>
      </object_component>
      <object_component id="oc-d0">
         <name>.debug_abbrev</name>
         <load_address>0x2265</load_address>
         <run_address>0x2265</run_address>
         <size>0x25</size>
         <alignment>0x1</alignment>
         <input_file_ref idref="fl-d0"/>
      </object_component>
      <object_component id="oc-113">
         <name>.debug_abbrev</name>
         <load_address>0x228a</load_address>
         <run_address>0x228a</run_address>
         <size>0x25</size>
         <alignment>0x1</alignment>
         <input_file_ref idref="fl-d1"/>
      </object_component>
      <object_component id="oc-227">
         <name>.debug_abbrev</name>
         <load_address>0x22af</load_address>
         <run_address>0x22af</run_address>
         <size>0x23</size>
         <alignment>0x0</alignment>
      </object_component>
      <object_component id="oc-73">
         <name>.debug_info</name>
         <load_address>0x0</load_address>
         <run_address>0x0</run_address>
         <size>0x7ad</size>
         <alignment>0x1</alignment>
         <input_file_ref idref="fl-1"/>
      </object_component>
      <object_component id="oc-8d">
         <name>.debug_info</name>
         <load_address>0x7ad</load_address>
         <run_address>0x7ad</run_address>
         <size>0x42d2</size>
         <alignment>0x1</alignment>
         <input_file_ref idref="fl-2"/>
      </object_component>
      <object_component id="oc-19">
         <name>.debug_info</name>
         <load_address>0x4a7f</load_address>
         <run_address>0x4a7f</run_address>
         <size>0x80</size>
         <alignment>0x1</alignment>
         <input_file_ref idref="fl-3"/>
      </object_component>
      <object_component id="oc-36">
         <name>.debug_info</name>
         <load_address>0x4aff</load_address>
         <run_address>0x4aff</run_address>
         <size>0x979</size>
         <alignment>0x1</alignment>
         <input_file_ref idref="fl-4"/>
      </object_component>
      <object_component id="oc-3d">
         <name>.debug_info</name>
         <load_address>0x5478</load_address>
         <run_address>0x5478</run_address>
         <size>0xf12</size>
         <alignment>0x1</alignment>
         <input_file_ref idref="fl-5"/>
      </object_component>
      <object_component id="oc-a8">
         <name>.debug_info</name>
         <load_address>0x638a</load_address>
         <run_address>0x638a</run_address>
         <size>0x9f4</size>
         <alignment>0x1</alignment>
         <input_file_ref idref="fl-6"/>
      </object_component>
      <object_component id="oc-ac">
         <name>.debug_info</name>
         <load_address>0x6d7e</load_address>
         <run_address>0x6d7e</run_address>
         <size>0x7ac</size>
         <alignment>0x1</alignment>
         <input_file_ref idref="fl-7"/>
      </object_component>
[...]
         <object_component_ref idref="oc-33"/>
      </symbol>
      <symbol id="sm-8e">
         <name>UART1_IRQHandler</name>
         <value>0x2057</value>
         <object_component_ref idref="oc-33"/>
      </symbol>
      <symbol id="sm-8f">
         <name>UART2_IRQHandler</name>
         <value>0x2057</value>
         <object_component_ref idref="oc-33"/>
      </symbol>
      <symbol id="sm-90">
         <name>UART0_IRQHandler</name>
         <value>0x2057</value>
         <object_component_ref idref="oc-33"/>
      </symbol>
      <symbol id="sm-91">
         <name>TIMG6_IRQHandler</name>
         <value>0x2057</value>
         <object_component_ref idref="oc-33"/>
      </symbol>
      <symbol id="sm-92">
         <name>TIMA0_IRQHandler</name>
         <value>0x2057</value>
         <object_component_ref idref="oc-33"/>
      </symbol>
      <symbol id="sm-93">
         <name>TIMA1_IRQHandler</name>
         <value>0x2057</value>
         <object_component_ref idref="oc-33"/>
      </symbol>
      <symbol id="sm-94">
         <name>TIMG7_IRQHandler</name>
         <value>0x2057</value>
         <object_component_ref idref="oc-33"/>
      </symbol>
      <symbol id="sm-95">
         <name>TIMG12_IRQHandler</name>
         <value>0x2057</value>
         <object_component_ref idref="oc-33"/>
      </symbol>
      <symbol id="sm-96">
         <name>I2C0_IRQHandler</name>
         <value>0x2057</value>
         <object_component_ref idref="oc-33"/>
      </symbol>
      <symbol id="sm-97">
         <name>I2C1_IRQHandler</name>
         <value>0x2057</value>
         <object_component_ref idref="oc-33"/>
      </symbol>
      <symbol id="sm-98">
         <name>AES_IRQHandler</name>
         <value>0x2057</value>
         <object_component_ref idref="oc-33"/>
      </symbol>
      <symbol id="sm-99">
         <name>RTC_IRQHandler</name>
         <value>0x2057</value>
         <object_component_ref idref="oc-33"/>
      </symbol>
      <symbol id="sm-9a">
         <name>DMA_IRQHandler</name>
         <value>0x2057</value>
         <object_component_ref idref="oc-33"/>
      </symbol>
      <symbol id="sm-aa">
         <name>adc_init</name>
         <value>0x3795</value>
         <object_component_ref idref="oc-98"/>
      </symbol>
      <symbol id="sm-ab">
         <name>adc_falg</name>
         <value>0x202000a4</value>
      </symbol>
      <symbol id="sm-ac">
         <name>adc_get</name>
         <value>0x2f71</value>
         <object_component_ref idref="oc-99"/>
      </symbol>
      <symbol id="sm-ad">
         <name>adc_value</name>
         <value>0x202000a0</value>
      </symbol>
      <symbol id="sm-ae">
         <name>ADC0_IRQHandler</name>
         <value>0x36f5</value>
         <object_component_ref idref="oc-34"/>
      </symbol>
      <symbol id="sm-bb">
         <name>TIMEG0_init</name>
         <value>0x3749</value>
         <object_component_ref idref="oc-96"/>
      </symbol>
      <symbol id="sm-bc">
         <name>TIMG0_IRQHandler</name>
         <value>0x385d</value>
         <object_component_ref idref="oc-39"/>
      </symbol>
      <symbol id="sm-cd">
         <name>delay_ms</name>
         <value>0x2a35</value>
         <object_component_ref idref="oc-e2"/>
      </symbol>
      <symbol id="sm-ce">
         <name>key1_get</name>
         <value>0x299d</value>
         <object_component_ref idref="oc-a4"/>
      </symbol>
      <symbol id="sm-cf">
         <name>key2_get</name>
         <value>0x2ab9</value>
         <object_component_ref idref="oc-af"/>
      </symbol>
      <symbol id="sm-dc">
         <name>LED2_blue_ON</name>
         <value>0x3821</value>
         <object_component_ref idref="oc-aa"/>
      </symbol>
      <symbol id="sm-dd">
         <name>LED2_blue_OFF</name>
         <value>0x3811</value>
         <object_component_ref idref="oc-b0"/>
      </symbol>
      <symbol id="sm-119">
         <name>OLED_Init</name>
         <value>0xc1</value>
         <object_component_ref idref="oc-8f"/>
      </symbol>
      <symbol id="sm-11a">
         <name>OLED_Fill</name>
         <value>0x1575</value>
         <object_component_ref idref="oc-e9"/>
      </symbol>
      <symbol id="sm-11b">
         <name>OLED_CLS</name>
         <value>0x3873</value>
         <object_component_ref idref="oc-95"/>
      </symbol>
      <symbol id="sm-11c">
         <name>OLED_SetPos</name>
         <value>0x2195</value>
         <object_component_ref idref="oc-12e"/>
      </symbol>
      <symbol id="sm-11d">
         <name>OLED_ShowChar</name>
         <value>0x1821</value>
         <object_component_ref idref="oc-ec"/>
      </symbol>
      <symbol id="sm-11e">
         <name>F8X16</name>
         <value>0x38c0</value>
         <object_component_ref idref="oc-12f"/>
      </symbol>
      <symbol id="sm-11f">
         <name>OLED_ShowString</name>
         <value>0x3187</value>
         <object_component_ref idref="oc-97"/>
      </symbol>
      <symbol id="sm-120">
         <name>__TI_ATRegion0_src_addr</name>
         <value>0x0</value>
      </symbol>
      <symbol id="sm-121">
         <name>__TI_ATRegion0_trg_addr</name>
         <value>0x0</value>
      </symbol>
      <symbol id="sm-122">
         <name>__TI_ATRegion0_region_sz</name>
         <value>0x0</value>
      </symbol>
      <symbol id="sm-123">
         <name>__TI_ATRegion1_src_addr</name>
         <value>0x0</value>
      </symbol>
      <symbol id="sm-124">
         <name>__TI_ATRegion1_trg_addr</name>
         <value>0x0</value>
      </symbol>
      <symbol id="sm-125">
         <name>__TI_ATRegion1_region_sz</name>
         <value>0x0</value>
      </symbol>
      <symbol id="sm-126">
         <name>__TI_ATRegion2_src_addr</name>
         <value>0x0</value>
      </symbol>
      <symbol id="sm-127">
         <name>__TI_ATRegion2_trg_addr</name>
         <value>0x0</value>
      </symbol>
      <symbol id="sm-128">
         <name>__TI_ATRegion2_region_sz</name>
         <value>0x0</value>
      </symbol>
      <symbol id="sm-133">
         <name>DL_ADC12_setClockConfig</name>
         <value>0x3371</value>
         <object_component_ref idref="oc-125"/>
      </symbol>
      <symbol id="sm-13c">
         <name>DL_Common_delayCycles</name>
         <value>0x3869</value>
         <object_component_ref idref="oc-ff"/>
      </symbol>
      <symbol id="sm-148">
         <name>DL_I2C_setClockConfig</name>
         <value>0x3641</value>
         <object_component_ref idref="oc-123"/>
      </symbol>
      <symbol id="sm-149">
         <name>DL_I2C_fillControllerTXFIFO</name>
         <value>0x2f11</value>
         <object_component_ref idref="oc-e3"/>
      </symbol>
      <symbol id="sm-165">
         <name>DL_Timer_setClockConfig</name>
         <value>0x372d</value>
         <object_component_ref idref="oc-114"/>
      </symbol>
      <symbol id="sm-166">
         <name>DL_Timer_initTimerMode</name>
         <value>0x24f9</value>
         <object_component_ref idref="oc-120"/>
      </symbol>
      <symbol id="sm-167">
         <name>DL_Timer_setCaptureCompareValue</name>
         <value>0x3801</value>
         <object_component_ref idref="oc-11d"/>
      </symbol>
      <symbol id="sm-168">
         <name>DL_Timer_initPWMMode</name>
         <value>0x279d</value>
         <object_component_ref idref="oc-11a"/>
      </symbol>
      <symbol id="sm-169">
         <name>DL_Timer_setCaptureCompareOutCtl</name>
         <value>0x3765</value>
         <object_component_ref idref="oc-11b"/>
      </symbol>
      <symbol id="sm-16a">
         <name>DL_Timer_setCaptCompUpdateMethod</name>
         <value>0x3711</value>
         <object_component_ref idref="oc-11c"/>
      </symbol>
      <symbol id="sm-17b">
         <name>sprintf</name>
         <value>0x3529</value>
         <object_component_ref idref="oc-9e"/>
      </symbol>
      <symbol id="sm-186">
         <name>_c_int00_noargs</name>
         <value>0x3619</value>
         <object_component_ref idref="oc-59"/>
      </symbol>
      <symbol id="sm-187">
         <name>__stack</name>
         <value>0x20207e00</value>
         <object_component_ref idref="oc-1a"/>
      </symbol>
      <symbol id="sm-193">
         <name>__TI_auto_init_nobinit_nopinit</name>
         <value>0x34b1</value>
         <object_component_ref idref="oc-be"/>
      </symbol>
      <symbol id="sm-19b">
         <name>_system_pre_init</name>
         <value>0x38b9</value>
         <object_component_ref idref="oc-6e"/>
      </symbol>
      <symbol id="sm-1a6">
         <name>__TI_zero_init_nomemset</name>
         <value>0x37ad</value>
         <object_component_ref idref="oc-50"/>
      </symbol>
      <symbol id="sm-1af">
         <name>__TI_decompress_none</name>
         <value>0x37ed</value>
         <object_component_ref idref="oc-20"/>
      </symbol>
      <symbol id="sm-1ba">
         <name>__TI_decompress_lzss</name>
         <value>0x2bb1</value>
         <object_component_ref idref="oc-1c"/>
      </symbol>
      <symbol id="sm-203">
         <name>__TI_printfi</name>
         <value>0xb75</value>
         <object_component_ref idref="oc-13e"/>
      </symbol>
      <symbol id="sm-20d">
         <name>frexp</name>
         <value>0x2fcd</value>
         <object_component_ref idref="oc-19d"/>
      </symbol>
      <symbol id="sm-20e">
         <name>frexpl</name>
         <value>0x2fcd</value>
         <object_component_ref idref="oc-19d"/>
      </symbol>
      <symbol id="sm-218">
         <name>scalbn</name>
         <value>0x26c5</value>
         <object_component_ref idref="oc-1a1"/>
      </symbol>
      <symbol id="sm-219">
         <name>ldexp</name>
         <value>0x26c5</value>
         <object_component_ref idref="oc-1a1"/>
      </symbol>
      <symbol id="sm-21a">
         <name>scalbnl</name>
         <value>0x26c5</value>
         <object_component_ref idref="oc-1a1"/>
      </symbol>
      <symbol id="sm-21b">
         <name>ldexpl</name>
         <value>0x26c5</value>
         <object_component_ref idref="oc-1a1"/>
      </symbol>
      <symbol id="sm-226">
         <name>__aeabi_errno_addr</name>
         <value>0x2c29</value>
         <object_component_ref idref="oc-165"/>
      </symbol>
      <symbol id="sm-227">
         <name>__aeabi_errno</name>
         <value>0x202000a8</value>
         <object_component_ref idref="oc-18b"/>
      </symbol>
      <symbol id="sm-231">
         <name>abort</name>
         <value>0x38bd</value>
         <object_component_ref idref="oc-b7"/>
      </symbol>
      <symbol id="sm-232">
         <name>C$$EXIT</name>
         <value>0x38bc</value>
         <object_component_ref idref="oc-b7"/>
      </symbol>
      <symbol id="sm-23c">
         <name>__TI_ltoa</name>
         <value>0x3081</value>
         <object_component_ref idref="oc-1a9"/>
      </symbol>
      <symbol id="sm-248">
         <name>atoi</name>
         <value>0x3471</value>
         <object_component_ref idref="oc-15d"/>
      </symbol>
      <symbol id="sm-252">
         <name>memccpy</name>
         <value>0x36b1</value>
         <object_component_ref idref="oc-152"/>
      </symbol>
      <symbol id="sm-25c">
         <name>wcslen</name>
         <value>0x3831</value>
         <object_component_ref idref="oc-161"/>
      </symbol>
      <symbol id="sm-261">
         <name>__aeabi_ctype_table_</name>
         <value>0x3eb0</value>
         <object_component_ref idref="oc-184"/>
      </symbol>
      <symbol id="sm-262">
         <name>__aeabi_ctype_table_C</name>
         <value>0x3eb0</value>
         <object_component_ref idref="oc-184"/>
      </symbol>
      <symbol id="sm-27a">
         <name>__aeabi_dadd</name>
         <value>0x1ecf</value>
         <object_component_ref idref="oc-1bc"/>
      </symbol>
      <symbol id="sm-27b">
         <name>__adddf3</name>
         <value>0x1ecf</value>
         <object_component_ref idref="oc-1bc"/>
      </symbol>
      <symbol id="sm-27c">
         <name>__aeabi_dsub</name>
         <value>0x1ec5</value>
         <object_component_ref idref="oc-1bc"/>
      </symbol>
      <symbol id="sm-27d">
         <name>__subdf3</name>
         <value>0x1ec5</value>
         <object_component_ref idref="oc-1bc"/>
      </symbol>
      <symbol id="sm-286">
         <name>__aeabi_dmul</name>
         <value>0x25e1</value>
         <object_component_ref idref="oc-f1"/>
      </symbol>
      <symbol id="sm-287">
         <name>__muldf3</name>
         <value>0x25e1</value>
         <object_component_ref idref="oc-f1"/>
      </symbol>
      <symbol id="sm-28d">
         <name>__muldsi3</name>
         <value>0x34ed</value>
         <object_component_ref idref="oc-131"/>
      </symbol>
      <symbol id="sm-293">
         <name>__aeabi_ddiv</name>
         <value>0x23ed</value>
         <object_component_ref idref="oc-1b7"/>
      </symbol>
      <symbol id="sm-294">
         <name>__divdf3</name>
         <value>0x23ed</value>
         <object_component_ref idref="oc-1b7"/>
      </symbol>
      <symbol id="sm-29a">
         <name>__aeabi_f2d</name>
         <value>0x3431</value>
         <object_component_ref idref="oc-9a"/>
      </symbol>
      <symbol id="sm-29b">
         <name>__extendsfdf2</name>
         <value>0x3431</value>
         <object_component_ref idref="oc-9a"/>
      </symbol>
      <symbol id="sm-2a1">
         <name>__aeabi_d2iz</name>
         <value>0x3325</value>
         <object_component_ref idref="oc-1a5"/>
      </symbol>
      <symbol id="sm-2a2">
         <name>__fixdfsi</name>
         <value>0x3325</value>
         <object_component_ref idref="oc-1a5"/>
      </symbol>
      <symbol id="sm-2a8">
         <name>__aeabi_i2d</name>
         <value>0x35ed</value>
         <object_component_ref idref="oc-1ad"/>
      </symbol>
      <symbol id="sm-2a9">
         <name>__floatsidf</name>
         <value>0x35ed</value>
         <object_component_ref idref="oc-1ad"/>
      </symbol>
      <symbol id="sm-2af">
         <name>__aeabi_ui2d</name>
         <value>0x3669</value>
         <object_component_ref idref="oc-ed"/>
      </symbol>
      <symbol id="sm-2b0">
         <name>__floatunsidf</name>
         <value>0x3669</value>
         <object_component_ref idref="oc-ed"/>
      </symbol>
      <symbol id="sm-2b6">
         <name>__aeabi_lmul</name>
         <value>0x368d</value>
         <object_component_ref idref="oc-16a"/>
      </symbol>
      <symbol id="sm-2b7">
         <name>__muldi3</name>
         <value>0x368d</value>
         <object_component_ref idref="oc-16a"/>
      </symbol>
      <symbol id="sm-2be">
         <name>__aeabi_d2f</name>
         <value>0x2c31</value>
         <object_component_ref idref="oc-f5"/>
      </symbol>
      <symbol id="sm-2bf">
         <name>__truncdfsf2</name>
         <value>0x2c31</value>
         <object_component_ref idref="oc-f5"/>
      </symbol>
      <symbol id="sm-2c5">
         <name>__aeabi_dcmpeq</name>
         <value>0x2e4d</value>
         <object_component_ref idref="oc-173"/>
      </symbol>
      <symbol id="sm-2c6">
         <name>__aeabi_dcmplt</name>
         <value>0x2e61</value>
         <object_component_ref idref="oc-173"/>
      </symbol>
      <symbol id="sm-2c7">
         <name>__aeabi_dcmple</name>
         <value>0x2e75</value>
         <object_component_ref idref="oc-173"/>
      </symbol>
      <symbol id="sm-2c8">
         <name>__aeabi_dcmpge</name>
         <value>0x2e89</value>
         <object_component_ref idref="oc-173"/>
      </symbol>
      <symbol id="sm-2c9">
         <name>__aeabi_dcmpgt</name>
         <value>0x2e9d</value>
         <object_component_ref idref="oc-173"/>
      </symbol>
      <symbol id="sm-2cf">
         <name>__aeabi_idiv</name>
         <value>0x3131</value>
         <object_component_ref idref="oc-1d2"/>
      </symbol>
      <symbol id="sm-2d0">
         <name>__aeabi_idivmod</name>
         <value>0x3131</value>
         <object_component_ref idref="oc-1d2"/>
      </symbol>
      <symbol id="sm-2d6">
         <name>__aeabi_memcpy</name>
         <value>0x38ad</value>
         <object_component_ref idref="oc-49"/>
      </symbol>
      <symbol id="sm-2d7">
         <name>__aeabi_memcpy4</name>
         <value>0x38ad</value>
         <object_component_ref idref="oc-49"/>
      </symbol>
      <symbol id="sm-2d8">
         <name>__aeabi_memcpy8</name>
         <value>0x38ad</value>
         <object_component_ref idref="oc-49"/>
      </symbol>
      <symbol id="sm-2df">
         <name>__aeabi_memset</name>
         <value>0x3841</value>
         <object_component_ref idref="oc-151"/>
      </symbol>
      <symbol id="sm-2e0">
         <name>__aeabi_memset4</name>
         <value>0x3841</value>
         <object_component_ref idref="oc-151"/>
      </symbol>
      <symbol id="sm-2e1">
         <name>__aeabi_memset8</name>
         <value>0x3841</value>
         <object_component_ref idref="oc-151"/>
      </symbol>
      <symbol id="sm-2e7">
         <name>__aeabi_uidiv</name>
         <value>0x33f1</value>
         <object_component_ref idref="oc-157"/>
      </symbol>
      <symbol id="sm-2e8">
         <name>__aeabi_uidivmod</name>
         <value>0x33f1</value>
         <object_component_ref idref="oc-157"/>
      </symbol>
      <symbol id="sm-2ee">
         <name>__aeabi_uldivmod</name>
         <value>0x37c5</value>
         <object_component_ref idref="oc-16f"/>
      </symbol>
      <symbol id="sm-2f4">
         <name>__udivmoddi4</name>
         <value>0x2861</value>
         <object_component_ref idref="oc-190"/>
      </symbol>
      <symbol id="sm-2fa">
         <name>__aeabi_llsl</name>
         <value>0x36d5</value>
         <object_component_ref idref="oc-1c4"/>
      </symbol>
      <symbol id="sm-2fb">
         <name>__ashldi3</name>
         <value>0x36d5</value>
         <object_component_ref idref="oc-1c4"/>
      </symbol>
      <symbol id="sm-309">
         <name>__ledf2</name>
         <value>0x2d15</value>
         <object_component_ref idref="oc-195"/>
      </symbol>
      <symbol id="sm-30a">
         <name>__gedf2</name>
         <value>0x2ca5</value>
         <object_component_ref idref="oc-19b"/>
      </symbol>
      <symbol id="sm-30b">
         <name>__cmpdf2</name>
         <value>0x2d15</value>
         <object_component_ref idref="oc-195"/>
      </symbol>
      <symbol id="sm-30c">
         <name>__eqdf2</name>
         <value>0x2d15</value>
         <object_component_ref idref="oc-195"/>
      </symbol>
      <symbol id="sm-30d">
         <name>__ltdf2</name>
         <value>0x2d15</value>
         <object_component_ref idref="oc-195"/>
      </symbol>
      <symbol id="sm-30e">
         <name>__nedf2</name>
         <value>0x2d15</value>
         <object_component_ref idref="oc-195"/>
      </symbol>
      <symbol id="sm-30f">
         <name>__gtdf2</name>
         <value>0x2ca5</value>
         <object_component_ref idref="oc-19b"/>
      </symbol>
      <symbol id="sm-31b">
         <name>__aeabi_idiv0</name>
         <value>0x2de7</value>
         <object_component_ref idref="oc-17e"/>
      </symbol>
      <symbol id="sm-31c">
         <name>__aeabi_ldiv0</name>
         <value>0x2f6f</value>
         <object_component_ref idref="oc-1c3"/>
      </symbol>
      <symbol id="sm-336">
         <name>memcpy</name>
         <value>0x2903</value>
         <object_component_ref idref="oc-85"/>
      </symbol>
      <symbol id="sm-345">
         <name>memset</name>
         <value>0x2eaf</value>
         <object_component_ref idref="oc-d6"/>
      </symbol>
      <symbol id="sm-346">
         <name>__TI_static_base__</name>
         <value>0x0</value>
      </symbol>
      <symbol id="sm-34a">
         <name>__mpu_init</name>
         <value>0x0</value>
      </symbol>
      <symbol id="sm-34b">
         <name>_system_post_cinit</name>
         <value>0x0</value>
      </symbol>
   </symbol_table>
   <title>Link successful</title>
</link_info>
