******************************************************************************
            TI ARM Clang Linker PC v3.2.2                      
******************************************************************************
>> Linked Thu Aug  1 10:09:16 2024

OUTPUT FILE NAME:   <18_FIR.out>
ENTRY POINT SYMBOL: "_c_int00_noargs"  address: 00002b0d


MEMORY CONFIGURATION

         name            origin    length      used     unused   attr    fill
----------------------  --------  ---------  --------  --------  ----  --------
  FLASH                 00000000   00020000  000034c8  0001cb38  R  X
  SRAM                  20200000   00008000  00001ed9  00006127  RW X
  BCR_CONFIG            41c00000   00000080  00000000  00000080  R   
  BSL_CONFIG            41c00100   00000080  00000000  00000080  R   


SEGMENT ALLOCATION MAP

run origin  load origin   length   init length attrs members
----------  ----------- ---------- ----------- ----- -------
00000000    00000000    000034c8   000034c8    r-x
  00000000    00000000    000000c0   000000c0    r-- .intvecs
  000000c0    000000c0    00002d00   00002d00    r-x .text
  00002dc0    00002dc0    000006a8   000006a8    r-- .rodata
  00003468    00003468    00000060   00000060    r-- .cinit
20200000    20200000    00001cdc   00000000    rw-
  20200000    20200000    00001000   00000000    rw- .sysmem
  20201000    20201000    00000bd1   00000000    rw- .bss
  20201bd4    20201bd4    00000108   00000000    rw- .data
20207e00    20207e00    00000200   00000000    rw-
  20207e00    20207e00    00000200   00000000    rw- .stack


SECTION ALLOCATION MAP

 output                                  attributes/
section   page    origin      length       input sections
--------  ----  ----------  ----------   ----------------
.intvecs   0    00000000    000000c0     
                  00000000    000000c0     startup_mspm0g350x_ticlang.o (.intvecs)

.text      0    000000c0    00002d00     
                  000000c0    00000ab4     oled.o (.text.OLED_Init)
                  00000b74    000002ac     oled.o (.text.OLED_Fill)
                  00000e20    000002a8     oled.o (.text.OLED_ShowChar)
                  000010c8    00000284     libc.a : _printfi.c.obj (.text:__TI_printfi_minimal)
                  0000134c    00000138     oled.o (.text.OLED_SetPos)
                  00001484    000000f8     AD9910.o (.text.AD9910_Init)
                  0000157c    000000e8     driverlib.a : dl_timer.o (.text.DL_Timer_initTimerMode)
                  00001664    000000e4     AD9910.o (.text.AD9910_Singal_Profile_Init)
                  00001748    000000e4     libclang_rt.builtins.a : muldf3.S.obj (.text.__muldf3)
                  0000182c    000000e0     driverlib.a : dl_timer.o (.text.DL_Timer_initCaptureCombinedMode)
                  0000190c    000000c8     AD9910.o (.text.AD9910_Singal_Profile_Set)
                  000019d4    000000c4     driverlib.a : dl_timer.o (.text.DL_Timer_initPWMMode)
                  00001a98    000000c4     AD9910.o (.text.Set_Profile)
                  00001b5c    000000c4     uart.o (.text.fputs)
                  00001c20    000000ac     AD9910.o (.text.Write_8bit)
                  00001ccc    000000a0     ti_msp_dl_config.o (.text.SYSCFG_DL_ADC12_0_init)
                  00001d6c    000000a0     empty.o (.text.main)
                  00001e0c    0000009a     libc.a : memcpy16.S.obj (.text:memcpy)
                  00001ea6    00000002     startup_mspm0g350x_ticlang.o (.text.Default_Handler)
                  00001ea8    00000098     key.o (.text.key1_get)
                  00001f40    00000094     ti_msp_dl_config.o (.text.SYSCFG_DL_GPIO_init)
                  00001fd4    00000088     interrupt.o (.text.Capture_pro)
                  0000205c    00000084     key.o (.text.delay_ms)
                  000020e0    00000082     libclang_rt.builtins.a : divsf3.S.obj (.text.__divsf3)
                  00002162    00000002                            : aeabi_div0.c.obj (.text.__aeabi_idiv0)
                  00002164    00000080     key.o (.text.delay_us)
                  000021e4    0000007c     ti_msp_dl_config.o (.text.SYSCFG_DL_initPower)
                  00002260    0000007c     key.o (.text.key2_get)
                  000022dc    00000078     libc.a : copy_decompress_lzss.c.obj (.text:decompress:lzss)
                  00002354    00000070     ti_msp_dl_config.o (.text.SYSCFG_DL_UART_0_init)
                  000023c4    00000062     libc.a : memset16.S.obj (.text:memset)
                  00002426    0000005e     driverlib.a : dl_i2c.o (.text.DL_I2C_fillControllerTXFIFO)
                  00002484    0000005c     ti_msp_dl_config.o (.text.SYSCFG_DL_PWM_0_init)
                  000024e0    0000005c     libc.a : printf.c.obj (.text.printf)
                  0000253c    00000054     oled.o (.text.OLED_ShowString)
                  00002590    00000054     ti_msp_dl_config.o (.text.SYSCFG_DL_I2C_0_init)
                  000025e4    00000054     ti_msp_dl_config.o (.text.SYSCFG_DL_init)
                  00002638    00000050     ti_msp_dl_config.o (.text.SYSCFG_DL_CAPTURE_0_init)
                  00002688    0000004c     driverlib.a : dl_dma.o (.text.DL_DMA_initChannel)
                  000026d4    0000004c     ti_msp_dl_config.o (.text.SYSCFG_DL_TIMER_0_init)
                  00002720    0000004c     interrupt.o (.text.TIMA1_IRQHandler)
                  0000276c    0000004c     uart.o (.text.UART0_IRQHandler)
                  000027b8    00000048     driverlib.a : dl_uart.o (.text.DL_UART_init)
                  00002800    00000042     libclang_rt.builtins.a : fixunsdfsi.S.obj (.text.__fixunsdfsi)
                  00002842    00000002     libc.a : _lock.c.obj (.text._nop)
                  00002844    00000040     driverlib.a : dl_adc12.o (.text.DL_ADC12_setClockConfig)
                  00002884    00000040     ti_msp_dl_config.o (.text.SYSCFG_DL_TIMER_ADC_init)
                  000028c4    00000040     libclang_rt.builtins.a : aeabi_uidivmod.S.obj (.text.__aeabi_uidivmod)
                  00002904    00000040     adc.o (.text.dma_init)
                  00002944    0000003c     libc.a : autoinit.c.obj (.text:__TI_auto_init_nobinit_nopinit)
                  00002980    0000003a     libclang_rt.builtins.a : muldsi3.S.obj (.text.__muldsi3)
                  000029ba    00000002     --HOLE-- [fill = 0]
                  000029bc    00000038                            : fixsfsi.S.obj (.text.__fixsfsi)
                  000029f4    00000038     AD9910.o (.text.init_9910)
                  00002a2c    00000032     libclang_rt.builtins.a : fixunssfsi.S.obj (.text.__fixunssfsi)
                  00002a5e    00000002     --HOLE-- [fill = 0]
                  00002a60    00000030     ti_msp_dl_config.o (.text.SYSCFG_DL_SYSCTL_init)
                  00002a90    0000002c     uart.o (.text.uart_pro)
                  00002abc    00000028     libclang_rt.builtins.a : floatunsisf.S.obj (.text.__floatunsisf)
                  00002ae4    00000028     key.o (.text.key_pro)
                  00002b0c    00000028     libc.a : boot_cortex_m.c.obj (.text:_c_int00_noargs)
                  00002b34    00000026     driverlib.a : dl_i2c.o (.text.DL_I2C_setClockConfig)
                  00002b5a    00000002     --HOLE-- [fill = 0]
                  00002b5c    00000024     ti_msp_dl_config.o (.text.SYSCFG_DL_DMA_CH0_init)
                  00002b80    00000024     libclang_rt.builtins.a : floatunsidf.S.obj (.text.__floatunsidf)
                  00002ba4    00000022     libc.a : memccpy.c.obj (.text.memccpy)
                  00002bc6    00000002     --HOLE-- [fill = 0]
                  00002bc8    00000020     driverlib.a : dl_uart.o (.text.DL_UART_transmitDataBlocking)
                  00002be8    00000020     ti_msp_dl_config.o (.text.SYSCFG_DL_SYSCTL_CLK_init)
                  00002c08    0000001c     adc.o (.text.ADC0_IRQHandler)
                  00002c24    0000001c     interrupt.o (.text.Capture_init)
                  00002c40    0000001c     driverlib.a : dl_timer.o (.text.DL_Timer_setCaptCompUpdateMethod)
                  00002c5c    0000001c                 : dl_timer.o (.text.DL_Timer_setClockConfig)
                  00002c78    0000001c     interrupt.o (.text.TIMEG0_init)
                  00002c94    00000018     driverlib.a : dl_timer.o (.text.DL_Timer_setCaptureCompareOutCtl)
                  00002cac    00000018     uart.o (.text.uart_init)
                  00002cc4    00000014     uart.o (.text.fputc)
                  00002cd8    00000012     driverlib.a : dl_uart.o (.text.DL_UART_setClockConfig)
                  00002cea    00000012     libc.a : copy_decompress_none.c.obj (.text:decompress:none)
                  00002cfc    00000010     driverlib.a : dl_timer.o (.text.DL_Timer_getCaptureCompareValue)
                  00002d0c    00000010                 : dl_timer.o (.text.DL_Timer_setCaptureCompareValue)
                  00002d1c    00000010     led.o (.text.LED2_blue_OFF)
                  00002d2c    00000010     led.o (.text.LED2_blue_ON)
                  00002d3c    00000010     libc.a : copy_zero_init.c.obj (.text:decompress:ZI)
                  00002d4c    0000000e     libclang_rt.builtins.a : aeabi_memset.S.obj (.text.__aeabi_memset)
                  00002d5a    0000000e     libc.a : _printfi.c.obj (.text.strlen)
                  00002d68    0000000c     interrupt.o (.text.TIMG0_IRQHandler)
                  00002d74    0000000c     libclang_rt.builtins.a : aeabi_memset.S.obj (.text.__aeabi_memclr)
                  00002d80    0000000a     driverlib.a : dl_common.o (.text.DL_Common_delayCycles)
                  00002d8a    0000000a     oled.o (.text.OLED_CLS)
                  00002d94    00000008     ti_msp_dl_config.o (.text.SYSCFG_DL_DMA_init)
                  00002d9c    00000008     libclang_rt.builtins.a : aeabi_memcpy.S.obj (.text.__aeabi_memcpy)
                  00002da4    00000008     libc.a : printf.c.obj (.text._outc)
                  00002dac    00000008            : printf.c.obj (.text._outs)
                  00002db4    00000004     startup_mspm0g350x_ticlang.o (.text.Reset_Handler)
                  00002db8    00000004     libc.a : pre_init.c.obj (.text._system_pre_init)
                  00002dbc    00000004            : exit.c.obj (.text:abort)

.cinit     0    00003468    00000060     
                  00003468    00000036     (.cinit..data.load) [load image, compression = lzss]
                  0000349e    00000002     --HOLE-- [fill = 0]
                  000034a0    0000000c     (__TI_handler_table)
                  000034ac    00000008     (.cinit..bss.load) [load image, compression = zero_init]
                  000034b4    00000010     (__TI_cinit_table)
                  000034c4    00000004     --HOLE-- [fill = 0]

.rodata    0    00002dc0    000006a8     
                  00002dc0    000005f0     oled.o (.rodata.F8X16)
                  000033b0    00000018     ti_msp_dl_config.o (.rodata.gDMA_CH0Config)
                  000033c8    00000014     ti_msp_dl_config.o (.rodata.gTIMER_0TimerConfig)
                  000033dc    00000014     ti_msp_dl_config.o (.rodata.gTIMER_ADCTimerConfig)
                  000033f0    00000011     libc.a : _printfi.c.obj (.rodata.str1.44690500295887128011)
                  00003401    00000003     ti_msp_dl_config.o (.rodata.gCAPTURE_0ClockConfig)
                  00003404    00000010     ti_msp_dl_config.o (.rodata.gCAPTURE_0CaptureConfig)
                  00003414    0000000c     driverlib.a : dl_timer.o (.rodata..Lswitch.table.DL_Timer_initCaptureCombinedMode.1)
                  00003420    0000000c                 : dl_timer.o (.rodata..Lswitch.table.DL_Timer_initCompareMode)
                  0000342c    0000000a     ti_msp_dl_config.o (.rodata.gUART_0Config)
                  00003436    00000002     ti_msp_dl_config.o (.rodata.gI2C_0ClockConfig)
                  00003438    00000009     empty.o (.rodata.str1.162906114796922795354)
                  00003441    00000003     ti_msp_dl_config.o (.rodata.gPWM_0ClockConfig)
                  00003444    00000008     ti_msp_dl_config.o (.rodata.gADC12_0ClockConfig)
                  0000344c    00000008     ti_msp_dl_config.o (.rodata.gPWM_0Config)
                  00003454    00000006     key.o (.rodata.str1.41917054622232873651)
                  0000345a    00000004     uart.o (.rodata.str1.151662036810702135711)
                  0000345e    00000003     ti_msp_dl_config.o (.rodata.gTIMER_0ClockConfig)
                  00003461    00000003     ti_msp_dl_config.o (.rodata.gTIMER_ADCClockConfig)
                  00003464    00000002     ti_msp_dl_config.o (.rodata.gUART_0ClockConfig)
                  00003466    00000002     --HOLE-- [fill = 0]

.init_array 
*          0    00000000    00000000     UNINITIALIZED

.binit     0    00000000    00000000     

.sysmem    0    20200000    00001000     UNINITIALIZED
                  20200000    00000010     libc.a : memory.c.obj (.sysmem)
                  20200010    00000ff0     --HOLE--

.bss       0    20201000    00000bd1     UNINITIALIZED
                  20201000    00000800     (.common:gADCSamples)
                  20201800    00000190     (.common:rx_data)
                  20201990    000000bc     (.common:gCAPTURE_0Backup)
                  20201a4c    000000bc     (.common:gTIMER_ADCBackup)
                  20201b08    00000078     (.common:gPWM_0Backup)
                  20201b80    00000028     (.common:lcd_buf)
                  20201ba8    00000008     (.common:Profile_All)
                  20201bb0    00000004     (.common:PWM_Detect_duty)
                  20201bb4    00000004     (.common:PWM_Detect_period)
                  20201bb8    00000004     (.common:PWM_period)
                  20201bbc    00000004     (.common:captuerCent_Neg_Past)
                  20201bc0    00000004     (.common:captureCent_Neg_Now)
                  20201bc4    00000004     (.common:captureCent_Pos_Now)
                  20201bc8    00000004     (.common:captureCent_Pos_Past)
                  20201bcc    00000004     (.common:pwm_duty)
                  20201bd0    00000001     (.common:check_dma_ADC)

.data      0    20201bd4    00000108     UNINITIALIZED
                  20201bd4    000000f0     libc.a : defs.c.obj (.data._ftable)
                  20201cc4    00000004     AD9910.o (.data.Assist_DAC)
                  20201cc8    00000004     AD9910.o (.data.CFR3)
                  20201ccc    00000004     interrupt.o (.data.SYS_CLK)
                  20201cd0    00000004     libc.a : _lock.c.obj (.data._lock)
                  20201cd4    00000004            : _lock.c.obj (.data._unlock)
                  20201cd8    00000002     uart.o (.data.rx_cent)
                  20201cda    00000001     interrupt.o (.data.gCheckEdgeCaptureTime)
                  20201cdb    00000001     uart.o (.data.rx_flag)

.stack     0    20207e00    00000200     UNINITIALIZED
                  20207e00    00000004     libc.a : boot_cortex_m.c.obj (.stack)
                  20207e04    000001fc     --HOLE--

__llvm_prf_cnts 
*          0    20200000    00000000     UNINITIALIZED

__llvm_prf_bits 
*          0    20200000    00000000     UNINITIALIZED

MODULE SUMMARY

       Module                         code    ro data   rw data
       ------                         ----    -------   -------
    .\
       ti_msp_dl_config.o             1148    122       496    
       empty.o                        160     9         40     
       startup_mspm0g350x_ticlang.o   6       192       0      
    +--+------------------------------+-------+---------+---------+
       Total:                         1314    323       536    
                                                               
    .\Hardware\
       oled.o                         4510    1520      0      
       adc.o                          92      0         2049   
       AD9910.o                       1100    0         16     
       uart.o                         360     4         403    
       key.o                          576     6         0      
       interrupt.o                    280     0         37     
       led.o                          32      0         0      
    +--+------------------------------+-------+---------+---------+
       Total:                         6950    1530      2505   
                                                               
    C:/ti/mspm0_sdk_2_01_00_03/source/ti/driverlib/lib/ticlang/m0p/mspm0g1x0x_g3x0x/driverlib.a
       dl_timer.o                     764     24        0      
       dl_i2c.o                       132     0         0      
       dl_uart.o                      122     0         0      
       dl_dma.o                       76      0         0      
       dl_adc12.o                     64      0         0      
       dl_common.o                    10      0         0      
    +--+------------------------------+-------+---------+---------+
       Total:                         1168    24        0      
                                                               
    D:\CCS\ccs\tools\compiler\ti-cgt-armllvm_3.2.2.LTS\lib\armv6m-ti-none-eabi/c/libc.a
       _printfi.c.obj                 658     17        0      
       defs.c.obj                     0       0         240    
       memcpy16.S.obj                 154     0         0      
       copy_decompress_lzss.c.obj     120     0         0      
       printf.c.obj                   108     0         0      
       memset16.S.obj                 98      0         0      
       autoinit.c.obj                 60      0         0      
       boot_cortex_m.c.obj            40      0         0      
       memccpy.c.obj                  34      0         0      
       copy_decompress_none.c.obj     18      0         0      
       copy_zero_init.c.obj           16      0         0      
       _lock.c.obj                    2       0         8      
       exit.c.obj                     4       0         0      
       pre_init.c.obj                 4       0         0      
    +--+------------------------------+-------+---------+---------+
       Total:                         1316    17        248    
                                                               
    D:\CCS\ccs\tools\compiler\ti-cgt-armllvm_3.2.2.LTS\lib\clang/15.0.7/lib/armv6m-ti-none-eabi/libclang_rt.builtins.a
       muldf3.S.obj                   228     0         0      
       divsf3.S.obj                   130     0         0      
       fixunsdfsi.S.obj               66      0         0      
       aeabi_uidivmod.S.obj           64      0         0      
       muldsi3.S.obj                  58      0         0      
       fixsfsi.S.obj                  56      0         0      
       fixunssfsi.S.obj               50      0         0      
       floatunsisf.S.obj              40      0         0      
       floatunsidf.S.obj              36      0         0      
       aeabi_memset.S.obj             26      0         0      
       aeabi_memcpy.S.obj             8       0         0      
       aeabi_div0.c.obj               2       0         0      
    +--+------------------------------+-------+---------+---------+
       Total:                         764     0         0      
                                                               
       Heap:                          0       0         4096   
       Stack:                         0       0         512    
       Linker Generated:              0       90        0      
    +--+------------------------------+-------+---------+---------+
       Grand Total:                   11512   1984      7897   


LINKER GENERATED COPY TABLES

__TI_cinit_table @ 000034b4 records: 2, size/record: 8, table size: 16
	.data: load addr=00003468, load size=00000036 bytes, run addr=20201bd4, run size=00000108 bytes, compression=lzss
	.bss: load addr=000034ac, load size=00000008 bytes, run addr=20201000, run size=00000bd1 bytes, compression=zero_init


LINKER GENERATED HANDLER TABLE

__TI_handler_table @ 000034a0 records: 3, size/record: 4, table size: 12
	index: 0, handler: __TI_decompress_lzss
	index: 1, handler: __TI_decompress_none
	index: 2, handler: __TI_zero_init


GLOBAL SYMBOLS: SORTED ALPHABETICALLY BY Name 

address   name                            
-------   ----                            
00001485  AD9910_Init                     
00001665  AD9910_Singal_Profile_Init      
0000190d  AD9910_Singal_Profile_Set       
00002c09  ADC0_IRQHandler                 
00001ea7  ADC1_IRQHandler                 
00001ea7  AES_IRQHandler                  
20201cc4  Assist_DAC                      
00002dbc  C$$EXIT                         
00001ea7  CANFD0_IRQHandler               
20201cc8  CFR3                            
00002c25  Capture_init                    
00001fd5  Capture_pro                     
00001ea7  DAC0_IRQHandler                 
00002845  DL_ADC12_setClockConfig         
00002d81  DL_Common_delayCycles           
00002689  DL_DMA_initChannel              
00002427  DL_I2C_fillControllerTXFIFO     
00002b35  DL_I2C_setClockConfig           
00002cfd  DL_Timer_getCaptureCompareValue 
0000182d  DL_Timer_initCaptureCombinedMode
000019d5  DL_Timer_initPWMMode            
0000157d  DL_Timer_initTimerMode          
00002c41  DL_Timer_setCaptCompUpdateMethod
00002c95  DL_Timer_setCaptureCompareOutCtl
00002d0d  DL_Timer_setCaptureCompareValue 
00002c5d  DL_Timer_setClockConfig         
000027b9  DL_UART_init                    
00002cd9  DL_UART_setClockConfig          
00002bc9  DL_UART_transmitDataBlocking    
00001ea7  DMA_IRQHandler                  
00001ea7  Default_Handler                 
00002dc0  F8X16                           
00001ea7  GROUP0_IRQHandler               
00001ea7  GROUP1_IRQHandler               
00001ea7  HardFault_Handler               
00001ea7  I2C0_IRQHandler                 
00001ea7  I2C1_IRQHandler                 
00002d1d  LED2_blue_OFF                   
00002d2d  LED2_blue_ON                    
00001ea7  NMI_Handler                     
00002d8b  OLED_CLS                        
00000b75  OLED_Fill                       
000000c1  OLED_Init                       
0000134d  OLED_SetPos                     
00000e21  OLED_ShowChar                   
0000253d  OLED_ShowString                 
20201bb0  PWM_Detect_duty                 
20201bb4  PWM_Detect_period               
20201bb8  PWM_period                      
00001ea7  PendSV_Handler                  
20201ba8  Profile_All                     
00001ea7  RTC_IRQHandler                  
00002db5  Reset_Handler                   
00001ea7  SPI0_IRQHandler                 
00001ea7  SPI1_IRQHandler                 
00001ea7  SVC_Handler                     
00001ccd  SYSCFG_DL_ADC12_0_init          
00002639  SYSCFG_DL_CAPTURE_0_init        
00002b5d  SYSCFG_DL_DMA_CH0_init          
00002d95  SYSCFG_DL_DMA_init              
00001f41  SYSCFG_DL_GPIO_init             
00002591  SYSCFG_DL_I2C_0_init            
00002485  SYSCFG_DL_PWM_0_init            
00002be9  SYSCFG_DL_SYSCTL_CLK_init       
00002a61  SYSCFG_DL_SYSCTL_init           
000026d5  SYSCFG_DL_TIMER_0_init          
00002885  SYSCFG_DL_TIMER_ADC_init        
00002355  SYSCFG_DL_UART_0_init           
000025e5  SYSCFG_DL_init                  
000021e5  SYSCFG_DL_initPower             
20201ccc  SYS_CLK                         
00001a99  Set_Profile                     
00001ea7  SysTick_Handler                 
00001ea7  TIMA0_IRQHandler                
00002721  TIMA1_IRQHandler                
00002c79  TIMEG0_init                     
00002d69  TIMG0_IRQHandler                
00001ea7  TIMG12_IRQHandler               
00001ea7  TIMG6_IRQHandler                
00001ea7  TIMG7_IRQHandler                
00001ea7  TIMG8_IRQHandler                
0000276d  UART0_IRQHandler                
00001ea7  UART1_IRQHandler                
00001ea7  UART2_IRQHandler                
00001ea7  UART3_IRQHandler                
00001c21  Write_8bit                      
20208000  __STACK_END                     
00000200  __STACK_SIZE                    
00001000  __SYSMEM_SIZE                   
00000000  __TI_ATRegion0_region_sz        
00000000  __TI_ATRegion0_src_addr         
00000000  __TI_ATRegion0_trg_addr         
00000000  __TI_ATRegion1_region_sz        
00000000  __TI_ATRegion1_src_addr         
00000000  __TI_ATRegion1_trg_addr         
00000000  __TI_ATRegion2_region_sz        
00000000  __TI_ATRegion2_src_addr         
00000000  __TI_ATRegion2_trg_addr         
000034b4  __TI_CINIT_Base                 
000034c4  __TI_CINIT_Limit                
000034c4  __TI_CINIT_Warm                 
000034a0  __TI_Handler_Table_Base         
000034ac  __TI_Handler_Table_Limit        
00002945  __TI_auto_init_nobinit_nopinit  
000022dd  __TI_decompress_lzss            
00002ceb  __TI_decompress_none            
ffffffff  __TI_pprof_out_hndl             
000010c9  __TI_printfi_minimal            
ffffffff  __TI_prof_data_size             
ffffffff  __TI_prof_data_start            
00000000  __TI_static_base__              
00002d3d  __TI_zero_init                  
00002801  __aeabi_d2uiz                   
00001749  __aeabi_dmul                    
000029bd  __aeabi_f2iz                    
00002a2d  __aeabi_f2uiz                   
000020e1  __aeabi_fdiv                    
00002163  __aeabi_idiv0                   
00002d75  __aeabi_memclr                  
00002d75  __aeabi_memclr4                 
00002d75  __aeabi_memclr8                 
00002d9d  __aeabi_memcpy                  
00002d9d  __aeabi_memcpy4                 
00002d9d  __aeabi_memcpy8                 
00002d4d  __aeabi_memset                  
00002d4d  __aeabi_memset4                 
00002d4d  __aeabi_memset8                 
00002b81  __aeabi_ui2d                    
00002abd  __aeabi_ui2f                    
000028c5  __aeabi_uidiv                   
000028c5  __aeabi_uidivmod                
ffffffff  __binit__                       
000020e1  __divsf3                        
000029bd  __fixsfsi                       
00002801  __fixunsdfsi                    
00002a2d  __fixunssfsi                    
00002b81  __floatunsidf                   
00002abd  __floatunsisf                   
UNDEFED   __mpu_init                      
00001749  __muldf3                        
00002981  __muldsi3                       
20207e00  __stack                         
20200000  __start___llvm_prf_bits         
20200000  __start___llvm_prf_cnts         
20200000  __stop___llvm_prf_bits          
20200000  __stop___llvm_prf_cnts          
00002b0d  _c_int00_noargs                 
20201bd4  _ftable                         
20201cd0  _lock                           
00002843  _nop                            
20200000  _sys_memory                     
UNDEFED   _system_post_cinit              
00002db9  _system_pre_init                
20201cd4  _unlock                         
00002dbd  abort                           
ffffffff  binit                           
20201bbc  captuerCent_Neg_Past            
20201bc0  captureCent_Neg_Now             
20201bc4  captureCent_Pos_Now             
20201bc8  captureCent_Pos_Past            
20201bd0  check_dma_ADC                   
0000205d  delay_ms                        
00002165  delay_us                        
00002905  dma_init                        
00002cc5  fputc                           
00001b5d  fputs                           
20201000  gADCSamples                     
20201990  gCAPTURE_0Backup                
20201cda  gCheckEdgeCaptureTime           
20201b08  gPWM_0Backup                    
20201a4c  gTIMER_ADCBackup                
000029f5  init_9910                       
00000000  interruptVectors                
00001ea9  key1_get                        
00002261  key2_get                        
00002ae5  key_pro                         
20201b80  lcd_buf                         
00001d6d  main                            
00002ba5  memccpy                         
00001e0d  memcpy                          
000023c5  memset                          
000024e1  printf                          
20201bcc  pwm_duty                        
20201cd8  rx_cent                         
20201800  rx_data                         
20201cdb  rx_flag                         
00002cad  uart_init                       
00002a91  uart_pro                        


GLOBAL SYMBOLS: SORTED BY Symbol Address 

address   name                            
-------   ----                            
00000000  __TI_ATRegion0_region_sz        
00000000  __TI_ATRegion0_src_addr         
00000000  __TI_ATRegion0_trg_addr         
00000000  __TI_ATRegion1_region_sz        
00000000  __TI_ATRegion1_src_addr         
00000000  __TI_ATRegion1_trg_addr         
00000000  __TI_ATRegion2_region_sz        
00000000  __TI_ATRegion2_src_addr         
00000000  __TI_ATRegion2_trg_addr         
00000000  __TI_static_base__              
00000000  interruptVectors                
000000c1  OLED_Init                       
00000200  __STACK_SIZE                    
00000b75  OLED_Fill                       
00000e21  OLED_ShowChar                   
00001000  __SYSMEM_SIZE                   
000010c9  __TI_printfi_minimal            
0000134d  OLED_SetPos                     
00001485  AD9910_Init                     
0000157d  DL_Timer_initTimerMode          
00001665  AD9910_Singal_Profile_Init      
00001749  __aeabi_dmul                    
00001749  __muldf3                        
0000182d  DL_Timer_initCaptureCombinedMode
0000190d  AD9910_Singal_Profile_Set       
000019d5  DL_Timer_initPWMMode            
00001a99  Set_Profile                     
00001b5d  fputs                           
00001c21  Write_8bit                      
00001ccd  SYSCFG_DL_ADC12_0_init          
00001d6d  main                            
00001e0d  memcpy                          
00001ea7  ADC1_IRQHandler                 
00001ea7  AES_IRQHandler                  
00001ea7  CANFD0_IRQHandler               
00001ea7  DAC0_IRQHandler                 
00001ea7  DMA_IRQHandler                  
00001ea7  Default_Handler                 
00001ea7  GROUP0_IRQHandler               
00001ea7  GROUP1_IRQHandler               
00001ea7  HardFault_Handler               
00001ea7  I2C0_IRQHandler                 
00001ea7  I2C1_IRQHandler                 
00001ea7  NMI_Handler                     
00001ea7  PendSV_Handler                  
00001ea7  RTC_IRQHandler                  
00001ea7  SPI0_IRQHandler                 
00001ea7  SPI1_IRQHandler                 
00001ea7  SVC_Handler                     
00001ea7  SysTick_Handler                 
00001ea7  TIMA0_IRQHandler                
00001ea7  TIMG12_IRQHandler               
00001ea7  TIMG6_IRQHandler                
00001ea7  TIMG7_IRQHandler                
00001ea7  TIMG8_IRQHandler                
00001ea7  UART1_IRQHandler                
00001ea7  UART2_IRQHandler                
00001ea7  UART3_IRQHandler                
00001ea9  key1_get                        
00001f41  SYSCFG_DL_GPIO_init             
00001fd5  Capture_pro                     
0000205d  delay_ms                        
000020e1  __aeabi_fdiv                    
000020e1  __divsf3                        
00002163  __aeabi_idiv0                   
00002165  delay_us                        
000021e5  SYSCFG_DL_initPower             
00002261  key2_get                        
000022dd  __TI_decompress_lzss            
00002355  SYSCFG_DL_UART_0_init           
000023c5  memset                          
00002427  DL_I2C_fillControllerTXFIFO     
00002485  SYSCFG_DL_PWM_0_init            
000024e1  printf                          
0000253d  OLED_ShowString                 
00002591  SYSCFG_DL_I2C_0_init            
000025e5  SYSCFG_DL_init                  
00002639  SYSCFG_DL_CAPTURE_0_init        
00002689  DL_DMA_initChannel              
000026d5  SYSCFG_DL_TIMER_0_init          
00002721  TIMA1_IRQHandler                
0000276d  UART0_IRQHandler                
000027b9  DL_UART_init                    
00002801  __aeabi_d2uiz                   
00002801  __fixunsdfsi                    
00002843  _nop                            
00002845  DL_ADC12_setClockConfig         
00002885  SYSCFG_DL_TIMER_ADC_init        
000028c5  __aeabi_uidiv                   
000028c5  __aeabi_uidivmod                
00002905  dma_init                        
00002945  __TI_auto_init_nobinit_nopinit  
00002981  __muldsi3                       
000029bd  __aeabi_f2iz                    
000029bd  __fixsfsi                       
000029f5  init_9910                       
00002a2d  __aeabi_f2uiz                   
00002a2d  __fixunssfsi                    
00002a61  SYSCFG_DL_SYSCTL_init           
00002a91  uart_pro                        
00002abd  __aeabi_ui2f                    
00002abd  __floatunsisf                   
00002ae5  key_pro                         
00002b0d  _c_int00_noargs                 
00002b35  DL_I2C_setClockConfig           
00002b5d  SYSCFG_DL_DMA_CH0_init          
00002b81  __aeabi_ui2d                    
00002b81  __floatunsidf                   
00002ba5  memccpy                         
00002bc9  DL_UART_transmitDataBlocking    
00002be9  SYSCFG_DL_SYSCTL_CLK_init       
00002c09  ADC0_IRQHandler                 
00002c25  Capture_init                    
00002c41  DL_Timer_setCaptCompUpdateMethod
00002c5d  DL_Timer_setClockConfig         
00002c79  TIMEG0_init                     
00002c95  DL_Timer_setCaptureCompareOutCtl
00002cad  uart_init                       
00002cc5  fputc                           
00002cd9  DL_UART_setClockConfig          
00002ceb  __TI_decompress_none            
00002cfd  DL_Timer_getCaptureCompareValue 
00002d0d  DL_Timer_setCaptureCompareValue 
00002d1d  LED2_blue_OFF                   
00002d2d  LED2_blue_ON                    
00002d3d  __TI_zero_init                  
00002d4d  __aeabi_memset                  
00002d4d  __aeabi_memset4                 
00002d4d  __aeabi_memset8                 
00002d69  TIMG0_IRQHandler                
00002d75  __aeabi_memclr                  
00002d75  __aeabi_memclr4                 
00002d75  __aeabi_memclr8                 
00002d81  DL_Common_delayCycles           
00002d8b  OLED_CLS                        
00002d95  SYSCFG_DL_DMA_init              
00002d9d  __aeabi_memcpy                  
00002d9d  __aeabi_memcpy4                 
00002d9d  __aeabi_memcpy8                 
00002db5  Reset_Handler                   
00002db9  _system_pre_init                
00002dbc  C$$EXIT                         
00002dbd  abort                           
00002dc0  F8X16                           
000034a0  __TI_Handler_Table_Base         
000034ac  __TI_Handler_Table_Limit        
000034b4  __TI_CINIT_Base                 
000034c4  __TI_CINIT_Limit                
000034c4  __TI_CINIT_Warm                 
20200000  __start___llvm_prf_bits         
20200000  __start___llvm_prf_cnts         
20200000  __stop___llvm_prf_bits          
20200000  __stop___llvm_prf_cnts          
20200000  _sys_memory                     
20201000  gADCSamples                     
20201800  rx_data                         
20201990  gCAPTURE_0Backup                
20201a4c  gTIMER_ADCBackup                
20201b08  gPWM_0Backup                    
20201b80  lcd_buf                         
20201ba8  Profile_All                     
20201bb0  PWM_Detect_duty                 
20201bb4  PWM_Detect_period               
20201bb8  PWM_period                      
20201bbc  captuerCent_Neg_Past            
20201bc0  captureCent_Neg_Now             
20201bc4  captureCent_Pos_Now             
20201bc8  captureCent_Pos_Past            
20201bcc  pwm_duty                        
20201bd0  check_dma_ADC                   
20201bd4  _ftable                         
20201cc4  Assist_DAC                      
20201cc8  CFR3                            
20201ccc  SYS_CLK                         
20201cd0  _lock                           
20201cd4  _unlock                         
20201cd8  rx_cent                         
20201cda  gCheckEdgeCaptureTime           
20201cdb  rx_flag                         
20207e00  __stack                         
20208000  __STACK_END                     
ffffffff  __TI_pprof_out_hndl             
ffffffff  __TI_prof_data_size             
ffffffff  __TI_prof_data_start            
ffffffff  __binit__                       
ffffffff  binit                           
UNDEFED   __mpu_init                      
UNDEFED   _system_post_cinit              

[188 symbols]
