******************************************************************************
            TI ARM Clang Linker PC v3.2.2                      
******************************************************************************
>> Linked Thu Aug  1 10:08:35 2024

OUTPUT FILE NAME:   <02_key.out>
ENTRY POINT SYMBOL: "_c_int00_noinit_noargs"  address: 000002d1


MEMORY CONFIGURATION

         name            origin    length      used     unused   attr    fill
----------------------  --------  ---------  --------  --------  ----  --------
  FLASH                 00000000   00020000  00000348  0001fcb8  R  X
  SRAM                  20200000   00008000  00000200  00007e00  RW X
  BCR_CONFIG            41c00000   00000080  00000000  00000080  R   
  BSL_CONFIG            41c00100   00000080  00000000  00000080  R   


SEGMENT ALLOCATION MAP

run origin  load origin   length   init length attrs members
----------  ----------- ---------- ----------- ----- -------
00000000    00000000    00000348   00000348    r-x
  00000000    00000000    000000c0   000000c0    r-- .intvecs
  000000c0    000000c0    00000288   00000288    r-x .text
20207e00    20207e00    00000200   00000000    rw-
  20207e00    20207e00    00000200   00000000    rw- .stack


SECTION ALLOCATION MAP

 output                                  attributes/
section   page    origin      length       input sections
--------  ----  ----------  ----------   ----------------
.intvecs   0    00000000    000000c0     
                  00000000    000000c0     startup_mspm0g350x_ticlang.o (.intvecs)

.text      0    000000c0    00000288     
                  000000c0    00000098     key.o (.text.key1_get)
                  00000158    0000007c     key.o (.text.key2_get)
                  000001d4    00000052     empty.o (.text.main)
                  00000226    00000002     startup_mspm0g350x_ticlang.o (.text.Default_Handler)
                  00000228    00000040     ti_msp_dl_config.o (.text.SYSCFG_DL_SYSCTL_init)
                  00000268    0000003c     ti_msp_dl_config.o (.text.SYSCFG_DL_GPIO_init)
                  000002a4    0000002c     ti_msp_dl_config.o (.text.SYSCFG_DL_initPower)
                  000002d0    00000020     libc.a : boot_cortex_m.c.obj (.text:_c_int00_noinit_noargs)
                  000002f0    00000010     led.o (.text.LED2_blue_OFF)
                  00000300    00000010     led.o (.text.LED2_blue_ON)
                  00000310    00000010     ti_msp_dl_config.o (.text.SYSCFG_DL_init)
                  00000320    0000000c     led.o (.text.LED1_ON)
                  0000032c    0000000a     driverlib.a : dl_common.o (.text.DL_Common_delayCycles)
                  00000336    00000004     startup_mspm0g350x_ticlang.o (.text.Reset_Handler)
                  0000033a    00000004     libc.a : pre_init.c.obj (.text._system_pre_init)
                  0000033e    00000004            : exit.c.obj (.text:abort)
                  00000342    00000006     --HOLE-- [fill = 0]

.cinit     0    00000000    00000000     

.init_array 
*          0    00000000    00000000     UNINITIALIZED

.binit     0    00000000    00000000     

.stack     0    20207e00    00000200     UNINITIALIZED
                  20207e00    00000004     libc.a : boot_cortex_m.c.obj (.stack)
                  20207e04    000001fc     --HOLE--

__llvm_prf_cnts 
*          0    20200000    00000000     UNINITIALIZED

__llvm_prf_bits 
*          0    20200000    00000000     UNINITIALIZED

MODULE SUMMARY

       Module                         code   ro data   rw data
       ------                         ----   -------   -------
    .\
       startup_mspm0g350x_ticlang.o   6      192       0      
       ti_msp_dl_config.o             184    0         0      
       empty.o                        82     0         0      
    +--+------------------------------+------+---------+---------+
       Total:                         272    192       0      
                                                              
    .\Hardware\
       key.o                          276    0         0      
       led.o                          44     0         0      
    +--+------------------------------+------+---------+---------+
       Total:                         320    0         0      
                                                              
    C:/ti/mspm0_sdk_2_01_00_03/source/ti/driverlib/lib/ticlang/m0p/mspm0g1x0x_g3x0x/driverlib.a
       dl_common.o                    10     0         0      
    +--+------------------------------+------+---------+---------+
       Total:                         10     0         0      
                                                              
    D:\CCS\ccs\tools\compiler\ti-cgt-armllvm_3.2.2.LTS\lib\armv6m-ti-none-eabi/c/libc.a
       boot_cortex_m.c.obj            32     0         0      
       exit.c.obj                     4      0         0      
       pre_init.c.obj                 4      0         0      
    +--+------------------------------+------+---------+---------+
       Total:                         40     0         0      
                                                              
       Stack:                         0      0         512    
    +--+------------------------------+------+---------+---------+
       Grand Total:                   642    192       512    


GLOBAL SYMBOLS: SORTED ALPHABETICALLY BY Name 

address   name                    
-------   ----                    
00000227  ADC0_IRQHandler         
00000227  ADC1_IRQHandler         
00000227  AES_IRQHandler          
0000033e  C$$EXIT                 
00000227  CANFD0_IRQHandler       
00000227  DAC0_IRQHandler         
0000032d  DL_Common_delayCycles   
00000227  DMA_IRQHandler          
00000227  Default_Handler         
00000227  GROUP0_IRQHandler       
00000227  GROUP1_IRQHandler       
00000227  HardFault_Handler       
00000227  I2C0_IRQHandler         
00000227  I2C1_IRQHandler         
00000321  LED1_ON                 
000002f1  LED2_blue_OFF           
00000301  LED2_blue_ON            
00000227  NMI_Handler             
00000227  PendSV_Handler          
00000227  RTC_IRQHandler          
00000337  Reset_Handler           
00000227  SPI0_IRQHandler         
00000227  SPI1_IRQHandler         
00000227  SVC_Handler             
00000269  SYSCFG_DL_GPIO_init     
00000229  SYSCFG_DL_SYSCTL_init   
00000311  SYSCFG_DL_init          
000002a5  SYSCFG_DL_initPower     
00000227  SysTick_Handler         
00000227  TIMA0_IRQHandler        
00000227  TIMA1_IRQHandler        
00000227  TIMG0_IRQHandler        
00000227  TIMG12_IRQHandler       
00000227  TIMG6_IRQHandler        
00000227  TIMG7_IRQHandler        
00000227  TIMG8_IRQHandler        
00000227  UART0_IRQHandler        
00000227  UART1_IRQHandler        
00000227  UART2_IRQHandler        
00000227  UART3_IRQHandler        
20208000  __STACK_END             
00000200  __STACK_SIZE            
00000000  __TI_ATRegion0_region_sz
00000000  __TI_ATRegion0_src_addr 
00000000  __TI_ATRegion0_trg_addr 
00000000  __TI_ATRegion1_region_sz
00000000  __TI_ATRegion1_src_addr 
00000000  __TI_ATRegion1_trg_addr 
00000000  __TI_ATRegion2_region_sz
00000000  __TI_ATRegion2_src_addr 
00000000  __TI_ATRegion2_trg_addr 
00000000  __TI_CINIT_Base         
00000000  __TI_CINIT_Limit        
00000000  __TI_CINIT_Warm         
ffffffff  __TI_pprof_out_hndl     
ffffffff  __TI_prof_data_size     
ffffffff  __TI_prof_data_start    
00000000  __TI_static_base__      
ffffffff  __binit__               
UNDEFED   __mpu_init              
20207e00  __stack                 
20200000  __start___llvm_prf_bits 
20200000  __start___llvm_prf_cnts 
20200000  __stop___llvm_prf_bits  
20200000  __stop___llvm_prf_cnts  
000002d1  _c_int00_noinit_noargs  
0000033b  _system_pre_init        
0000033f  abort                   
ffffffff  binit                   
00000000  interruptVectors        
000000c1  key1_get                
00000159  key2_get                
000001d5  main                    


GLOBAL SYMBOLS: SORTED BY Symbol Address 

address   name                    
-------   ----                    
00000000  __TI_ATRegion0_region_sz
00000000  __TI_ATRegion0_src_addr 
00000000  __TI_ATRegion0_trg_addr 
00000000  __TI_ATRegion1_region_sz
00000000  __TI_ATRegion1_src_addr 
00000000  __TI_ATRegion1_trg_addr 
00000000  __TI_ATRegion2_region_sz
00000000  __TI_ATRegion2_src_addr 
00000000  __TI_ATRegion2_trg_addr 
00000000  __TI_CINIT_Base         
00000000  __TI_CINIT_Limit        
00000000  __TI_CINIT_Warm         
00000000  __TI_static_base__      
00000000  interruptVectors        
000000c1  key1_get                
00000159  key2_get                
000001d5  main                    
00000200  __STACK_SIZE            
00000227  ADC0_IRQHandler         
00000227  ADC1_IRQHandler         
00000227  AES_IRQHandler          
00000227  CANFD0_IRQHandler       
00000227  DAC0_IRQHandler         
00000227  DMA_IRQHandler          
00000227  Default_Handler         
00000227  GROUP0_IRQHandler       
00000227  GROUP1_IRQHandler       
00000227  HardFault_Handler       
00000227  I2C0_IRQHandler         
00000227  I2C1_IRQHandler         
00000227  NMI_Handler             
00000227  PendSV_Handler          
00000227  RTC_IRQHandler          
00000227  SPI0_IRQHandler         
00000227  SPI1_IRQHandler         
00000227  SVC_Handler             
00000227  SysTick_Handler         
00000227  TIMA0_IRQHandler        
00000227  TIMA1_IRQHandler        
00000227  TIMG0_IRQHandler        
00000227  TIMG12_IRQHandler       
00000227  TIMG6_IRQHandler        
00000227  TIMG7_IRQHandler        
00000227  TIMG8_IRQHandler        
00000227  UART0_IRQHandler        
00000227  UART1_IRQHandler        
00000227  UART2_IRQHandler        
00000227  UART3_IRQHandler        
00000229  SYSCFG_DL_SYSCTL_init   
00000269  SYSCFG_DL_GPIO_init     
000002a5  SYSCFG_DL_initPower     
000002d1  _c_int00_noinit_noargs  
000002f1  LED2_blue_OFF           
00000301  LED2_blue_ON            
00000311  SYSCFG_DL_init          
00000321  LED1_ON                 
0000032d  DL_Common_delayCycles   
00000337  Reset_Handler           
0000033b  _system_pre_init        
0000033e  C$$EXIT                 
0000033f  abort                   
20200000  __start___llvm_prf_bits 
20200000  __start___llvm_prf_cnts 
20200000  __stop___llvm_prf_bits  
20200000  __stop___llvm_prf_cnts  
20207e00  __stack                 
20208000  __STACK_END             
ffffffff  __TI_pprof_out_hndl     
ffffffff  __TI_prof_data_size     
ffffffff  __TI_prof_data_start    
ffffffff  __binit__               
ffffffff  binit                   
UNDEFED   __mpu_init              

[73 symbols]
