******************************************************************************
            TI ARM Clang Linker PC v3.2.2                      
******************************************************************************
>> Linked Mon Jul 15 22:07:39 2024

OUTPUT FILE NAME:   <16_DDS_9910.out>
ENTRY POINT SYMBOL: "_c_int00_noargs"  address: 00003129


MEMORY CONFIGURATION

         name            origin    length      used     unused   attr    fill
----------------------  --------  ---------  --------  --------  ----  --------
  FLASH                 00000000   00020000  00003c58  0001c3a8  R  X
  SRAM                  20200000   00008000  00001e00  00006200  RW X
  BCR_CONFIG            41c00000   00000080  00000000  00000080  R   
  BSL_CONFIG            41c00100   00000080  00000000  00000080  R   


SEGMENT ALLOCATION MAP

run origin  load origin   length   init length attrs members
----------  ----------- ---------- ----------- ----- -------
00000000    00000000    00003c58   00003c58    r-x
  00000000    00000000    000000c0   000000c0    r-- .intvecs
  000000c0    000000c0    000033b0   000033b0    r-x .text
  00003470    00003470    00000790   00000790    r-- .rodata
  00003c00    00003c00    00000058   00000058    r-- .cinit
20200000    20200000    00001c03   00000000    rw-
  20200000    20200000    00001000   00000000    rw- .sysmem
  20201000    20201000    00000af9   00000000    rw- .bss
  20201afc    20201afc    00000107   00000000    rw- .data
20207e00    20207e00    00000200   00000000    rw-
  20207e00    20207e00    00000200   00000000    rw- .stack


SECTION ALLOCATION MAP

 output                                  attributes/
section   page    origin      length       input sections
--------  ----  ----------  ----------   ----------------
.intvecs   0    00000000    000000c0     
                  00000000    000000c0     startup_mspm0g350x_ticlang.o (.intvecs)

.text      0    000000c0    000033b0     
                  000000c0    00000a00     libc.a : _printfi.c.obj (.text:__TI_printfi)
                  00000ac0    000002a8     oled.o (.text.OLED_ShowChar)
                  00000d68    00000220     libc.a : _printfi.c.obj (.text._pconv_a)
                  00000f88    000001dc            : _printfi.c.obj (.text._pconv_g)
                  00001164    00000192     libclang_rt.builtins.a : adddf3.S.obj (.text.adddf3_subdf3)
                  000012f6    00000002     startup_mspm0g350x_ticlang.o (.text.Default_Handler)
                  000012f8    0000013c     libc.a : _printfi.c.obj (.text.fcvt)
                  00001434    00000138     oled.o (.text.OLED_SetPos)
                  0000156c    00000120     libc.a : _printfi.c.obj (.text._pconv_e)
                  0000168c    0000010c     libclang_rt.builtins.a : divdf3.S.obj (.text.__divdf3)
                  00001798    000000f8     AD9910.o (.text.AD9910_Init)
                  00001890    000000e8     driverlib.a : dl_timer.o (.text.DL_Timer_initTimerMode)
                  00001978    000000e4     AD9910.o (.text.AD9910_Singal_Profile_Init)
                  00001a5c    000000e4     libclang_rt.builtins.a : muldf3.S.obj (.text.__muldf3)
                  00001b40    000000d8     libc.a : s_scalbn.c.obj (.text.scalbn)
                  00001c18    000000c8     AD9910.o (.text.AD9910_Singal_Profile_Set)
                  00001ce0    000000c4     driverlib.a : dl_timer.o (.text.DL_Timer_initPWMMode)
                  00001da4    000000c4     AD9910.o (.text.Set_Profile)
                  00001e68    000000c4     uart.o (.text.fputs)
                  00001f2c    000000ac     AD9910.o (.text.Write_8bit)
                  00001fd8    000000a4     empty.o (.text.main)
                  0000207c    000000a2     libclang_rt.builtins.a : udivmoddi4.S.obj (.text)
                  0000211e    00000002                            : aeabi_div0.c.obj (.text.__aeabi_idiv0)
                  00002120    000000a0     ti_msp_dl_config.o (.text.SYSCFG_DL_ADC12_0_init)
                  000021c0    0000009a     libc.a : memcpy16.S.obj (.text:memcpy)
                  0000225a    00000002     libclang_rt.builtins.a : aeabi_div0.c.obj (.text.__aeabi_ldiv0)
                  0000225c    00000098     key.o (.text.key1_get)
                  000022f4    00000090     ti_msp_dl_config.o (.text.SYSCFG_DL_GPIO_init)
                  00002384    00000084     key.o (.text.delay_ms)
                  00002408    00000080     key.o (.text.delay_us)
                  00002488    0000007c     key.o (.text.key2_get)
                  00002504    00000078     libc.a : copy_decompress_lzss.c.obj (.text:decompress:lzss)
                  0000257c    00000070     ti_msp_dl_config.o (.text.SYSCFG_DL_UART_0_init)
                  000025ec    00000070     ti_msp_dl_config.o (.text.SYSCFG_DL_initPower)
                  0000265c    00000070     libclang_rt.builtins.a : comparedf2.c.obj (.text.__gedf2)
                  000026cc    0000006c                            : comparedf2.c.obj (.text.__ledf2)
                  00002738    00000066     libc.a : _printfi.c.obj (.text._mcpy)
                  0000279e    00000002            : _lock.c.obj (.text._nop)
                  000027a0    00000062     libclang_rt.builtins.a : aeabi_dcmp.S.obj (.text.__aeabi_dcmp)
                  00002802    00000062     libc.a : memset16.S.obj (.text:memset)
                  00002864    0000005e     driverlib.a : dl_i2c.o (.text.DL_I2C_fillControllerTXFIFO)
                  000028c2    00000002     --HOLE-- [fill = 0]
                  000028c4    0000005c     ti_msp_dl_config.o (.text.SYSCFG_DL_PWM_0_init)
                  00002920    0000005c     libc.a : s_frexp.c.obj (.text.frexp)
                  0000297c    0000005c            : printf.c.obj (.text.printf)
                  000029d8    00000058            : _ltoa.c.obj (.text.__TI_ltoa)
                  00002a30    00000058            : _printfi.c.obj (.text._pconv_f)
                  00002a88    00000056     libclang_rt.builtins.a : aeabi_idivmod.S.obj (.text.__aeabi_idivmod)
                  00002ade    00000054     oled.o (.text.OLED_ShowString)
                  00002b32    00000002     --HOLE-- [fill = 0]
                  00002b34    00000054     ti_msp_dl_config.o (.text.SYSCFG_DL_I2C_0_init)
                  00002b88    00000052     libc.a : _printfi.c.obj (.text._ecpy)
                  00002bda    00000002     --HOLE-- [fill = 0]
                  00002bdc    0000004c     driverlib.a : dl_dma.o (.text.DL_DMA_initChannel)
                  00002c28    0000004c     ti_msp_dl_config.o (.text.SYSCFG_DL_TIMER_0_init)
                  00002c74    0000004c     uart.o (.text.UART0_IRQHandler)
                  00002cc0    0000004a     libclang_rt.builtins.a : fixdfsi.S.obj (.text.__fixdfsi)
                  00002d0a    00000002     --HOLE-- [fill = 0]
                  00002d0c    00000048     driverlib.a : dl_uart.o (.text.DL_UART_init)
                  00002d54    00000048     ti_msp_dl_config.o (.text.SYSCFG_DL_init)
                  00002d9c    00000042     libclang_rt.builtins.a : fixunsdfsi.S.obj (.text.__fixunsdfsi)
                  00002dde    00000002     --HOLE-- [fill = 0]
                  00002de0    00000040     driverlib.a : dl_adc12.o (.text.DL_ADC12_setClockConfig)
                  00002e20    00000040     ti_msp_dl_config.o (.text.SYSCFG_DL_TIMER_ADC_init)
                  00002e60    00000040     libclang_rt.builtins.a : aeabi_uidivmod.S.obj (.text.__aeabi_uidivmod)
                  00002ea0    00000040                            : extendsfdf2.S.obj (.text.__extendsfdf2)
                  00002ee0    00000040     libc.a : atoi.c.obj (.text.atoi)
                  00002f20    00000040     adc.o (.text.dma_init)
                  00002f60    0000003c     libc.a : autoinit.c.obj (.text:__TI_auto_init_nobinit_nopinit)
                  00002f9c    0000003a     libclang_rt.builtins.a : muldsi3.S.obj (.text.__muldsi3)
                  00002fd6    00000002     --HOLE-- [fill = 0]
                  00002fd8    00000038     AD9910.o (.text.init_9910)
                  00003010    00000038     libc.a : sprintf.c.obj (.text.sprintf)
                  00003048    00000030     ti_msp_dl_config.o (.text.SYSCFG_DL_SYSCTL_init)
                  00003078    00000030     libc.a : _printfi.c.obj (.text._fcpy)
                  000030a8    0000002c     libclang_rt.builtins.a : floatsidf.S.obj (.text.__floatsidf)
                  000030d4    0000002c     uart.o (.text.uart_pro)
                  00003100    00000028     key.o (.text.key_pro)
                  00003128    00000028     libc.a : boot_cortex_m.c.obj (.text:_c_int00_noargs)
                  00003150    00000026     driverlib.a : dl_i2c.o (.text.DL_I2C_setClockConfig)
                  00003176    00000002     --HOLE-- [fill = 0]
                  00003178    00000024     ti_msp_dl_config.o (.text.SYSCFG_DL_DMA_CH0_init)
                  0000319c    00000024     libclang_rt.builtins.a : floatunsidf.S.obj (.text.__floatunsidf)
                  000031c0    00000024                            : muldi3.S.obj (.text.__muldi3)
                  000031e4    00000022     libc.a : memccpy.c.obj (.text.memccpy)
                  00003206    00000002     --HOLE-- [fill = 0]
                  00003208    00000020     driverlib.a : dl_uart.o (.text.DL_UART_transmitDataBlocking)
                  00003228    00000020     ti_msp_dl_config.o (.text.SYSCFG_DL_SYSCTL_CLK_init)
                  00003248    0000001e     libclang_rt.builtins.a : ashldi3.S.obj (.text.__ashldi3)
                  00003266    00000002     --HOLE-- [fill = 0]
                  00003268    0000001c     adc.o (.text.ADC0_IRQHandler)
                  00003284    0000001c     driverlib.a : dl_timer.o (.text.DL_Timer_setCaptCompUpdateMethod)
                  000032a0    0000001c                 : dl_timer.o (.text.DL_Timer_setClockConfig)
                  000032bc    0000001c     interrupt.o (.text.TIMEG0_init)
                  000032d8    00000018     driverlib.a : dl_timer.o (.text.DL_Timer_setCaptureCompareOutCtl)
                  000032f0    00000018     libc.a : sprintf.c.obj (.text._outs)
                  00003308    00000018     uart.o (.text.uart_init)
                  00003320    00000014     libclang_rt.builtins.a : aeabi_uldivmod.S.obj (.text.__aeabi_uldivmod)
                  00003334    00000014     uart.o (.text.fputc)
                  00003348    00000014     libc.a : _printfi.c.obj (.text.strchr)
                  0000335c    00000012     driverlib.a : dl_uart.o (.text.DL_UART_setClockConfig)
                  0000336e    00000012     libc.a : copy_decompress_none.c.obj (.text:decompress:none)
                  00003380    00000010     driverlib.a : dl_timer.o (.text.DL_Timer_setCaptureCompareValue)
                  00003390    00000010     led.o (.text.LED2_blue_OFF)
                  000033a0    00000010     led.o (.text.LED2_blue_ON)
                  000033b0    00000010     libc.a : wcslen.c.obj (.text.wcslen)
                  000033c0    00000010            : copy_zero_init.c.obj (.text:decompress:ZI)
                  000033d0    0000000e     libclang_rt.builtins.a : aeabi_memset.S.obj (.text.__aeabi_memset)
                  000033de    0000000e     libc.a : _printfi.c.obj (.text.strlen)
                  000033ec    0000000c     interrupt.o (.text.TIMG0_IRQHandler)
                  000033f8    0000000c     libclang_rt.builtins.a : aeabi_memset.S.obj (.text.__aeabi_memclr)
                  00003404    0000000a     driverlib.a : dl_common.o (.text.DL_Common_delayCycles)
                  0000340e    0000000a     libc.a : _printfi.c.obj (.text.OUTLINED_FUNCTION_0)
                  00003418    00000010     libclang_rt.builtins.a : adddf3.S.obj (.tramp.__aeabi_dsub.1)
                  00003428    0000000a     libc.a : _printfi.c.obj (.text.OUTLINED_FUNCTION_1)
                  00003432    0000000a            : sprintf.c.obj (.text._outc)
                  0000343c    00000008     ti_msp_dl_config.o (.text.SYSCFG_DL_DMA_init)
                  00003444    00000008     libc.a : aeabi_portable.c.obj (.text.__aeabi_errno_addr)
                  0000344c    00000008     libclang_rt.builtins.a : aeabi_memcpy.S.obj (.text.__aeabi_memcpy)
                  00003454    00000008     libc.a : printf.c.obj (.text._outc)
                  0000345c    00000008            : printf.c.obj (.text._outs)
                  00003464    00000004     startup_mspm0g350x_ticlang.o (.text.Reset_Handler)
                  00003468    00000004     libc.a : pre_init.c.obj (.text._system_pre_init)
                  0000346c    00000004            : exit.c.obj (.text:abort)

.cinit     0    00003c00    00000058     
                  00003c00    00000034     (.cinit..data.load) [load image, compression = lzss]
                  00003c34    0000000c     (__TI_handler_table)
                  00003c40    00000008     (.cinit..bss.load) [load image, compression = zero_init]
                  00003c48    00000010     (__TI_cinit_table)

.rodata    0    00003470    00000790     
                  00003470    000005f0     oled.o (.rodata.F8X16)
                  00003a60    00000101     libc.a : aeabi_ctype.S.obj (.rodata:__aeabi_ctype_table_)
                  00003b61    00000003     ti_msp_dl_config.o (.rodata.gPWM_0ClockConfig)
                  00003b64    00000018     ti_msp_dl_config.o (.rodata.gDMA_CH0Config)
                  00003b7c    00000014     ti_msp_dl_config.o (.rodata.gTIMER_0TimerConfig)
                  00003b90    00000014     ti_msp_dl_config.o (.rodata.gTIMER_ADCTimerConfig)
                  00003ba4    00000011     libc.a : _printfi.c.obj (.rodata.str1.11645776875810915891)
                  00003bb5    00000011            : _printfi.c.obj (.rodata.str1.44690500295887128011)
                  00003bc6    0000000a     ti_msp_dl_config.o (.rodata.gUART_0Config)
                  00003bd0    00000008     ti_msp_dl_config.o (.rodata.gADC12_0ClockConfig)
                  00003bd8    00000008     ti_msp_dl_config.o (.rodata.gPWM_0Config)
                  00003be0    00000006     key.o (.rodata.str1.41917054622232873651)
                  00003be6    00000005     empty.o (.rodata.str1.162906114796922795351)
                  00003beb    00000004     uart.o (.rodata.str1.151662036810702135711)
                  00003bef    00000003     ti_msp_dl_config.o (.rodata.gTIMER_0ClockConfig)
                  00003bf2    00000003     ti_msp_dl_config.o (.rodata.gTIMER_ADCClockConfig)
                  00003bf5    00000002     ti_msp_dl_config.o (.rodata.gI2C_0ClockConfig)
                  00003bf7    00000002     ti_msp_dl_config.o (.rodata.gUART_0ClockConfig)
                  00003bf9    00000007     --HOLE-- [fill = 0]

.init_array 
*          0    00000000    00000000     UNINITIALIZED

.binit     0    00000000    00000000     

.sysmem    0    20200000    00001000     UNINITIALIZED
                  20200000    00000010     libc.a : memory.c.obj (.sysmem)
                  20200010    00000ff0     --HOLE--

.bss       0    20201000    00000af9     UNINITIALIZED
                  20201000    00000800     (.common:gADCSamples)
                  20201800    00000190     (.common:rx_data)
                  20201990    000000bc     (.common:gTIMER_ADCBackup)
                  20201a4c    00000078     (.common:gPWM_0Backup)
                  20201ac4    00000028     (.common:lcd_buf)
                  20201aec    00000008     (.common:Profile_All)
                  20201af4    00000004     (.common:adc_value)
                  20201af8    00000001     (.common:check_dma_ADC)

.data      0    20201afc    00000107     UNINITIALIZED
                  20201afc    000000f0     libc.a : defs.c.obj (.data._ftable)
                  20201bec    00000004     AD9910.o (.data.Assist_DAC)
                  20201bf0    00000004     AD9910.o (.data.CFR3)
                  20201bf4    00000004     libc.a : aeabi_portable.c.obj (.data.__aeabi_errno)
                  20201bf8    00000004            : _lock.c.obj (.data._lock)
                  20201bfc    00000004            : _lock.c.obj (.data._unlock)
                  20201c00    00000002     uart.o (.data.rx_cent)
                  20201c02    00000001     uart.o (.data.rx_flag)

.stack     0    20207e00    00000200     UNINITIALIZED
                  20207e00    00000004     libc.a : boot_cortex_m.c.obj (.stack)
                  20207e04    000001fc     --HOLE--

__llvm_prf_cnts 
*          0    20200000    00000000     UNINITIALIZED

__llvm_prf_bits 
*          0    20200000    00000000     UNINITIALIZED

MODULE SUMMARY

       Module                         code    ro data   rw data
       ------                         ----    -------   -------
    .\
       ti_msp_dl_config.o             1040    103       308    
       empty.o                        164     5         40     
       startup_mspm0g350x_ticlang.o   6       192       0      
    +--+------------------------------+-------+---------+---------+
       Total:                         1210    300       348    
                                                               
    .\Hardware\
       oled.o                         1076    1520      0      
       adc.o                          92      0         2053   
       AD9910.o                       1100    0         16     
       uart.o                         360     4         403    
       key.o                          576     6         0      
       interrupt.o                    40      0         0      
       led.o                          32      0         0      
    +--+------------------------------+-------+---------+---------+
       Total:                         3276    1530      2472   
                                                               
    C:/ti/mspm0_sdk_2_01_00_03/source/ti/driverlib/lib/ticlang/m0p/mspm0g1x0x_g3x0x/driverlib.a
       dl_timer.o                     524     0         0      
       dl_i2c.o                       132     0         0      
       dl_uart.o                      122     0         0      
       dl_dma.o                       76      0         0      
       dl_adc12.o                     64      0         0      
       dl_common.o                    10      0         0      
    +--+------------------------------+-------+---------+---------+
       Total:                         928     0         0      
                                                               
    D:\CCS\ccs\tools\compiler\ti-cgt-armllvm_3.2.2.LTS\lib\armv6m-ti-none-eabi/c/libc.a
       _printfi.c.obj                 4558    34        0      
       aeabi_ctype.S.obj              0       257       0      
       defs.c.obj                     0       0         240    
       s_scalbn.c.obj                 216     0         0      
       memcpy16.S.obj                 154     0         0      
       copy_decompress_lzss.c.obj     120     0         0      
       printf.c.obj                   108     0         0      
       memset16.S.obj                 98      0         0      
       s_frexp.c.obj                  92      0         0      
       sprintf.c.obj                  90      0         0      
       _ltoa.c.obj                    88      0         0      
       atoi.c.obj                     64      0         0      
       autoinit.c.obj                 60      0         0      
       boot_cortex_m.c.obj            40      0         0      
       memccpy.c.obj                  34      0         0      
       copy_decompress_none.c.obj     18      0         0      
       copy_zero_init.c.obj           16      0         0      
       wcslen.c.obj                   16      0         0      
       aeabi_portable.c.obj           8       0         4      
       _lock.c.obj                    2       0         8      
       exit.c.obj                     4       0         0      
       pre_init.c.obj                 4       0         0      
    +--+------------------------------+-------+---------+---------+
       Total:                         5790    291       252    
                                                               
    D:\CCS\ccs\tools\compiler\ti-cgt-armllvm_3.2.2.LTS\lib\clang/15.0.7/lib/armv6m-ti-none-eabi/libclang_rt.builtins.a
       adddf3.S.obj                   418     0         0      
       divdf3.S.obj                   268     0         0      
       muldf3.S.obj                   228     0         0      
       comparedf2.c.obj               220     0         0      
       udivmoddi4.S.obj               162     0         0      
       aeabi_dcmp.S.obj               98      0         0      
       aeabi_idivmod.S.obj            86      0         0      
       fixdfsi.S.obj                  74      0         0      
       fixunsdfsi.S.obj               66      0         0      
       aeabi_uidivmod.S.obj           64      0         0      
       extendsfdf2.S.obj              64      0         0      
       muldsi3.S.obj                  58      0         0      
       floatsidf.S.obj                44      0         0      
       floatunsidf.S.obj              36      0         0      
       muldi3.S.obj                   36      0         0      
       ashldi3.S.obj                  30      0         0      
       aeabi_memset.S.obj             26      0         0      
       aeabi_uldivmod.S.obj           20      0         0      
       aeabi_memcpy.S.obj             8       0         0      
       aeabi_div0.c.obj               4       0         0      
    +--+------------------------------+-------+---------+---------+
       Total:                         2010    0         0      
                                                               
       Heap:                          0       0         4096   
       Stack:                         0       0         512    
       Linker Generated:              0       88        0      
    +--+------------------------------+-------+---------+---------+
       Grand Total:                   13214   2209      7680   


LINKER GENERATED COPY TABLES

__TI_cinit_table @ 00003c48 records: 2, size/record: 8, table size: 16
	.data: load addr=00003c00, load size=00000034 bytes, run addr=20201afc, run size=00000107 bytes, compression=lzss
	.bss: load addr=00003c40, load size=00000008 bytes, run addr=20201000, run size=00000af9 bytes, compression=zero_init


LINKER GENERATED HANDLER TABLE

__TI_handler_table @ 00003c34 records: 3, size/record: 4, table size: 12
	index: 0, handler: __TI_decompress_lzss
	index: 1, handler: __TI_decompress_none
	index: 2, handler: __TI_zero_init


FAR CALL TRAMPOLINES

callee name               trampoline name
   callee addr  tramp addr   call addr  call info
--------------  -----------  ---------  ----------------
__aeabi_dsub              $Tramp$TT$L$PI$$__aeabi_dsub
   00001165     00003418     00003416   libc.a : _printfi.c.obj (.text.OUTLINED_FUNCTION_0)

[1 trampolines]
[1 trampoline calls]


GLOBAL SYMBOLS: SORTED ALPHABETICALLY BY Name 

address   name                            
-------   ----                            
00001799  AD9910_Init                     
00001979  AD9910_Singal_Profile_Init      
00001c19  AD9910_Singal_Profile_Set       
00003269  ADC0_IRQHandler                 
000012f7  ADC1_IRQHandler                 
000012f7  AES_IRQHandler                  
20201bec  Assist_DAC                      
0000346c  C$$EXIT                         
000012f7  CANFD0_IRQHandler               
20201bf0  CFR3                            
000012f7  DAC0_IRQHandler                 
00002de1  DL_ADC12_setClockConfig         
00003405  DL_Common_delayCycles           
00002bdd  DL_DMA_initChannel              
00002865  DL_I2C_fillControllerTXFIFO     
00003151  DL_I2C_setClockConfig           
00001ce1  DL_Timer_initPWMMode            
00001891  DL_Timer_initTimerMode          
00003285  DL_Timer_setCaptCompUpdateMethod
000032d9  DL_Timer_setCaptureCompareOutCtl
00003381  DL_Timer_setCaptureCompareValue 
000032a1  DL_Timer_setClockConfig         
00002d0d  DL_UART_init                    
0000335d  DL_UART_setClockConfig          
00003209  DL_UART_transmitDataBlocking    
000012f7  DMA_IRQHandler                  
000012f7  Default_Handler                 
00003470  F8X16                           
000012f7  GROUP0_IRQHandler               
000012f7  GROUP1_IRQHandler               
000012f7  HardFault_Handler               
000012f7  I2C0_IRQHandler                 
000012f7  I2C1_IRQHandler                 
00003391  LED2_blue_OFF                   
000033a1  LED2_blue_ON                    
000012f7  NMI_Handler                     
00001435  OLED_SetPos                     
00000ac1  OLED_ShowChar                   
00002adf  OLED_ShowString                 
000012f7  PendSV_Handler                  
20201aec  Profile_All                     
000012f7  RTC_IRQHandler                  
00003465  Reset_Handler                   
000012f7  SPI0_IRQHandler                 
000012f7  SPI1_IRQHandler                 
000012f7  SVC_Handler                     
00002121  SYSCFG_DL_ADC12_0_init          
00003179  SYSCFG_DL_DMA_CH0_init          
0000343d  SYSCFG_DL_DMA_init              
000022f5  SYSCFG_DL_GPIO_init             
00002b35  SYSCFG_DL_I2C_0_init            
000028c5  SYSCFG_DL_PWM_0_init            
00003229  SYSCFG_DL_SYSCTL_CLK_init       
00003049  SYSCFG_DL_SYSCTL_init           
00002c29  SYSCFG_DL_TIMER_0_init          
00002e21  SYSCFG_DL_TIMER_ADC_init        
0000257d  SYSCFG_DL_UART_0_init           
00002d55  SYSCFG_DL_init                  
000025ed  SYSCFG_DL_initPower             
00001da5  Set_Profile                     
000012f7  SysTick_Handler                 
000012f7  TIMA0_IRQHandler                
000012f7  TIMA1_IRQHandler                
000032bd  TIMEG0_init                     
000033ed  TIMG0_IRQHandler                
000012f7  TIMG12_IRQHandler               
000012f7  TIMG6_IRQHandler                
000012f7  TIMG7_IRQHandler                
000012f7  TIMG8_IRQHandler                
00002c75  UART0_IRQHandler                
000012f7  UART1_IRQHandler                
000012f7  UART2_IRQHandler                
000012f7  UART3_IRQHandler                
00001f2d  Write_8bit                      
20208000  __STACK_END                     
00000200  __STACK_SIZE                    
00001000  __SYSMEM_SIZE                   
00000000  __TI_ATRegion0_region_sz        
00000000  __TI_ATRegion0_src_addr         
00000000  __TI_ATRegion0_trg_addr         
00000000  __TI_ATRegion1_region_sz        
00000000  __TI_ATRegion1_src_addr         
00000000  __TI_ATRegion1_trg_addr         
00000000  __TI_ATRegion2_region_sz        
00000000  __TI_ATRegion2_src_addr         
00000000  __TI_ATRegion2_trg_addr         
00003c48  __TI_CINIT_Base                 
00003c58  __TI_CINIT_Limit                
00003c58  __TI_CINIT_Warm                 
00003c34  __TI_Handler_Table_Base         
00003c40  __TI_Handler_Table_Limit        
00002f61  __TI_auto_init_nobinit_nopinit  
00002505  __TI_decompress_lzss            
0000336f  __TI_decompress_none            
000029d9  __TI_ltoa                       
ffffffff  __TI_pprof_out_hndl             
000000c1  __TI_printfi                    
ffffffff  __TI_prof_data_size             
ffffffff  __TI_prof_data_start            
00000000  __TI_static_base__              
000033c1  __TI_zero_init                  
0000116f  __adddf3                        
00003a60  __aeabi_ctype_table_            
00003a60  __aeabi_ctype_table_C           
00002cc1  __aeabi_d2iz                    
00002d9d  __aeabi_d2uiz                   
0000116f  __aeabi_dadd                    
000027a1  __aeabi_dcmpeq                  
000027dd  __aeabi_dcmpge                  
000027f1  __aeabi_dcmpgt                  
000027c9  __aeabi_dcmple                  
000027b5  __aeabi_dcmplt                  
0000168d  __aeabi_ddiv                    
00001a5d  __aeabi_dmul                    
00001165  __aeabi_dsub                    
20201bf4  __aeabi_errno                   
00003445  __aeabi_errno_addr              
00002ea1  __aeabi_f2d                     
000030a9  __aeabi_i2d                     
00002a89  __aeabi_idiv                    
0000211f  __aeabi_idiv0                   
00002a89  __aeabi_idivmod                 
0000225b  __aeabi_ldiv0                   
00003249  __aeabi_llsl                    
000031c1  __aeabi_lmul                    
000033f9  __aeabi_memclr                  
000033f9  __aeabi_memclr4                 
000033f9  __aeabi_memclr8                 
0000344d  __aeabi_memcpy                  
0000344d  __aeabi_memcpy4                 
0000344d  __aeabi_memcpy8                 
000033d1  __aeabi_memset                  
000033d1  __aeabi_memset4                 
000033d1  __aeabi_memset8                 
0000319d  __aeabi_ui2d                    
00002e61  __aeabi_uidiv                   
00002e61  __aeabi_uidivmod                
00003321  __aeabi_uldivmod                
00003249  __ashldi3                       
ffffffff  __binit__                       
000026cd  __cmpdf2                        
0000168d  __divdf3                        
000026cd  __eqdf2                         
00002ea1  __extendsfdf2                   
00002cc1  __fixdfsi                       
00002d9d  __fixunsdfsi                    
000030a9  __floatsidf                     
0000319d  __floatunsidf                   
0000265d  __gedf2                         
0000265d  __gtdf2                         
000026cd  __ledf2                         
000026cd  __ltdf2                         
UNDEFED   __mpu_init                      
00001a5d  __muldf3                        
000031c1  __muldi3                        
00002f9d  __muldsi3                       
000026cd  __nedf2                         
20207e00  __stack                         
20200000  __start___llvm_prf_bits         
20200000  __start___llvm_prf_cnts         
20200000  __stop___llvm_prf_bits          
20200000  __stop___llvm_prf_cnts          
00001165  __subdf3                        
0000207d  __udivmoddi4                    
00003129  _c_int00_noargs                 
20201afc  _ftable                         
20201bf8  _lock                           
0000279f  _nop                            
20200000  _sys_memory                     
UNDEFED   _system_post_cinit              
00003469  _system_pre_init                
20201bfc  _unlock                         
0000346d  abort                           
20201af4  adc_value                       
00002ee1  atoi                            
ffffffff  binit                           
20201af8  check_dma_ADC                   
00002385  delay_ms                        
00002409  delay_us                        
00002f21  dma_init                        
00003335  fputc                           
00001e69  fputs                           
00002921  frexp                           
00002921  frexpl                          
20201000  gADCSamples                     
20201a4c  gPWM_0Backup                    
20201990  gTIMER_ADCBackup                
00002fd9  init_9910                       
00000000  interruptVectors                
0000225d  key1_get                        
00002489  key2_get                        
00003101  key_pro                         
20201ac4  lcd_buf                         
00001b41  ldexp                           
00001b41  ldexpl                          
00001fd9  main                            
000031e5  memccpy                         
000021c1  memcpy                          
00002803  memset                          
0000297d  printf                          
20201c00  rx_cent                         
20201800  rx_data                         
20201c02  rx_flag                         
00001b41  scalbn                          
00001b41  scalbnl                         
00003011  sprintf                         
00003309  uart_init                       
000030d5  uart_pro                        
000033b1  wcslen                          


GLOBAL SYMBOLS: SORTED BY Symbol Address 

address   name                            
-------   ----                            
00000000  __TI_ATRegion0_region_sz        
00000000  __TI_ATRegion0_src_addr         
00000000  __TI_ATRegion0_trg_addr         
00000000  __TI_ATRegion1_region_sz        
00000000  __TI_ATRegion1_src_addr         
00000000  __TI_ATRegion1_trg_addr         
00000000  __TI_ATRegion2_region_sz        
00000000  __TI_ATRegion2_src_addr         
00000000  __TI_ATRegion2_trg_addr         
00000000  __TI_static_base__              
00000000  interruptVectors                
000000c1  __TI_printfi                    
00000200  __STACK_SIZE                    
00000ac1  OLED_ShowChar                   
00001000  __SYSMEM_SIZE                   
00001165  __aeabi_dsub                    
00001165  __subdf3                        
0000116f  __adddf3                        
0000116f  __aeabi_dadd                    
000012f7  ADC1_IRQHandler                 
000012f7  AES_IRQHandler                  
000012f7  CANFD0_IRQHandler               
000012f7  DAC0_IRQHandler                 
000012f7  DMA_IRQHandler                  
000012f7  Default_Handler                 
000012f7  GROUP0_IRQHandler               
000012f7  GROUP1_IRQHandler               
000012f7  HardFault_Handler               
000012f7  I2C0_IRQHandler                 
000012f7  I2C1_IRQHandler                 
000012f7  NMI_Handler                     
000012f7  PendSV_Handler                  
000012f7  RTC_IRQHandler                  
000012f7  SPI0_IRQHandler                 
000012f7  SPI1_IRQHandler                 
000012f7  SVC_Handler                     
000012f7  SysTick_Handler                 
000012f7  TIMA0_IRQHandler                
000012f7  TIMA1_IRQHandler                
000012f7  TIMG12_IRQHandler               
000012f7  TIMG6_IRQHandler                
000012f7  TIMG7_IRQHandler                
000012f7  TIMG8_IRQHandler                
000012f7  UART1_IRQHandler                
000012f7  UART2_IRQHandler                
000012f7  UART3_IRQHandler                
00001435  OLED_SetPos                     
0000168d  __aeabi_ddiv                    
0000168d  __divdf3                        
00001799  AD9910_Init                     
00001891  DL_Timer_initTimerMode          
00001979  AD9910_Singal_Profile_Init      
00001a5d  __aeabi_dmul                    
00001a5d  __muldf3                        
00001b41  ldexp                           
00001b41  ldexpl                          
00001b41  scalbn                          
00001b41  scalbnl                         
00001c19  AD9910_Singal_Profile_Set       
00001ce1  DL_Timer_initPWMMode            
00001da5  Set_Profile                     
00001e69  fputs                           
00001f2d  Write_8bit                      
00001fd9  main                            
0000207d  __udivmoddi4                    
0000211f  __aeabi_idiv0                   
00002121  SYSCFG_DL_ADC12_0_init          
000021c1  memcpy                          
0000225b  __aeabi_ldiv0                   
0000225d  key1_get                        
000022f5  SYSCFG_DL_GPIO_init             
00002385  delay_ms                        
00002409  delay_us                        
00002489  key2_get                        
00002505  __TI_decompress_lzss            
0000257d  SYSCFG_DL_UART_0_init           
000025ed  SYSCFG_DL_initPower             
0000265d  __gedf2                         
0000265d  __gtdf2                         
000026cd  __cmpdf2                        
000026cd  __eqdf2                         
000026cd  __ledf2                         
000026cd  __ltdf2                         
000026cd  __nedf2                         
0000279f  _nop                            
000027a1  __aeabi_dcmpeq                  
000027b5  __aeabi_dcmplt                  
000027c9  __aeabi_dcmple                  
000027dd  __aeabi_dcmpge                  
000027f1  __aeabi_dcmpgt                  
00002803  memset                          
00002865  DL_I2C_fillControllerTXFIFO     
000028c5  SYSCFG_DL_PWM_0_init            
00002921  frexp                           
00002921  frexpl                          
0000297d  printf                          
000029d9  __TI_ltoa                       
00002a89  __aeabi_idiv                    
00002a89  __aeabi_idivmod                 
00002adf  OLED_ShowString                 
00002b35  SYSCFG_DL_I2C_0_init            
00002bdd  DL_DMA_initChannel              
00002c29  SYSCFG_DL_TIMER_0_init          
00002c75  UART0_IRQHandler                
00002cc1  __aeabi_d2iz                    
00002cc1  __fixdfsi                       
00002d0d  DL_UART_init                    
00002d55  SYSCFG_DL_init                  
00002d9d  __aeabi_d2uiz                   
00002d9d  __fixunsdfsi                    
00002de1  DL_ADC12_setClockConfig         
00002e21  SYSCFG_DL_TIMER_ADC_init        
00002e61  __aeabi_uidiv                   
00002e61  __aeabi_uidivmod                
00002ea1  __aeabi_f2d                     
00002ea1  __extendsfdf2                   
00002ee1  atoi                            
00002f21  dma_init                        
00002f61  __TI_auto_init_nobinit_nopinit  
00002f9d  __muldsi3                       
00002fd9  init_9910                       
00003011  sprintf                         
00003049  SYSCFG_DL_SYSCTL_init           
000030a9  __aeabi_i2d                     
000030a9  __floatsidf                     
000030d5  uart_pro                        
00003101  key_pro                         
00003129  _c_int00_noargs                 
00003151  DL_I2C_setClockConfig           
00003179  SYSCFG_DL_DMA_CH0_init          
0000319d  __aeabi_ui2d                    
0000319d  __floatunsidf                   
000031c1  __aeabi_lmul                    
000031c1  __muldi3                        
000031e5  memccpy                         
00003209  DL_UART_transmitDataBlocking    
00003229  SYSCFG_DL_SYSCTL_CLK_init       
00003249  __aeabi_llsl                    
00003249  __ashldi3                       
00003269  ADC0_IRQHandler                 
00003285  DL_Timer_setCaptCompUpdateMethod
000032a1  DL_Timer_setClockConfig         
000032bd  TIMEG0_init                     
000032d9  DL_Timer_setCaptureCompareOutCtl
00003309  uart_init                       
00003321  __aeabi_uldivmod                
00003335  fputc                           
0000335d  DL_UART_setClockConfig          
0000336f  __TI_decompress_none            
00003381  DL_Timer_setCaptureCompareValue 
00003391  LED2_blue_OFF                   
000033a1  LED2_blue_ON                    
000033b1  wcslen                          
000033c1  __TI_zero_init                  
000033d1  __aeabi_memset                  
000033d1  __aeabi_memset4                 
000033d1  __aeabi_memset8                 
000033ed  TIMG0_IRQHandler                
000033f9  __aeabi_memclr                  
000033f9  __aeabi_memclr4                 
000033f9  __aeabi_memclr8                 
00003405  DL_Common_delayCycles           
0000343d  SYSCFG_DL_DMA_init              
00003445  __aeabi_errno_addr              
0000344d  __aeabi_memcpy                  
0000344d  __aeabi_memcpy4                 
0000344d  __aeabi_memcpy8                 
00003465  Reset_Handler                   
00003469  _system_pre_init                
0000346c  C$$EXIT                         
0000346d  abort                           
00003470  F8X16                           
00003a60  __aeabi_ctype_table_            
00003a60  __aeabi_ctype_table_C           
00003c34  __TI_Handler_Table_Base         
00003c40  __TI_Handler_Table_Limit        
00003c48  __TI_CINIT_Base                 
00003c58  __TI_CINIT_Limit                
00003c58  __TI_CINIT_Warm                 
20200000  __start___llvm_prf_bits         
20200000  __start___llvm_prf_cnts         
20200000  __stop___llvm_prf_bits          
20200000  __stop___llvm_prf_cnts          
20200000  _sys_memory                     
20201000  gADCSamples                     
20201800  rx_data                         
20201990  gTIMER_ADCBackup                
20201a4c  gPWM_0Backup                    
20201ac4  lcd_buf                         
20201aec  Profile_All                     
20201af4  adc_value                       
20201af8  check_dma_ADC                   
20201afc  _ftable                         
20201bec  Assist_DAC                      
20201bf0  CFR3                            
20201bf4  __aeabi_errno                   
20201bf8  _lock                           
20201bfc  _unlock                         
20201c00  rx_cent                         
20201c02  rx_flag                         
20207e00  __stack                         
20208000  __STACK_END                     
ffffffff  __TI_pprof_out_hndl             
ffffffff  __TI_prof_data_size             
ffffffff  __TI_prof_data_start            
ffffffff  __binit__                       
ffffffff  binit                           
UNDEFED   __mpu_init                      
UNDEFED   _system_post_cinit              

[209 symbols]
