******************************************************************************
            TI ARM Clang Linker PC v3.2.2                      
******************************************************************************
>> Linked Tue Jul 23 21:32:31 2024

OUTPUT FILE NAME:   <19_Capture_frency.out>
ENTRY POINT SYMBOL: "_c_int00_noargs"  address: 00002cf9


MEMORY CONFIGURATION

         name            origin    length      used     unused   attr    fill
----------------------  --------  ---------  --------  --------  ----  --------
  FLASH                 00000000   00020000  000036d0  0001c930  R  X
  SRAM                  20200000   00008000  00001f51  000060af  RW X
  BCR_CONFIG            41c00000   00000080  00000000  00000080  R   
  BSL_CONFIG            41c00100   00000080  00000000  00000080  R   


SEGMENT ALLOCATION MAP

run origin  load origin   length   init length attrs members
----------  ----------- ---------- ----------- ----- -------
00000000    00000000    000036d0   000036d0    r-x
  00000000    00000000    000000c0   000000c0    r-- .intvecs
  000000c0    000000c0    00002ef0   00002ef0    r-x .text
  00002fb0    00002fb0    000006c0   000006c0    r-- .rodata
  00003670    00003670    00000060   00000060    r-- .cinit
20200000    20200000    00001d54   00000000    rw-
  20200000    20200000    00001000   00000000    rw- .sysmem
  20201000    20201000    00000c49   00000000    rw- .bss
  20201c4c    20201c4c    00000108   00000000    rw- .data
20207e00    20207e00    00000200   00000000    rw-
  20207e00    20207e00    00000200   00000000    rw- .stack


SECTION ALLOCATION MAP

 output                                  attributes/
section   page    origin      length       input sections
--------  ----  ----------  ----------   ----------------
.intvecs   0    00000000    000000c0     
                  00000000    000000c0     startup_mspm0g350x_ticlang.o (.intvecs)

.text      0    000000c0    00002ef0     
                  000000c0    00000ab4     oled.o (.text.OLED_Init)
                  00000b74    000002ac     oled.o (.text.OLED_Fill)
                  00000e20    000002a8     oled.o (.text.OLED_ShowChar)
                  000010c8    00000284     libc.a : _printfi.c.obj (.text:__TI_printfi_minimal)
                  0000134c    00000138     oled.o (.text.OLED_SetPos)
                  00001484    00000110     driverlib.a : dl_timer.o (.text.DL_Timer_initCaptureMode)
                  00001594    000000f8     AD9910.o (.text.AD9910_Init)
                  0000168c    000000e8     driverlib.a : dl_timer.o (.text.DL_Timer_initTimerMode)
                  00001774    000000e4     AD9910.o (.text.AD9910_Singal_Profile_Init)
                  00001858    000000e4     libclang_rt.builtins.a : muldf3.S.obj (.text.__muldf3)
                  0000193c    000000e0     driverlib.a : dl_timer.o (.text.DL_Timer_initCaptureCombinedMode)
                  00001a1c    000000c8     AD9910.o (.text.AD9910_Singal_Profile_Set)
                  00001ae4    000000c4     driverlib.a : dl_timer.o (.text.DL_Timer_initPWMMode)
                  00001ba8    000000c4     AD9910.o (.text.Set_Profile)
                  00001c6c    000000c4     uart.o (.text.fputs)
                  00001d30    000000ac     AD9910.o (.text.Write_8bit)
                  00001ddc    000000a0     ti_msp_dl_config.o (.text.SYSCFG_DL_ADC12_0_init)
                  00001e7c    000000a0     empty.o (.text.main)
                  00001f1c    0000009a     libc.a : memcpy16.S.obj (.text:memcpy)
                  00001fb6    00000002     startup_mspm0g350x_ticlang.o (.text.Default_Handler)
                  00001fb8    00000098     key.o (.text.key1_get)
                  00002050    00000094     ti_msp_dl_config.o (.text.SYSCFG_DL_GPIO_init)
                  000020e4    00000090     interrupt.o (.text.Capture_pro)
                  00002174    0000008c     libclang_rt.builtins.a : mulsf3.S.obj (.text.__mulsf3)
                  00002200    00000088     ti_msp_dl_config.o (.text.SYSCFG_DL_initPower)
                  00002288    00000084     key.o (.text.delay_ms)
                  0000230c    00000082     libclang_rt.builtins.a : divsf3.S.obj (.text.__divsf3)
                  0000238e    00000002                            : aeabi_div0.c.obj (.text.__aeabi_idiv0)
                  00002390    00000080     key.o (.text.delay_us)
                  00002410    0000007c     key.o (.text.key2_get)
                  0000248c    00000078     libc.a : copy_decompress_lzss.c.obj (.text:decompress:lzss)
                  00002504    00000070     ti_msp_dl_config.o (.text.SYSCFG_DL_UART_0_init)
                  00002574    00000062     libc.a : memset16.S.obj (.text:memset)
                  000025d6    00000002            : _lock.c.obj (.text._nop)
                  000025d8    00000060     ti_msp_dl_config.o (.text.SYSCFG_DL_init)
                  00002638    0000005e     driverlib.a : dl_i2c.o (.text.DL_I2C_fillControllerTXFIFO)
                  00002696    00000002     --HOLE-- [fill = 0]
                  00002698    0000005c     ti_msp_dl_config.o (.text.SYSCFG_DL_PWM_0_init)
                  000026f4    0000005c     libc.a : printf.c.obj (.text.printf)
                  00002750    00000054     oled.o (.text.OLED_ShowString)
                  000027a4    00000054     ti_msp_dl_config.o (.text.SYSCFG_DL_I2C_0_init)
                  000027f8    00000050     ti_msp_dl_config.o (.text.SYSCFG_DL_CAPTURE_0_init)
                  00002848    0000004c     driverlib.a : dl_dma.o (.text.DL_DMA_initChannel)
                  00002894    0000004c     ti_msp_dl_config.o (.text.SYSCFG_DL_TIMER_0_init)
                  000028e0    0000004c     interrupt.o (.text.TIMA1_IRQHandler)
                  0000292c    0000004c     uart.o (.text.UART0_IRQHandler)
                  00002978    00000048     driverlib.a : dl_uart.o (.text.DL_UART_init)
                  000029c0    00000042     libclang_rt.builtins.a : fixunsdfsi.S.obj (.text.__fixunsdfsi)
                  00002a02    00000002     --HOLE-- [fill = 0]
                  00002a04    00000040     driverlib.a : dl_adc12.o (.text.DL_ADC12_setClockConfig)
                  00002a44    00000040     ti_msp_dl_config.o (.text.SYSCFG_DL_TIMER_ADC_init)
                  00002a84    00000040     libclang_rt.builtins.a : aeabi_uidivmod.S.obj (.text.__aeabi_uidivmod)
                  00002ac4    00000040     adc.o (.text.dma_init)
                  00002b04    0000003c     libc.a : autoinit.c.obj (.text:__TI_auto_init_nobinit_nopinit)
                  00002b40    0000003a     libclang_rt.builtins.a : muldsi3.S.obj (.text.__muldsi3)
                  00002b7a    00000002     --HOLE-- [fill = 0]
                  00002b7c    00000038                            : fixsfsi.S.obj (.text.__fixsfsi)
                  00002bb4    00000038     AD9910.o (.text.init_9910)
                  00002bec    00000032     libclang_rt.builtins.a : fixunssfsi.S.obj (.text.__fixunssfsi)
                  00002c1e    00000002     --HOLE-- [fill = 0]
                  00002c20    00000030     ti_msp_dl_config.o (.text.SYSCFG_DL_SYSCTL_init)
                  00002c50    0000002c     ti_msp_dl_config.o (.text.SYSCFG_DL_CAPTURE_1_init)
                  00002c7c    0000002c     uart.o (.text.uart_pro)
                  00002ca8    00000028     libclang_rt.builtins.a : floatunsisf.S.obj (.text.__floatunsisf)
                  00002cd0    00000028     key.o (.text.key_pro)
                  00002cf8    00000028     libc.a : boot_cortex_m.c.obj (.text:_c_int00_noargs)
                  00002d20    00000026     driverlib.a : dl_i2c.o (.text.DL_I2C_setClockConfig)
                  00002d46    00000002     --HOLE-- [fill = 0]
                  00002d48    00000024     ti_msp_dl_config.o (.text.SYSCFG_DL_DMA_CH0_init)
                  00002d6c    00000024     libclang_rt.builtins.a : floatunsidf.S.obj (.text.__floatunsidf)
                  00002d90    00000022     libc.a : memccpy.c.obj (.text.memccpy)
                  00002db2    00000002     --HOLE-- [fill = 0]
                  00002db4    00000020     driverlib.a : dl_uart.o (.text.DL_UART_transmitDataBlocking)
                  00002dd4    00000020     ti_msp_dl_config.o (.text.SYSCFG_DL_SYSCTL_CLK_init)
                  00002df4    0000001c     adc.o (.text.ADC0_IRQHandler)
                  00002e10    0000001c     interrupt.o (.text.Capture_init)
                  00002e2c    0000001c     driverlib.a : dl_timer.o (.text.DL_Timer_setCaptCompUpdateMethod)
                  00002e48    0000001c                 : dl_timer.o (.text.DL_Timer_setClockConfig)
                  00002e64    0000001c     interrupt.o (.text.TIMEG0_init)
                  00002e80    00000018     driverlib.a : dl_timer.o (.text.DL_Timer_setCaptureCompareOutCtl)
                  00002e98    00000018     uart.o (.text.uart_init)
                  00002eb0    00000014     uart.o (.text.fputc)
                  00002ec4    00000012     driverlib.a : dl_uart.o (.text.DL_UART_setClockConfig)
                  00002ed6    00000012     libc.a : copy_decompress_none.c.obj (.text:decompress:none)
                  00002ee8    00000010     driverlib.a : dl_timer.o (.text.DL_Timer_getCaptureCompareValue)
                  00002ef8    00000010                 : dl_timer.o (.text.DL_Timer_setCaptureCompareValue)
                  00002f08    00000010     led.o (.text.LED2_blue_OFF)
                  00002f18    00000010     led.o (.text.LED2_blue_ON)
                  00002f28    00000010     libc.a : copy_zero_init.c.obj (.text:decompress:ZI)
                  00002f38    0000000e     libclang_rt.builtins.a : aeabi_memset.S.obj (.text.__aeabi_memset)
                  00002f46    0000000e     libc.a : _printfi.c.obj (.text.strlen)
                  00002f54    0000000c     interrupt.o (.text.TIMG0_IRQHandler)
                  00002f60    0000000c     libclang_rt.builtins.a : aeabi_memset.S.obj (.text.__aeabi_memclr)
                  00002f6c    0000000a     driverlib.a : dl_common.o (.text.DL_Common_delayCycles)
                  00002f76    0000000a     oled.o (.text.OLED_CLS)
                  00002f80    00000008     ti_msp_dl_config.o (.text.SYSCFG_DL_DMA_init)
                  00002f88    00000008     libclang_rt.builtins.a : aeabi_memcpy.S.obj (.text.__aeabi_memcpy)
                  00002f90    00000008     libc.a : printf.c.obj (.text._outc)
                  00002f98    00000008            : printf.c.obj (.text._outs)
                  00002fa0    00000004     startup_mspm0g350x_ticlang.o (.text.Reset_Handler)
                  00002fa4    00000004     libc.a : pre_init.c.obj (.text._system_pre_init)
                  00002fa8    00000004            : exit.c.obj (.text:abort)
                  00002fac    00000004     --HOLE-- [fill = 0]

.cinit     0    00003670    00000060     
                  00003670    00000039     (.cinit..data.load) [load image, compression = lzss]
                  000036a9    00000003     --HOLE-- [fill = 0]
                  000036ac    0000000c     (__TI_handler_table)
                  000036b8    00000008     (.cinit..bss.load) [load image, compression = zero_init]
                  000036c0    00000010     (__TI_cinit_table)

.rodata    0    00002fb0    000006c0     
                  00002fb0    000005f0     oled.o (.rodata.F8X16)
                  000035a0    00000018     ti_msp_dl_config.o (.rodata.gDMA_CH0Config)
                  000035b8    00000014     ti_msp_dl_config.o (.rodata.gTIMER_0TimerConfig)
                  000035cc    00000014     ti_msp_dl_config.o (.rodata.gTIMER_ADCTimerConfig)
                  000035e0    00000011     libc.a : _printfi.c.obj (.rodata.str1.44690500295887128011)
                  000035f1    00000003     ti_msp_dl_config.o (.rodata.gCAPTURE_0ClockConfig)
                  000035f4    00000010     ti_msp_dl_config.o (.rodata.gCAPTURE_0CaptureConfig)
                  00003604    00000010     ti_msp_dl_config.o (.rodata.gCAPTURE_1CaptureConfig)
                  00003614    0000000c     driverlib.a : dl_timer.o (.rodata..Lswitch.table.DL_Timer_initCaptureCombinedMode.1)
                  00003620    0000000c                 : dl_timer.o (.rodata..Lswitch.table.DL_Timer_initCompareMode)
                  0000362c    0000000a     ti_msp_dl_config.o (.rodata.gUART_0Config)
                  00003636    00000002     ti_msp_dl_config.o (.rodata.gI2C_0ClockConfig)
                  00003638    00000009     empty.o (.rodata.str1.162906114796922795354)
                  00003641    00000003     ti_msp_dl_config.o (.rodata.gCAPTURE_1ClockConfig)
                  00003644    00000008     ti_msp_dl_config.o (.rodata.gADC12_0ClockConfig)
                  0000364c    00000008     ti_msp_dl_config.o (.rodata.gPWM_0Config)
                  00003654    00000006     key.o (.rodata.str1.41917054622232873651)
                  0000365a    00000004     uart.o (.rodata.str1.151662036810702135711)
                  0000365e    00000003     ti_msp_dl_config.o (.rodata.gPWM_0ClockConfig)
                  00003661    00000003     ti_msp_dl_config.o (.rodata.gTIMER_0ClockConfig)
                  00003664    00000003     ti_msp_dl_config.o (.rodata.gTIMER_ADCClockConfig)
                  00003667    00000002     ti_msp_dl_config.o (.rodata.gUART_0ClockConfig)
                  00003669    00000007     --HOLE-- [fill = 0]

.init_array 
*          0    00000000    00000000     UNINITIALIZED

.binit     0    00000000    00000000     

.sysmem    0    20200000    00001000     UNINITIALIZED
                  20200000    00000010     libc.a : memory.c.obj (.sysmem)
                  20200010    00000ff0     --HOLE--

.bss       0    20201000    00000c49     UNINITIALIZED
                  20201000    00000800     (.common:gADCSamples)
                  20201800    00000190     (.common:rx_data)
                  20201990    000000bc     (.common:gCAPTURE_0Backup)
                  20201a4c    000000bc     (.common:gTIMER_ADCBackup)
                  20201b08    00000078     (.common:gCAPTURE_1Backup)
                  20201b80    00000078     (.common:gPWM_0Backup)
                  20201bf8    00000028     (.common:lcd_buf)
                  20201c20    00000008     (.common:Profile_All)
                  20201c28    00000004     (.common:PWM_Detect_duty)
                  20201c2c    00000004     (.common:PWM_Detect_period)
                  20201c30    00000004     (.common:PWM_period)
                  20201c34    00000004     (.common:captuerCent_Neg_Past)
                  20201c38    00000004     (.common:captureCent_Neg_Now)
                  20201c3c    00000004     (.common:captureCent_Pos_Now)
                  20201c40    00000004     (.common:captureCent_Pos_Past)
                  20201c44    00000004     (.common:pwm_duty)
                  20201c48    00000001     (.common:check_dma_ADC)

.data      0    20201c4c    00000108     UNINITIALIZED
                  20201c4c    000000f0     libc.a : defs.c.obj (.data._ftable)
                  20201d3c    00000004     AD9910.o (.data.Assist_DAC)
                  20201d40    00000004     AD9910.o (.data.CFR3)
                  20201d44    00000004     interrupt.o (.data.SYS_CLK)
                  20201d48    00000004     libc.a : _lock.c.obj (.data._lock)
                  20201d4c    00000004            : _lock.c.obj (.data._unlock)
                  20201d50    00000002     uart.o (.data.rx_cent)
                  20201d52    00000001     interrupt.o (.data.gCheckEdgeCaptureTime)
                  20201d53    00000001     uart.o (.data.rx_flag)

.stack     0    20207e00    00000200     UNINITIALIZED
                  20207e00    00000004     libc.a : boot_cortex_m.c.obj (.stack)
                  20207e04    000001fc     --HOLE--

__llvm_prf_cnts 
*          0    20200000    00000000     UNINITIALIZED

__llvm_prf_bits 
*          0    20200000    00000000     UNINITIALIZED

MODULE SUMMARY

       Module                         code    ro data   rw data
       ------                         ----    -------   -------
    .\
       ti_msp_dl_config.o             1216    141       616    
       empty.o                        160     9         40     
       startup_mspm0g350x_ticlang.o   6       192       0      
    +--+------------------------------+-------+---------+---------+
       Total:                         1382    342       656    
                                                               
    .\Hardware\
       oled.o                         4510    1520      0      
       adc.o                          92      0         2049   
       AD9910.o                       1100    0         16     
       uart.o                         360     4         403    
       key.o                          576     6         0      
       interrupt.o                    288     0         37     
       led.o                          32      0         0      
    +--+------------------------------+-------+---------+---------+
       Total:                         6958    1530      2505   
                                                               
    C:/ti/mspm0_sdk_2_01_00_03/source/ti/driverlib/lib/ticlang/m0p/mspm0g1x0x_g3x0x/driverlib.a
       dl_timer.o                     1036    24        0      
       dl_i2c.o                       132     0         0      
       dl_uart.o                      122     0         0      
       dl_dma.o                       76      0         0      
       dl_adc12.o                     64      0         0      
       dl_common.o                    10      0         0      
    +--+------------------------------+-------+---------+---------+
       Total:                         1440    24        0      
                                                               
    D:\CCS\ccs\tools\compiler\ti-cgt-armllvm_3.2.2.LTS\lib\armv6m-ti-none-eabi/c/libc.a
       _printfi.c.obj                 658     17        0      
       defs.c.obj                     0       0         240    
       memcpy16.S.obj                 154     0         0      
       copy_decompress_lzss.c.obj     120     0         0      
       printf.c.obj                   108     0         0      
       memset16.S.obj                 98      0         0      
       autoinit.c.obj                 60      0         0      
       boot_cortex_m.c.obj            40      0         0      
       memccpy.c.obj                  34      0         0      
       copy_decompress_none.c.obj     18      0         0      
       copy_zero_init.c.obj           16      0         0      
       _lock.c.obj                    2       0         8      
       exit.c.obj                     4       0         0      
       pre_init.c.obj                 4       0         0      
    +--+------------------------------+-------+---------+---------+
       Total:                         1316    17        248    
                                                               
    D:\CCS\ccs\tools\compiler\ti-cgt-armllvm_3.2.2.LTS\lib\clang/15.0.7/lib/armv6m-ti-none-eabi/libclang_rt.builtins.a
       muldf3.S.obj                   228     0         0      
       mulsf3.S.obj                   140     0         0      
       divsf3.S.obj                   130     0         0      
       fixunsdfsi.S.obj               66      0         0      
       aeabi_uidivmod.S.obj           64      0         0      
       muldsi3.S.obj                  58      0         0      
       fixsfsi.S.obj                  56      0         0      
       fixunssfsi.S.obj               50      0         0      
       floatunsisf.S.obj              40      0         0      
       floatunsidf.S.obj              36      0         0      
       aeabi_memset.S.obj             26      0         0      
       aeabi_memcpy.S.obj             8       0         0      
       aeabi_div0.c.obj               2       0         0      
    +--+------------------------------+-------+---------+---------+
       Total:                         904     0         0      
                                                               
       Heap:                          0       0         4096   
       Stack:                         0       0         512    
       Linker Generated:              0       93        0      
    +--+------------------------------+-------+---------+---------+
       Grand Total:                   12000   2006      8017   


LINKER GENERATED COPY TABLES

__TI_cinit_table @ 000036c0 records: 2, size/record: 8, table size: 16
	.data: load addr=00003670, load size=00000039 bytes, run addr=20201c4c, run size=00000108 bytes, compression=lzss
	.bss: load addr=000036b8, load size=00000008 bytes, run addr=20201000, run size=00000c49 bytes, compression=zero_init


LINKER GENERATED HANDLER TABLE

__TI_handler_table @ 000036ac records: 3, size/record: 4, table size: 12
	index: 0, handler: __TI_decompress_lzss
	index: 1, handler: __TI_decompress_none
	index: 2, handler: __TI_zero_init


GLOBAL SYMBOLS: SORTED ALPHABETICALLY BY Name 

address   name                            
-------   ----                            
00001595  AD9910_Init                     
00001775  AD9910_Singal_Profile_Init      
00001a1d  AD9910_Singal_Profile_Set       
00002df5  ADC0_IRQHandler                 
00001fb7  ADC1_IRQHandler                 
00001fb7  AES_IRQHandler                  
20201d3c  Assist_DAC                      
00002fa8  C$$EXIT                         
00001fb7  CANFD0_IRQHandler               
20201d40  CFR3                            
00002e11  Capture_init                    
000020e5  Capture_pro                     
00001fb7  DAC0_IRQHandler                 
00002a05  DL_ADC12_setClockConfig         
00002f6d  DL_Common_delayCycles           
00002849  DL_DMA_initChannel              
00002639  DL_I2C_fillControllerTXFIFO     
00002d21  DL_I2C_setClockConfig           
00002ee9  DL_Timer_getCaptureCompareValue 
0000193d  DL_Timer_initCaptureCombinedMode
00001485  DL_Timer_initCaptureMode        
00001ae5  DL_Timer_initPWMMode            
0000168d  DL_Timer_initTimerMode          
00002e2d  DL_Timer_setCaptCompUpdateMethod
00002e81  DL_Timer_setCaptureCompareOutCtl
00002ef9  DL_Timer_setCaptureCompareValue 
00002e49  DL_Timer_setClockConfig         
00002979  DL_UART_init                    
00002ec5  DL_UART_setClockConfig          
00002db5  DL_UART_transmitDataBlocking    
00001fb7  DMA_IRQHandler                  
00001fb7  Default_Handler                 
00002fb0  F8X16                           
00001fb7  GROUP0_IRQHandler               
00001fb7  GROUP1_IRQHandler               
00001fb7  HardFault_Handler               
00001fb7  I2C0_IRQHandler                 
00001fb7  I2C1_IRQHandler                 
00002f09  LED2_blue_OFF                   
00002f19  LED2_blue_ON                    
00001fb7  NMI_Handler                     
00002f77  OLED_CLS                        
00000b75  OLED_Fill                       
000000c1  OLED_Init                       
0000134d  OLED_SetPos                     
00000e21  OLED_ShowChar                   
00002751  OLED_ShowString                 
20201c28  PWM_Detect_duty                 
20201c2c  PWM_Detect_period               
20201c30  PWM_period                      
00001fb7  PendSV_Handler                  
20201c20  Profile_All                     
00001fb7  RTC_IRQHandler                  
00002fa1  Reset_Handler                   
00001fb7  SPI0_IRQHandler                 
00001fb7  SPI1_IRQHandler                 
00001fb7  SVC_Handler                     
00001ddd  SYSCFG_DL_ADC12_0_init          
000027f9  SYSCFG_DL_CAPTURE_0_init        
00002c51  SYSCFG_DL_CAPTURE_1_init        
00002d49  SYSCFG_DL_DMA_CH0_init          
00002f81  SYSCFG_DL_DMA_init              
00002051  SYSCFG_DL_GPIO_init             
000027a5  SYSCFG_DL_I2C_0_init            
00002699  SYSCFG_DL_PWM_0_init            
00002dd5  SYSCFG_DL_SYSCTL_CLK_init       
00002c21  SYSCFG_DL_SYSCTL_init           
00002895  SYSCFG_DL_TIMER_0_init          
00002a45  SYSCFG_DL_TIMER_ADC_init        
00002505  SYSCFG_DL_UART_0_init           
000025d9  SYSCFG_DL_init                  
00002201  SYSCFG_DL_initPower             
20201d44  SYS_CLK                         
00001ba9  Set_Profile                     
00001fb7  SysTick_Handler                 
00001fb7  TIMA0_IRQHandler                
000028e1  TIMA1_IRQHandler                
00002e65  TIMEG0_init                     
00002f55  TIMG0_IRQHandler                
00001fb7  TIMG12_IRQHandler               
00001fb7  TIMG6_IRQHandler                
00001fb7  TIMG7_IRQHandler                
00001fb7  TIMG8_IRQHandler                
0000292d  UART0_IRQHandler                
00001fb7  UART1_IRQHandler                
00001fb7  UART2_IRQHandler                
00001fb7  UART3_IRQHandler                
00001d31  Write_8bit                      
20208000  __STACK_END                     
00000200  __STACK_SIZE                    
00001000  __SYSMEM_SIZE                   
00000000  __TI_ATRegion0_region_sz        
00000000  __TI_ATRegion0_src_addr         
00000000  __TI_ATRegion0_trg_addr         
00000000  __TI_ATRegion1_region_sz        
00000000  __TI_ATRegion1_src_addr         
00000000  __TI_ATRegion1_trg_addr         
00000000  __TI_ATRegion2_region_sz        
00000000  __TI_ATRegion2_src_addr         
00000000  __TI_ATRegion2_trg_addr         
000036c0  __TI_CINIT_Base                 
000036d0  __TI_CINIT_Limit                
000036d0  __TI_CINIT_Warm                 
000036ac  __TI_Handler_Table_Base         
000036b8  __TI_Handler_Table_Limit        
00002b05  __TI_auto_init_nobinit_nopinit  
0000248d  __TI_decompress_lzss            
00002ed7  __TI_decompress_none            
ffffffff  __TI_pprof_out_hndl             
000010c9  __TI_printfi_minimal            
ffffffff  __TI_prof_data_size             
ffffffff  __TI_prof_data_start            
00000000  __TI_static_base__              
00002f29  __TI_zero_init                  
000029c1  __aeabi_d2uiz                   
00001859  __aeabi_dmul                    
00002b7d  __aeabi_f2iz                    
00002bed  __aeabi_f2uiz                   
0000230d  __aeabi_fdiv                    
00002175  __aeabi_fmul                    
0000238f  __aeabi_idiv0                   
00002f61  __aeabi_memclr                  
00002f61  __aeabi_memclr4                 
00002f61  __aeabi_memclr8                 
00002f89  __aeabi_memcpy                  
00002f89  __aeabi_memcpy4                 
00002f89  __aeabi_memcpy8                 
00002f39  __aeabi_memset                  
00002f39  __aeabi_memset4                 
00002f39  __aeabi_memset8                 
00002d6d  __aeabi_ui2d                    
00002ca9  __aeabi_ui2f                    
00002a85  __aeabi_uidiv                   
00002a85  __aeabi_uidivmod                
ffffffff  __binit__                       
0000230d  __divsf3                        
00002b7d  __fixsfsi                       
000029c1  __fixunsdfsi                    
00002bed  __fixunssfsi                    
00002d6d  __floatunsidf                   
00002ca9  __floatunsisf                   
UNDEFED   __mpu_init                      
00001859  __muldf3                        
00002b41  __muldsi3                       
00002175  __mulsf3                        
20207e00  __stack                         
20200000  __start___llvm_prf_bits         
20200000  __start___llvm_prf_cnts         
20200000  __stop___llvm_prf_bits          
20200000  __stop___llvm_prf_cnts          
00002cf9  _c_int00_noargs                 
20201c4c  _ftable                         
20201d48  _lock                           
000025d7  _nop                            
20200000  _sys_memory                     
UNDEFED   _system_post_cinit              
00002fa5  _system_pre_init                
20201d4c  _unlock                         
00002fa9  abort                           
ffffffff  binit                           
20201c34  captuerCent_Neg_Past            
20201c38  captureCent_Neg_Now             
20201c3c  captureCent_Pos_Now             
20201c40  captureCent_Pos_Past            
20201c48  check_dma_ADC                   
00002289  delay_ms                        
00002391  delay_us                        
00002ac5  dma_init                        
00002eb1  fputc                           
00001c6d  fputs                           
20201000  gADCSamples                     
20201990  gCAPTURE_0Backup                
20201b08  gCAPTURE_1Backup                
20201d52  gCheckEdgeCaptureTime           
20201b80  gPWM_0Backup                    
20201a4c  gTIMER_ADCBackup                
00002bb5  init_9910                       
00000000  interruptVectors                
00001fb9  key1_get                        
00002411  key2_get                        
00002cd1  key_pro                         
20201bf8  lcd_buf                         
00001e7d  main                            
00002d91  memccpy                         
00001f1d  memcpy                          
00002575  memset                          
000026f5  printf                          
20201c44  pwm_duty                        
20201d50  rx_cent                         
20201800  rx_data                         
20201d53  rx_flag                         
00002e99  uart_init                       
00002c7d  uart_pro                        


GLOBAL SYMBOLS: SORTED BY Symbol Address 

address   name                            
-------   ----                            
00000000  __TI_ATRegion0_region_sz        
00000000  __TI_ATRegion0_src_addr         
00000000  __TI_ATRegion0_trg_addr         
00000000  __TI_ATRegion1_region_sz        
00000000  __TI_ATRegion1_src_addr         
00000000  __TI_ATRegion1_trg_addr         
00000000  __TI_ATRegion2_region_sz        
00000000  __TI_ATRegion2_src_addr         
00000000  __TI_ATRegion2_trg_addr         
00000000  __TI_static_base__              
00000000  interruptVectors                
000000c1  OLED_Init                       
00000200  __STACK_SIZE                    
00000b75  OLED_Fill                       
00000e21  OLED_ShowChar                   
00001000  __SYSMEM_SIZE                   
000010c9  __TI_printfi_minimal            
0000134d  OLED_SetPos                     
00001485  DL_Timer_initCaptureMode        
00001595  AD9910_Init                     
0000168d  DL_Timer_initTimerMode          
00001775  AD9910_Singal_Profile_Init      
00001859  __aeabi_dmul                    
00001859  __muldf3                        
0000193d  DL_Timer_initCaptureCombinedMode
00001a1d  AD9910_Singal_Profile_Set       
00001ae5  DL_Timer_initPWMMode            
00001ba9  Set_Profile                     
00001c6d  fputs                           
00001d31  Write_8bit                      
00001ddd  SYSCFG_DL_ADC12_0_init          
00001e7d  main                            
00001f1d  memcpy                          
00001fb7  ADC1_IRQHandler                 
00001fb7  AES_IRQHandler                  
00001fb7  CANFD0_IRQHandler               
00001fb7  DAC0_IRQHandler                 
00001fb7  DMA_IRQHandler                  
00001fb7  Default_Handler                 
00001fb7  GROUP0_IRQHandler               
00001fb7  GROUP1_IRQHandler               
00001fb7  HardFault_Handler               
00001fb7  I2C0_IRQHandler                 
00001fb7  I2C1_IRQHandler                 
00001fb7  NMI_Handler                     
00001fb7  PendSV_Handler                  
00001fb7  RTC_IRQHandler                  
00001fb7  SPI0_IRQHandler                 
00001fb7  SPI1_IRQHandler                 
00001fb7  SVC_Handler                     
00001fb7  SysTick_Handler                 
00001fb7  TIMA0_IRQHandler                
00001fb7  TIMG12_IRQHandler               
00001fb7  TIMG6_IRQHandler                
00001fb7  TIMG7_IRQHandler                
00001fb7  TIMG8_IRQHandler                
00001fb7  UART1_IRQHandler                
00001fb7  UART2_IRQHandler                
00001fb7  UART3_IRQHandler                
00001fb9  key1_get                        
00002051  SYSCFG_DL_GPIO_init             
000020e5  Capture_pro                     
00002175  __aeabi_fmul                    
00002175  __mulsf3                        
00002201  SYSCFG_DL_initPower             
00002289  delay_ms                        
0000230d  __aeabi_fdiv                    
0000230d  __divsf3                        
0000238f  __aeabi_idiv0                   
00002391  delay_us                        
00002411  key2_get                        
0000248d  __TI_decompress_lzss            
00002505  SYSCFG_DL_UART_0_init           
00002575  memset                          
000025d7  _nop                            
000025d9  SYSCFG_DL_init                  
00002639  DL_I2C_fillControllerTXFIFO     
00002699  SYSCFG_DL_PWM_0_init            
000026f5  printf                          
00002751  OLED_ShowString                 
000027a5  SYSCFG_DL_I2C_0_init            
000027f9  SYSCFG_DL_CAPTURE_0_init        
00002849  DL_DMA_initChannel              
00002895  SYSCFG_DL_TIMER_0_init          
000028e1  TIMA1_IRQHandler                
0000292d  UART0_IRQHandler                
00002979  DL_UART_init                    
000029c1  __aeabi_d2uiz                   
000029c1  __fixunsdfsi                    
00002a05  DL_ADC12_setClockConfig         
00002a45  SYSCFG_DL_TIMER_ADC_init        
00002a85  __aeabi_uidiv                   
00002a85  __aeabi_uidivmod                
00002ac5  dma_init                        
00002b05  __TI_auto_init_nobinit_nopinit  
00002b41  __muldsi3                       
00002b7d  __aeabi_f2iz                    
00002b7d  __fixsfsi                       
00002bb5  init_9910                       
00002bed  __aeabi_f2uiz                   
00002bed  __fixunssfsi                    
00002c21  SYSCFG_DL_SYSCTL_init           
00002c51  SYSCFG_DL_CAPTURE_1_init        
00002c7d  uart_pro                        
00002ca9  __aeabi_ui2f                    
00002ca9  __floatunsisf                   
00002cd1  key_pro                         
00002cf9  _c_int00_noargs                 
00002d21  DL_I2C_setClockConfig           
00002d49  SYSCFG_DL_DMA_CH0_init          
00002d6d  __aeabi_ui2d                    
00002d6d  __floatunsidf                   
00002d91  memccpy                         
00002db5  DL_UART_transmitDataBlocking    
00002dd5  SYSCFG_DL_SYSCTL_CLK_init       
00002df5  ADC0_IRQHandler                 
00002e11  Capture_init                    
00002e2d  DL_Timer_setCaptCompUpdateMethod
00002e49  DL_Timer_setClockConfig         
00002e65  TIMEG0_init                     
00002e81  DL_Timer_setCaptureCompareOutCtl
00002e99  uart_init                       
00002eb1  fputc                           
00002ec5  DL_UART_setClockConfig          
00002ed7  __TI_decompress_none            
00002ee9  DL_Timer_getCaptureCompareValue 
00002ef9  DL_Timer_setCaptureCompareValue 
00002f09  LED2_blue_OFF                   
00002f19  LED2_blue_ON                    
00002f29  __TI_zero_init                  
00002f39  __aeabi_memset                  
00002f39  __aeabi_memset4                 
00002f39  __aeabi_memset8                 
00002f55  TIMG0_IRQHandler                
00002f61  __aeabi_memclr                  
00002f61  __aeabi_memclr4                 
00002f61  __aeabi_memclr8                 
00002f6d  DL_Common_delayCycles           
00002f77  OLED_CLS                        
00002f81  SYSCFG_DL_DMA_init              
00002f89  __aeabi_memcpy                  
00002f89  __aeabi_memcpy4                 
00002f89  __aeabi_memcpy8                 
00002fa1  Reset_Handler                   
00002fa5  _system_pre_init                
00002fa8  C$$EXIT                         
00002fa9  abort                           
00002fb0  F8X16                           
000036ac  __TI_Handler_Table_Base         
000036b8  __TI_Handler_Table_Limit        
000036c0  __TI_CINIT_Base                 
000036d0  __TI_CINIT_Limit                
000036d0  __TI_CINIT_Warm                 
20200000  __start___llvm_prf_bits         
20200000  __start___llvm_prf_cnts         
20200000  __stop___llvm_prf_bits          
20200000  __stop___llvm_prf_cnts          
20200000  _sys_memory                     
20201000  gADCSamples                     
20201800  rx_data                         
20201990  gCAPTURE_0Backup                
20201a4c  gTIMER_ADCBackup                
20201b08  gCAPTURE_1Backup                
20201b80  gPWM_0Backup                    
20201bf8  lcd_buf                         
20201c20  Profile_All                     
20201c28  PWM_Detect_duty                 
20201c2c  PWM_Detect_period               
20201c30  PWM_period                      
20201c34  captuerCent_Neg_Past            
20201c38  captureCent_Neg_Now             
20201c3c  captureCent_Pos_Now             
20201c40  captureCent_Pos_Past            
20201c44  pwm_duty                        
20201c48  check_dma_ADC                   
20201c4c  _ftable                         
20201d3c  Assist_DAC                      
20201d40  CFR3                            
20201d44  SYS_CLK                         
20201d48  _lock                           
20201d4c  _unlock                         
20201d50  rx_cent                         
20201d52  gCheckEdgeCaptureTime           
20201d53  rx_flag                         
20207e00  __stack                         
20208000  __STACK_END                     
ffffffff  __TI_pprof_out_hndl             
ffffffff  __TI_prof_data_size             
ffffffff  __TI_prof_data_start            
ffffffff  __binit__                       
ffffffff  binit                           
UNDEFED   __mpu_init                      
UNDEFED   _system_post_cinit              

[193 symbols]
