******************************************************************************
            TI ARM Clang Linker PC v3.2.2                      
******************************************************************************
>> Linked Thu Aug  1 10:08:42 2024

OUTPUT FILE NAME:   <05_PWM.out>
ENTRY POINT SYMBOL: "_c_int00_noargs"  address: 000018d5


MEMORY CONFIGURATION

         name            origin    length      used     unused   attr    fill
----------------------  --------  ---------  --------  --------  ----  --------
  FLASH                 00000000   00020000  00002048  0001dfb8  R  X
  SRAM                  20200000   00008000  000002a0  00007d60  RW X
  BCR_CONFIG            41c00000   00000080  00000000  00000080  R   
  BSL_CONFIG            41c00100   00000080  00000000  00000080  R   


SEGMENT ALLOCATION MAP

run origin  load origin   length   init length attrs members
----------  ----------- ---------- ----------- ----- -------
00000000    00000000    00002048   00002048    r-x
  00000000    00000000    000000c0   000000c0    r-- .intvecs
  000000c0    000000c0    00001948   00001948    r-x .text
  00001a08    00001a08    00000628   00000628    r-- .rodata
  00002030    00002030    00000018   00000018    r-- .cinit
20200000    20200000    000000a0   00000000    rw-
  20200000    20200000    000000a0   00000000    rw- .bss
20207e00    20207e00    00000200   00000000    rw-
  20207e00    20207e00    00000200   00000000    rw- .stack


SECTION ALLOCATION MAP

 output                                  attributes/
section   page    origin      length       input sections
--------  ----  ----------  ----------   ----------------
.intvecs   0    00000000    000000c0     
                  00000000    000000c0     startup_mspm0g350x_ticlang.o (.intvecs)

.text      0    000000c0    00001948     
                  000000c0    00000ab4     oled.o (.text.OLED_Init)
                  00000b74    000002ac     oled.o (.text.OLED_Fill)
                  00000e20    000002a8     oled.o (.text.OLED_ShowChar)
                  000010c8    00000138     oled.o (.text.OLED_SetPos)
                  00001200    000000e8     driverlib.a : dl_timer.o (.text.DL_Timer_initTimerMode)
                  000012e8    000000c4                 : dl_timer.o (.text.DL_Timer_initPWMMode)
                  000013ac    00000098     key.o (.text.key1_get)
                  00001444    00000094     empty.o (.text.main)
                  000014d8    00000084     key.o (.text.delay_ms)
                  0000155c    0000007c     key.o (.text.key2_get)
                  000015d8    00000064     ti_msp_dl_config.o (.text.SYSCFG_DL_GPIO_init)
                  0000163c    0000005e     driverlib.a : dl_i2c.o (.text.DL_I2C_fillControllerTXFIFO)
                  0000169a    00000002     startup_mspm0g350x_ticlang.o (.text.Default_Handler)
                  0000169c    00000058     ti_msp_dl_config.o (.text.SYSCFG_DL_PWM_0_init)
                  000016f4    00000054     oled.o (.text.OLED_ShowString)
                  00001748    00000054     ti_msp_dl_config.o (.text.SYSCFG_DL_I2C_0_init)
                  0000179c    0000004c     ti_msp_dl_config.o (.text.SYSCFG_DL_TIMER_0_init)
                  000017e8    00000048     ti_msp_dl_config.o (.text.SYSCFG_DL_initPower)
                  00001830    00000040     ti_msp_dl_config.o (.text.SYSCFG_DL_SYSCTL_init)
                  00001870    0000003c     libc.a : autoinit.c.obj (.text:__TI_auto_init_nobinit_nopinit)
                  000018ac    00000028     ti_msp_dl_config.o (.text.SYSCFG_DL_init)
                  000018d4    00000028     libc.a : boot_cortex_m.c.obj (.text:_c_int00_noargs)
                  000018fc    00000026     driverlib.a : dl_i2c.o (.text.DL_I2C_setClockConfig)
                  00001922    00000002     --HOLE-- [fill = 0]
                  00001924    0000001c                 : dl_timer.o (.text.DL_Timer_setCaptCompUpdateMethod)
                  00001940    0000001c                 : dl_timer.o (.text.DL_Timer_setClockConfig)
                  0000195c    0000001c     interrupt.o (.text.TIMEG0_init)
                  00001978    00000018     driverlib.a : dl_timer.o (.text.DL_Timer_setCaptureCompareOutCtl)
                  00001990    00000016     libc.a : copy_zero_init.c.obj (.text:decompress:ZI:__TI_zero_init_nomemset)
                  000019a6    00000002     --HOLE-- [fill = 0]
                  000019a8    00000010     driverlib.a : dl_timer.o (.text.DL_Timer_setCaptureCompareValue)
                  000019b8    00000010     led.o (.text.LED2_blue_OFF)
                  000019c8    00000010     led.o (.text.LED2_blue_ON)
                  000019d8    0000000c     interrupt.o (.text.TIMG0_IRQHandler)
                  000019e4    0000000a     driverlib.a : dl_common.o (.text.DL_Common_delayCycles)
                  000019ee    0000000a     oled.o (.text.OLED_CLS)
                  000019f8    00000004     startup_mspm0g350x_ticlang.o (.text.Reset_Handler)
                  000019fc    00000004     libc.a : pre_init.c.obj (.text._system_pre_init)
                  00001a00    00000004            : exit.c.obj (.text:abort)
                  00001a04    00000004     --HOLE-- [fill = 0]

.cinit     0    00002030    00000018     
                  00002030    00000008     (.cinit..bss.load) [load image, compression = zero_init]
                  00002038    00000004     (__TI_handler_table)
                  0000203c    00000008     (__TI_cinit_table)
                  00002044    00000004     --HOLE-- [fill = 0]

.rodata    0    00001a08    00000628     
                  00001a08    000005f0     oled.o (.rodata.F8X16)
                  00001ff8    00000014     ti_msp_dl_config.o (.rodata.gTIMER_0TimerConfig)
                  0000200c    0000000f     empty.o (.rodata.str1.162906114796922795351)
                  0000201b    00000001     --HOLE-- [fill = 0]
                  0000201c    00000008     ti_msp_dl_config.o (.rodata.gPWM_0Config)
                  00002024    00000003     ti_msp_dl_config.o (.rodata.gPWM_0ClockConfig)
                  00002027    00000003     ti_msp_dl_config.o (.rodata.gTIMER_0ClockConfig)
                  0000202a    00000002     ti_msp_dl_config.o (.rodata.gI2C_0ClockConfig)
                  0000202c    00000004     --HOLE-- [fill = 0]

.init_array 
*          0    00000000    00000000     UNINITIALIZED

.binit     0    00000000    00000000     

.bss       0    20200000    000000a0     UNINITIALIZED
                  20200000    00000078     (.common:gPWM_0Backup)
                  20200078    00000028     (.common:lcd_buf)

.stack     0    20207e00    00000200     UNINITIALIZED
                  20207e00    00000004     libc.a : boot_cortex_m.c.obj (.stack)
                  20207e04    000001fc     --HOLE--

__llvm_prf_cnts 
*          0    20200000    00000000     UNINITIALIZED

__llvm_prf_bits 
*          0    20200000    00000000     UNINITIALIZED

MODULE SUMMARY

       Module                         code   ro data   rw data
       ------                         ----   -------   -------
    .\
       ti_msp_dl_config.o             524    36        120    
       empty.o                        148    15        40     
       startup_mspm0g350x_ticlang.o   6      192       0      
    +--+------------------------------+------+---------+---------+
       Total:                         678    243       160    
                                                              
    .\Hardware\
       oled.o                         4510   1520      0      
       key.o                          408    0         0      
       interrupt.o                    40     0         0      
       led.o                          32     0         0      
    +--+------------------------------+------+---------+---------+
       Total:                         4990   1520      0      
                                                              
    C:/ti/mspm0_sdk_2_01_00_03/source/ti/driverlib/lib/ticlang/m0p/mspm0g1x0x_g3x0x/driverlib.a
       dl_timer.o                     524    0         0      
       dl_i2c.o                       132    0         0      
       dl_common.o                    10     0         0      
    +--+------------------------------+------+---------+---------+
       Total:                         666    0         0      
                                                              
    D:\CCS\ccs\tools\compiler\ti-cgt-armllvm_3.2.2.LTS\lib\armv6m-ti-none-eabi/c/libc.a
       autoinit.c.obj                 60     0         0      
       boot_cortex_m.c.obj            40     0         0      
       copy_zero_init.c.obj           22     0         0      
       exit.c.obj                     4      0         0      
       pre_init.c.obj                 4      0         0      
    +--+------------------------------+------+---------+---------+
       Total:                         130    0         0      
                                                              
       Stack:                         0      0         512    
       Linker Generated:              0      20        0      
    +--+------------------------------+------+---------+---------+
       Grand Total:                   6464   1783      672    


LINKER GENERATED COPY TABLES

__TI_cinit_table @ 0000203c records: 1, size/record: 8, table size: 8
	.bss: load addr=00002030, load size=00000008 bytes, run addr=20200000, run size=000000a0 bytes, compression=zero_init


LINKER GENERATED HANDLER TABLE

__TI_handler_table @ 00002038 records: 1, size/record: 4, table size: 4
	index: 0, handler: __TI_zero_init


GLOBAL SYMBOLS: SORTED ALPHABETICALLY BY Name 

address   name                            
-------   ----                            
0000169b  ADC0_IRQHandler                 
0000169b  ADC1_IRQHandler                 
0000169b  AES_IRQHandler                  
00001a00  C$$EXIT                         
0000169b  CANFD0_IRQHandler               
0000169b  DAC0_IRQHandler                 
000019e5  DL_Common_delayCycles           
0000163d  DL_I2C_fillControllerTXFIFO     
000018fd  DL_I2C_setClockConfig           
000012e9  DL_Timer_initPWMMode            
00001201  DL_Timer_initTimerMode          
00001925  DL_Timer_setCaptCompUpdateMethod
00001979  DL_Timer_setCaptureCompareOutCtl
000019a9  DL_Timer_setCaptureCompareValue 
00001941  DL_Timer_setClockConfig         
0000169b  DMA_IRQHandler                  
0000169b  Default_Handler                 
00001a08  F8X16                           
0000169b  GROUP0_IRQHandler               
0000169b  GROUP1_IRQHandler               
0000169b  HardFault_Handler               
0000169b  I2C0_IRQHandler                 
0000169b  I2C1_IRQHandler                 
000019b9  LED2_blue_OFF                   
000019c9  LED2_blue_ON                    
0000169b  NMI_Handler                     
000019ef  OLED_CLS                        
00000b75  OLED_Fill                       
000000c1  OLED_Init                       
000010c9  OLED_SetPos                     
00000e21  OLED_ShowChar                   
000016f5  OLED_ShowString                 
0000169b  PendSV_Handler                  
0000169b  RTC_IRQHandler                  
000019f9  Reset_Handler                   
0000169b  SPI0_IRQHandler                 
0000169b  SPI1_IRQHandler                 
0000169b  SVC_Handler                     
000015d9  SYSCFG_DL_GPIO_init             
00001749  SYSCFG_DL_I2C_0_init            
0000169d  SYSCFG_DL_PWM_0_init            
00001831  SYSCFG_DL_SYSCTL_init           
0000179d  SYSCFG_DL_TIMER_0_init          
000018ad  SYSCFG_DL_init                  
000017e9  SYSCFG_DL_initPower             
0000169b  SysTick_Handler                 
0000169b  TIMA0_IRQHandler                
0000169b  TIMA1_IRQHandler                
0000195d  TIMEG0_init                     
000019d9  TIMG0_IRQHandler                
0000169b  TIMG12_IRQHandler               
0000169b  TIMG6_IRQHandler                
0000169b  TIMG7_IRQHandler                
0000169b  TIMG8_IRQHandler                
0000169b  UART0_IRQHandler                
0000169b  UART1_IRQHandler                
0000169b  UART2_IRQHandler                
0000169b  UART3_IRQHandler                
20208000  __STACK_END                     
00000200  __STACK_SIZE                    
00000000  __TI_ATRegion0_region_sz        
00000000  __TI_ATRegion0_src_addr         
00000000  __TI_ATRegion0_trg_addr         
00000000  __TI_ATRegion1_region_sz        
00000000  __TI_ATRegion1_src_addr         
00000000  __TI_ATRegion1_trg_addr         
00000000  __TI_ATRegion2_region_sz        
00000000  __TI_ATRegion2_src_addr         
00000000  __TI_ATRegion2_trg_addr         
0000203c  __TI_CINIT_Base                 
00002044  __TI_CINIT_Limit                
00002044  __TI_CINIT_Warm                 
00002038  __TI_Handler_Table_Base         
0000203c  __TI_Handler_Table_Limit        
00001871  __TI_auto_init_nobinit_nopinit  
ffffffff  __TI_pprof_out_hndl             
ffffffff  __TI_prof_data_size             
ffffffff  __TI_prof_data_start            
00000000  __TI_static_base__              
00001991  __TI_zero_init_nomemset         
ffffffff  __binit__                       
UNDEFED   __mpu_init                      
20207e00  __stack                         
20200000  __start___llvm_prf_bits         
20200000  __start___llvm_prf_cnts         
20200000  __stop___llvm_prf_bits          
20200000  __stop___llvm_prf_cnts          
000018d5  _c_int00_noargs                 
UNDEFED   _system_post_cinit              
000019fd  _system_pre_init                
00001a01  abort                           
ffffffff  binit                           
000014d9  delay_ms                        
20200000  gPWM_0Backup                    
00000000  interruptVectors                
000013ad  key1_get                        
0000155d  key2_get                        
20200078  lcd_buf                         
00001445  main                            


GLOBAL SYMBOLS: SORTED BY Symbol Address 

address   name                            
-------   ----                            
00000000  __TI_ATRegion0_region_sz        
00000000  __TI_ATRegion0_src_addr         
00000000  __TI_ATRegion0_trg_addr         
00000000  __TI_ATRegion1_region_sz        
00000000  __TI_ATRegion1_src_addr         
00000000  __TI_ATRegion1_trg_addr         
00000000  __TI_ATRegion2_region_sz        
00000000  __TI_ATRegion2_src_addr         
00000000  __TI_ATRegion2_trg_addr         
00000000  __TI_static_base__              
00000000  interruptVectors                
000000c1  OLED_Init                       
00000200  __STACK_SIZE                    
00000b75  OLED_Fill                       
00000e21  OLED_ShowChar                   
000010c9  OLED_SetPos                     
00001201  DL_Timer_initTimerMode          
000012e9  DL_Timer_initPWMMode            
000013ad  key1_get                        
00001445  main                            
000014d9  delay_ms                        
0000155d  key2_get                        
000015d9  SYSCFG_DL_GPIO_init             
0000163d  DL_I2C_fillControllerTXFIFO     
0000169b  ADC0_IRQHandler                 
0000169b  ADC1_IRQHandler                 
0000169b  AES_IRQHandler                  
0000169b  CANFD0_IRQHandler               
0000169b  DAC0_IRQHandler                 
0000169b  DMA_IRQHandler                  
0000169b  Default_Handler                 
0000169b  GROUP0_IRQHandler               
0000169b  GROUP1_IRQHandler               
0000169b  HardFault_Handler               
0000169b  I2C0_IRQHandler                 
0000169b  I2C1_IRQHandler                 
0000169b  NMI_Handler                     
0000169b  PendSV_Handler                  
0000169b  RTC_IRQHandler                  
0000169b  SPI0_IRQHandler                 
0000169b  SPI1_IRQHandler                 
0000169b  SVC_Handler                     
0000169b  SysTick_Handler                 
0000169b  TIMA0_IRQHandler                
0000169b  TIMA1_IRQHandler                
0000169b  TIMG12_IRQHandler               
0000169b  TIMG6_IRQHandler                
0000169b  TIMG7_IRQHandler                
0000169b  TIMG8_IRQHandler                
0000169b  UART0_IRQHandler                
0000169b  UART1_IRQHandler                
0000169b  UART2_IRQHandler                
0000169b  UART3_IRQHandler                
0000169d  SYSCFG_DL_PWM_0_init            
000016f5  OLED_ShowString                 
00001749  SYSCFG_DL_I2C_0_init            
0000179d  SYSCFG_DL_TIMER_0_init          
000017e9  SYSCFG_DL_initPower             
00001831  SYSCFG_DL_SYSCTL_init           
00001871  __TI_auto_init_nobinit_nopinit  
000018ad  SYSCFG_DL_init                  
000018d5  _c_int00_noargs                 
000018fd  DL_I2C_setClockConfig           
00001925  DL_Timer_setCaptCompUpdateMethod
00001941  DL_Timer_setClockConfig         
0000195d  TIMEG0_init                     
00001979  DL_Timer_setCaptureCompareOutCtl
00001991  __TI_zero_init_nomemset         
000019a9  DL_Timer_setCaptureCompareValue 
000019b9  LED2_blue_OFF                   
000019c9  LED2_blue_ON                    
000019d9  TIMG0_IRQHandler                
000019e5  DL_Common_delayCycles           
000019ef  OLED_CLS                        
000019f9  Reset_Handler                   
000019fd  _system_pre_init                
00001a00  C$$EXIT                         
00001a01  abort                           
00001a08  F8X16                           
00002038  __TI_Handler_Table_Base         
0000203c  __TI_CINIT_Base                 
0000203c  __TI_Handler_Table_Limit        
00002044  __TI_CINIT_Limit                
00002044  __TI_CINIT_Warm                 
20200000  __start___llvm_prf_bits         
20200000  __start___llvm_prf_cnts         
20200000  __stop___llvm_prf_bits          
20200000  __stop___llvm_prf_cnts          
20200000  gPWM_0Backup                    
20200078  lcd_buf                         
20207e00  __stack                         
20208000  __STACK_END                     
ffffffff  __TI_pprof_out_hndl             
ffffffff  __TI_prof_data_size             
ffffffff  __TI_prof_data_start            
ffffffff  __binit__                       
ffffffff  binit                           
UNDEFED   __mpu_init                      
UNDEFED   _system_post_cinit              

[99 symbols]
