******************************************************************************
            TI ARM Clang Linker PC v3.2.2                      
******************************************************************************
>> Linked Thu Aug  1 10:09:24 2024

OUTPUT FILE NAME:   <21_I2c.out>
ENTRY POINT SYMBOL: "_c_int00_noargs"  address: 00002d3d


MEMORY CONFIGURATION

         name            origin    length      used     unused   attr    fill
----------------------  --------  ---------  --------  --------  ----  --------
  FLASH                 00000000   00020000  00003718  0001c8e8  R  X
  SRAM                  20200000   00008000  00001f44  000060bc  RW X
  BCR_CONFIG            41c00000   00000080  00000000  00000080  R   
  BSL_CONFIG            41c00100   00000080  00000000  00000080  R   


SEGMENT ALLOCATION MAP

run origin  load origin   length   init length attrs members
----------  ----------- ---------- ----------- ----- -------
00000000    00000000    00003718   00003718    r-x
  00000000    00000000    000000c0   000000c0    r-- .intvecs
  000000c0    000000c0    00002f40   00002f40    r-x .text
  00003000    00003000    000006c0   000006c0    r-- .rodata
  000036c0    000036c0    00000058   00000058    r-- .cinit
20200000    20200000    00001d46   00000000    rw-
  20200000    20200000    00001000   00000000    rw- .sysmem
  20201000    20201000    00000c42   00000000    rw- .bss
  20201c44    20201c44    00000102   00000000    rw- .data
20207e00    20207e00    00000200   00000000    rw-
  20207e00    20207e00    00000200   00000000    rw- .stack


SECTION ALLOCATION MAP

 output                                  attributes/
section   page    origin      length       input sections
--------  ----  ----------  ----------   ----------------
.intvecs   0    00000000    000000c0     
                  00000000    000000c0     startup_mspm0g350x_ticlang.o (.intvecs)

.text      0    000000c0    00002f40     
                  000000c0    00000ab4     oled.o (.text.OLED_Init)
                  00000b74    000002ac     oled.o (.text.OLED_Fill)
                  00000e20    000002a8     oled.o (.text.OLED_ShowChar)
                  000010c8    00000284     libc.a : _printfi.c.obj (.text:__TI_printfi_minimal)
                  0000134c    0000020c     ADF4351.o (.text.ADF4351WriteFreq)
                  00001558    00000188     ADF4351.o (.text.WriteToADF4351)
                  000016e0    00000138     oled.o (.text.OLED_SetPos)
                  00001818    00000110     driverlib.a : dl_timer.o (.text.DL_Timer_initCaptureMode)
                  00001928    000000e8                 : dl_timer.o (.text.DL_Timer_initTimerMode)
                  00001a10    000000e0                 : dl_timer.o (.text.DL_Timer_initCaptureCombinedMode)
                  00001af0    000000d4     ti_msp_dl_config.o (.text.SYSCFG_DL_GPIO_init)
                  00001bc4    000000c4     driverlib.a : dl_timer.o (.text.DL_Timer_initPWMMode)
                  00001c88    000000c4     uart.o (.text.fputs)
                  00001d4c    000000ac     empty.o (.text.main)
                  00001df8    000000a0     ti_msp_dl_config.o (.text.SYSCFG_DL_ADC12_0_init)
                  00001e98    0000009a     libc.a : memcpy16.S.obj (.text:memcpy)
                  00001f32    00000002     startup_mspm0g350x_ticlang.o (.text.Default_Handler)
                  00001f34    00000098     key.o (.text.key1_get)
                  00001fcc    00000090     interrupt.o (.text.Capture_pro)
                  0000205c    0000008c     libclang_rt.builtins.a : mulsf3.S.obj (.text.__mulsf3)
                  000020e8    00000088     ti_msp_dl_config.o (.text.SYSCFG_DL_initPower)
                  00002170    00000084     key.o (.text.delay_ms)
                  000021f4    00000082     libclang_rt.builtins.a : divsf3.S.obj (.text.__divsf3)
                  00002276    00000002                            : aeabi_div0.c.obj (.text.__aeabi_idiv0)
                  00002278    00000080     key.o (.text.delay_us)
                  000022f8    0000007c     key.o (.text.key2_get)
                  00002374    00000078     ADF4351.o (.text.ADF4351Init)
                  000023ec    00000078     libc.a : copy_decompress_lzss.c.obj (.text:decompress:lzss)
                  00002464    00000070     ti_msp_dl_config.o (.text.SYSCFG_DL_UART_0_init)
                  000024d4    00000062     libclang_rt.builtins.a : aeabi_fcmp.S.obj (.text.__aeabi_fcmp)
                  00002536    00000062     libc.a : memset16.S.obj (.text:memset)
                  00002598    00000060     ti_msp_dl_config.o (.text.SYSCFG_DL_init)
                  000025f8    0000005e     driverlib.a : dl_i2c.o (.text.DL_I2C_fillControllerTXFIFO)
                  00002656    00000002     libc.a : _lock.c.obj (.text._nop)
                  00002658    0000005c     ti_msp_dl_config.o (.text.SYSCFG_DL_PWM_0_init)
                  000026b4    0000005c     libc.a : printf.c.obj (.text.printf)
                  00002710    00000054     oled.o (.text.OLED_ShowString)
                  00002764    00000054     ti_msp_dl_config.o (.text.SYSCFG_DL_I2C_0_init)
                  000027b8    00000050     spi.o (.text.GROUP1_IRQHandler)
                  00002808    00000050     ti_msp_dl_config.o (.text.SYSCFG_DL_CAPTURE_0_init)
                  00002858    0000004c     driverlib.a : dl_dma.o (.text.DL_DMA_initChannel)
                  000028a4    0000004c     ti_msp_dl_config.o (.text.SYSCFG_DL_TIMER_0_init)
                  000028f0    0000004c     interrupt.o (.text.TIMA1_IRQHandler)
                  0000293c    0000004c     uart.o (.text.UART0_IRQHandler)
                  00002988    00000048     driverlib.a : dl_uart.o (.text.DL_UART_init)
                  000029d0    00000040                 : dl_adc12.o (.text.DL_ADC12_setClockConfig)
                  00002a10    00000040     ti_msp_dl_config.o (.text.SYSCFG_DL_TIMER_ADC_init)
                  00002a50    00000040     libclang_rt.builtins.a : aeabi_uidivmod.S.obj (.text.__aeabi_uidivmod)
                  00002a90    00000040     adc.o (.text.dma_init)
                  00002ad0    0000003c     libclang_rt.builtins.a : comparesf2.S.obj (.text.__gtsf2)
                  00002b0c    0000003c     libc.a : autoinit.c.obj (.text:__TI_auto_init_nobinit_nopinit)
                  00002b48    0000003a     libclang_rt.builtins.a : comparesf2.S.obj (.text.__eqsf2)
                  00002b82    00000002     --HOLE-- [fill = 0]
                  00002b84    0000003a                            : muldsi3.S.obj (.text.__muldsi3)
                  00002bbe    00000002     --HOLE-- [fill = 0]
                  00002bc0    00000038                            : fixsfsi.S.obj (.text.__fixsfsi)
                  00002bf8    00000038     libc.a : sprintf.c.obj (.text.sprintf)
                  00002c30    00000032     libclang_rt.builtins.a : fixunssfsi.S.obj (.text.__fixunssfsi)
                  00002c62    00000002     --HOLE-- [fill = 0]
                  00002c64    00000030     ti_msp_dl_config.o (.text.SYSCFG_DL_SYSCTL_init)
                  00002c94    0000002c     ti_msp_dl_config.o (.text.SYSCFG_DL_CAPTURE_1_init)
                  00002cc0    0000002c     uart.o (.text.uart_pro)
                  00002cec    00000028     libclang_rt.builtins.a : floatunsisf.S.obj (.text.__floatunsisf)
                  00002d14    00000028     key.o (.text.key_pro)
                  00002d3c    00000028     libc.a : boot_cortex_m.c.obj (.text:_c_int00_noargs)
                  00002d64    00000026     driverlib.a : dl_i2c.o (.text.DL_I2C_setClockConfig)
                  00002d8a    00000002     --HOLE-- [fill = 0]
                  00002d8c    00000024     ti_msp_dl_config.o (.text.SYSCFG_DL_DMA_CH0_init)
                  00002db0    00000022     libc.a : memccpy.c.obj (.text.memccpy)
                  00002dd2    00000002     --HOLE-- [fill = 0]
                  00002dd4    00000020     driverlib.a : dl_uart.o (.text.DL_UART_transmitDataBlocking)
                  00002df4    00000020     ti_msp_dl_config.o (.text.SYSCFG_DL_SYSCTL_CLK_init)
                  00002e14    0000001c     adc.o (.text.ADC0_IRQHandler)
                  00002e30    0000001c     interrupt.o (.text.Capture_init)
                  00002e4c    0000001c     driverlib.a : dl_timer.o (.text.DL_Timer_setCaptCompUpdateMethod)
                  00002e68    0000001c                 : dl_timer.o (.text.DL_Timer_setClockConfig)
                  00002e84    0000001c     interrupt.o (.text.TIMEG0_init)
                  00002ea0    00000018     driverlib.a : dl_timer.o (.text.DL_Timer_setCaptureCompareOutCtl)
                  00002eb8    00000018     libc.a : sprintf.c.obj (.text._outs)
                  00002ed0    00000018     uart.o (.text.uart_init)
                  00002ee8    00000014     uart.o (.text.fputc)
                  00002efc    00000012     driverlib.a : dl_uart.o (.text.DL_UART_setClockConfig)
                  00002f0e    00000012     libc.a : copy_decompress_none.c.obj (.text:decompress:none)
                  00002f20    00000010     driverlib.a : dl_timer.o (.text.DL_Timer_getCaptureCompareValue)
                  00002f30    00000010                 : dl_timer.o (.text.DL_Timer_setCaptureCompareValue)
                  00002f40    00000010     led.o (.text.LED2_blue_OFF)
                  00002f50    00000010     led.o (.text.LED2_blue_ON)
                  00002f60    00000010     spi.o (.text.spi_init)
                  00002f70    00000010     libc.a : copy_zero_init.c.obj (.text:decompress:ZI)
                  00002f80    0000000e     libclang_rt.builtins.a : aeabi_memset.S.obj (.text.__aeabi_memset)
                  00002f8e    0000000e     libc.a : _printfi.c.obj (.text.strlen)
                  00002f9c    0000000c     interrupt.o (.text.TIMG0_IRQHandler)
                  00002fa8    0000000c     libclang_rt.builtins.a : aeabi_memset.S.obj (.text.__aeabi_memclr)
                  00002fb4    0000000a     driverlib.a : dl_common.o (.text.DL_Common_delayCycles)
                  00002fbe    0000000a     oled.o (.text.OLED_CLS)
                  00002fc8    0000000a     libc.a : sprintf.c.obj (.text._outc)
                  00002fd2    00000008     ti_msp_dl_config.o (.text.SYSCFG_DL_DMA_init)
                  00002fda    00000002     --HOLE-- [fill = 0]
                  00002fdc    00000008     libclang_rt.builtins.a : aeabi_memcpy.S.obj (.text.__aeabi_memcpy)
                  00002fe4    00000008     libc.a : printf.c.obj (.text._outc)
                  00002fec    00000008            : printf.c.obj (.text._outs)
                  00002ff4    00000004     startup_mspm0g350x_ticlang.o (.text.Reset_Handler)
                  00002ff8    00000004     libc.a : pre_init.c.obj (.text._system_pre_init)
                  00002ffc    00000004            : exit.c.obj (.text:abort)

.cinit     0    000036c0    00000058     
                  000036c0    00000031     (.cinit..data.load) [load image, compression = lzss]
                  000036f1    00000003     --HOLE-- [fill = 0]
                  000036f4    0000000c     (__TI_handler_table)
                  00003700    00000008     (.cinit..bss.load) [load image, compression = zero_init]
                  00003708    00000010     (__TI_cinit_table)

.rodata    0    00003000    000006c0     
                  00003000    000005f0     oled.o (.rodata.F8X16)
                  000035f0    00000018     ti_msp_dl_config.o (.rodata.gDMA_CH0Config)
                  00003608    00000014     ti_msp_dl_config.o (.rodata.gTIMER_0TimerConfig)
                  0000361c    00000014     ti_msp_dl_config.o (.rodata.gTIMER_ADCTimerConfig)
                  00003630    00000011     libc.a : _printfi.c.obj (.rodata.str1.44690500295887128011)
                  00003641    00000003     ti_msp_dl_config.o (.rodata.gCAPTURE_0ClockConfig)
                  00003644    00000010     ti_msp_dl_config.o (.rodata.gCAPTURE_0CaptureConfig)
                  00003654    00000010     ti_msp_dl_config.o (.rodata.gCAPTURE_1CaptureConfig)
                  00003664    0000000c     driverlib.a : dl_timer.o (.rodata..Lswitch.table.DL_Timer_initCaptureCombinedMode.1)
                  00003670    0000000c                 : dl_timer.o (.rodata..Lswitch.table.DL_Timer_initCompareMode)
                  0000367c    0000000a     ti_msp_dl_config.o (.rodata.gUART_0Config)
                  00003686    00000002     ti_msp_dl_config.o (.rodata.gI2C_0ClockConfig)
                  00003688    00000009     empty.o (.rodata.str1.162906114796922795354)
                  00003691    00000003     ti_msp_dl_config.o (.rodata.gCAPTURE_1ClockConfig)
                  00003694    00000008     ti_msp_dl_config.o (.rodata.gADC12_0ClockConfig)
                  0000369c    00000008     ti_msp_dl_config.o (.rodata.gPWM_0Config)
                  000036a4    00000006     key.o (.rodata.str1.41917054622232873651)
                  000036aa    00000006     empty.o (.rodata.str1.92454112862644078121)
                  000036b0    00000004     uart.o (.rodata.str1.151662036810702135711)
                  000036b4    00000003     ti_msp_dl_config.o (.rodata.gPWM_0ClockConfig)
                  000036b7    00000003     ti_msp_dl_config.o (.rodata.gTIMER_0ClockConfig)
                  000036ba    00000003     ti_msp_dl_config.o (.rodata.gTIMER_ADCClockConfig)
                  000036bd    00000002     ti_msp_dl_config.o (.rodata.gUART_0ClockConfig)
                  000036bf    00000001     --HOLE-- [fill = 0]

.init_array 
*          0    00000000    00000000     UNINITIALIZED

.binit     0    00000000    00000000     

.sysmem    0    20200000    00001000     UNINITIALIZED
                  20200000    00000010     libc.a : memory.c.obj (.sysmem)
                  20200010    00000ff0     --HOLE--

.bss       0    20201000    00000c42     UNINITIALIZED
                  20201000    00000800     (.common:gADCSamples)
                  20201800    00000190     (.common:rx_data)
                  20201990    000000bc     (.common:gCAPTURE_0Backup)
                  20201a4c    000000bc     (.common:gTIMER_ADCBackup)
                  20201b08    00000078     (.common:gCAPTURE_1Backup)
                  20201b80    00000078     (.common:gPWM_0Backup)
                  20201bf8    00000028     (.common:lcd_buf)
                  20201c20    00000004     (.common:PWM_Detect_duty)
                  20201c24    00000004     (.common:PWM_Detect_period)
                  20201c28    00000004     (.common:PWM_period)
                  20201c2c    00000004     (.common:captuerCent_Neg_Past)
                  20201c30    00000004     (.common:captureCent_Neg_Now)
                  20201c34    00000004     (.common:captureCent_Pos_Now)
                  20201c38    00000004     (.common:captureCent_Pos_Past)
                  20201c3c    00000004     (.common:pwm_duty)
                  20201c40    00000001     (.common:check_dma_ADC)
                  20201c41    00000001     (.common:spi_data)

.data      0    20201c44    00000102     UNINITIALIZED
                  20201c44    000000f0     libc.a : defs.c.obj (.data._ftable)
                  20201d34    00000004     interrupt.o (.data.SYS_CLK)
                  20201d38    00000004     libc.a : _lock.c.obj (.data._lock)
                  20201d3c    00000004            : _lock.c.obj (.data._unlock)
                  20201d40    00000002     uart.o (.data.rx_cent)
                  20201d42    00000001     spi.o (.data.count)
                  20201d43    00000001     spi.o (.data.cs_flag)
                  20201d44    00000001     interrupt.o (.data.gCheckEdgeCaptureTime)
                  20201d45    00000001     uart.o (.data.rx_flag)

.stack     0    20207e00    00000200     UNINITIALIZED
                  20207e00    00000004     libc.a : boot_cortex_m.c.obj (.stack)
                  20207e04    000001fc     --HOLE--

__llvm_prf_cnts 
*          0    20200000    00000000     UNINITIALIZED

__llvm_prf_bits 
*          0    20200000    00000000     UNINITIALIZED

MODULE SUMMARY

       Module                         code    ro data   rw data
       ------                         ----    -------   -------
    .\
       ti_msp_dl_config.o             1280    141       616    
       empty.o                        172     15        40     
       startup_mspm0g350x_ticlang.o   6       192       0      
    +--+------------------------------+-------+---------+---------+
       Total:                         1458    348       656    
                                                               
    .\Hardware\
       oled.o                         4510    1520      0      
       adc.o                          92      0         2049   
       ADF4351.o                      1036    0         0      
       uart.o                         360     4         403    
       key.o                          576     6         0      
       interrupt.o                    288     0         37     
       spi.o                          96      0         3      
       led.o                          32      0         0      
    +--+------------------------------+-------+---------+---------+
       Total:                         6990    1530      2492   
                                                               
    C:/ti/mspm0_sdk_2_01_00_03/source/ti/driverlib/lib/ticlang/m0p/mspm0g1x0x_g3x0x/driverlib.a
       dl_timer.o                     1036    24        0      
       dl_i2c.o                       132     0         0      
       dl_uart.o                      122     0         0      
       dl_dma.o                       76      0         0      
       dl_adc12.o                     64      0         0      
       dl_common.o                    10      0         0      
    +--+------------------------------+-------+---------+---------+
       Total:                         1440    24        0      
                                                               
    D:\CCS\ccs\tools\compiler\ti-cgt-armllvm_3.2.2.LTS\lib\armv6m-ti-none-eabi/c/libc.a
       _printfi.c.obj                 658     17        0      
       defs.c.obj                     0       0         240    
       memcpy16.S.obj                 154     0         0      
       copy_decompress_lzss.c.obj     120     0         0      
       printf.c.obj                   108     0         0      
       memset16.S.obj                 98      0         0      
       sprintf.c.obj                  90      0         0      
       autoinit.c.obj                 60      0         0      
       boot_cortex_m.c.obj            40      0         0      
       memccpy.c.obj                  34      0         0      
       copy_decompress_none.c.obj     18      0         0      
       copy_zero_init.c.obj           16      0         0      
       _lock.c.obj                    2       0         8      
       exit.c.obj                     4       0         0      
       pre_init.c.obj                 4       0         0      
    +--+------------------------------+-------+---------+---------+
       Total:                         1406    17        248    
                                                               
    D:\CCS\ccs\tools\compiler\ti-cgt-armllvm_3.2.2.LTS\lib\clang/15.0.7/lib/armv6m-ti-none-eabi/libclang_rt.builtins.a
       mulsf3.S.obj                   140     0         0      
       divsf3.S.obj                   130     0         0      
       comparesf2.S.obj               118     0         0      
       aeabi_fcmp.S.obj               98      0         0      
       aeabi_uidivmod.S.obj           64      0         0      
       muldsi3.S.obj                  58      0         0      
       fixsfsi.S.obj                  56      0         0      
       fixunssfsi.S.obj               50      0         0      
       floatunsisf.S.obj              40      0         0      
       aeabi_memset.S.obj             26      0         0      
       aeabi_memcpy.S.obj             8       0         0      
       aeabi_div0.c.obj               2       0         0      
    +--+------------------------------+-------+---------+---------+
       Total:                         790     0         0      
                                                               
       Heap:                          0       0         4096   
       Stack:                         0       0         512    
       Linker Generated:              0       85        0      
    +--+------------------------------+-------+---------+---------+
       Grand Total:                   12084   2004      8004   


LINKER GENERATED COPY TABLES

__TI_cinit_table @ 00003708 records: 2, size/record: 8, table size: 16
	.data: load addr=000036c0, load size=00000031 bytes, run addr=20201c44, run size=00000102 bytes, compression=lzss
	.bss: load addr=00003700, load size=00000008 bytes, run addr=20201000, run size=00000c42 bytes, compression=zero_init


LINKER GENERATED HANDLER TABLE

__TI_handler_table @ 000036f4 records: 3, size/record: 4, table size: 12
	index: 0, handler: __TI_decompress_lzss
	index: 1, handler: __TI_decompress_none
	index: 2, handler: __TI_zero_init


GLOBAL SYMBOLS: SORTED ALPHABETICALLY BY Name 

address   name                            
-------   ----                            
00002e15  ADC0_IRQHandler                 
00001f33  ADC1_IRQHandler                 
00002375  ADF4351Init                     
0000134d  ADF4351WriteFreq                
00001f33  AES_IRQHandler                  
00002ffc  C$$EXIT                         
00001f33  CANFD0_IRQHandler               
00002e31  Capture_init                    
00001fcd  Capture_pro                     
00001f33  DAC0_IRQHandler                 
000029d1  DL_ADC12_setClockConfig         
00002fb5  DL_Common_delayCycles           
00002859  DL_DMA_initChannel              
000025f9  DL_I2C_fillControllerTXFIFO     
00002d65  DL_I2C_setClockConfig           
00002f21  DL_Timer_getCaptureCompareValue 
00001a11  DL_Timer_initCaptureCombinedMode
00001819  DL_Timer_initCaptureMode        
00001bc5  DL_Timer_initPWMMode            
00001929  DL_Timer_initTimerMode          
00002e4d  DL_Timer_setCaptCompUpdateMethod
00002ea1  DL_Timer_setCaptureCompareOutCtl
00002f31  DL_Timer_setCaptureCompareValue 
00002e69  DL_Timer_setClockConfig         
00002989  DL_UART_init                    
00002efd  DL_UART_setClockConfig          
00002dd5  DL_UART_transmitDataBlocking    
00001f33  DMA_IRQHandler                  
00001f33  Default_Handler                 
00003000  F8X16                           
00001f33  GROUP0_IRQHandler               
000027b9  GROUP1_IRQHandler               
00001f33  HardFault_Handler               
00001f33  I2C0_IRQHandler                 
00001f33  I2C1_IRQHandler                 
00002f41  LED2_blue_OFF                   
00002f51  LED2_blue_ON                    
00001f33  NMI_Handler                     
00002fbf  OLED_CLS                        
00000b75  OLED_Fill                       
000000c1  OLED_Init                       
000016e1  OLED_SetPos                     
00000e21  OLED_ShowChar                   
00002711  OLED_ShowString                 
20201c20  PWM_Detect_duty                 
20201c24  PWM_Detect_period               
20201c28  PWM_period                      
00001f33  PendSV_Handler                  
00001f33  RTC_IRQHandler                  
00002ff5  Reset_Handler                   
00001f33  SPI0_IRQHandler                 
00001f33  SPI1_IRQHandler                 
00001f33  SVC_Handler                     
00001df9  SYSCFG_DL_ADC12_0_init          
00002809  SYSCFG_DL_CAPTURE_0_init        
00002c95  SYSCFG_DL_CAPTURE_1_init        
00002d8d  SYSCFG_DL_DMA_CH0_init          
00002fd3  SYSCFG_DL_DMA_init              
00001af1  SYSCFG_DL_GPIO_init             
00002765  SYSCFG_DL_I2C_0_init            
00002659  SYSCFG_DL_PWM_0_init            
00002df5  SYSCFG_DL_SYSCTL_CLK_init       
00002c65  SYSCFG_DL_SYSCTL_init           
000028a5  SYSCFG_DL_TIMER_0_init          
00002a11  SYSCFG_DL_TIMER_ADC_init        
00002465  SYSCFG_DL_UART_0_init           
00002599  SYSCFG_DL_init                  
000020e9  SYSCFG_DL_initPower             
20201d34  SYS_CLK                         
00001f33  SysTick_Handler                 
00001f33  TIMA0_IRQHandler                
000028f1  TIMA1_IRQHandler                
00002e85  TIMEG0_init                     
00002f9d  TIMG0_IRQHandler                
00001f33  TIMG12_IRQHandler               
00001f33  TIMG6_IRQHandler                
00001f33  TIMG7_IRQHandler                
00001f33  TIMG8_IRQHandler                
0000293d  UART0_IRQHandler                
00001f33  UART1_IRQHandler                
00001f33  UART2_IRQHandler                
00001f33  UART3_IRQHandler                
00001559  WriteToADF4351                  
20208000  __STACK_END                     
00000200  __STACK_SIZE                    
00001000  __SYSMEM_SIZE                   
00000000  __TI_ATRegion0_region_sz        
00000000  __TI_ATRegion0_src_addr         
00000000  __TI_ATRegion0_trg_addr         
00000000  __TI_ATRegion1_region_sz        
00000000  __TI_ATRegion1_src_addr         
00000000  __TI_ATRegion1_trg_addr         
00000000  __TI_ATRegion2_region_sz        
00000000  __TI_ATRegion2_src_addr         
00000000  __TI_ATRegion2_trg_addr         
00003708  __TI_CINIT_Base                 
00003718  __TI_CINIT_Limit                
00003718  __TI_CINIT_Warm                 
000036f4  __TI_Handler_Table_Base         
00003700  __TI_Handler_Table_Limit        
00002b0d  __TI_auto_init_nobinit_nopinit  
000023ed  __TI_decompress_lzss            
00002f0f  __TI_decompress_none            
ffffffff  __TI_pprof_out_hndl             
000010c9  __TI_printfi_minimal            
ffffffff  __TI_prof_data_size             
ffffffff  __TI_prof_data_start            
00000000  __TI_static_base__              
00002f71  __TI_zero_init                  
00002bc1  __aeabi_f2iz                    
00002c31  __aeabi_f2uiz                   
000024d5  __aeabi_fcmpeq                  
00002511  __aeabi_fcmpge                  
00002525  __aeabi_fcmpgt                  
000024fd  __aeabi_fcmple                  
000024e9  __aeabi_fcmplt                  
000021f5  __aeabi_fdiv                    
0000205d  __aeabi_fmul                    
00002277  __aeabi_idiv0                   
00002fa9  __aeabi_memclr                  
00002fa9  __aeabi_memclr4                 
00002fa9  __aeabi_memclr8                 
00002fdd  __aeabi_memcpy                  
00002fdd  __aeabi_memcpy4                 
00002fdd  __aeabi_memcpy8                 
00002f81  __aeabi_memset                  
00002f81  __aeabi_memset4                 
00002f81  __aeabi_memset8                 
00002ced  __aeabi_ui2f                    
00002a51  __aeabi_uidiv                   
00002a51  __aeabi_uidivmod                
ffffffff  __binit__                       
00002b49  __cmpsf2                        
000021f5  __divsf3                        
00002b49  __eqsf2                         
00002bc1  __fixsfsi                       
00002c31  __fixunssfsi                    
00002ced  __floatunsisf                   
00002ad1  __gesf2                         
00002ad1  __gtsf2                         
00002b49  __lesf2                         
00002b49  __ltsf2                         
UNDEFED   __mpu_init                      
00002b85  __muldsi3                       
0000205d  __mulsf3                        
00002b49  __nesf2                         
20207e00  __stack                         
20200000  __start___llvm_prf_bits         
20200000  __start___llvm_prf_cnts         
20200000  __stop___llvm_prf_bits          
20200000  __stop___llvm_prf_cnts          
00002d3d  _c_int00_noargs                 
20201c44  _ftable                         
20201d38  _lock                           
00002657  _nop                            
20200000  _sys_memory                     
UNDEFED   _system_post_cinit              
00002ff9  _system_pre_init                
20201d3c  _unlock                         
00002ffd  abort                           
ffffffff  binit                           
20201c2c  captuerCent_Neg_Past            
20201c30  captureCent_Neg_Now             
20201c34  captureCent_Pos_Now             
20201c38  captureCent_Pos_Past            
20201c40  check_dma_ADC                   
20201d42  count                           
20201d43  cs_flag                         
00002171  delay_ms                        
00002279  delay_us                        
00002a91  dma_init                        
00002ee9  fputc                           
00001c89  fputs                           
20201000  gADCSamples                     
20201990  gCAPTURE_0Backup                
20201b08  gCAPTURE_1Backup                
20201d44  gCheckEdgeCaptureTime           
20201b80  gPWM_0Backup                    
20201a4c  gTIMER_ADCBackup                
00000000  interruptVectors                
00001f35  key1_get                        
000022f9  key2_get                        
00002d15  key_pro                         
20201bf8  lcd_buf                         
00001d4d  main                            
00002db1  memccpy                         
00001e99  memcpy                          
00002537  memset                          
000026b5  printf                          
20201c3c  pwm_duty                        
20201d40  rx_cent                         
20201800  rx_data                         
20201d45  rx_flag                         
20201c41  spi_data                        
00002f61  spi_init                        
00002bf9  sprintf                         
00002ed1  uart_init                       
00002cc1  uart_pro                        


GLOBAL SYMBOLS: SORTED BY Symbol Address 

address   name                            
-------   ----                            
00000000  __TI_ATRegion0_region_sz        
00000000  __TI_ATRegion0_src_addr         
00000000  __TI_ATRegion0_trg_addr         
00000000  __TI_ATRegion1_region_sz        
00000000  __TI_ATRegion1_src_addr         
00000000  __TI_ATRegion1_trg_addr         
00000000  __TI_ATRegion2_region_sz        
00000000  __TI_ATRegion2_src_addr         
00000000  __TI_ATRegion2_trg_addr         
00000000  __TI_static_base__              
00000000  interruptVectors                
000000c1  OLED_Init                       
00000200  __STACK_SIZE                    
00000b75  OLED_Fill                       
00000e21  OLED_ShowChar                   
00001000  __SYSMEM_SIZE                   
000010c9  __TI_printfi_minimal            
0000134d  ADF4351WriteFreq                
00001559  WriteToADF4351                  
000016e1  OLED_SetPos                     
00001819  DL_Timer_initCaptureMode        
00001929  DL_Timer_initTimerMode          
00001a11  DL_Timer_initCaptureCombinedMode
00001af1  SYSCFG_DL_GPIO_init             
00001bc5  DL_Timer_initPWMMode            
00001c89  fputs                           
00001d4d  main                            
00001df9  SYSCFG_DL_ADC12_0_init          
00001e99  memcpy                          
00001f33  ADC1_IRQHandler                 
00001f33  AES_IRQHandler                  
00001f33  CANFD0_IRQHandler               
00001f33  DAC0_IRQHandler                 
00001f33  DMA_IRQHandler                  
00001f33  Default_Handler                 
00001f33  GROUP0_IRQHandler               
00001f33  HardFault_Handler               
00001f33  I2C0_IRQHandler                 
00001f33  I2C1_IRQHandler                 
00001f33  NMI_Handler                     
00001f33  PendSV_Handler                  
00001f33  RTC_IRQHandler                  
00001f33  SPI0_IRQHandler                 
00001f33  SPI1_IRQHandler                 
00001f33  SVC_Handler                     
00001f33  SysTick_Handler                 
00001f33  TIMA0_IRQHandler                
00001f33  TIMG12_IRQHandler               
00001f33  TIMG6_IRQHandler                
00001f33  TIMG7_IRQHandler                
00001f33  TIMG8_IRQHandler                
00001f33  UART1_IRQHandler                
00001f33  UART2_IRQHandler                
00001f33  UART3_IRQHandler                
00001f35  key1_get                        
00001fcd  Capture_pro                     
0000205d  __aeabi_fmul                    
0000205d  __mulsf3                        
000020e9  SYSCFG_DL_initPower             
00002171  delay_ms                        
000021f5  __aeabi_fdiv                    
000021f5  __divsf3                        
00002277  __aeabi_idiv0                   
00002279  delay_us                        
000022f9  key2_get                        
00002375  ADF4351Init                     
000023ed  __TI_decompress_lzss            
00002465  SYSCFG_DL_UART_0_init           
000024d5  __aeabi_fcmpeq                  
000024e9  __aeabi_fcmplt                  
000024fd  __aeabi_fcmple                  
00002511  __aeabi_fcmpge                  
00002525  __aeabi_fcmpgt                  
00002537  memset                          
00002599  SYSCFG_DL_init                  
000025f9  DL_I2C_fillControllerTXFIFO     
00002657  _nop                            
00002659  SYSCFG_DL_PWM_0_init            
000026b5  printf                          
00002711  OLED_ShowString                 
00002765  SYSCFG_DL_I2C_0_init            
000027b9  GROUP1_IRQHandler               
00002809  SYSCFG_DL_CAPTURE_0_init        
00002859  DL_DMA_initChannel              
000028a5  SYSCFG_DL_TIMER_0_init          
000028f1  TIMA1_IRQHandler                
0000293d  UART0_IRQHandler                
00002989  DL_UART_init                    
000029d1  DL_ADC12_setClockConfig         
00002a11  SYSCFG_DL_TIMER_ADC_init        
00002a51  __aeabi_uidiv                   
00002a51  __aeabi_uidivmod                
00002a91  dma_init                        
00002ad1  __gesf2                         
00002ad1  __gtsf2                         
00002b0d  __TI_auto_init_nobinit_nopinit  
00002b49  __cmpsf2                        
00002b49  __eqsf2                         
00002b49  __lesf2                         
00002b49  __ltsf2                         
00002b49  __nesf2                         
00002b85  __muldsi3                       
00002bc1  __aeabi_f2iz                    
00002bc1  __fixsfsi                       
00002bf9  sprintf                         
00002c31  __aeabi_f2uiz                   
00002c31  __fixunssfsi                    
00002c65  SYSCFG_DL_SYSCTL_init           
00002c95  SYSCFG_DL_CAPTURE_1_init        
00002cc1  uart_pro                        
00002ced  __aeabi_ui2f                    
00002ced  __floatunsisf                   
00002d15  key_pro                         
00002d3d  _c_int00_noargs                 
00002d65  DL_I2C_setClockConfig           
00002d8d  SYSCFG_DL_DMA_CH0_init          
00002db1  memccpy                         
00002dd5  DL_UART_transmitDataBlocking    
00002df5  SYSCFG_DL_SYSCTL_CLK_init       
00002e15  ADC0_IRQHandler                 
00002e31  Capture_init                    
00002e4d  DL_Timer_setCaptCompUpdateMethod
00002e69  DL_Timer_setClockConfig         
00002e85  TIMEG0_init                     
00002ea1  DL_Timer_setCaptureCompareOutCtl
00002ed1  uart_init                       
00002ee9  fputc                           
00002efd  DL_UART_setClockConfig          
00002f0f  __TI_decompress_none            
00002f21  DL_Timer_getCaptureCompareValue 
00002f31  DL_Timer_setCaptureCompareValue 
00002f41  LED2_blue_OFF                   
00002f51  LED2_blue_ON                    
00002f61  spi_init                        
00002f71  __TI_zero_init                  
00002f81  __aeabi_memset                  
00002f81  __aeabi_memset4                 
00002f81  __aeabi_memset8                 
00002f9d  TIMG0_IRQHandler                
00002fa9  __aeabi_memclr                  
00002fa9  __aeabi_memclr4                 
00002fa9  __aeabi_memclr8                 
00002fb5  DL_Common_delayCycles           
00002fbf  OLED_CLS                        
00002fd3  SYSCFG_DL_DMA_init              
00002fdd  __aeabi_memcpy                  
00002fdd  __aeabi_memcpy4                 
00002fdd  __aeabi_memcpy8                 
00002ff5  Reset_Handler                   
00002ff9  _system_pre_init                
00002ffc  C$$EXIT                         
00002ffd  abort                           
00003000  F8X16                           
000036f4  __TI_Handler_Table_Base         
00003700  __TI_Handler_Table_Limit        
00003708  __TI_CINIT_Base                 
00003718  __TI_CINIT_Limit                
00003718  __TI_CINIT_Warm                 
20200000  __start___llvm_prf_bits         
20200000  __start___llvm_prf_cnts         
20200000  __stop___llvm_prf_bits          
20200000  __stop___llvm_prf_cnts          
20200000  _sys_memory                     
20201000  gADCSamples                     
20201800  rx_data                         
20201990  gCAPTURE_0Backup                
20201a4c  gTIMER_ADCBackup                
20201b08  gCAPTURE_1Backup                
20201b80  gPWM_0Backup                    
20201bf8  lcd_buf                         
20201c20  PWM_Detect_duty                 
20201c24  PWM_Detect_period               
20201c28  PWM_period                      
20201c2c  captuerCent_Neg_Past            
20201c30  captureCent_Neg_Now             
20201c34  captureCent_Pos_Now             
20201c38  captureCent_Pos_Past            
20201c3c  pwm_duty                        
20201c40  check_dma_ADC                   
20201c41  spi_data                        
20201c44  _ftable                         
20201d34  SYS_CLK                         
20201d38  _lock                           
20201d3c  _unlock                         
20201d40  rx_cent                         
20201d42  count                           
20201d43  cs_flag                         
20201d44  gCheckEdgeCaptureTime           
20201d45  rx_flag                         
20207e00  __stack                         
20208000  __STACK_END                     
ffffffff  __TI_pprof_out_hndl             
ffffffff  __TI_prof_data_size             
ffffffff  __TI_prof_data_start            
ffffffff  __binit__                       
ffffffff  binit                           
UNDEFED   __mpu_init                      
UNDEFED   _system_post_cinit              

[198 symbols]
