******************************************************************************
            TI ARM Clang Linker PC v3.2.2                      
******************************************************************************
>> Linked Sat Jul  6 11:41:40 2024

OUTPUT FILE NAME:   <03_oled.out>
ENTRY POINT SYMBOL: "_c_int00_noargs"  address: 0000162d


MEMORY CONFIGURATION

         name            origin    length      used     unused   attr    fill
----------------------  --------  ---------  --------  --------  ----  --------
  FLASH                 00000000   00020000  00001d10  0001e2f0  R  X
  SRAM                  20200000   00008000  00000228  00007dd8  RW X
  BCR_CONFIG            41c00000   00000080  00000000  00000080  R   
  BSL_CONFIG            41c00100   00000080  00000000  00000080  R   


SEGMENT ALLOCATION MAP

run origin  load origin   length   init length attrs members
----------  ----------- ---------- ----------- ----- -------
00000000    00000000    00001d10   00001d10    r-x
  00000000    00000000    000000c0   000000c0    r-- .intvecs
  000000c0    000000c0    00001630   00001630    r-x .text
  000016f0    000016f0    00000608   00000608    r-- .rodata
  00001cf8    00001cf8    00000018   00000018    r-- .cinit
20200000    20200000    00000028   00000000    rw-
  20200000    20200000    00000028   00000000    rw- .bss
20207e00    20207e00    00000200   00000000    rw-
  20207e00    20207e00    00000200   00000000    rw- .stack


SECTION ALLOCATION MAP

 output                                  attributes/
section   page    origin      length       input sections
--------  ----  ----------  ----------   ----------------
.intvecs   0    00000000    000000c0     
                  00000000    000000c0     startup_mspm0g350x_ticlang.o (.intvecs)

.text      0    000000c0    00001630     
                  000000c0    00000ab4     oled.o (.text.OLED_Init)
                  00000b74    000002ac     oled.o (.text.OLED_Fill)
                  00000e20    000002a8     oled.o (.text.OLED_ShowChar)
                  000010c8    00000138     oled.o (.text.OLED_SetPos)
                  00001200    00000098     key.o (.text.key1_get)
                  00001298    00000084     key.o (.text.delay_ms)
                  0000131c    00000084     empty.o (.text.main)
                  000013a0    0000007c     key.o (.text.key2_get)
                  0000141c    0000005e     driverlib.a : dl_i2c.o (.text.DL_I2C_fillControllerTXFIFO)
                  0000147a    00000002     startup_mspm0g350x_ticlang.o (.text.Default_Handler)
                  0000147c    00000058     ti_msp_dl_config.o (.text.SYSCFG_DL_GPIO_init)
                  000014d4    00000054     oled.o (.text.OLED_ShowString)
                  00001528    00000054     ti_msp_dl_config.o (.text.SYSCFG_DL_I2C_0_init)
                  0000157c    00000040     ti_msp_dl_config.o (.text.SYSCFG_DL_SYSCTL_init)
                  000015bc    0000003c     libc.a : autoinit.c.obj (.text:__TI_auto_init_nobinit_nopinit)
                  000015f8    00000034     ti_msp_dl_config.o (.text.SYSCFG_DL_initPower)
                  0000162c    00000028     libc.a : boot_cortex_m.c.obj (.text:_c_int00_noargs)
                  00001654    00000026     driverlib.a : dl_i2c.o (.text.DL_I2C_setClockConfig)
                  0000167a    00000016     libc.a : copy_zero_init.c.obj (.text:decompress:ZI:__TI_zero_init_nomemset)
                  00001690    00000014     ti_msp_dl_config.o (.text.SYSCFG_DL_init)
                  000016a4    00000010     led.o (.text.LED2_blue_OFF)
                  000016b4    00000010     led.o (.text.LED2_blue_ON)
                  000016c4    0000000c     led.o (.text.LED1_ON)
                  000016d0    0000000a     driverlib.a : dl_common.o (.text.DL_Common_delayCycles)
                  000016da    0000000a     oled.o (.text.OLED_CLS)
                  000016e4    00000004     startup_mspm0g350x_ticlang.o (.text.Reset_Handler)
                  000016e8    00000004     libc.a : pre_init.c.obj (.text._system_pre_init)
                  000016ec    00000004            : exit.c.obj (.text:abort)

.cinit     0    00001cf8    00000018     
                  00001cf8    00000008     (.cinit..bss.load) [load image, compression = zero_init]
                  00001d00    00000004     (__TI_handler_table)
                  00001d04    00000008     (__TI_cinit_table)
                  00001d0c    00000004     --HOLE-- [fill = 0]

.rodata    0    000016f0    00000608     
                  000016f0    000005f0     oled.o (.rodata.F8X16)
                  00001ce0    0000000f     empty.o (.rodata.str1.162906114796922795351)
                  00001cef    00000002     ti_msp_dl_config.o (.rodata.gI2C_0ClockConfig)
                  00001cf1    00000007     --HOLE-- [fill = 0]

.init_array 
*          0    00000000    00000000     UNINITIALIZED

.binit     0    00000000    00000000     

.bss       0    20200000    00000028     UNINITIALIZED
                  20200000    00000028     (.common:lcd_buf)

.stack     0    20207e00    00000200     UNINITIALIZED
                  20207e00    00000004     libc.a : boot_cortex_m.c.obj (.stack)
                  20207e04    000001fc     --HOLE--

__llvm_prf_cnts 
*          0    20200000    00000000     UNINITIALIZED

__llvm_prf_bits 
*          0    20200000    00000000     UNINITIALIZED

MODULE SUMMARY

       Module                         code   ro data   rw data
       ------                         ----   -------   -------
    .\
       ti_msp_dl_config.o             308    2         0      
       startup_mspm0g350x_ticlang.o   6      192       0      
       empty.o                        132    15        40     
    +--+------------------------------+------+---------+---------+
       Total:                         446    209       40     
                                                              
    .\Hardware\
       oled.o                         4510   1520      0      
       key.o                          408    0         0      
       led.o                          44     0         0      
    +--+------------------------------+------+---------+---------+
       Total:                         4962   1520      0      
                                                              
    C:/ti/mspm0_sdk_2_01_00_03/source/ti/driverlib/lib/ticlang/m0p/mspm0g1x0x_g3x0x/driverlib.a
       dl_i2c.o                       132    0         0      
       dl_common.o                    10     0         0      
    +--+------------------------------+------+---------+---------+
       Total:                         142    0         0      
                                                              
    D:\CCS\ccs\tools\compiler\ti-cgt-armllvm_3.2.2.LTS\lib\armv6m-ti-none-eabi/c/libc.a
       autoinit.c.obj                 60     0         0      
       boot_cortex_m.c.obj            40     0         0      
       copy_zero_init.c.obj           22     0         0      
       exit.c.obj                     4      0         0      
       pre_init.c.obj                 4      0         0      
    +--+------------------------------+------+---------+---------+
       Total:                         130    0         0      
                                                              
       Stack:                         0      0         512    
       Linker Generated:              0      20        0      
    +--+------------------------------+------+---------+---------+
       Grand Total:                   5680   1749      552    


LINKER GENERATED COPY TABLES

__TI_cinit_table @ 00001d04 records: 1, size/record: 8, table size: 8
	.bss: load addr=00001cf8, load size=00000008 bytes, run addr=20200000, run size=00000028 bytes, compression=zero_init


LINKER GENERATED HANDLER TABLE

__TI_handler_table @ 00001d00 records: 1, size/record: 4, table size: 4
	index: 0, handler: __TI_zero_init


GLOBAL SYMBOLS: SORTED ALPHABETICALLY BY Name 

address   name                          
-------   ----                          
0000147b  ADC0_IRQHandler               
0000147b  ADC1_IRQHandler               
0000147b  AES_IRQHandler                
000016ec  C$$EXIT                       
0000147b  CANFD0_IRQHandler             
0000147b  DAC0_IRQHandler               
000016d1  DL_Common_delayCycles         
0000141d  DL_I2C_fillControllerTXFIFO   
00001655  DL_I2C_setClockConfig         
0000147b  DMA_IRQHandler                
0000147b  Default_Handler               
000016f0  F8X16                         
0000147b  GROUP0_IRQHandler             
0000147b  GROUP1_IRQHandler             
0000147b  HardFault_Handler             
0000147b  I2C0_IRQHandler               
0000147b  I2C1_IRQHandler               
000016c5  LED1_ON                       
000016a5  LED2_blue_OFF                 
000016b5  LED2_blue_ON                  
0000147b  NMI_Handler                   
000016db  OLED_CLS                      
00000b75  OLED_Fill                     
000000c1  OLED_Init                     
000010c9  OLED_SetPos                   
00000e21  OLED_ShowChar                 
000014d5  OLED_ShowString               
0000147b  PendSV_Handler                
0000147b  RTC_IRQHandler                
000016e5  Reset_Handler                 
0000147b  SPI0_IRQHandler               
0000147b  SPI1_IRQHandler               
0000147b  SVC_Handler                   
0000147d  SYSCFG_DL_GPIO_init           
00001529  SYSCFG_DL_I2C_0_init          
0000157d  SYSCFG_DL_SYSCTL_init         
00001691  SYSCFG_DL_init                
000015f9  SYSCFG_DL_initPower           
0000147b  SysTick_Handler               
0000147b  TIMA0_IRQHandler              
0000147b  TIMA1_IRQHandler              
0000147b  TIMG0_IRQHandler              
0000147b  TIMG12_IRQHandler             
0000147b  TIMG6_IRQHandler              
0000147b  TIMG7_IRQHandler              
0000147b  TIMG8_IRQHandler              
0000147b  UART0_IRQHandler              
0000147b  UART1_IRQHandler              
0000147b  UART2_IRQHandler              
0000147b  UART3_IRQHandler              
20208000  __STACK_END                   
00000200  __STACK_SIZE                  
00000000  __TI_ATRegion0_region_sz      
00000000  __TI_ATRegion0_src_addr       
00000000  __TI_ATRegion0_trg_addr       
00000000  __TI_ATRegion1_region_sz      
00000000  __TI_ATRegion1_src_addr       
00000000  __TI_ATRegion1_trg_addr       
00000000  __TI_ATRegion2_region_sz      
00000000  __TI_ATRegion2_src_addr       
00000000  __TI_ATRegion2_trg_addr       
00001d04  __TI_CINIT_Base               
00001d0c  __TI_CINIT_Limit              
00001d0c  __TI_CINIT_Warm               
00001d00  __TI_Handler_Table_Base       
00001d04  __TI_Handler_Table_Limit      
000015bd  __TI_auto_init_nobinit_nopinit
ffffffff  __TI_pprof_out_hndl           
ffffffff  __TI_prof_data_size           
ffffffff  __TI_prof_data_start          
00000000  __TI_static_base__            
0000167b  __TI_zero_init_nomemset       
ffffffff  __binit__                     
UNDEFED   __mpu_init                    
20207e00  __stack                       
20200000  __start___llvm_prf_bits       
20200000  __start___llvm_prf_cnts       
20200000  __stop___llvm_prf_bits        
20200000  __stop___llvm_prf_cnts        
0000162d  _c_int00_noargs               
UNDEFED   _system_post_cinit            
000016e9  _system_pre_init              
000016ed  abort                         
ffffffff  binit                         
00001299  delay_ms                      
00000000  interruptVectors              
00001201  key1_get                      
000013a1  key2_get                      
20200000  lcd_buf                       
0000131d  main                          


GLOBAL SYMBOLS: SORTED BY Symbol Address 

address   name                          
-------   ----                          
00000000  __TI_ATRegion0_region_sz      
00000000  __TI_ATRegion0_src_addr       
00000000  __TI_ATRegion0_trg_addr       
00000000  __TI_ATRegion1_region_sz      
00000000  __TI_ATRegion1_src_addr       
00000000  __TI_ATRegion1_trg_addr       
00000000  __TI_ATRegion2_region_sz      
00000000  __TI_ATRegion2_src_addr       
00000000  __TI_ATRegion2_trg_addr       
00000000  __TI_static_base__            
00000000  interruptVectors              
000000c1  OLED_Init                     
00000200  __STACK_SIZE                  
00000b75  OLED_Fill                     
00000e21  OLED_ShowChar                 
000010c9  OLED_SetPos                   
00001201  key1_get                      
00001299  delay_ms                      
0000131d  main                          
000013a1  key2_get                      
0000141d  DL_I2C_fillControllerTXFIFO   
0000147b  ADC0_IRQHandler               
0000147b  ADC1_IRQHandler               
0000147b  AES_IRQHandler                
0000147b  CANFD0_IRQHandler             
0000147b  DAC0_IRQHandler               
0000147b  DMA_IRQHandler                
0000147b  Default_Handler               
0000147b  GROUP0_IRQHandler             
0000147b  GROUP1_IRQHandler             
0000147b  HardFault_Handler             
0000147b  I2C0_IRQHandler               
0000147b  I2C1_IRQHandler               
0000147b  NMI_Handler                   
0000147b  PendSV_Handler                
0000147b  RTC_IRQHandler                
0000147b  SPI0_IRQHandler               
0000147b  SPI1_IRQHandler               
0000147b  SVC_Handler                   
0000147b  SysTick_Handler               
0000147b  TIMA0_IRQHandler              
0000147b  TIMA1_IRQHandler              
0000147b  TIMG0_IRQHandler              
0000147b  TIMG12_IRQHandler             
0000147b  TIMG6_IRQHandler              
0000147b  TIMG7_IRQHandler              
0000147b  TIMG8_IRQHandler              
0000147b  UART0_IRQHandler              
0000147b  UART1_IRQHandler              
0000147b  UART2_IRQHandler              
0000147b  UART3_IRQHandler              
0000147d  SYSCFG_DL_GPIO_init           
000014d5  OLED_ShowString               
00001529  SYSCFG_DL_I2C_0_init          
0000157d  SYSCFG_DL_SYSCTL_init         
000015bd  __TI_auto_init_nobinit_nopinit
000015f9  SYSCFG_DL_initPower           
0000162d  _c_int00_noargs               
00001655  DL_I2C_setClockConfig         
0000167b  __TI_zero_init_nomemset       
00001691  SYSCFG_DL_init                
000016a5  LED2_blue_OFF                 
000016b5  LED2_blue_ON                  
000016c5  LED1_ON                       
000016d1  DL_Common_delayCycles         
000016db  OLED_CLS                      
000016e5  Reset_Handler                 
000016e9  _system_pre_init              
000016ec  C$$EXIT                       
000016ed  abort                         
000016f0  F8X16                         
00001d00  __TI_Handler_Table_Base       
00001d04  __TI_CINIT_Base               
00001d04  __TI_Handler_Table_Limit      
00001d0c  __TI_CINIT_Limit              
00001d0c  __TI_CINIT_Warm               
20200000  __start___llvm_prf_bits       
20200000  __start___llvm_prf_cnts       
20200000  __stop___llvm_prf_bits        
20200000  __stop___llvm_prf_cnts        
20200000  lcd_buf                       
20207e00  __stack                       
20208000  __STACK_END                   
ffffffff  __TI_pprof_out_hndl           
ffffffff  __TI_prof_data_size           
ffffffff  __TI_prof_data_start          
ffffffff  __binit__                     
ffffffff  binit                         
UNDEFED   __mpu_init                    
UNDEFED   _system_post_cinit            

[90 symbols]
