******************************************************************************
            TI ARM Clang Linker PC v3.2.2                      
******************************************************************************
>> Linked Sat Jul  6 15:03:28 2024

OUTPUT FILE NAME:   <08_40MHz.out>
ENTRY POINT SYMBOL: "_c_int00_noargs"  address: 000044a1


MEMORY CONFIGURATION

         name            origin    length      used     unused   attr    fill
----------------------  --------  ---------  --------  --------  ----  --------
  FLASH                 00000000   00020000  00005058  0001afa8  R  X
  SRAM                  20200000   00008000  000027d7  00005829  RW X
  BCR_CONFIG            41c00000   00000080  00000000  00000080  R   
  BSL_CONFIG            41c00100   00000080  00000000  00000080  R   


SEGMENT ALLOCATION MAP

run origin  load origin   length   init length attrs members
----------  ----------- ---------- ----------- ----- -------
00000000    00000000    00005058   00005058    r-x
  00000000    00000000    000000c0   000000c0    r-- .intvecs
  000000c0    000000c0    00004770   00004770    r-x .text
  00004830    00004830    000007a0   000007a0    r-- .rodata
  00004fd0    00004fd0    00000088   00000088    r-- .cinit
20200000    20200000    000025de   00000000    rw-
  20200000    20200000    00001401   00000000    rw- .bss
  20201408    20201408    00001000   00000000    rw- .sysmem
  20202408    20202408    000001d6   00000000    rw- .data
20207e00    20207e00    00000200   00000000    rw-
  20207e00    20207e00    00000200   00000000    rw- .stack


SECTION ALLOCATION MAP

 output                                  attributes/
section   page    origin      length       input sections
--------  ----  ----------  ----------   ----------------
.intvecs   0    00000000    000000c0     
                  00000000    000000c0     startup_mspm0g350x_ticlang.o (.intvecs)

.text      0    000000c0    00004770     
                  000000c0    00000ab4     oled.o (.text.OLED_Init)
                  00000b74    00000a00     libc.a : _printfi.c.obj (.text:__TI_printfi)
                  00001574    000002ac     oled.o (.text.OLED_Fill)
                  00001820    000002a8     oled.o (.text.OLED_ShowChar)
                  00001ac8    00000220     libc.a : _printfi.c.obj (.text._pconv_a)
                  00001ce8    000001dc            : _printfi.c.obj (.text._pconv_g)
                  00001ec4    00000192     libclang_rt.builtins.a : adddf3.S.obj (.text.adddf3_subdf3)
                  00002056    00000002     startup_mspm0g350x_ticlang.o (.text.Default_Handler)
                  00002058    0000013c     libc.a : _printfi.c.obj (.text.fcvt)
                  00002194    00000138     oled.o (.text.OLED_SetPos)
                  000022cc    0000012c     libc.a : memory.c.obj (.text.aligned_alloc)
                  000023f8    00000120            : _printfi.c.obj (.text._pconv_e)
                  00002518    0000010c     libclang_rt.builtins.a : divdf3.S.obj (.text.__divdf3)
                  00002624    00000104     libc.a : fputs.c.obj (.text.fputs)
                  00002728    000000ec            : memory.c.obj (.text.free)
                  00002814    000000e8     driverlib.a : dl_timer.o (.text.DL_Timer_initTimerMode)
                  000028fc    000000e4     libclang_rt.builtins.a : muldf3.S.obj (.text.__muldf3)
                  000029e0    000000dc     driverlib.a : dl_sysctl_mspm0g1x0x_g3x0x.o (.text.DL_SYSCTL_configSYSPLL)
                  00002abc    000000dc     libc.a : setvbuf.c.obj (.text.setvbuf)
                  00002b98    000000d8            : s_scalbn.c.obj (.text.scalbn)
                  00002c70    000000c4     driverlib.a : dl_timer.o (.text.DL_Timer_initPWMMode)
                  00002d34    000000ac     empty.o (.text.main)
                  00002de0    000000a2     libclang_rt.builtins.a : udivmoddi4.S.obj (.text)
                  00002e82    0000009a     libc.a : memcpy16.S.obj (.text:memcpy)
                  00002f1c    00000098     key.o (.text.key1_get)
                  00002fb4    00000084     key.o (.text.delay_ms)
                  00003038    0000007c     libc.a : fclose.c.obj (.text.__TI_closefile)
                  000030b4    0000007c     key.o (.text.key2_get)
                  00003130    00000078     libc.a : copy_decompress_lzss.c.obj (.text:decompress:lzss)
                  000031a8    00000074     ti_msp_dl_config.o (.text.SYSCFG_DL_GPIO_init)
                  0000321c    00000004     libc.a : pre_init.c.obj (.text._system_pre_init)
                  00003220    00000074     libclang_rt.builtins.a : truncdfsf2.S.obj (.text.__truncdfsf2)
                  00003294    00000070     ti_msp_dl_config.o (.text.SYSCFG_DL_UART_0_init)
                  00003304    00000070     libclang_rt.builtins.a : comparedf2.c.obj (.text.__gedf2)
                  00003374    0000006c     libsysbm.a : hostlseek.c.obj (.text.HOSTlseek)
                  000033e0    0000006c                : hostrename.c.obj (.text.HOSTrename)
                  0000344c    0000006c     libclang_rt.builtins.a : comparedf2.c.obj (.text.__ledf2)
                  000034b8    0000006c     libc.a : fseek.c.obj (.text.fseeko)
                  00003524    00000068            : getdevice.c.obj (.text.getdevice)
                  0000358c    00000066            : _printfi.c.obj (.text._mcpy)
                  000035f2    00000002     libclang_rt.builtins.a : aeabi_div0.c.obj (.text.__aeabi_idiv0)
                  000035f4    00000064     driverlib.a : dl_sysctl_mspm0g1x0x_g3x0x.o (.text.DL_SYSCTL_setHFCLKSourceHFXTParams)
                  00003658    00000064     ti_msp_dl_config.o (.text.SYSCFG_DL_SYSCTL_init)
                  000036bc    00000064     libc.a : _io_perm.c.obj (.text.__TI_wrt_ok)
                  00003720    00000064            : memory.c.obj (.text.split)
                  00003784    00000062     libclang_rt.builtins.a : aeabi_dcmp.S.obj (.text.__aeabi_dcmp)
                  000037e6    00000062     libc.a : memset16.S.obj (.text:memset)
                  00003848    00000060     libsysbm.a : hostopen.c.obj (.text.HOSTopen)
                  000038a8    00000060     ti_msp_dl_config.o (.text.SYSCFG_DL_initPower)
                  00003908    0000005e     driverlib.a : dl_i2c.o (.text.DL_I2C_fillControllerTXFIFO)
                  00003966    00000002     libclang_rt.builtins.a : aeabi_div0.c.obj (.text.__aeabi_ldiv0)
                  00003968    0000005c     ti_msp_dl_config.o (.text.SYSCFG_DL_PWM_0_init)
                  000039c4    0000005c     adc.o (.text.adc_get)
                  00003a20    0000005c     libc.a : s_frexp.c.obj (.text.frexp)
                  00003a7c    0000005c            : printf.c.obj (.text.printf)
                  00003ad8    00000058     libsysbm.a : hostread.c.obj (.text.HOSTread)
                  00003b30    00000058                : hostwrite.c.obj (.text.HOSTwrite)
                  00003b88    00000058     libc.a : _ltoa.c.obj (.text.__TI_ltoa)
                  00003be0    00000058            : _printfi.c.obj (.text._pconv_f)
                  00003c38    00000056     libclang_rt.builtins.a : aeabi_idivmod.S.obj (.text.__aeabi_idivmod)
                  00003c8e    00000054     oled.o (.text.OLED_ShowString)
                  00003ce2    00000002     libc.a : _lock.c.obj (.text._nop)
                  00003ce4    00000054     ti_msp_dl_config.o (.text.SYSCFG_DL_I2C_0_init)
                  00003d38    00000052     libc.a : fflush.c.obj (.text.__TI_doflush)
                  00003d8a    00000052            : _printfi.c.obj (.text._ecpy)
                  00003ddc    00000050     libsysbm.a : close.c.obj (.text.close)
                  00003e2c    0000004c     ti_msp_dl_config.o (.text.SYSCFG_DL_TIMER_0_init)
                  00003e78    0000004c     uart.o (.text.UART0_IRQHandler)
                  00003ec4    0000004a     libclang_rt.builtins.a : fixdfsi.S.obj (.text.__fixdfsi)
                  00003f0e    00000002     --HOLE-- [fill = 0]
                  00003f10    00000048     driverlib.a : dl_uart.o (.text.DL_UART_init)
                  00003f58    00000048     libsysbm.a : hostclose.c.obj (.text.HOSTclose)
                  00003fa0    00000048                : hostunlink.c.obj (.text.HOSTunlink)
                  00003fe8    00000044     driverlib.a : dl_sysctl_mspm0g1x0x_g3x0x.o (.text.DL_SYSCTL_switchMCLKfromSYSOSCtoHSCLK)
                  0000402c    00000040                 : dl_adc12.o (.text.DL_ADC12_setClockConfig)
                  0000406c    00000040     libclang_rt.builtins.a : aeabi_uidivmod.S.obj (.text.__aeabi_uidivmod)
                  000040ac    00000040                            : extendsfdf2.S.obj (.text.__extendsfdf2)
                  000040ec    00000040     libc.a : atoi.c.obj (.text.atoi)
                  0000412c    0000003c            : autoinit.c.obj (.text:__TI_auto_init_nobinit_nopinit)
                  00004168    0000003a     libclang_rt.builtins.a : muldsi3.S.obj (.text.__muldsi3)
                  000041a2    00000002     --HOLE-- [fill = 0]
                  000041a4    00000038     ti_msp_dl_config.o (.text.SYSCFG_DL_ADC12_0_init)
                  000041dc    00000038     libc.a : getdevice.c.obj (.text.finddevice)
                  00004214    00000038            : sprintf.c.obj (.text.sprintf)
                  0000424c    00000034            : fopen.c.obj (.text.__TI_cleanup)
                  00004280    00000034     libsysbm.a : trgmsg.c.obj (.text.__TI_readmsg)
                  000042b4    00000034                : trgmsg.c.obj (.text.__TI_writemsg)
                  000042e8    00000034     libc.a : exit.c.obj (.text.exit)
                  0000431c    00000030     ti_msp_dl_config.o (.text.SYSCFG_DL_init)
                  0000434c    00000030     libc.a : _printfi.c.obj (.text._fcpy)
                  0000437c    0000002c     libclang_rt.builtins.a : floatsidf.S.obj (.text.__floatsidf)
                  000043a8    0000002c     uart.o (.text.uart_pro)
                  000043d4    0000002c     libsysbm.a : unlink.c.obj (.text.unlink)
                  00004400    00000028     libc.a : memory.c.obj (.text.free_list_insert)
                  00004428    00000028     key.o (.text.key_pro)
                  00004450    00000028     libsysbm.a : lseek.c.obj (.text.lseek)
                  00004478    00000028                : write.c.obj (.text.write)
                  000044a0    00000028     libc.a : boot_cortex_m.c.obj (.text:_c_int00_noargs)
                  000044c8    00000026     driverlib.a : dl_i2c.o (.text.DL_I2C_setClockConfig)
                  000044ee    00000002     --HOLE-- [fill = 0]
                  000044f0    00000024     libclang_rt.builtins.a : floatunsidf.S.obj (.text.__floatunsidf)
                  00004514    00000024                            : muldi3.S.obj (.text.__muldi3)
                  00004538    00000022     libc.a : memccpy.c.obj (.text.memccpy)
                  0000455a    00000002     --HOLE-- [fill = 0]
                  0000455c    00000020     driverlib.a : dl_uart.o (.text.DL_UART_transmitDataBlocking)
                  0000457c    0000001e     libclang_rt.builtins.a : ashldi3.S.obj (.text.__ashldi3)
                  0000459a    00000002     --HOLE-- [fill = 0]
                  0000459c    0000001c     adc.o (.text.ADC0_IRQHandler)
                  000045b8    0000001c     driverlib.a : dl_timer.o (.text.DL_Timer_setCaptCompUpdateMethod)
                  000045d4    0000001c                 : dl_timer.o (.text.DL_Timer_setClockConfig)
                  000045f0    0000001c     interrupt.o (.text.TIMEG0_init)
                  0000460c    0000001c     libc.a : memory.c.obj (.text.free_list_remove)
                  00004628    00000018     driverlib.a : dl_timer.o (.text.DL_Timer_setCaptureCompareOutCtl)
                  00004640    00000018     libc.a : sprintf.c.obj (.text._outs)
                  00004658    00000018     adc.o (.text.adc_init)
                  00004670    00000018     uart.o (.text.uart_init)
                  00004688    00000014     libclang_rt.builtins.a : aeabi_uldivmod.S.obj (.text.__aeabi_uldivmod)
                  0000469c    00000014     uart.o (.text.fputc)
                  000046b0    00000014     libc.a : _printfi.c.obj (.text.strchr)
                  000046c4    00000012     driverlib.a : dl_uart.o (.text.DL_UART_setClockConfig)
                  000046d6    00000012     libsysbm.a : hostrename.c.obj (.text.strcpy)
                  000046e8    00000012     libc.a : copy_decompress_none.c.obj (.text:decompress:none)
                  000046fa    00000002     --HOLE-- [fill = 0]
                  000046fc    00000010     driverlib.a : dl_timer.o (.text.DL_Timer_setCaptureCompareValue)
                  0000470c    00000010     led.o (.text.LED2_blue_OFF)
                  0000471c    00000010     led.o (.text.LED2_blue_ON)
                  0000472c    00000010     libc.a : wcslen.c.obj (.text.wcslen)
                  0000473c    00000010            : copy_zero_init.c.obj (.text:decompress:ZI)
                  0000474c    0000000e            : memory.c.obj (.text.OUTLINED_FUNCTION_0)
                  0000475a    00000002     --HOLE-- [fill = 0]
                  0000475c    0000000e     libclang_rt.builtins.a : aeabi_memset.S.obj (.text.__aeabi_memset)
                  0000476a    0000000e     libc.a : _printfi.c.obj (.text.strlen)
                  00004778    0000000e     libsysbm.a : hostrename.c.obj (.text.strlen)
                  00004786    00000002     --HOLE-- [fill = 0]
                  00004788    0000000c     interrupt.o (.text.TIMG0_IRQHandler)
                  00004794    0000000c     libclang_rt.builtins.a : aeabi_memset.S.obj (.text.__aeabi_memclr)
                  000047a0    0000000c     libc.a : memory.c.obj (.text.malloc)
                  000047ac    0000000a     driverlib.a : dl_common.o (.text.DL_Common_delayCycles)
                  000047b6    0000000a     oled.o (.text.OLED_CLS)
                  000047c0    0000000a     libc.a : _printfi.c.obj (.text.OUTLINED_FUNCTION_0)
                  000047ca    00000002     --HOLE-- [fill = 0]
                  000047cc    00000010     libclang_rt.builtins.a : adddf3.S.obj (.tramp.__aeabi_dsub.1)
                  000047dc    0000000a     libc.a : _printfi.c.obj (.text.OUTLINED_FUNCTION_1)
                  000047e6    0000000a            : sprintf.c.obj (.text._outc)
                  000047f0    00000008            : aeabi_portable.c.obj (.text.__aeabi_errno_addr)
                  000047f8    00000008     libclang_rt.builtins.a : aeabi_memcpy.S.obj (.text.__aeabi_memcpy)
                  00004800    00000008     libc.a : printf.c.obj (.text._outc)
                  00004808    00000008            : printf.c.obj (.text._outs)
                  00004810    00000008            : fseek.c.obj (.text.fseek)
                  00004818    00000008     libsysbm.a : remove.c.obj (.text.remove)
                  00004820    00000004     startup_mspm0g350x_ticlang.o (.text.Reset_Handler)
                  00004824    00000004     libc.a : exit.c.obj (.text:abort)
                  00004828    00000008     --HOLE-- [fill = 0]

.cinit     0    00004fd0    00000088     
                  00004fd0    00000063     (.cinit..data.load) [load image, compression = lzss]
                  00005033    00000001     --HOLE-- [fill = 0]
                  00005034    0000000c     (__TI_handler_table)
                  00005040    00000008     (.cinit..bss.load) [load image, compression = zero_init]
                  00005048    00000010     (__TI_cinit_table)

.rodata    0    00004830    000007a0     
                  00004830    000005f0     oled.o (.rodata.F8X16)
                  00004e20    00000101     libc.a : aeabi_ctype.S.obj (.rodata:__aeabi_ctype_table_)
                  00004f21    00000003     ti_msp_dl_config.o (.rodata.gPWM_0ClockConfig)
                  00004f24    00000028     ti_msp_dl_config.o (.rodata.gSYSPLLConfig)
                  00004f4c    00000014     ti_msp_dl_config.o (.rodata.gTIMER_0TimerConfig)
                  00004f60    00000011     libc.a : _printfi.c.obj (.rodata.str1.11645776875810915891)
                  00004f71    00000011            : _printfi.c.obj (.rodata.str1.44690500295887128011)
                  00004f82    0000000f     empty.o (.rodata.str1.162906114796922795351)
                  00004f91    00000001     --HOLE-- [fill = 0]
                  00004f92    0000000a     ti_msp_dl_config.o (.rodata.gUART_0Config)
                  00004f9c    00000008     ti_msp_dl_config.o (.rodata.gADC12_0ClockConfig)
                  00004fa4    00000008     ti_msp_dl_config.o (.rodata.gPWM_0Config)
                  00004fac    00000006     key.o (.rodata.str1.41917054622232873651)
                  00004fb2    00000005     empty.o (.rodata.str1.92454112862644078121)
                  00004fb7    00000004     uart.o (.rodata.str1.151662036810702135711)
                  00004fbb    00000003     ti_msp_dl_config.o (.rodata.gTIMER_0ClockConfig)
                  00004fbe    00000002     ti_msp_dl_config.o (.rodata.gI2C_0ClockConfig)
                  00004fc0    00000002     ti_msp_dl_config.o (.rodata.gUART_0ClockConfig)
                  00004fc2    0000000e     --HOLE-- [fill = 0]

.init_array 
*          0    00000000    00000000     UNINITIALIZED

.binit     0    00000000    00000000     

.bss       0    20200000    00001401     UNINITIALIZED
                  20200000    00001000     (.common:adc_temp)
                  20201000    00000190     (.common:rx_data)
                  20201190    00000120     libsysbm.a : trgmsg.c.obj (.bss:_CIOBUF_)
                  202012b0    000000a0     libc.a : defs.c.obj (.bss.__TI_tmpnams)
                  20201350    00000078     (.common:gPWM_0Backup)
                  202013c8    00000028     (.common:lcd_buf)
                  202013f0    00000008     libsysbm.a : hostopen.c.obj (.bss.parmbuf)
                  202013f8    00000004     libc.a : memory.c.obj (.bss.sys_free)
                  202013fc    00000004     (.common:adc_value)
                  20201400    00000001     (.common:adc_falg)

.sysmem    0    20201408    00001000     UNINITIALIZED
                  20201408    00000010     libc.a : memory.c.obj (.sysmem)
                  20201418    00000ff0     --HOLE--

.data      0    20202408    000001d6     UNINITIALIZED
                  20202408    000000f0     libc.a : defs.c.obj (.data._ftable)
                  202024f8    00000078     libsysbm.a : host_device.c.obj (.data._device)
                  20202570    00000050                : host_device.c.obj (.data._stream)
                  202025c0    00000008     libc.a : exit.c.obj (.data..L_MergedGlobals)
                  202025c8    00000004            : defs.c.obj (.data.__TI_ft_end)
                  202025cc    00000004            : aeabi_portable.c.obj (.data.__aeabi_errno)
                  202025d0    00000004            : _lock.c.obj (.data._lock)
                  202025d4    00000004            : _lock.c.obj (.data._unlock)
                  202025d8    00000002     empty.o (.data.i)
                  202025da    00000002     uart.o (.data.rx_cent)
                  202025dc    00000001     libc.a : memory.c.obj (.data.memory_is_initialized)
                  202025dd    00000001     uart.o (.data.rx_flag)

.stack     0    20207e00    00000200     UNINITIALIZED
                  20207e00    00000004     libc.a : boot_cortex_m.c.obj (.stack)
                  20207e04    000001fc     --HOLE--

__llvm_prf_cnts 
*          0    20200000    00000000     UNINITIALIZED

__llvm_prf_bits 
*          0    20200000    00000000     UNINITIALIZED

MODULE SUMMARY

       Module                         code    ro data   rw data
       ------                         ----    -------   -------
    .\
       empty.o                        172     20        4138   
       ti_msp_dl_config.o             780     96        120    
       startup_mspm0g350x_ticlang.o   6       192       0      
    +--+------------------------------+-------+---------+---------+
       Total:                         958     308       4258   
                                                               
    .\Hardware\
       oled.o                         4510    1520      0      
       uart.o                         164     4         403    
       key.o                          448     6         0      
       adc.o                          144     0         5      
       interrupt.o                    40      0         0      
       led.o                          32      0         0      
    +--+------------------------------+-------+---------+---------+
       Total:                         5338    1530      408    
                                                               
    C:/ti/mspm0_sdk_2_01_00_03/source/ti/driverlib/lib/ticlang/m0p/mspm0g1x0x_g3x0x/driverlib.a
       dl_timer.o                     524     0         0      
       dl_sysctl_mspm0g1x0x_g3x0x.o   388     0         0      
       dl_i2c.o                       132     0         0      
       dl_uart.o                      122     0         0      
       dl_adc12.o                     64      0         0      
       dl_common.o                    10      0         0      
    +--+------------------------------+-------+---------+---------+
       Total:                         1240    0         0      
                                                               
    D:\CCS\ccs\tools\compiler\ti-cgt-armllvm_3.2.2.LTS\lib\armv6m-ti-none-eabi/c/libc.a
       _printfi.c.obj                 4558    34        0      
       memory.c.obj                   730     0         5      
       defs.c.obj                     0       0         404    
       fputs.c.obj                    260     0         0      
       aeabi_ctype.S.obj              0       257       0      
       setvbuf.c.obj                  220     0         0      
       s_scalbn.c.obj                 216     0         0      
       getdevice.c.obj                160     0         0      
       memcpy16.S.obj                 154     0         0      
       fclose.c.obj                   124     0         0      
       copy_decompress_lzss.c.obj     120     0         0      
       fseek.c.obj                    116     0         0      
       printf.c.obj                   108     0         0      
       _io_perm.c.obj                 100     0         0      
       memset16.S.obj                 98      0         0      
       s_frexp.c.obj                  92      0         0      
       sprintf.c.obj                  90      0         0      
       _ltoa.c.obj                    88      0         0      
       fflush.c.obj                   82      0         0      
       atoi.c.obj                     64      0         0      
       exit.c.obj                     56      0         8      
       autoinit.c.obj                 60      0         0      
       fopen.c.obj                    52      0         0      
       boot_cortex_m.c.obj            40      0         0      
       memccpy.c.obj                  34      0         0      
       copy_decompress_none.c.obj     18      0         0      
       copy_zero_init.c.obj           16      0         0      
       wcslen.c.obj                   16      0         0      
       aeabi_portable.c.obj           8       0         4      
       _lock.c.obj                    2       0         8      
       pre_init.c.obj                 4       0         0      
    +--+------------------------------+-------+---------+---------+
       Total:                         7686    291       429    
                                                               
    D:\CCS\ccs\tools\compiler\ti-cgt-armllvm_3.2.2.LTS\lib\armv6m-ti-none-eabi/c/libsysbm.a
       trgmsg.c.obj                   104     0         288    
       host_device.c.obj              0       0         200    
       hostrename.c.obj               140     0         0      
       hostlseek.c.obj                108     0         0      
       hostopen.c.obj                 96      0         8      
       hostread.c.obj                 88      0         0      
       hostwrite.c.obj                88      0         0      
       close.c.obj                    80      0         0      
       hostclose.c.obj                72      0         0      
       hostunlink.c.obj               72      0         0      
       unlink.c.obj                   44      0         0      
       lseek.c.obj                    40      0         0      
       write.c.obj                    40      0         0      
       remove.c.obj                   8       0         0      
    +--+------------------------------+-------+---------+---------+
       Total:                         980     0         496    
                                                               
    D:\CCS\ccs\tools\compiler\ti-cgt-armllvm_3.2.2.LTS\lib\clang/15.0.7/lib/armv6m-ti-none-eabi/libclang_rt.builtins.a
       adddf3.S.obj                   418     0         0      
       divdf3.S.obj                   268     0         0      
       muldf3.S.obj                   228     0         0      
       comparedf2.c.obj               220     0         0      
       udivmoddi4.S.obj               162     0         0      
       truncdfsf2.S.obj               116     0         0      
       aeabi_dcmp.S.obj               98      0         0      
       aeabi_idivmod.S.obj            86      0         0      
       fixdfsi.S.obj                  74      0         0      
       aeabi_uidivmod.S.obj           64      0         0      
       extendsfdf2.S.obj              64      0         0      
       muldsi3.S.obj                  58      0         0      
       floatsidf.S.obj                44      0         0      
       floatunsidf.S.obj              36      0         0      
       muldi3.S.obj                   36      0         0      
       ashldi3.S.obj                  30      0         0      
       aeabi_memset.S.obj             26      0         0      
       aeabi_uldivmod.S.obj           20      0         0      
       aeabi_memcpy.S.obj             8       0         0      
       aeabi_div0.c.obj               4       0         0      
    +--+------------------------------+-------+---------+---------+
       Total:                         2060    0         0      
                                                               
       Heap:                          0       0         4096   
       Stack:                         0       0         512    
       Linker Generated:              0       135       0      
    +--+------------------------------+-------+---------+---------+
       Grand Total:                   18262   2264      10199  


LINKER GENERATED COPY TABLES

__TI_cinit_table @ 00005048 records: 2, size/record: 8, table size: 16
	.data: load addr=00004fd0, load size=00000063 bytes, run addr=20202408, run size=000001d6 bytes, compression=lzss
	.bss: load addr=00005040, load size=00000008 bytes, run addr=20200000, run size=00001401 bytes, compression=zero_init


LINKER GENERATED HANDLER TABLE

__TI_handler_table @ 00005034 records: 3, size/record: 4, table size: 12
	index: 0, handler: __TI_decompress_lzss
	index: 1, handler: __TI_decompress_none
	index: 2, handler: __TI_zero_init


FAR CALL TRAMPOLINES

callee name               trampoline name
   callee addr  tramp addr   call addr  call info
--------------  -----------  ---------  ----------------
__aeabi_dsub              $Tramp$TT$L$PI$$__aeabi_dsub
   00001ec5     000047cc     000047c8   libc.a : _printfi.c.obj (.text.OUTLINED_FUNCTION_0)

[1 trampolines]
[1 trampoline calls]


GLOBAL SYMBOLS: SORTED ALPHABETICALLY BY Name 

address   name                                 
-------   ----                                 
0000459d  ADC0_IRQHandler                      
00002057  ADC1_IRQHandler                      
00002057  AES_IRQHandler                       
00004824  C$$EXIT                              
000042e1  C$$IO$$                              
00002057  CANFD0_IRQHandler                    
00002057  DAC0_IRQHandler                      
0000402d  DL_ADC12_setClockConfig              
000047ad  DL_Common_delayCycles                
00003909  DL_I2C_fillControllerTXFIFO          
000044c9  DL_I2C_setClockConfig                
000029e1  DL_SYSCTL_configSYSPLL               
000035f5  DL_SYSCTL_setHFCLKSourceHFXTParams   
00003fe9  DL_SYSCTL_switchMCLKfromSYSOSCtoHSCLK
00002c71  DL_Timer_initPWMMode                 
00002815  DL_Timer_initTimerMode               
000045b9  DL_Timer_setCaptCompUpdateMethod     
00004629  DL_Timer_setCaptureCompareOutCtl     
000046fd  DL_Timer_setCaptureCompareValue      
000045d5  DL_Timer_setClockConfig              
00003f11  DL_UART_init                         
000046c5  DL_UART_setClockConfig               
0000455d  DL_UART_transmitDataBlocking         
00002057  DMA_IRQHandler                       
00002057  Default_Handler                      
00004830  F8X16                                
00002057  GROUP0_IRQHandler                    
00002057  GROUP1_IRQHandler                    
00003f59  HOSTclose                            
00003375  HOSTlseek                            
00003849  HOSTopen                             
00003ad9  HOSTread                             
000033e1  HOSTrename                           
00003fa1  HOSTunlink                           
00003b31  HOSTwrite                            
00002057  HardFault_Handler                    
00002057  I2C0_IRQHandler                      
00002057  I2C1_IRQHandler                      
0000470d  LED2_blue_OFF                        
0000471d  LED2_blue_ON                         
00002057  NMI_Handler                          
000047b7  OLED_CLS                             
00001575  OLED_Fill                            
000000c1  OLED_Init                            
00002195  OLED_SetPos                          
00001821  OLED_ShowChar                        
00003c8f  OLED_ShowString                      
00002057  PendSV_Handler                       
00002057  RTC_IRQHandler                       
00004821  Reset_Handler                        
00002057  SPI0_IRQHandler                      
00002057  SPI1_IRQHandler                      
00002057  SVC_Handler                          
000041a5  SYSCFG_DL_ADC12_0_init               
000031a9  SYSCFG_DL_GPIO_init                  
00003ce5  SYSCFG_DL_I2C_0_init                 
00003969  SYSCFG_DL_PWM_0_init                 
00003659  SYSCFG_DL_SYSCTL_init                
00003e2d  SYSCFG_DL_TIMER_0_init               
00003295  SYSCFG_DL_UART_0_init                
0000431d  SYSCFG_DL_init                       
000038a9  SYSCFG_DL_initPower                  
00002057  SysTick_Handler                      
00002057  TIMA0_IRQHandler                     
00002057  TIMA1_IRQHandler                     
000045f1  TIMEG0_init                          
00004789  TIMG0_IRQHandler                     
00002057  TIMG12_IRQHandler                    
00002057  TIMG6_IRQHandler                     
00002057  TIMG7_IRQHandler                     
00002057  TIMG8_IRQHandler                     
00003e79  UART0_IRQHandler                     
00002057  UART1_IRQHandler                     
00002057  UART2_IRQHandler                     
00002057  UART3_IRQHandler                     
20201190  _CIOBUF_                             
20201190  __CIOBUF_                            
20208000  __STACK_END                          
00000200  __STACK_SIZE                         
00001000  __SYSMEM_SIZE                        
00000000  __TI_ATRegion0_region_sz             
00000000  __TI_ATRegion0_src_addr              
00000000  __TI_ATRegion0_trg_addr              
00000000  __TI_ATRegion1_region_sz             
00000000  __TI_ATRegion1_src_addr              
00000000  __TI_ATRegion1_trg_addr              
00000000  __TI_ATRegion2_region_sz             
00000000  __TI_ATRegion2_src_addr              
00000000  __TI_ATRegion2_trg_addr              
00005048  __TI_CINIT_Base                      
00005058  __TI_CINIT_Limit                     
00005058  __TI_CINIT_Warm                      
00005034  __TI_Handler_Table_Base              
00005040  __TI_Handler_Table_Limit             
0000412d  __TI_auto_init_nobinit_nopinit       
0000424d  __TI_cleanup                         
202025c0  __TI_cleanup_ptr                     
00003039  __TI_closefile                       
00003131  __TI_decompress_lzss                 
000046e9  __TI_decompress_none                 
00003d39  __TI_doflush                         
202025c4  __TI_dtors_ptr                       
202025c8  __TI_ft_end                          
00003b89  __TI_ltoa                            
ffffffff  __TI_pprof_out_hndl                  
00000b75  __TI_printfi                         
ffffffff  __TI_prof_data_size                  
ffffffff  __TI_prof_data_start                 
00004281  __TI_readmsg                         
00000000  __TI_static_base__                   
202012b0  __TI_tmpnams                         
000042b5  __TI_writemsg                        
000036bd  __TI_wrt_ok                          
0000473d  __TI_zero_init                       
00001ecf  __adddf3                             
00004e20  __aeabi_ctype_table_                 
00004e20  __aeabi_ctype_table_C                
00003221  __aeabi_d2f                          
00003ec5  __aeabi_d2iz                         
00001ecf  __aeabi_dadd                         
00003785  __aeabi_dcmpeq                       
000037c1  __aeabi_dcmpge                       
000037d5  __aeabi_dcmpgt                       
000037ad  __aeabi_dcmple                       
00003799  __aeabi_dcmplt                       
00002519  __aeabi_ddiv                         
000028fd  __aeabi_dmul                         
00001ec5  __aeabi_dsub                         
202025cc  __aeabi_errno                        
000047f1  __aeabi_errno_addr                   
000040ad  __aeabi_f2d                          
0000437d  __aeabi_i2d                          
00003c39  __aeabi_idiv                         
000035f3  __aeabi_idiv0                        
00003c39  __aeabi_idivmod                      
00003967  __aeabi_ldiv0                        
0000457d  __aeabi_llsl                         
00004515  __aeabi_lmul                         
00004795  __aeabi_memclr                       
00004795  __aeabi_memclr4                      
00004795  __aeabi_memclr8                      
000047f9  __aeabi_memcpy                       
000047f9  __aeabi_memcpy4                      
000047f9  __aeabi_memcpy8                      
0000475d  __aeabi_memset                       
0000475d  __aeabi_memset4                      
0000475d  __aeabi_memset8                      
000044f1  __aeabi_ui2d                         
0000406d  __aeabi_uidiv                        
0000406d  __aeabi_uidivmod                     
00004689  __aeabi_uldivmod                     
0000457d  __ashldi3                            
ffffffff  __binit__                            
0000344d  __cmpdf2                             
00002519  __divdf3                             
0000344d  __eqdf2                              
000040ad  __extendsfdf2                        
00003ec5  __fixdfsi                            
0000437d  __floatsidf                          
000044f1  __floatunsidf                        
00003305  __gedf2                              
00003305  __gtdf2                              
0000344d  __ledf2                              
0000344d  __ltdf2                              
UNDEFED   __mpu_init                           
000028fd  __muldf3                             
00004515  __muldi3                             
00004169  __muldsi3                            
0000344d  __nedf2                              
20207e00  __stack                              
20200000  __start___llvm_prf_bits              
20200000  __start___llvm_prf_cnts              
20200000  __stop___llvm_prf_bits               
20200000  __stop___llvm_prf_cnts               
00001ec5  __subdf3                             
00003221  __truncdfsf2                         
00002de1  __udivmoddi4                         
000044a1  _c_int00_noargs                      
202024f8  _device                              
20202408  _ftable                              
202025d0  _lock                                
00003ce3  _nop                                 
20202570  _stream                              
20201408  _sys_memory                          
UNDEFED   _system_post_cinit                   
0000321d  _system_pre_init                     
202025d4  _unlock                              
00004825  abort                                
20201400  adc_falg                             
000039c5  adc_get                              
00004659  adc_init                             
20200000  adc_temp                             
202013fc  adc_value                            
000022cd  aligned_alloc                        
000040ed  atoi                                 
ffffffff  binit                                
00003ddd  close                                
00002fb5  delay_ms                             
000042e9  exit                                 
000041dd  finddevice                           
0000469d  fputc                                
00002625  fputs                                
00002729  free                                 
00003a21  frexp                                
00003a21  frexpl                               
00004811  fseek                                
000034b9  fseeko                               
20201350  gPWM_0Backup                         
00003525  getdevice                            
202025d8  i                                    
00000000  interruptVectors                     
00002f1d  key1_get                             
000030b5  key2_get                             
00004429  key_pro                              
202013c8  lcd_buf                              
00002b99  ldexp                                
00002b99  ldexpl                               
00004451  lseek                                
00002d35  main                                 
000047a1  malloc                               
000022cd  memalign                             
00004539  memccpy                              
00002e83  memcpy                               
000037e7  memset                               
202013f0  parmbuf                              
00003a7d  printf                               
00004819  remove                               
202025da  rx_cent                              
20201000  rx_data                              
202025dd  rx_flag                              
00002b99  scalbn                               
00002b99  scalbnl                              
00002abd  setvbuf                              
00004215  sprintf                              
00004671  uart_init                            
000043a9  uart_pro                             
000043d5  unlink                               
0000472d  wcslen                               
00004479  write                                


GLOBAL SYMBOLS: SORTED BY Symbol Address 

address   name                                 
-------   ----                                 
00000000  __TI_ATRegion0_region_sz             
00000000  __TI_ATRegion0_src_addr              
00000000  __TI_ATRegion0_trg_addr              
00000000  __TI_ATRegion1_region_sz             
00000000  __TI_ATRegion1_src_addr              
00000000  __TI_ATRegion1_trg_addr              
00000000  __TI_ATRegion2_region_sz             
00000000  __TI_ATRegion2_src_addr              
00000000  __TI_ATRegion2_trg_addr              
00000000  __TI_static_base__                   
00000000  interruptVectors                     
000000c1  OLED_Init                            
00000200  __STACK_SIZE                         
00000b75  __TI_printfi                         
00001000  __SYSMEM_SIZE                        
00001575  OLED_Fill                            
00001821  OLED_ShowChar                        
00001ec5  __aeabi_dsub                         
00001ec5  __subdf3                             
00001ecf  __adddf3                             
00001ecf  __aeabi_dadd                         
00002057  ADC1_IRQHandler                      
00002057  AES_IRQHandler                       
00002057  CANFD0_IRQHandler                    
00002057  DAC0_IRQHandler                      
00002057  DMA_IRQHandler                       
00002057  Default_Handler                      
00002057  GROUP0_IRQHandler                    
00002057  GROUP1_IRQHandler                    
00002057  HardFault_Handler                    
00002057  I2C0_IRQHandler                      
00002057  I2C1_IRQHandler                      
00002057  NMI_Handler                          
00002057  PendSV_Handler                       
00002057  RTC_IRQHandler                       
00002057  SPI0_IRQHandler                      
00002057  SPI1_IRQHandler                      
00002057  SVC_Handler                          
00002057  SysTick_Handler                      
00002057  TIMA0_IRQHandler                     
00002057  TIMA1_IRQHandler                     
00002057  TIMG12_IRQHandler                    
00002057  TIMG6_IRQHandler                     
00002057  TIMG7_IRQHandler                     
00002057  TIMG8_IRQHandler                     
00002057  UART1_IRQHandler                     
00002057  UART2_IRQHandler                     
00002057  UART3_IRQHandler                     
00002195  OLED_SetPos                          
000022cd  aligned_alloc                        
000022cd  memalign                             
00002519  __aeabi_ddiv                         
00002519  __divdf3                             
00002625  fputs                                
00002729  free                                 
00002815  DL_Timer_initTimerMode               
000028fd  __aeabi_dmul                         
000028fd  __muldf3                             
000029e1  DL_SYSCTL_configSYSPLL               
00002abd  setvbuf                              
00002b99  ldexp                                
00002b99  ldexpl                               
00002b99  scalbn                               
00002b99  scalbnl                              
00002c71  DL_Timer_initPWMMode                 
00002d35  main                                 
00002de1  __udivmoddi4                         
00002e83  memcpy                               
00002f1d  key1_get                             
00002fb5  delay_ms                             
00003039  __TI_closefile                       
000030b5  key2_get                             
00003131  __TI_decompress_lzss                 
000031a9  SYSCFG_DL_GPIO_init                  
0000321d  _system_pre_init                     
00003221  __aeabi_d2f                          
00003221  __truncdfsf2                         
00003295  SYSCFG_DL_UART_0_init                
00003305  __gedf2                              
00003305  __gtdf2                              
00003375  HOSTlseek                            
000033e1  HOSTrename                           
0000344d  __cmpdf2                             
0000344d  __eqdf2                              
0000344d  __ledf2                              
0000344d  __ltdf2                              
0000344d  __nedf2                              
000034b9  fseeko                               
00003525  getdevice                            
000035f3  __aeabi_idiv0                        
000035f5  DL_SYSCTL_setHFCLKSourceHFXTParams   
00003659  SYSCFG_DL_SYSCTL_init                
000036bd  __TI_wrt_ok                          
00003785  __aeabi_dcmpeq                       
00003799  __aeabi_dcmplt                       
000037ad  __aeabi_dcmple                       
000037c1  __aeabi_dcmpge                       
000037d5  __aeabi_dcmpgt                       
000037e7  memset                               
00003849  HOSTopen                             
000038a9  SYSCFG_DL_initPower                  
00003909  DL_I2C_fillControllerTXFIFO          
00003967  __aeabi_ldiv0                        
00003969  SYSCFG_DL_PWM_0_init                 
000039c5  adc_get                              
00003a21  frexp                                
00003a21  frexpl                               
00003a7d  printf                               
00003ad9  HOSTread                             
00003b31  HOSTwrite                            
00003b89  __TI_ltoa                            
00003c39  __aeabi_idiv                         
00003c39  __aeabi_idivmod                      
00003c8f  OLED_ShowString                      
00003ce3  _nop                                 
00003ce5  SYSCFG_DL_I2C_0_init                 
00003d39  __TI_doflush                         
00003ddd  close                                
00003e2d  SYSCFG_DL_TIMER_0_init               
00003e79  UART0_IRQHandler                     
00003ec5  __aeabi_d2iz                         
00003ec5  __fixdfsi                            
00003f11  DL_UART_init                         
00003f59  HOSTclose                            
00003fa1  HOSTunlink                           
00003fe9  DL_SYSCTL_switchMCLKfromSYSOSCtoHSCLK
0000402d  DL_ADC12_setClockConfig              
0000406d  __aeabi_uidiv                        
0000406d  __aeabi_uidivmod                     
000040ad  __aeabi_f2d                          
000040ad  __extendsfdf2                        
000040ed  atoi                                 
0000412d  __TI_auto_init_nobinit_nopinit       
00004169  __muldsi3                            
000041a5  SYSCFG_DL_ADC12_0_init               
000041dd  finddevice                           
00004215  sprintf                              
0000424d  __TI_cleanup                         
00004281  __TI_readmsg                         
000042b5  __TI_writemsg                        
000042e1  C$$IO$$                              
000042e9  exit                                 
0000431d  SYSCFG_DL_init                       
0000437d  __aeabi_i2d                          
0000437d  __floatsidf                          
000043a9  uart_pro                             
000043d5  unlink                               
00004429  key_pro                              
00004451  lseek                                
00004479  write                                
000044a1  _c_int00_noargs                      
000044c9  DL_I2C_setClockConfig                
000044f1  __aeabi_ui2d                         
000044f1  __floatunsidf                        
00004515  __aeabi_lmul                         
00004515  __muldi3                             
00004539  memccpy                              
0000455d  DL_UART_transmitDataBlocking         
0000457d  __aeabi_llsl                         
0000457d  __ashldi3                            
0000459d  ADC0_IRQHandler                      
000045b9  DL_Timer_setCaptCompUpdateMethod     
000045d5  DL_Timer_setClockConfig              
000045f1  TIMEG0_init                          
00004629  DL_Timer_setCaptureCompareOutCtl     
00004659  adc_init                             
00004671  uart_init                            
00004689  __aeabi_uldivmod                     
0000469d  fputc                                
000046c5  DL_UART_setClockConfig               
000046e9  __TI_decompress_none                 
000046fd  DL_Timer_setCaptureCompareValue      
0000470d  LED2_blue_OFF                        
0000471d  LED2_blue_ON                         
0000472d  wcslen                               
0000473d  __TI_zero_init                       
0000475d  __aeabi_memset                       
0000475d  __aeabi_memset4                      
0000475d  __aeabi_memset8                      
00004789  TIMG0_IRQHandler                     
00004795  __aeabi_memclr                       
00004795  __aeabi_memclr4                      
00004795  __aeabi_memclr8                      
000047a1  malloc                               
000047ad  DL_Common_delayCycles                
000047b7  OLED_CLS                             
000047f1  __aeabi_errno_addr                   
000047f9  __aeabi_memcpy                       
000047f9  __aeabi_memcpy4                      
000047f9  __aeabi_memcpy8                      
00004811  fseek                                
00004819  remove                               
00004821  Reset_Handler                        
00004824  C$$EXIT                              
00004825  abort                                
00004830  F8X16                                
00004e20  __aeabi_ctype_table_                 
00004e20  __aeabi_ctype_table_C                
00005034  __TI_Handler_Table_Base              
00005040  __TI_Handler_Table_Limit             
00005048  __TI_CINIT_Base                      
00005058  __TI_CINIT_Limit                     
00005058  __TI_CINIT_Warm                      
20200000  __start___llvm_prf_bits              
20200000  __start___llvm_prf_cnts              
20200000  __stop___llvm_prf_bits               
20200000  __stop___llvm_prf_cnts               
20200000  adc_temp                             
20201000  rx_data                              
20201190  _CIOBUF_                             
20201190  __CIOBUF_                            
202012b0  __TI_tmpnams                         
20201350  gPWM_0Backup                         
202013c8  lcd_buf                              
202013f0  parmbuf                              
202013fc  adc_value                            
20201400  adc_falg                             
20201408  _sys_memory                          
20202408  _ftable                              
202024f8  _device                              
20202570  _stream                              
202025c0  __TI_cleanup_ptr                     
202025c4  __TI_dtors_ptr                       
202025c8  __TI_ft_end                          
202025cc  __aeabi_errno                        
202025d0  _lock                                
202025d4  _unlock                              
202025d8  i                                    
202025da  rx_cent                              
202025dd  rx_flag                              
20207e00  __stack                              
20208000  __STACK_END                          
ffffffff  __TI_pprof_out_hndl                  
ffffffff  __TI_prof_data_size                  
ffffffff  __TI_prof_data_start                 
ffffffff  __binit__                            
ffffffff  binit                                
UNDEFED   __mpu_init                           
UNDEFED   _system_post_cinit                   

[239 symbols]
